Component: ARM Compiler 5.06 update 6 (build 750) Tool: armlink [4d35ed]

==============================================================================

Section Cross References

    system_apm32f10x.o(i.SystemClockConfig) refers to system_apm32f10x.o(i.SystemClock72M) for SystemClock72M
    system_apm32f10x.o(i.SystemCoreClockUpdate) refers to system_apm32f10x.o(.data) for SystemCoreClock
    system_apm32f10x.o(i.SystemInit) refers to system_apm32f10x.o(i.SystemClockConfig) for SystemClockConfig
    startup_apm32f10x_hd.o(RESET) refers to startup_apm32f10x_hd.o(STACK) for __initial_sp
    startup_apm32f10x_hd.o(RESET) refers to startup_apm32f10x_hd.o(.text) for Reset_Handler
    startup_apm32f10x_hd.o(RESET) refers to apm32f10x_int.o(i.NMI_Handler) for NMI_Handler
    startup_apm32f10x_hd.o(RESET) refers to context_rvds.o(.text) for HardFault_Handler
    startup_apm32f10x_hd.o(RESET) refers to apm32f10x_int.o(i.MemManage_Handler) for MemManage_Handler
    startup_apm32f10x_hd.o(RESET) refers to apm32f10x_int.o(i.BusFault_Handler) for BusFault_Handler
    startup_apm32f10x_hd.o(RESET) refers to apm32f10x_int.o(i.UsageFault_Handler) for UsageFault_Handler
    startup_apm32f10x_hd.o(RESET) refers to apm32f10x_int.o(i.SVC_Handler) for SVC_Handler
    startup_apm32f10x_hd.o(RESET) refers to apm32f10x_int.o(i.DebugMon_Handler) for DebugMon_Handler
    startup_apm32f10x_hd.o(RESET) refers to board_1.o(i.SysTick_Handler) for SysTick_Handler
    startup_apm32f10x_hd.o(RESET) refers to usart.o(i.DMA1_Channel2_IRQHandler) for DMA1_Channel2_IRQHandler
    startup_apm32f10x_hd.o(RESET) refers to usart.o(i.DMA1_Channel7_IRQHandler) for DMA1_Channel7_IRQHandler
    startup_apm32f10x_hd.o(RESET) refers to can.o(i.USBD1_HP_CAN1_TX_IRQHandler) for USBD1_HP_CAN1_TX_IRQHandler
    startup_apm32f10x_hd.o(RESET) refers to can.o(i.USBD1_LP_CAN1_RX0_IRQHandler) for USBD1_LP_CAN1_RX0_IRQHandler
    startup_apm32f10x_hd.o(RESET) refers to time.o(i.TMR1_UP_IRQHandler) for TMR1_UP_IRQHandler
    startup_apm32f10x_hd.o(RESET) refers to w5500_conf.o(i.TMR2_IRQHandler) for TMR2_IRQHandler
    startup_apm32f10x_hd.o(RESET) refers to usart.o(i.USART2_IRQHandler) for USART2_IRQHandler
    startup_apm32f10x_hd.o(RESET) refers to usart.o(i.USART3_IRQHandler) for USART3_IRQHandler
    startup_apm32f10x_hd.o(.text) refers to system_apm32f10x.o(i.SystemInit) for SystemInit
    startup_apm32f10x_hd.o(.text) refers to entry.o(.ARM.Collect$$$$00000000) for __main
    apm32f10x_adc.o(i.ADC_Reset) refers to apm32f10x_rcm.o(i.RCM_EnableAPB2PeriphReset) for RCM_EnableAPB2PeriphReset
    apm32f10x_adc.o(i.ADC_Reset) refers to apm32f10x_rcm.o(i.RCM_DisableAPB2PeriphReset) for RCM_DisableAPB2PeriphReset
    apm32f10x_bakpr.o(i.BAKPR_Reset) refers to apm32f10x_rcm.o(i.RCM_EnableBackupReset) for RCM_EnableBackupReset
    apm32f10x_bakpr.o(i.BAKPR_Reset) refers to apm32f10x_rcm.o(i.RCM_DisableBackupReset) for RCM_DisableBackupReset
    apm32f10x_can.o(i.CAN_Reset) refers to apm32f10x_rcm.o(i.RCM_EnableAPB1PeriphReset) for RCM_EnableAPB1PeriphReset
    apm32f10x_can.o(i.CAN_Reset) refers to apm32f10x_rcm.o(i.RCM_DisableAPB1PeriphReset) for RCM_DisableAPB1PeriphReset
    apm32f10x_dac.o(i.DAC_Reset) refers to apm32f10x_rcm.o(i.RCM_EnableAPB1PeriphReset) for RCM_EnableAPB1PeriphReset
    apm32f10x_dac.o(i.DAC_Reset) refers to apm32f10x_rcm.o(i.RCM_DisableAPB1PeriphReset) for RCM_DisableAPB1PeriphReset
    apm32f10x_dmc.o(i.DMC_Config) refers to apm32f10x_dmc.o(i.DMC_ConfigTiming) for DMC_ConfigTiming
    apm32f10x_dmc.o(i.DMC_ConfigStructInit) refers to apm32f10x_dmc.o(i.DMC_ConfigTimingStructInit) for DMC_ConfigTimingStructInit
    apm32f10x_fmc.o(i.FMC_ConfigUserOptionByte) refers to apm32f10x_fmc.o(i.FMC_WaitForLastOperation) for FMC_WaitForLastOperation
    apm32f10x_fmc.o(i.FMC_DisableReadOutProtection) refers to apm32f10x_fmc.o(i.FMC_WaitForLastOperation) for FMC_WaitForLastOperation
    apm32f10x_fmc.o(i.FMC_EnableReadOutProtection) refers to apm32f10x_fmc.o(i.FMC_WaitForLastOperation) for FMC_WaitForLastOperation
    apm32f10x_fmc.o(i.FMC_EnableWriteProtection) refers to apm32f10x_fmc.o(i.FMC_WaitForLastOperation) for FMC_WaitForLastOperation
    apm32f10x_fmc.o(i.FMC_EraseAllPage) refers to apm32f10x_fmc.o(i.FMC_WaitForLastOperation) for FMC_WaitForLastOperation
    apm32f10x_fmc.o(i.FMC_EraseOptionBytes) refers to apm32f10x_fmc.o(i.FMC_GetReadProtectionStatus) for FMC_GetReadProtectionStatus
    apm32f10x_fmc.o(i.FMC_EraseOptionBytes) refers to apm32f10x_fmc.o(i.FMC_WaitForLastOperation) for FMC_WaitForLastOperation
    apm32f10x_fmc.o(i.FMC_ErasePage) refers to apm32f10x_fmc.o(i.FMC_WaitForLastOperation) for FMC_WaitForLastOperation
    apm32f10x_fmc.o(i.FMC_ProgramHalfWord) refers to apm32f10x_fmc.o(i.__set_PRIMASK) for __set_PRIMASK
    apm32f10x_fmc.o(i.FMC_ProgramHalfWord) refers to apm32f10x_fmc.o(i.FMC_WaitForLastOperation) for FMC_WaitForLastOperation
[...]
    i.rt_thread_sleep                        0x08004854   Section        0  thread.o(i.rt_thread_sleep)
    i.rt_thread_startup                      0x08004898   Section        0  thread.o(i.rt_thread_startup)
    i.rt_thread_suspend                      0x080048c4   Section        0  thread.o(i.rt_thread_suspend)
    i.rt_thread_timeout                      0x08004908   Section        0  thread.o(i.rt_thread_timeout)
    i.rt_thread_yield                        0x08004928   Section        0  thread.o(i.rt_thread_yield)
    i.rt_tick_get                            0x0800498c   Section        0  clock.o(i.rt_tick_get)
    i.rt_tick_increase                       0x08004998   Section        0  clock.o(i.rt_tick_increase)
    i.rt_timer_check                         0x080049c8   Section        0  timer.o(i.rt_timer_check)
    i.rt_timer_control                       0x08004a6c   Section        0  timer.o(i.rt_timer_control)
    i.rt_timer_detach                        0x08004ace   Section        0  timer.o(i.rt_timer_detach)
    i.rt_timer_init                          0x08004af6   Section        0  timer.o(i.rt_timer_init)
    i.rt_timer_start                         0x08004b24   Section        0  timer.o(i.rt_timer_start)
    i.rt_timer_stop                          0x08004c10   Section        0  timer.o(i.rt_timer_stop)
    i.rt_vsnprintf                           0x08004c40   Section        0  kservice.o(i.rt_vsnprintf)
    i.rti_board_end                          0x08004f80   Section        0  components.o(i.rti_board_end)
    rti_board_end                            0x08004f81   Thumb Code     4  components.o(i.rti_board_end)
    i.rti_board_start                        0x08004f84   Section        0  components.o(i.rti_board_start)
    rti_board_start                          0x08004f85   Thumb Code     4  components.o(i.rti_board_start)
    i.rti_end                                0x08004f88   Section        0  components.o(i.rti_end)
    rti_end                                  0x08004f89   Thumb Code     4  components.o(i.rti_end)
    i.rti_start                              0x08004f8c   Section        0  components.o(i.rti_start)
    rti_start                                0x08004f8d   Thumb Code     4  components.o(i.rti_start)
    i.rtthread_startup                       0x08004f90   Section        0  components.o(i.rtthread_startup)
    i.send                                   0x08004fbc   Section        0  socket.o(i.send)
    i.send_data_processing                   0x080050ac   Section        0  w5500.o(i.send_data_processing)
    i.sendto                                 0x08005140   Section        0  socket.o(i.sendto)
    i.server_rest                            0x0800524c   Section        0  my_netapp.o(i.server_rest)
    server_rest                              0x0800524d   Thumb Code  1084  my_netapp.o(i.server_rest)
    i.setGAR                                 0x080056a4   Section        0  w5500.o(i.setGAR)
    i.setRCR                                 0x080056b4   Section        0  w5500.o(i.setRCR)
    i.setRTR                                 0x080056c4   Section        0  w5500.o(i.setRTR)
    i.setSHAR                                0x080056de   Section        0  w5500.o(i.setSHAR)
    i.setSIPR                                0x080056f0   Section        0  w5500.o(i.setSIPR)
    i.setSUBR                                0x08005702   Section        0  w5500.o(i.setSUBR)
    i.setSn_IR                               0x08005714   Section        0  w5500.o(i.setSn_IR)
    i.set_w5500_ip                           0x0800572c   Section        0  w5500_conf.o(i.set_w5500_ip)
    i.set_w5500_mac                          0x08005880   Section        0  w5500_conf.o(i.set_w5500_mac)
    i.skip_atoi                              0x08005908   Section        0  kservice.o(i.skip_atoi)
    skip_atoi                                0x08005909   Thumb Code    38  kservice.o(i.skip_atoi)
    i.socket                                 0x08005930   Section        0  socket.o(i.socket)
    i.socket_buf_init                        0x080059f4   Section        0  w5500.o(i.socket_buf_init)
    i.spi_read_send_byte                     0x08005a7c   Section        0  spi.o(i.spi_read_send_byte)
    i.start_time                             0x08005ab4   Section        0  my_time.o(i.start_time)
    i.start_voice_play                       0x08005acc   Section        0  my_misc.o(i.start_voice_play)
    i.stop_time                              0x08005b04   Section        0  my_time.o(i.stop_time)
    i.stop_voice_play                        0x08005b14   Section        0  my_misc.o(i.stop_voice_play)
    i.tcp_client_send                        0x08005b48   Section        0  my_netapp.o(i.tcp_client_send)
    i.tcp_server_list                        0x08005c7c   Section        0  my_netapp.o(i.tcp_server_list)
    i.time1_init                             0x08005d60   Section        0  time.o(i.time1_init)
    i.uart_init                              0x08005da4   Section        0  board_1.o(i.uart_init)
    uart_init                                0x08005da5   Thumb Code   118  board_1.o(i.uart_init)
    i.usart2_dma_send                        0x08005e2c   Section        0  my_usart.o(i.usart2_dma_send)
    i.usart3_dma_send                        0x08005ea4   Section        0  my_usart.o(i.usart3_dma_send)
    i.usart3_msg_handle                      0x08005ed4   Section        0  main.o(i.usart3_msg_handle)
    usart3_msg_handle                        0x08005ed5   Thumb Code  1822  main.o(i.usart3_msg_handle)
    i.usart3_send_comm                       0x08006620   Section        0  my_usart.o(i.usart3_send_comm)
    i.wiz_cs                                 0x0800666c   Section        0  w5500_conf.o(i.wiz_cs)
    i.wiz_read_buf                           0x08006690   Section        0  w5500_conf.o(i.wiz_read_buf)
    i.wiz_write_buf                          0x080066f8   Section        0  w5500_conf.o(i.wiz_write_buf)
    .constdata                               0x08006760   Section      290  kservice.o(.constdata)
    small_digits                             0x08006860   Data          17  kservice.o(.constdata)
    large_digits                             0x08006871   Data          17  kservice.o(.constdata)
    .rti_fn.0                                0x08006884   Section        4  components.o(.rti_fn.0)
    __tagsym$$used                           0x08006884   Number         0  components.o(.rti_fn.0)
    .rti_fn.0.end                            0x08006888   Section        4  components.o(.rti_fn.0.end)
    __tagsym$$used                           0x08006888   Number         0  components.o(.rti_fn.0.end)
    .rti_fn.1                                0x0800688c   Section        4  board_1.o(.rti_fn.1)
    __tagsym$$used                           0x0800688c   Number         0  board_1.o(.rti_fn.1)
    .rti_fn.1.end                            0x08006890   Section        4  components.o(.rti_fn.1.end)
    __tagsym$$used                           0x08006890   Number         0  components.o(.rti_fn.1.end)
    .rti_fn.6.end                            0x08006894   Section        4  components.o(.rti_fn.6.end)
    __tagsym$$used                           0x08006894   Number         0  components.o(.rti_fn.6.end)
    .data                                    0x20000000   Section        4  system_apm32f10x.o(.data)
    .data                                    0x20000004   Section       44  main.o(.data)
    msg_thread                               0x20000004   Data           4  main.o(.data)
    voice_chang1                             0x20000008   Data           5  main.o(.data)
    voice_chang2                             0x2000000d   Data           5  main.o(.data)
    .data                                    0x20000030   Section        4  usart.o(.data)
    .data                                    0x20000034   Section       56  my_usart.o(.data)
    Usart_Recv_thread                        0x20000038   Data           4  my_usart.o(.data)
    Usart2_Send_thread                       0x20000040   Data           4  my_usart.o(.data)
    Usart3_Recv_thread                       0x20000050   Data           4  my_usart.o(.data)
    result                                   0x20000058   Data           4  my_usart.o(.data)
    result                                   0x2000005c   Data           4  my_usart.o(.data)
    result                                   0x20000060   Data           4  my_usart.o(.data)
    result                                   0x20000064   Data           4  my_usart.o(.data)
    result                                   0x20000068   Data           4  my_usart.o(.data)
    .data                                    0x2000006c   Section       16  w5500.o(.data)
    .data                                    0x2000007c   Section       41  w5500_conf.o(.data)
    .data                                    0x200000a8   Section        4  my_netapp.o(.data)
    my_net_thread                            0x200000a8   Data           4  my_netapp.o(.data)
    .data                                    0x200000ac   Section       16  cpuport.o(.data)
    rt_exception_hook                        0x200000b8   Data           4  cpuport.o(.data)
    .data                                    0x200000bc   Section        4  clock.o(.data)
    rt_tick                                  0x200000bc   Data           4  clock.o(.data)
    .data                                    0x200000c0   Section        1  irq.o(.data)
    .data                                    0x200000c4   Section       24  mem.o(.data)
    heap_ptr                                 0x200000c4   Data           4  mem.o(.data)
    heap_end                                 0x200000c8   Data           4  mem.o(.data)
    lfree                                    0x200000cc   Data           4  mem.o(.data)
    mem_size_aligned                         0x200000d0   Data           4  mem.o(.data)
    used_mem                                 0x200000d4   Data           4  mem.o(.data)
    max_mem                                  0x200000d8   Data           4  mem.o(.data)
    .data                                    0x200000dc   Section       96  object.o(.data)
    rt_object_container                      0x200000dc   Data          96  object.o(.data)
    .data                                    0x2000013c   Section       24  scheduler.o(.data)
    rt_scheduler_lock_nest                   0x20000140   Data           2  scheduler.o(.data)
    .data                                    0x20000154   Section       12  timer.o(.data)
    rt_timer_list                            0x20000154   Data           8  timer.o(.data)
    random_nr                                0x2000015c   Data           4  timer.o(.data)
    .bss                                     0x20000160   Section      536  can.o(.bss)
    .bss                                     0x20000378   Section     2403  usart.o(.bss)
    .bss                                     0x20000cdb   Section       12  my_can.o(.bss)
    .bss                                     0x20000ce8   Section     1056  my_usart.o(.bss)
    .bss                                     0x20001108   Section       32  w5500.o(.bss)
    .bss                                     0x20001128   Section       46  w5500_conf.o(.bss)
    .bss                                     0x20001158   Section     4308  udp.o(.bss)
    .bss                                     0x2000222c   Section       56  my_netapp.o(.bss)
    .bss                                     0x20002264   Section      376  idle.o(.bss)
    idle                                     0x20002264   Data         120  idle.o(.bss)
    rt_thread_stack                          0x200022dc   Data         256  idle.o(.bss)
    .bss                                     0x200023dc   Section      256  kservice.o(.bss)
    rt_log_buf                               0x200023dc   Data         256  kservice.o(.bss)
    .bss                                     0x200024dc   Section       32  mem.o(.bss)
    heap_sem                                 0x200024dc   Data          32  mem.o(.bss)
    .bss                                     0x200024fc   Section      256  scheduler.o(.bss)
    .bss                                     0x200025fc   Section     9232  board_1.o(.bss)
    rt_heap                                  0x200025fc   Data        9216  board_1.o(.bss)
    UartHandle                               0x200049fc   Data          16  board_1.o(.bss)
    STACK                                    0x20004a10   Section     1024  startup_apm32f10x_hd.o(STACK)

    Global Symbols

    Symbol Name                              Value     Ov Type        Size  Object(Section)

    BuildAttributes$$THM_ISAv4$P$D$K$B$S$PE$A:L22UL41UL21$X:L11$S22US41US21$IEEE1$IW$USESV6$~STKCKD$USESV7$~SHL$OSPACE$ROPI$EBA8$MICROLIB$REQ8$PRES8$EABIv2 0x00000000   Number         0  anon$$obj.o ABSOLUTE
    __ARM_use_no_argv                        0x00000000   Number         0  main.o ABSOLUTE
    _printf_a                                0x00000000   Number         0  stubs.o ABSOLUTE
    _printf_c                                0x00000000   Number         0  stubs.o ABSOLUTE
    _printf_charcount                        0x00000000   Number         0  stubs.o ABSOLUTE
    _printf_d                                0x00000000   Number         0  stubs.o ABSOLUTE
    _printf_e                                0x00000000   Number         0  stubs.o ABSOLUTE
    _printf_f                                0x00000000   Number         0  stubs.o ABSOLUTE
    _printf_flags                            0x00000000   Number         0  stubs.o ABSOLUTE
    _printf_fp_dec                           0x00000000   Number         0  stubs.o ABSOLUTE
    _printf_fp_hex                           0x00000000   Number         0  stubs.o ABSOLUTE
    _printf_g                                0x00000000   Number         0  stubs.o ABSOLUTE
    _printf_i                                0x00000000   Number         0  stubs.o ABSOLUTE
    _printf_int_dec                          0x00000000   Number         0  stubs.o ABSOLUTE
    _printf_l                                0x00000000   Number         0  stubs.o ABSOLUTE
    _printf_lc                               0x00000000   Number         0  stubs.o ABSOLUTE
    _printf_ll                               0x00000000   Number         0  stubs.o ABSOLUTE
    _printf_lld                              0x00000000   Number         0  stubs.o ABSOLUTE
    _printf_lli                              0x00000000   Number         0  stubs.o ABSOLUTE
    _printf_llo                              0x00000000   Number         0  stubs.o ABSOLUTE
    _printf_llu                              0x00000000   Number         0  stubs.o ABSOLUTE
    _printf_llx                              0x00000000   Number         0  stubs.o ABSOLUTE
    _printf_longlong_dec                     0x00000000   Number         0  stubs.o ABSOLUTE
    _printf_longlong_hex                     0x00000000   Number         0  stubs.o ABSOLUTE
    _printf_longlong_oct                     0x00000000   Number         0  stubs.o ABSOLUTE
    _printf_ls                               0x00000000   Number         0  stubs.o ABSOLUTE
    _printf_mbtowc                           0x00000000   Number         0  stubs.o ABSOLUTE
    _printf_n                                0x00000000   Number         0  stubs.o ABSOLUTE
    _printf_o                                0x00000000   Number         0  stubs.o ABSOLUTE
    _printf_p                                0x00000000   Number         0  stubs.o ABSOLUTE
    _printf_percent                          0x00000000   Number         0  stubs.o ABSOLUTE
    _printf_pre_padding                      0x00000000   Number         0  stubs.o ABSOLUTE
    _printf_return_value                     0x00000000   Number         0  stubs.o ABSOLUTE
    _printf_s                                0x00000000   Number         0  stubs.o ABSOLUTE
    _printf_sizespec                         0x00000000   Number         0  stubs.o ABSOLUTE
    _printf_str                              0x00000000   Number         0  stubs.o ABSOLUTE
    _printf_truncate_signed                  0x00000000   Number         0  stubs.o ABSOLUTE
    _printf_truncate_unsigned                0x00000000   Number         0  stubs.o ABSOLUTE
    _printf_u                                0x00000000   Number         0  stubs.o ABSOLUTE
    _printf_wc                               0x00000000   Number         0  stubs.o ABSOLUTE
    _printf_wctomb                           0x00000000   Number         0  stubs.o ABSOLUTE
    _printf_widthprec                        0x00000000   Number         0  stubs.o ABSOLUTE
    _printf_x                                0x00000000   Number         0  stubs.o ABSOLUTE
    __cpp_initialize__aeabi_                  - Undefined Weak Reference
    __cxa_finalize                            - Undefined Weak Reference
    _clock_init                               - Undefined Weak Reference
    _microlib_exit                            - Undefined Weak Reference
    __Vectors_Size                           0x00000144   Number         0  startup_apm32f10x_hd.o ABSOLUTE
    __Vectors                                0x08000000   Data           4  startup_apm32f10x_hd.o(RESET)
    __Vectors_End                            0x08000144   Data           0  startup_apm32f10x_hd.o(RESET)
    __main                                   0x08000145   Thumb Code     0  entry.o(.ARM.Collect$$$$00000000)
    _main_stk                                0x08000145   Thumb Code     0  entry2.o(.ARM.Collect$$$$00000001)
    _main_scatterload                        0x08000149   Thumb Code     0  entry5.o(.ARM.Collect$$$$00000004)
    __main_after_scatterload                 0x0800014d   Thumb Code     0  entry5.o(.ARM.Collect$$$$00000004)
    _main_clock                              0x0800014d   Thumb Code     0  entry7b.o(.ARM.Collect$$$$00000008)
    _main_cpp_init                           0x0800014d   Thumb Code     0  entry8b.o(.ARM.Collect$$$$0000000A)
    _main_init                               0x0800014d   Thumb Code     0  entry9a.o(.ARM.Collect$$$$0000000B)
    __rt_final_cpp                           0x08000155   Thumb Code     0  entry10a.o(.ARM.Collect$$$$0000000D)
    __rt_final_exit                          0x08000155   Thumb Code     0  entry11a.o(.ARM.Collect$$$$0000000F)
    Reset_Handler                            0x08000159   Thumb Code     8  startup_apm32f10x_hd.o(.text)
    ADC1_2_IRQHandler                        0x08000173   Thumb Code     0  startup_apm32f10x_hd.o(.text)
    ADC3_IRQHandler                          0x08000173   Thumb Code     0  startup_apm32f10x_hd.o(.text)
    CAN1_RX1_IRQHandler                      0x08000173   Thumb Code     0  startup_apm32f10x_hd.o(.text)
    CAN1_SCE_IRQHandler                      0x08000173   Thumb Code     0  startup_apm32f10x_hd.o(.text)
    CAN2_RX1_IRQHandler                      0x08000173   Thumb Code     0  startup_apm32f10x_hd.o(.text)
    CAN2_SCE_IRQHandler                      0x08000173   Thumb Code     0  startup_apm32f10x_hd.o(.text)
    DMA1_Channel1_IRQHandler                 0x08000173   Thumb Code     0  startup_apm32f10x_hd.o(.text)
    DMA1_Channel3_IRQHandler                 0x08000173   Thumb Code     0  startup_apm32f10x_hd.o(.text)
    DMA1_Channel4_IRQHandler                 0x08000173   Thumb Code     0  startup_apm32f10x_hd.o(.text)
    DMA1_Channel5_IRQHandler                 0x08000173   Thumb Code     0  startup_apm32f10x_hd.o(.text)
    DMA1_Channel6_IRQHandler                 0x08000173   Thumb Code     0  startup_apm32f10x_hd.o(.text)
    DMA2_Channel1_IRQHandler                 0x08000173   Thumb Code     0  startup_apm32f10x_hd.o(.text)
    DMA2_Channel2_IRQHandler                 0x08000173   Thumb Code     0  startup_apm32f10x_hd.o(.text)
    DMA2_Channel3_IRQHandler                 0x08000173   Thumb Code     0  startup_apm32f10x_hd.o(.text)
    DMA2_Channel4_5_IRQHandler               0x08000173   Thumb Code     0  startup_apm32f10x_hd.o(.text)
    EINT0_IRQHandler                         0x08000173   Thumb Code     0  startup_apm32f10x_hd.o(.text)
    EINT15_10_IRQHandler                     0x08000173   Thumb Code     0  startup_apm32f10x_hd.o(.text)
    EINT1_IRQHandler                         0x08000173   Thumb Code     0  startup_apm32f10x_hd.o(.text)
    EINT2_IRQHandler                         0x08000173   Thumb Code     0  startup_apm32f10x_hd.o(.text)
    EINT3_IRQHandler                         0x08000173   Thumb Code     0  startup_apm32f10x_hd.o(.text)
    EINT4_IRQHandler                         0x08000173   Thumb Code     0  startup_apm32f10x_hd.o(.text)
    EINT9_5_IRQHandler                       0x08000173   Thumb Code     0  startup_apm32f10x_hd.o(.text)
    EMMC_IRQHandler                          0x08000173   Thumb Code     0  startup_apm32f10x_hd.o(.text)
    FLASH_IRQHandler                         0x08000173   Thumb Code     0  startup_apm32f10x_hd.o(.text)
    I2C1_ER_IRQHandler                       0x08000173   Thumb Code     0  startup_apm32f10x_hd.o(.text)
    I2C1_EV_IRQHandler                       0x08000173   Thumb Code     0  startup_apm32f10x_hd.o(.text)
    I2C2_ER_IRQHandler                       0x08000173   Thumb Code     0  startup_apm32f10x_hd.o(.text)
    I2C2_EV_IRQHandler                       0x08000173   Thumb Code     0  startup_apm32f10x_hd.o(.text)
    PVD_IRQHandler                           0x08000173   Thumb Code     0  startup_apm32f10x_hd.o(.text)
    RCM_IRQHandler                           0x08000173   Thumb Code     0  startup_apm32f10x_hd.o(.text)
    RTCAlarm_IRQHandler                      0x08000173   Thumb Code     0  startup_apm32f10x_hd.o(.text)
    RTC_IRQHandler                           0x08000173   Thumb Code     0  startup_apm32f10x_hd.o(.text)
    SDIO_IRQHandler                          0x08000173   Thumb Code     0  startup_apm32f10x_hd.o(.text)
    SPI1_IRQHandler                          0x08000173   Thumb Code     0  startup_apm32f10x_hd.o(.text)
    SPI2_IRQHandler                          0x08000173   Thumb Code     0  startup_apm32f10x_hd.o(.text)
    SPI3_IRQHandler                          0x08000173   Thumb Code     0  startup_apm32f10x_hd.o(.text)
    TAMPER_IRQHandler                        0x08000173   Thumb Code     0  startup_apm32f10x_hd.o(.text)
    TMR1_BRK_IRQHandler                      0x08000173   Thumb Code     0  startup_apm32f10x_hd.o(.text)
    TMR1_CC_IRQHandler                       0x08000173   Thumb Code     0  startup_apm32f10x_hd.o(.text)
    TMR1_TRG_COM_IRQHandler                  0x08000173   Thumb Code     0  startup_apm32f10x_hd.o(.text)
    TMR3_IRQHandler                          0x08000173   Thumb Code     0  startup_apm32f10x_hd.o(.text)
    TMR4_IRQHandler                          0x08000173   Thumb Code     0  startup_apm32f10x_hd.o(.text)
    TMR5_IRQHandler                          0x08000173   Thumb Code     0  startup_apm32f10x_hd.o(.text)
    TMR6_IRQHandler                          0x08000173   Thumb Code     0  startup_apm32f10x_hd.o(.text)
    TMR7_IRQHandler                          0x08000173   Thumb Code     0  startup_apm32f10x_hd.o(.text)
    TMR8_BRK_IRQHandler                      0x08000173   Thumb Code     0  startup_apm32f10x_hd.o(.text)
    TMR8_CC_IRQHandler                       0x08000173   Thumb Code     0  startup_apm32f10x_hd.o(.text)
    TMR8_TRG_COM_IRQHandler                  0x08000173   Thumb Code     0  startup_apm32f10x_hd.o(.text)
    TMR8_UP_IRQHandler                       0x08000173   Thumb Code     0  startup_apm32f10x_hd.o(.text)
    UART4_IRQHandler                         0x08000173   Thumb Code     0  startup_apm32f10x_hd.o(.text)
    UART5_IRQHandler                         0x08000173   Thumb Code     0  startup_apm32f10x_hd.o(.text)
    USART1_IRQHandler                        0x08000173   Thumb Code     0  startup_apm32f10x_hd.o(.text)
    USBD2_HP_CAN2_TX_IRQHandler              0x08000173   Thumb Code     0  startup_apm32f10x_hd.o(.text)
    USBD2_LP_CAN2_RX0_IRQHandler             0x08000173   Thumb Code     0  startup_apm32f10x_hd.o(.text)
    USBDWakeUp_IRQHandler                    0x08000173   Thumb Code     0  startup_apm32f10x_hd.o(.text)
    WWDT_IRQHandler                          0x08000173   Thumb Code     0  startup_apm32f10x_hd.o(.text)
    rt_hw_interrupt_disable                  0x0800017d   Thumb Code     8  context_rvds.o(.text)
    rt_hw_interrupt_enable                   0x08000185   Thumb Code     6  context_rvds.o(.text)
    rt_hw_context_switch                     0x0800018b   Thumb Code    32  context_rvds.o(.text)
    rt_hw_context_switch_interrupt           0x0800018b   Thumb Code     0  context_rvds.o(.text)
    PendSV_Handler                           0x080001ab   Thumb Code    60  context_rvds.o(.text)
    rt_hw_context_switch_to                  0x080001e7   Thumb Code    56  context_rvds.o(.text)
    rt_hw_interrupt_thread_switch            0x0800021f   Thumb Code     2  context_rvds.o(.text)
    HardFault_Handler                        0x08000221   Thumb Code    52  context_rvds.o(.text)
    __aeabi_memset                           0x08000271   Thumb Code    14  memseta.o(.text)
    __aeabi_memset4                          0x08000271   Thumb Code     0  memseta.o(.text)
    __aeabi_memset8                          0x08000271   Thumb Code     0  memseta.o(.text)
    __aeabi_memclr                           0x0800027f   Thumb Code     4  memseta.o(.text)
    __aeabi_memclr4                          0x0800027f   Thumb Code     0  memseta.o(.text)
    __aeabi_memclr8                          0x0800027f   Thumb Code     0  memseta.o(.text)
    _memset$wrapper                          0x08000283   Thumb Code    18  memseta.o(.text)
    __scatterload                            0x08000295   Thumb Code    28  init.o(.text)
    __scatterload_rt2                        0x08000295   Thumb Code     0  init.o(.text)
    __decompress                             0x080002b9   Thumb Code     0  __dczerorl2.o(.text)
    __decompress1                            0x080002b9   Thumb Code    86  __dczerorl2.o(.text)
    main                                     0x0800030f   Thumb Code    10  components.o(i.$Sub$$main)
    BusFault_Handler                         0x08000319   Thumb Code     4  apm32f10x_int.o(i.BusFault_Handler)
    CAN_ClearIntFlag                         0x0800031d   Thumb Code   268  apm32f10x_can.o(i.CAN_ClearIntFlag)
    CAN_Config                               0x08000429   Thumb Code   294  apm32f10x_can.o(i.CAN_Config)
    CAN_ConfigFilter                         0x0800054f   Thumb Code   266  apm32f10x_can.o(i.CAN_ConfigFilter)
    CAN_ConfigStructInit                     0x08000659   Thumb Code    30  apm32f10x_can.o(i.CAN_ConfigStructInit)
    CAN_DisableInterrupt                     0x08000677   Thumb Code     8  apm32f10x_can.o(i.CAN_DisableInterrupt)
    CAN_EnableInterrupt                      0x0800067f   Thumb Code     8  apm32f10x_can.o(i.CAN_EnableInterrupt)
    CAN_ReadIntFlag                          0x08000687   Thumb Code   234  apm32f10x_can.o(i.CAN_ReadIntFlag)
    CAN_Reset                                0x08000771   Thumb Code    52  apm32f10x_can.o(i.CAN_Reset)
    CAN_RxMessage                            0x080007ad   Thumb Code   244  apm32f10x_can.o(i.CAN_RxMessage)
    CAN_TxMessage                            0x080008a1   Thumb Code   294  apm32f10x_can.o(i.CAN_TxMessage)
    Can1_Init                                0x080009c9   Thumb Code   220  can.o(i.Can1_Init)
    DMA1_Channel2_IRQHandler                 0x08000c01   Thumb Code    18  usart.o(i.DMA1_Channel2_IRQHandler)
    DMA1_Channel7_IRQHandler                 0x08000c15   Thumb Code   146  usart.o(i.DMA1_Channel7_IRQHandler)
    DMA_ClearStatusFlag                      0x08000cb5   Thumb Code    18  apm32f10x_dma.o(i.DMA_ClearStatusFlag)
    DMA_Config                               0x08000cd1   Thumb Code    94  apm32f10x_dma.o(i.DMA_Config)
    DMA_ConfigDataNumber                     0x08000d2f   Thumb Code     4  apm32f10x_dma.o(i.DMA_ConfigDataNumber)
    DMA_ConfigStructInit                     0x08000d33   Thumb Code    26  apm32f10x_dma.o(i.DMA_ConfigStructInit)
    DMA_Disable                              0x08000d4d   Thumb Code    10  apm32f10x_dma.o(i.DMA_Disable)
    DMA_Enable                               0x08000d57   Thumb Code    12  apm32f10x_dma.o(i.DMA_Enable)
    DMA_EnableInterrupt                      0x08000d63   Thumb Code     8  apm32f10x_dma.o(i.DMA_EnableInterrupt)
    DMA_ReadDataNumber                       0x08000d6b   Thumb Code     8  apm32f10x_dma.o(i.DMA_ReadDataNumber)
    DMA_ReadIntFlag                          0x08000d75   Thumb Code    40  apm32f10x_dma.o(i.DMA_ReadIntFlag)
    DMA_Reset                                0x08000da5   Thumb Code   322  apm32f10x_dma.o(i.DMA_Reset)
    DebugMon_Handler                         0x08000ef1   Thumb Code     2  apm32f10x_int.o(i.DebugMon_Handler)
    GPIO_Config                              0x08000ef3   Thumb Code   154  apm32f10x_gpio.o(i.GPIO_Config)
    GPIO_ConfigStructInit                    0x08000f8d   Thumb Code    16  apm32f10x_gpio.o(i.GPIO_ConfigStructInit)
    GPIO_ReadInputBit                        0x08000f9d   Thumb Code    18  apm32f10x_gpio.o(i.GPIO_ReadInputBit)
    GPIO_ReadInputPort                       0x08000faf   Thumb Code     8  apm32f10x_gpio.o(i.GPIO_ReadInputPort)
    GPIO_ResetBit                            0x08000fb7   Thumb Code     4  apm32f10x_gpio.o(i.GPIO_ResetBit)
    GPIO_SetBit                              0x08000fbb   Thumb Code     4  apm32f10x_gpio.o(i.GPIO_SetBit)
    GPIO_WriteBitValue                       0x08000fbf   Thumb Code    10  apm32f10x_gpio.o(i.GPIO_WriteBitValue)
    IINCHIP_READ                             0x08000fc9   Thumb Code    50  w5500_conf.o(i.IINCHIP_READ)
    IINCHIP_SpiSendData                      0x08000ffb   Thumb Code    12  w5500_conf.o(i.IINCHIP_SpiSendData)
    IINCHIP_WRITE                            0x08001007   Thumb Code    50  w5500_conf.o(i.IINCHIP_WRITE)
    MemManage_Handler                        0x08001039   Thumb Code     4  apm32f10x_int.o(i.MemManage_Handler)
    NMI_Handler                              0x0800103d   Thumb Code     2  apm32f10x_int.o(i.NMI_Handler)
    NVIC_ConfigPriorityGroup                 0x08001041   Thumb Code    10  apm32f10x_misc.o(i.NVIC_ConfigPriorityGroup)
    NVIC_EnableIRQRequest                    0x08001055   Thumb Code   150  apm32f10x_misc.o(i.NVIC_EnableIRQRequest)
    PHY_check                                0x080010f5   Thumb Code    56  w5500.o(i.PHY_check)
    RCM_DisableAPB1PeriphReset               0x08001149   Thumb Code    12  apm32f10x_rcm.o(i.RCM_DisableAPB1PeriphReset)
    RCM_EnableAHBPeriphClock                 0x08001159   Thumb Code    12  apm32f10x_rcm.o(i.RCM_EnableAHBPeriphClock)
    RCM_EnableAPB1PeriphClock                0x08001169   Thumb Code    12  apm32f10x_rcm.o(i.RCM_EnableAPB1PeriphClock)
    RCM_EnableAPB1PeriphReset                0x08001179   Thumb Code    12  apm32f10x_rcm.o(i.RCM_EnableAPB1PeriphReset)
    RCM_EnableAPB2PeriphClock                0x08001189   Thumb Code    12  apm32f10x_rcm.o(i.RCM_EnableAPB2PeriphClock)
    RCM_ReadHCLKFreq                         0x08001199   Thumb Code    38  apm32f10x_rcm.o(i.RCM_ReadHCLKFreq)
    RCM_ReadPCLKFreq                         0x080011d5   Thumb Code    62  apm32f10x_rcm.o(i.RCM_ReadPCLKFreq)
    RCM_ReadSYSCLKFreq                       0x08001221   Thumb Code    86  apm32f10x_rcm.o(i.RCM_ReadSYSCLKFreq)
    SPI1_GPIO_Configuration                  0x08001319   Thumb Code    62  spi.o(i.SPI1_GPIO_Configuration)
    SPI_Config                               0x0800135d   Thumb Code    50  apm32f10x_spi.o(i.SPI_Config)
    SPI_ConfigDataSize                       0x0800138f   Thumb Code    16  apm32f10x_spi.o(i.SPI_ConfigDataSize)
    SPI_ConfigStructInit                     0x0800139f   Thumb Code    24  apm32f10x_spi.o(i.SPI_ConfigStructInit)
    SPI_Enable                               0x080013b7   Thumb Code    12  apm32f10x_spi.o(i.SPI_Enable)
    SPI_I2S_ReadStatusFlag                   0x080013c3   Thumb Code    16  apm32f10x_spi.o(i.SPI_I2S_ReadStatusFlag)
    SPI_I2S_RxData                           0x080013d3   Thumb Code     8  apm32f10x_spi.o(i.SPI_I2S_RxData)
    SPI_I2S_TxData                           0x080013db   Thumb Code     4  apm32f10x_spi.o(i.SPI_I2S_TxData)
    SVC_Handler                              0x080013df   Thumb Code     2  apm32f10x_int.o(i.SVC_Handler)
    Spi1_Config                              0x080013e1   Thumb Code    94  spi.o(i.Spi1_Config)
    SysTick_Handler                          0x08001445   Thumb Code     8  board_1.o(i.SysTick_Handler)
    SystemCoreClockUpdate                    0x08001531   Thumb Code    90  system_apm32f10x.o(i.SystemCoreClockUpdate)
    SystemInit                               0x0800159d   Thumb Code    80  system_apm32f10x.o(i.SystemInit)
    TMR1_UP_IRQHandler                       0x080015fd   Thumb Code    44  time.o(i.TMR1_UP_IRQHandler)
    TMR2_IRQHandler                          0x08001635   Thumb Code    46  w5500_conf.o(i.TMR2_IRQHandler)
    TMR_ClearIntFlag                         0x08001671   Thumb Code     6  apm32f10x_tmr.o(i.TMR_ClearIntFlag)
    TMR_ConfigTimeBase                       0x08001679   Thumb Code   112  apm32f10x_tmr.o(i.TMR_ConfigTimeBase)
    TMR_Disable                              0x08001705   Thumb Code    10  apm32f10x_tmr.o(i.TMR_Disable)
    TMR_Enable                               0x0800170f   Thumb Code    12  apm32f10x_tmr.o(i.TMR_Enable)
    TMR_EnableInterrupt                      0x0800171b   Thumb Code     8  apm32f10x_tmr.o(i.TMR_EnableInterrupt)
    TMR_ReadIntFlag                          0x08001723   Thumb Code    22  apm32f10x_tmr.o(i.TMR_ReadIntFlag)
    USART2_IRQHandler                        0x08001739   Thumb Code    84  usart.o(i.USART2_IRQHandler)
    USART3_IRQHandler                        0x080017a1   Thumb Code    48  usart.o(i.USART3_IRQHandler)
    USART_ClearIntFlag                       0x080017f5   Thumb Code    16  apm32f10x_usart.o(i.USART_ClearIntFlag)
    USART_Config                             0x08001805   Thumb Code   138  apm32f10x_usart.o(i.USART_Config)
    USART_DisableInterrupt                   0x08001895   Thumb Code    42  apm32f10x_usart.o(i.USART_DisableInterrupt)
    USART_Enable                             0x080018bf   Thumb Code    14  apm32f10x_usart.o(i.USART_Enable)
    USART_EnableDMA                          0x080018cd   Thumb Code     8  apm32f10x_usart.o(i.USART_EnableDMA)
    USART_EnableInterrupt                    0x080018d5   Thumb Code    40  apm32f10x_usart.o(i.USART_EnableInterrupt)
    USART_ReadIntFlag                        0x080018fd   Thumb Code    62  apm32f10x_usart.o(i.USART_ReadIntFlag)
    USART_ReadStatusFlag                     0x0800193b   Thumb Code    16  apm32f10x_usart.o(i.USART_ReadStatusFlag)
    USART_TxData                             0x0800194b   Thumb Code    10  apm32f10x_usart.o(i.USART_TxData)
    USBD1_HP_CAN1_TX_IRQHandler              0x08001955   Thumb Code   112  can.o(i.USBD1_HP_CAN1_TX_IRQHandler)
    USBD1_LP_CAN1_RX0_IRQHandler             0x080019cd   Thumb Code   100  can.o(i.USBD1_LP_CAN1_RX0_IRQHandler)
    UsageFault_Handler                       0x08001a39   Thumb Code     4  apm32f10x_int.o(i.UsageFault_Handler)
    Usart2_Dma_Init                          0x08001a3d   Thumb Code   306  usart.o(i.Usart2_Dma_Init)
    Usart3_Dma_Init                          0x08001b85   Thumb Code   356  usart.o(i.Usart3_Dma_Init)
    __rt_ffs                                 0x08002059   Thumb Code    70  kservice.o(i.__rt_ffs)
    __scatterload_copy                       0x080020a5   Thumb Code    14  handlers.o(i.__scatterload_copy)
    __scatterload_null                       0x080020b3   Thumb Code     2  handlers.o(i.__scatterload_null)
    __scatterload_zeroinit                   0x080020b5   Thumb Code    14  handlers.o(i.__scatterload_zeroinit)
    build_my_net_thread                      0x080021c5   Thumb Code    66  my_netapp.o(i.build_my_net_thread)
    build_usart3_recv_thread                 0x08002261   Thumb Code    80  my_usart.o(i.build_usart3_recv_thread)
    build_usart_recv_thread                  0x08002325   Thumb Code    80  my_usart.o(i.build_usart_recv_thread)
    close                                    0x080023e9   Thumb Code    52  socket.o(i.close)
    connect                                  0x0800241d   Thumb Code   276  socket.o(i.connect)
    disconnect                               0x08002531   Thumb Code    38  socket.o(i.disconnect)
    do_udp                                   0x08002559   Thumb Code   336  udp.o(i.do_udp)
    getGAR                                   0x080026c5   Thumb Code    16  w5500.o(i.getGAR)
    getIINCHIP_TxMAX                         0x080026d5   Thumb Code    10  w5500.o(i.getIINCHIP_TxMAX)
    getPHYStatus                             0x080026e5   Thumb Code    12  w5500.o(i.getPHYStatus)
    getSHAR                                  0x080026f1   Thumb Code    18  w5500.o(i.getSHAR)
    getSIPR                                  0x08002703   Thumb Code    18  w5500.o(i.getSIPR)
    getSIR                                   0x08002715   Thumb Code    18  w5500.o(i.getSIR)
    getSUBR                                  0x08002727   Thumb Code    18  w5500.o(i.getSUBR)
    getSn_IR                                 0x0800277b   Thumb Code    18  w5500.o(i.getSn_IR)
    getSn_RX_RSR                             0x0800278d   Thumb Code    84  w5500.o(i.getSn_RX_RSR)
    getSn_SR                                 0x080027e1   Thumb Code    18  w5500.o(i.getSn_SR)
    getSn_TX_FSR                             0x080027f3   Thumb Code    84  w5500.o(i.getSn_TX_FSR)
    gpio_for_w5500_config                    0x08002849   Thumb Code    70  w5500_conf.o(i.gpio_for_w5500_config)
    gpio_init                                0x08002895   Thumb Code   608  gpio.o(i.gpio_init)
    iinchip_csoff                            0x08002b01   Thumb Code    10  w5500_conf.o(i.iinchip_csoff)
    iinchip_cson                             0x08002b0b   Thumb Code    10  w5500_conf.o(i.iinchip_cson)
    init_data                                0x08002b15   Thumb Code    26  my_misc.o(i.init_data)
    listen                                   0x08002b3d   Thumb Code    62  socket.o(i.listen)
    $Super$$main                             0x08002b7d   Thumb Code   806  main.o(i.main)
    main_thread_entry                        0x08002f31   Thumb Code    14  components.o(i.main_thread_entry)
    recv                                     0x0800323d   Thumb Code    66  socket.o(i.recv)
    recv_data_processing                     0x08003281   Thumb Code   116  w5500.o(i.recv_data_processing)
    recvfrom                                 0x08003315   Thumb Code   486  socket.o(i.recvfrom)
    reset_w5500                              0x08003805   Thumb Code    36  w5500_conf.o(i.reset_w5500)
    rt_application_init                      0x0800382d   Thumb Code    34  components.o(i.rt_application_init)
    rt_components_board_init                 0x0800385d   Thumb Code    20  components.o(i.rt_components_board_init)
    rt_components_init                       0x08003879   Thumb Code    20  components.o(i.rt_components_init)
    rt_enter_critical                        0x08003895   Thumb Code    28  scheduler.o(i.rt_enter_critical)
    rt_exit_critical                         0x080038b5   Thumb Code    60  scheduler.o(i.rt_exit_critical)
    rt_free                                  0x080038f9   Thumb Code   128  mem.o(i.rt_free)
    rt_heap_begin_get                        0x080039d9   Thumb Code     4  board_1.o(i.rt_heap_begin_get)
    rt_heap_end_get                          0x080039e1   Thumb Code     4  board_1.o(i.rt_heap_end_get)
    rt_hw_board_init                         0x080039e9   Thumb Code   100  board_1.o(i.rt_hw_board_init)
    rt_hw_console_output                     0x08003a55   Thumb Code    74  board_1.o(i.rt_hw_console_output)
    rt_hw_hard_fault_exception               0x08003aa5   Thumb Code   190  cpuport.o(i.rt_hw_hard_fault_exception)
    rt_hw_stack_init                         0x08003ca5   Thumb Code    70  cpuport.o(i.rt_hw_stack_init)
    rt_interrupt_enter                       0x08003cf1   Thumb Code    26  irq.o(i.rt_interrupt_enter)
    rt_interrupt_leave                       0x08003d11   Thumb Code    26  irq.o(i.rt_interrupt_leave)
    rt_kprintf                               0x08003df5   Thumb Code    44  kservice.o(i.rt_kprintf)
    rt_malloc                                0x08003ec5   Thumb Code   336  mem.o(i.rt_malloc)
    rt_memcpy                                0x08004031   Thumb Code    58  kservice.o(i.rt_memcpy)
    rt_memset                                0x0800406b   Thumb Code    20  kservice.o(i.rt_memset)
    rt_object_allocate                       0x0800407f   Thumb Code    84  object.o(i.rt_object_allocate)
    rt_object_delete                         0x080040d3   Thumb Code    36  object.o(i.rt_object_delete)
    rt_object_detach                         0x080040f7   Thumb Code    30  object.o(i.rt_object_detach)
    rt_object_get_information                0x08004115   Thumb Code    36  object.o(i.rt_object_get_information)
    rt_object_init                           0x0800413d   Thumb Code    86  object.o(i.rt_object_init)
    rt_object_is_systemobject                0x08004193   Thumb Code    18  object.o(i.rt_object_is_systemobject)
    rt_os_tick_callback                      0x080041a5   Thumb Code    16  board_1.o(i.rt_os_tick_callback)
    rt_schedule                              0x080041b5   Thumb Code   106  scheduler.o(i.rt_schedule)
    rt_schedule_insert_thread                0x08004239   Thumb Code    72  scheduler.o(i.rt_schedule_insert_thread)
    rt_schedule_remove_thread                0x08004289   Thumb Code    76  scheduler.o(i.rt_schedule_remove_thread)
    rt_sem_create                            0x080042dd   Thumb Code    42  ipc.o(i.rt_sem_create)
    rt_sem_delete                            0x08004307   Thumb Code    22  ipc.o(i.rt_sem_delete)
    rt_sem_init                              0x0800431d   Thumb Code    38  ipc.o(i.rt_sem_init)
    rt_sem_release                           0x08004343   Thumb Code    82  ipc.o(i.rt_sem_release)
    rt_sem_take                              0x08004395   Thumb Code   116  ipc.o(i.rt_sem_take)
    rt_show_version                          0x08004409   Thumb Code    38  kservice.o(i.rt_show_version)
    rt_strncpy                               0x080044b9   Thumb Code    52  kservice.o(i.rt_strncpy)
    rt_system_heap_init                      0x080044ed   Thumb Code   160  mem.o(i.rt_system_heap_init)
    rt_system_scheduler_init                 0x080045e5   Thumb Code    52  scheduler.o(i.rt_system_scheduler_init)
    rt_system_scheduler_start                0x08004631   Thumb Code    36  scheduler.o(i.rt_system_scheduler_start)
    rt_system_timer_init                     0x08004661   Thumb Code    24  timer.o(i.rt_system_timer_init)
    rt_system_timer_thread_init              0x0800467d   Thumb Code     2  timer.o(i.rt_system_timer_thread_init)
    rt_thread_create                         0x0800467f   Thumb Code    80  thread.o(i.rt_thread_create)
    rt_thread_delay                          0x080046cf   Thumb Code    12  thread.o(i.rt_thread_delay)
    rt_thread_exit                           0x080046dd   Thumb Code    78  thread.o(i.rt_thread_exit)
    rt_thread_idle_excute                    0x0800473d   Thumb Code    92  idle.o(i.rt_thread_idle_excute)
    rt_thread_idle_init                      0x0800479d   Thumb Code    38  idle.o(i.rt_thread_idle_init)
    rt_thread_init                           0x080047d9   Thumb Code    52  thread.o(i.rt_thread_init)
    rt_thread_resume                         0x0800480d   Thumb Code    60  thread.o(i.rt_thread_resume)
    rt_thread_self                           0x08004849   Thumb Code     6  thread.o(i.rt_thread_self)
    rt_thread_sleep                          0x08004855   Thumb Code    62  thread.o(i.rt_thread_sleep)
    rt_thread_startup                        0x08004899   Thumb Code    44  thread.o(i.rt_thread_startup)
    rt_thread_suspend                        0x080048c5   Thumb Code    68  thread.o(i.rt_thread_suspend)
    rt_thread_timeout                        0x08004909   Thumb Code    32  thread.o(i.rt_thread_timeout)
    rt_thread_yield                          0x08004929   Thumb Code    92  thread.o(i.rt_thread_yield)
    rt_tick_get                              0x0800498d   Thumb Code     6  clock.o(i.rt_tick_get)
    rt_tick_increase                         0x08004999   Thumb Code    42  clock.o(i.rt_tick_increase)
    rt_timer_check                           0x080049c9   Thumb Code   160  timer.o(i.rt_timer_check)
    rt_timer_control                         0x08004a6d   Thumb Code    98  timer.o(i.rt_timer_control)
    rt_timer_detach                          0x08004acf   Thumb Code    40  timer.o(i.rt_timer_detach)
    rt_timer_init                            0x08004af7   Thumb Code    46  timer.o(i.rt_timer_init)
    rt_timer_start                           0x08004b25   Thumb Code   226  timer.o(i.rt_timer_start)
    rt_timer_stop                            0x08004c11   Thumb Code    48  timer.o(i.rt_timer_stop)
    rt_vsnprintf                             0x08004c41   Thumb Code   824  kservice.o(i.rt_vsnprintf)
    rtthread_startup                         0x08004f91   Thumb Code    42  components.o(i.rtthread_startup)
    send                                     0x08004fbd   Thumb Code   216  socket.o(i.send)
    send_data_processing                     0x080050ad   Thumb Code   116  w5500.o(i.send_data_processing)
    sendto                                   0x08005141   Thumb Code   268  socket.o(i.sendto)
    setGAR                                   0x080056a5   Thumb Code    16  w5500.o(i.setGAR)
    setRCR                                   0x080056b5   Thumb Code    16  w5500.o(i.setRCR)
    setRTR                                   0x080056c5   Thumb Code    26  w5500.o(i.setRTR)
    setSHAR                                  0x080056df   Thumb Code    18  w5500.o(i.setSHAR)
    setSIPR                                  0x080056f1   Thumb Code    18  w5500.o(i.setSIPR)
    setSUBR                                  0x08005703   Thumb Code    18  w5500.o(i.setSUBR)
    setSn_IR                                 0x08005715   Thumb Code    22  w5500.o(i.setSn_IR)
    set_w5500_ip                             0x0800572d   Thumb Code   188  w5500_conf.o(i.set_w5500_ip)
    set_w5500_mac                            0x08005881   Thumb Code    72  w5500_conf.o(i.set_w5500_mac)
    socket                                   0x08005931   Thumb Code   192  socket.o(i.socket)
    socket_buf_init                          0x080059f5   Thumb Code   128  w5500.o(i.socket_buf_init)
    spi_read_send_byte                       0x08005a7d   Thumb Code    50  spi.o(i.spi_read_send_byte)
    start_time                               0x08005ab5   Thumb Code    18  my_time.o(i.start_time)
    start_voice_play                         0x08005acd   Thumb Code    42  my_misc.o(i.start_voice_play)
    stop_time                                0x08005b05   Thumb Code    10  my_time.o(i.stop_time)
    stop_voice_play                          0x08005b15   Thumb Code    36  my_misc.o(i.stop_voice_play)
    tcp_client_send                          0x08005b49   Thumb Code   306  my_netapp.o(i.tcp_client_send)
    tcp_server_list                          0x08005c7d   Thumb Code   202  my_netapp.o(i.tcp_server_list)
    time1_init                               0x08005d61   Thumb Code    64  time.o(i.time1_init)
    usart2_dma_send                          0x08005e2d   Thumb Code   108  my_usart.o(i.usart2_dma_send)
    usart3_dma_send                          0x08005ea5   Thumb Code    38  my_usart.o(i.usart3_dma_send)
    usart3_send_comm                         0x08006621   Thumb Code    74  my_usart.o(i.usart3_send_comm)
    wiz_cs                                   0x0800666d   Thumb Code    30  w5500_conf.o(i.wiz_cs)
    wiz_read_buf                             0x08006691   Thumb Code    78  w5500_conf.o(i.wiz_read_buf)
    wiz_write_buf                            0x080066f9   Thumb Code    80  w5500_conf.o(i.wiz_write_buf)
    __lowest_bit_bitmap                      0x08006760   Data         256  kservice.o(.constdata)
    __rt_init_rti_start                      0x08006884   Data           4  components.o(.rti_fn.0)
    __rt_init_rti_board_start                0x08006888   Data           4  components.o(.rti_fn.0.end)
    __rt_init_uart_init                      0x0800688c   Data           4  board_1.o(.rti_fn.1)
    __rt_init_rti_board_end                  0x08006890   Data           4  components.o(.rti_fn.1.end)
    __rt_init_rti_end                        0x08006894   Data           4  components.o(.rti_fn.6.end)
    Region$$Table$$Base                      0x08006898   Number         0  anon$$obj.o(Region$$Table)
    Region$$Table$$Limit                     0x080068b8   Number         0  anon$$obj.o(Region$$Table)
    SystemCoreClock                          0x20000000   Data           4  system_apm32f10x.o(.data)
    hold_lin_time                            0x20000014   Data           4  main.o(.data)
    hold_temp                                0x20000018   Data           1  main.o(.data)
    x0_lin_time                              0x2000001c   Data           4  main.o(.data)
    x1_lin_time                              0x20000020   Data           4  main.o(.data)
    x2_lin_time                              0x20000024   Data           4  main.o(.data)
    x3_lin_time                              0x20000028   Data           4  main.o(.data)
    x4_lin_time                              0x2000002c   Data           4  main.o(.data)
    Rx_USART2_Flags                          0x20000030   Data           1  usart.o(.data)
    Rx_USART2_Len                            0x20000031   Data           1  usart.o(.data)
    Rx_USART3_Flags                          0x20000032   Data           1  usart.o(.data)
    Rx_USART3_Len                            0x20000033   Data           1  usart.o(.data)
    my_usart_sem                             0x20000034   Data           4  my_usart.o(.data)
    my_usart2_send_sem                       0x2000003c   Data           4  my_usart.o(.data)
    usart1_send_mutex                        0x20000044   Data           4  my_usart.o(.data)
    usart2_send_mutex                        0x20000048   Data           4  my_usart.o(.data)
    my_usart3_sem                            0x2000004c   Data           4  my_usart.o(.data)
    usart3_send_mutex                        0x20000054   Data           4  my_usart.o(.data)
    txsize                                   0x2000006c   Data           8  w5500.o(.data)
    rxsize                                   0x20000074   Data           8  w5500.o(.data)
    mac                                      0x2000007c   Data           6  w5500_conf.o(.data)
    local_ip                                 0x20000082   Data           4  w5500_conf.o(.data)
    subnet                                   0x20000086   Data           4  w5500_conf.o(.data)
    gateway                                  0x2000008a   Data           4  w5500_conf.o(.data)
    dns_server                               0x2000008e   Data           4  w5500_conf.o(.data)
    local_port                               0x20000092   Data           2  w5500_conf.o(.data)
    remote_ip                                0x20000094   Data           4  w5500_conf.o(.data)
    remote_port                              0x20000098   Data           2  w5500_conf.o(.data)
    ip_from                                  0x2000009a   Data           1  w5500_conf.o(.data)
    dhcp_ok                                  0x2000009b   Data           1  w5500_conf.o(.data)
    ms                                       0x2000009c   Data           4  w5500_conf.o(.data)
    dhcp_time                                0x200000a0   Data           4  w5500_conf.o(.data)
    ntptimer                                 0x200000a4   Data           1  w5500_conf.o(.data)
    rt_interrupt_from_thread                 0x200000ac   Data           4  cpuport.o(.data)
    rt_interrupt_to_thread                   0x200000b0   Data           4  cpuport.o(.data)
    rt_thread_switch_interrupt_flag          0x200000b4   Data           4  cpuport.o(.data)
    rt_interrupt_nest                        0x200000c0   Data           1  irq.o(.data)
    rt_thread_ready_priority_group           0x2000013c   Data           4  scheduler.o(.data)
    rt_current_thread                        0x20000144   Data           4  scheduler.o(.data)
    rt_current_priority                      0x20000148   Data           1  scheduler.o(.data)
    rt_thread_defunct                        0x2000014c   Data           8  scheduler.o(.data)
    can_file_buff                            0x20000160   Data         204  can.o(.bss)
    my_recv_can                              0x2000022c   Data         284  can.o(.bss)
    TxMessage                                0x20000348   Data          20  can.o(.bss)
    RxMessage                                0x2000035c   Data          28  can.o(.bss)
    TxBuffer2                                0x20000378   Data         150  usart.o(.bss)
    RxBuffer2                                0x2000040e   Data         150  usart.o(.bss)
    RX_USART2_BUFF                           0x200004a4   Data         150  usart.o(.bss)
    TxBuffer3                                0x2000053a   Data         150  usart.o(.bss)
    RxBuffer3                                0x200005d0   Data         150  usart.o(.bss)
    RX_USART3_BUFF                           0x20000666   Data         150  usart.o(.bss)
    My_Usart_Send_Buff                       0x200006fc   Data        1503  usart.o(.bss)
    My_Attribute                             0x20000cdb   Data          12  my_can.o(.bss)
    my_usart_msg                             0x20000ce8   Data         768  my_usart.o(.bss)
    my_usart3_msg                            0x20000fe8   Data         288  my_usart.o(.bss)
    SSIZE                                    0x20001108   Data          16  w5500.o(.bss)
    RSIZE                                    0x20001118   Data          16  w5500.o(.bss)
    ConfigMsg                                0x20001128   Data          28  w5500_conf.o(.bss)
    EEPROM_MSG                               0x20001144   Data          18  w5500_conf.o(.bss)
    A_TX_buff                                0x20001158   Data        1514  udp.o(.bss)
    A_RX_buff                                0x20001742   Data        1514  udp.o(.bss)
    udp_7777_recv_buff                       0x20001d2c   Data        1280  udp.o(.bss)
    ser_6667_recv                            0x2000222c   Data          28  my_netapp.o(.bss)
    ser_6666_recv                            0x20002248   Data          28  my_netapp.o(.bss)
    rt_thread_priority_table                 0x200024fc   Data         256  scheduler.o(.bss)
    __initial_sp                             0x20004e10   Data           0  startup_apm32f10x_hd.o(STACK)



==============================================================================

Memory Map of the image

  Image Entry point : 0x08000145

  Load Region LR_IROM1 (Base: 0x08000000, Size: 0x00006a18, Max: 0x00010000, ABSOLUTE, COMPRESSED[0x00006924])

    Execution Region ER_IROM1 (Exec base: 0x08000000, Load base: 0x08000000, Size: 0x000068b8, Max: 0x00010000, ABSOLUTE)

    Exec Addr    Load Addr    Size         Type   Attr      Idx    E Section Name        Object

    0x08000000   0x08000000   0x00000144   Data   RO           71    RESET               startup_apm32f10x_hd.o
    0x08000144   0x08000144   0x00000000   Code   RO         7499  * .ARM.Collect$$$$00000000  mc_w.l(entry.o)
    0x08000144   0x08000144   0x00000004   Code   RO         7779    .ARM.Collect$$$$00000001  mc_w.l(entry2.o)
    0x08000148   0x08000148   0x00000004   Code   RO         7782    .ARM.Collect$$$$00000004  mc_w.l(entry5.o)
    0x0800014c   0x0800014c   0x00000000   Code   RO         7784    .ARM.Collect$$$$00000008  mc_w.l(entry7b.o)
    0x0800014c   0x0800014c   0x00000000   Code   RO         7786    .ARM.Collect$$$$0000000A  mc_w.l(entry8b.o)
    0x0800014c   0x0800014c   0x00000008   Code   RO         7787    .ARM.Collect$$$$0000000B  mc_w.l(entry9a.o)
    0x08000154   0x08000154   0x00000000   Code   RO         7789    .ARM.Collect$$$$0000000D  mc_w.l(entry10a.o)
    0x08000154   0x08000154   0x00000000   Code   RO         7791    .ARM.Collect$$$$0000000F  mc_w.l(entry11a.o)
    0x08000154   0x08000154   0x00000004   Code   RO         7780    .ARM.Collect$$$$00002712  mc_w.l(entry2.o)
    0x08000158   0x08000158   0x00000024   Code   RO           72    .text               startup_apm32f10x_hd.o
    0x0800017c   0x0800017c   0x000000f4   Code   RO         6340    .text               context_rvds.o
    0x08000270   0x08000270   0x00000024   Code   RO         7502    .text               mc_w.l(memseta.o)
    0x08000294   0x08000294   0x00000024   Code   RO         7809    .text               mc_w.l(init.o)
    0x080002b8   0x080002b8   0x00000056   Code   RO         7827    .text               mc_w.l(__dczerorl2.o)
    0x0800030e   0x0800030e   0x0000000a   Code   RO         6424    i.$Sub$$main        components.o
    0x08000318   0x08000318   0x00000004   Code   RO         4816    i.BusFault_Handler  apm32f10x_int.o
    0x0800031c   0x0800031c   0x0000010c   Code   RO          501    i.CAN_ClearIntFlag  apm32f10x_can.o
    0x08000428   0x08000428   0x00000126   Code   RO          503    i.CAN_Config        apm32f10x_can.o
    0x0800054e   0x0800054e   0x0000010a   Code   RO          504    i.CAN_ConfigFilter  apm32f10x_can.o
    0x08000658   0x08000658   0x0000001e   Code   RO          505    i.CAN_ConfigStructInit  apm32f10x_can.o
    0x08000676   0x08000676   0x00000008   Code   RO          507    i.CAN_DisableInterrupt  apm32f10x_can.o
    0x0800067e   0x0800067e   0x00000008   Code   RO          509    i.CAN_EnableInterrupt  apm32f10x_can.o
    0x08000686   0x08000686   0x000000ea   Code   RO          512    i.CAN_ReadIntFlag   apm32f10x_can.o
    0x08000770   0x08000770   0x0000003c   Code   RO          518    i.CAN_Reset         apm32f10x_can.o
    0x080007ac   0x080007ac   0x000000f4   Code   RO          519    i.CAN_RxMessage     apm32f10x_can.o
    0x080008a0   0x080008a0   0x00000126   Code   RO          521    i.CAN_TxMessage     apm32f10x_can.o
    0x080009c6   0x080009c6   0x00000002   PAD
    0x080009c8   0x080009c8   0x000000e4   Code   RO         4946    i.Can1_Init         can.o
    0x08000aac   0x08000aac   0x00000154   Code   RO         6276    i.Client_HandData   my_netapp.o
    0x08000c00   0x08000c00   0x00000012   Code   RO         4994    i.DMA1_Channel2_IRQHandler  usart.o
    0x08000c12   0x08000c12   0x00000002   PAD
    0x08000c14   0x08000c14   0x000000a0   Code   RO         4995    i.DMA1_Channel7_IRQHandler  usart.o
    0x08000cb4   0x08000cb4   0x0000001c   Code   RO          891    i.DMA_ClearStatusFlag  apm32f10x_dma.o
    0x08000cd0   0x08000cd0   0x0000005e   Code   RO          892    i.DMA_Config        apm32f10x_dma.o
    0x08000d2e   0x08000d2e   0x00000004   Code   RO          893    i.DMA_ConfigDataNumber  apm32f10x_dma.o
    0x08000d32   0x08000d32   0x0000001a   Code   RO          894    i.DMA_ConfigStructInit  apm32f10x_dma.o
    0x08000d4c   0x08000d4c   0x0000000a   Code   RO          895    i.DMA_Disable       apm32f10x_dma.o
    0x08000d56   0x08000d56   0x0000000c   Code   RO          897    i.DMA_Enable        apm32f10x_dma.o
    0x08000d62   0x08000d62   0x00000008   Code   RO          898    i.DMA_EnableInterrupt  apm32f10x_dma.o
    0x08000d6a   0x08000d6a   0x00000008   Code   RO          899    i.DMA_ReadDataNumber  apm32f10x_dma.o
    0x08000d72   0x08000d72   0x00000002   PAD
    0x08000d74   0x08000d74   0x00000030   Code   RO          900    i.DMA_ReadIntFlag   apm32f10x_dma.o
    0x08000da4   0x08000da4   0x0000014c   Code   RO          902    i.DMA_Reset         apm32f10x_dma.o
    0x08000ef0   0x08000ef0   0x00000002   Code   RO         4817    i.DebugMon_Handler  apm32f10x_int.o
    0x08000ef2   0x08000ef2   0x0000009a   Code   RO         1427    i.GPIO_Config       apm32f10x_gpio.o
    0x08000f8c   0x08000f8c   0x00000010   Code   RO         1432    i.GPIO_ConfigStructInit  apm32f10x_gpio.o
    0x08000f9c   0x08000f9c   0x00000012   Code   RO         1435    i.GPIO_ReadInputBit  apm32f10x_gpio.o
    0x08000fae   0x08000fae   0x00000008   Code   RO         1436    i.GPIO_ReadInputPort  apm32f10x_gpio.o
    0x08000fb6   0x08000fb6   0x00000004   Code   RO         1440    i.GPIO_ResetBit     apm32f10x_gpio.o
    0x08000fba   0x08000fba   0x00000004   Code   RO         1441    i.GPIO_SetBit       apm32f10x_gpio.o
    0x08000fbe   0x08000fbe   0x0000000a   Code   RO         1442    i.GPIO_WriteBitValue  apm32f10x_gpio.o
    0x08000fc8   0x08000fc8   0x00000032   Code   RO         5927    i.IINCHIP_READ      w5500_conf.o
    0x08000ffa   0x08000ffa   0x0000000c   Code   RO         5928    i.IINCHIP_SpiSendData  w5500_conf.o
    0x08001006   0x08001006   0x00000032   Code   RO         5929    i.IINCHIP_WRITE     w5500_conf.o
    0x08001038   0x08001038   0x00000004   Code   RO         4818    i.MemManage_Handler  apm32f10x_int.o
    0x0800103c   0x0800103c   0x00000002   Code   RO         4819    i.NMI_Handler       apm32f10x_int.o
    0x0800103e   0x0800103e   0x00000002   PAD
    0x08001040   0x08001040   0x00000014   Code   RO         1921    i.NVIC_ConfigPriorityGroup  apm32f10x_misc.o
    0x08001054   0x08001054   0x000000a0   Code   RO         1924    i.NVIC_EnableIRQRequest  apm32f10x_misc.o
    0x080010f4   0x080010f4   0x00000054   Code   RO         5707    i.PHY_check         w5500.o
    0x08001148   0x08001148   0x00000010   Code   RO         2319    i.RCM_DisableAPB1PeriphReset  apm32f10x_rcm.o
    0x08001158   0x08001158   0x00000010   Code   RO         2329    i.RCM_EnableAHBPeriphClock  apm32f10x_rcm.o
    0x08001168   0x08001168   0x00000010   Code   RO         2330    i.RCM_EnableAPB1PeriphClock  apm32f10x_rcm.o
    0x08001178   0x08001178   0x00000010   Code   RO         2331    i.RCM_EnableAPB1PeriphReset  apm32f10x_rcm.o
    0x08001188   0x08001188   0x00000010   Code   RO         2332    i.RCM_EnableAPB2PeriphClock  apm32f10x_rcm.o
    0x08001198   0x08001198   0x0000003c   Code   RO         2342    i.RCM_ReadHCLKFreq  apm32f10x_rcm.o
    0x080011d4   0x080011d4   0x0000004c   Code   RO         2344    i.RCM_ReadPCLKFreq  apm32f10x_rcm.o
    0x08001220   0x08001220   0x00000064   Code   RO         2345    i.RCM_ReadSYSCLKFreq  apm32f10x_rcm.o
    0x08001284   0x08001284   0x00000092   Code   RO         4620    i.ReviceComm        main.o
    0x08001316   0x08001316   0x00000002   PAD
    0x08001318   0x08001318   0x00000044   Code   RO         5126    i.SPI1_GPIO_Configuration  spi.o
    0x0800135c   0x0800135c   0x00000032   Code   RO         3446    i.SPI_Config        apm32f10x_spi.o
    0x0800138e   0x0800138e   0x00000010   Code   RO         3448    i.SPI_ConfigDataSize  apm32f10x_spi.o
    0x0800139e   0x0800139e   0x00000018   Code   RO         3449    i.SPI_ConfigStructInit  apm32f10x_spi.o
    0x080013b6   0x080013b6   0x0000000c   Code   RO         3453    i.SPI_Enable        apm32f10x_spi.o
    0x080013c2   0x080013c2   0x00000010   Code   RO         3463    i.SPI_I2S_ReadStatusFlag  apm32f10x_spi.o
    0x080013d2   0x080013d2   0x00000008   Code   RO         3465    i.SPI_I2S_RxData    apm32f10x_spi.o
    0x080013da   0x080013da   0x00000004   Code   RO         3466    i.SPI_I2S_TxData    apm32f10x_spi.o
    0x080013de   0x080013de   0x00000002   Code   RO         4820    i.SVC_Handler       apm32f10x_int.o
    0x080013e0   0x080013e0   0x00000064   Code   RO         5127    i.Spi1_Config       spi.o
    0x08001444   0x08001444   0x00000008   Code   RO         7424    i.SysTick_Handler   board_1.o
    0x0800144c   0x0800144c   0x000000dc   Code   RO            4    i.SystemClock72M    system_apm32f10x.o
    0x08001528   0x08001528   0x00000008   Code   RO            5    i.SystemClockConfig  system_apm32f10x.o
    0x08001530   0x08001530   0x0000006c   Code   RO            6    i.SystemCoreClockUpdate  system_apm32f10x.o
    0x0800159c   0x0800159c   0x00000060   Code   RO            7    i.SystemInit        system_apm32f10x.o
    0x080015fc   0x080015fc   0x00000038   Code   RO         5090    i.TMR1_UP_IRQHandler  time.o
    0x08001634   0x08001634   0x0000003c   Code   RO         5930    i.TMR2_IRQHandler   w5500_conf.o
    0x08001670   0x08001670   0x00000006   Code   RO         3653    i.TMR_ClearIntFlag  apm32f10x_tmr.o
    0x08001676   0x08001676   0x00000002   PAD
    0x08001678   0x08001678   0x0000008c   Code   RO         3709    i.TMR_ConfigTimeBase  apm32f10x_tmr.o
    0x08001704   0x08001704   0x0000000a   Code   RO         3713    i.TMR_Disable       apm32f10x_tmr.o
    0x0800170e   0x0800170e   0x0000000c   Code   RO         3726    i.TMR_Enable        apm32f10x_tmr.o
    0x0800171a   0x0800171a   0x00000008   Code   RO         3734    i.TMR_EnableInterrupt  apm32f10x_tmr.o
    0x08001722   0x08001722   0x00000016   Code   RO         3745    i.TMR_ReadIntFlag   apm32f10x_tmr.o
    0x08001738   0x08001738   0x00000068   Code   RO         4996    i.USART2_IRQHandler  usart.o
    0x080017a0   0x080017a0   0x00000054   Code   RO         4997    i.USART3_IRQHandler  usart.o
    0x080017f4   0x080017f4   0x00000010   Code   RO         4291    i.USART_ClearIntFlag  apm32f10x_usart.o
    0x08001804   0x08001804   0x00000090   Code   RO         4293    i.USART_Config      apm32f10x_usart.o
    0x08001894   0x08001894   0x0000002a   Code   RO         4305    i.USART_DisableInterrupt  apm32f10x_usart.o
    0x080018be   0x080018be   0x0000000e   Code   RO         4313    i.USART_Enable      apm32f10x_usart.o
    0x080018cc   0x080018cc   0x00000008   Code   RO         4314    i.USART_EnableDMA   apm32f10x_usart.o
    0x080018d4   0x080018d4   0x00000028   Code   RO         4316    i.USART_EnableInterrupt  apm32f10x_usart.o
    0x080018fc   0x080018fc   0x0000003e   Code   RO         4324    i.USART_ReadIntFlag  apm32f10x_usart.o
    0x0800193a   0x0800193a   0x00000010   Code   RO         4325    i.USART_ReadStatusFlag  apm32f10x_usart.o
    0x0800194a   0x0800194a   0x0000000a   Code   RO         4329    i.USART_TxData      apm32f10x_usart.o
    0x08001954   0x08001954   0x00000078   Code   RO         4948    i.USBD1_HP_CAN1_TX_IRQHandler  can.o
    0x080019cc   0x080019cc   0x0000006c   Code   RO         4949    i.USBD1_LP_CAN1_RX0_IRQHandler  can.o
    0x08001a38   0x08001a38   0x00000004   Code   RO         4821    i.UsageFault_Handler  apm32f10x_int.o
    0x08001a3c   0x08001a3c   0x00000148   Code   RO         4998    i.Usart2_Dma_Init   usart.o
    0x08001b84   0x08001b84   0x0000017c   Code   RO         4999    i.Usart3_Dma_Init   usart.o
    0x08001d00   0x08001d00   0x000000f8   Code   RO         5205    i.Usart3_Recv_thread_entry  my_usart.o
    0x08001df8   0x08001df8   0x00000230   Code   RO         5206    i.Usart_Recv_thread_entry  my_usart.o
    0x08002028   0x08002028   0x00000030   Code   RO         7425    i._SysTick_Config   board_1.o
    0x08002058   0x08002058   0x0000004c   Code   RO         6790    i.__rt_ffs          kservice.o
    0x080020a4   0x080020a4   0x0000000e   Code   RO         7821    i.__scatterload_copy  mc_w.l(handlers.o)
    0x080020b2   0x080020b2   0x00000002   Code   RO         7822    i.__scatterload_null  mc_w.l(handlers.o)
    0x080020b4   0x080020b4   0x0000000e   Code   RO         7823    i.__scatterload_zeroinit  mc_w.l(handlers.o)
    0x080020c2   0x080020c2   0x00000002   PAD
    0x080020c4   0x080020c4   0x00000084   Code   RO         7177    i._rt_thread_init   thread.o
    0x08002148   0x08002148   0x00000042   Code   RO         7309    i._rt_timer_init    timer.o
    0x0800218a   0x0800218a   0x0000001c   Code   RO         7310    i._rt_timer_remove  timer.o
    0x080021a6   0x080021a6   0x0000001c   Code   RO         7178    i._thread_cleanup_execute  thread.o
    0x080021c2   0x080021c2   0x00000002   PAD
    0x080021c4   0x080021c4   0x0000009c   Code   RO         6277    i.build_my_net_thread  my_netapp.o
    0x08002260   0x08002260   0x000000c4   Code   RO         5208    i.build_usart3_recv_thread  my_usart.o
    0x08002324   0x08002324   0x000000c4   Code   RO         5209    i.build_usart_recv_thread  my_usart.o
    0x080023e8   0x080023e8   0x00000034   Code   RO         5469    i.close             socket.o
    0x0800241c   0x0800241c   0x00000114   Code   RO         5470    i.connect           socket.o
    0x08002530   0x08002530   0x00000026   Code   RO         5471    i.disconnect        socket.o
    0x08002556   0x08002556   0x00000002   PAD
    0x08002558   0x08002558   0x0000016c   Code   RO         6246    i.do_udp            udp.o
    0x080026c4   0x080026c4   0x00000010   Code   RO         5709    i.getGAR            w5500.o
    0x080026d4   0x080026d4   0x00000010   Code   RO         5711    i.getIINCHIP_TxMAX  w5500.o
    0x080026e4   0x080026e4   0x0000000c   Code   RO         5713    i.getPHYStatus      w5500.o
    0x080026f0   0x080026f0   0x00000012   Code   RO         5714    i.getSHAR           w5500.o
    0x08002702   0x08002702   0x00000012   Code   RO         5716    i.getSIPR           w5500.o
    0x08002714   0x08002714   0x00000012   Code   RO         5717    i.getSIR            w5500.o
    0x08002726   0x08002726   0x00000012   Code   RO         5718    i.getSUBR           w5500.o
    0x08002738   0x08002738   0x00000042   Code   RO         6278    i.getSn_DIPR        my_netapp.o
    0x0800277a   0x0800277a   0x00000012   Code   RO         5719    i.getSn_IR          w5500.o
    0x0800278c   0x0800278c   0x00000054   Code   RO         5720    i.getSn_RX_RSR      w5500.o
    0x080027e0   0x080027e0   0x00000012   Code   RO         5721    i.getSn_SR          w5500.o
    0x080027f2   0x080027f2   0x00000054   Code   RO         5722    i.getSn_TX_FSR      w5500.o
    0x08002846   0x08002846   0x00000002   PAD
    0x08002848   0x08002848   0x0000004c   Code   RO         5932    i.gpio_for_w5500_config  w5500_conf.o
    0x08002894   0x08002894   0x0000026c   Code   RO         5055    i.gpio_init         gpio.o
    0x08002b00   0x08002b00   0x0000000a   Code   RO         5933    i.iinchip_csoff     w5500_conf.o
    0x08002b0a   0x08002b0a   0x0000000a   Code   RO         5934    i.iinchip_cson      w5500_conf.o
    0x08002b14   0x08002b14   0x00000028   Code   RO         5403    i.init_data         my_misc.o
    0x08002b3c   0x08002b3c   0x0000003e   Code   RO         5472    i.listen            socket.o
    0x08002b7a   0x08002b7a   0x00000002   PAD
    0x08002b7c   0x08002b7c   0x000003b4   Code   RO         4622    i.main              main.o
    0x08002f30   0x08002f30   0x0000000e   Code   RO         6425    i.main_thread_entry  components.o
    0x08002f3e   0x08002f3e   0x00000002   PAD
    0x08002f40   0x08002f40   0x000000c8   Code   RO         4623    i.msg_thread_entry  main.o
    0x08003008   0x08003008   0x00000022   Code   RO         6279    i.mu_net_thread_entry  my_netapp.o
    0x0800302a   0x0800302a   0x00000002   PAD
    0x0800302c   0x0800302c   0x00000078   Code   RO         6967    i.plug_holes        mem.o
    0x080030a4   0x080030a4   0x00000198   Code   RO         6792    i.print_number      kservice.o
    0x0800323c   0x0800323c   0x00000042   Code   RO         5473    i.recv              socket.o
    0x0800327e   0x0800327e   0x00000002   PAD
    0x08003280   0x08003280   0x00000094   Code   RO         5724    i.recv_data_processing  w5500.o
    0x08003314   0x08003314   0x00000200   Code   RO         5474    i.recvfrom          socket.o
    0x08003514   0x08003514   0x000002f0   Code   RO         4624    i.remote_msg_handle  main.o
    0x08003804   0x08003804   0x00000028   Code   RO         5938    i.reset_w5500       w5500_conf.o
    0x0800382c   0x0800382c   0x00000030   Code   RO         6426    i.rt_application_init  components.o
    0x0800385c   0x0800385c   0x0000001c   Code   RO         6427    i.rt_components_board_init  components.o
    0x08003878   0x08003878   0x0000001c   Code   RO         6428    i.rt_components_init  components.o
    0x08003894   0x08003894   0x00000020   Code   RO         7111    i.rt_enter_critical  scheduler.o
    0x080038b4   0x080038b4   0x00000044   Code   RO         7112    i.rt_exit_critical  scheduler.o
    0x080038f8   0x080038f8   0x000000e0   Code   RO         6969    i.rt_free           mem.o
    0x080039d8   0x080039d8   0x00000008   Code   RO         7426    i.rt_heap_begin_get  board_1.o
    0x080039e0   0x080039e0   0x00000008   Code   RO         7427    i.rt_heap_end_get   board_1.o
    0x080039e8   0x080039e8   0x0000006c   Code   RO         7428    i.rt_hw_board_init  board_1.o
    0x08003a54   0x08003a54   0x00000050   Code   RO         7430    i.rt_hw_console_output  board_1.o
    0x08003aa4   0x08003aa4   0x00000200   Code   RO         6347    i.rt_hw_hard_fault_exception  cpuport.o
    0x08003ca4   0x08003ca4   0x0000004c   Code   RO         6348    i.rt_hw_stack_init  cpuport.o
    0x08003cf0   0x08003cf0   0x00000020   Code   RO         6763    i.rt_interrupt_enter  irq.o
    0x08003d10   0x08003d10   0x00000020   Code   RO         6765    i.rt_interrupt_leave  irq.o
    0x08003d30   0x08003d30   0x00000014   Code   RO         6527    i.rt_ipc_list_resume  ipc.o
    0x08003d44   0x08003d44   0x00000032   Code   RO         6528    i.rt_ipc_list_resume_all  ipc.o
    0x08003d76   0x08003d76   0x0000006e   Code   RO         6529    i.rt_ipc_list_suspend  ipc.o
    0x08003de4   0x08003de4   0x00000010   Code   RO         6530    i.rt_ipc_object_init  ipc.o
    0x08003df4   0x08003df4   0x00000030   Code   RO         6796    i.rt_kprintf        kservice.o
    0x08003e24   0x08003e24   0x00000006   Code   RO         6531    i.rt_list_init      ipc.o
    0x08003e2a   0x08003e2a   0x00000006   Code   RO         7113    i.rt_list_init      scheduler.o
    0x08003e30   0x08003e30   0x00000006   Code   RO         7311    i.rt_list_init      timer.o
    0x08003e36   0x08003e36   0x0000000e   Code   RO         7023    i.rt_list_insert_after  object.o
    0x08003e44   0x08003e44   0x0000000e   Code   RO         7179    i.rt_list_insert_after  thread.o
    0x08003e52   0x08003e52   0x0000000e   Code   RO         7312    i.rt_list_insert_after  timer.o
    0x08003e60   0x08003e60   0x0000000e   Code   RO         6532    i.rt_list_insert_before  ipc.o
    0x08003e6e   0x08003e6e   0x00000010   Code   RO         6533    i.rt_list_isempty   ipc.o
    0x08003e7e   0x08003e7e   0x00000010   Code   RO         7313    i.rt_list_isempty   timer.o
    0x08003e8e   0x08003e8e   0x00000012   Code   RO         7024    i.rt_list_remove    object.o
    0x08003ea0   0x08003ea0   0x00000012   Code   RO         7180    i.rt_list_remove    thread.o
    0x08003eb2   0x08003eb2   0x00000012   Code   RO         7314    i.rt_list_remove    timer.o
    0x08003ec4   0x08003ec4   0x0000016c   Code   RO         6970    i.rt_malloc         mem.o
    0x08004030   0x08004030   0x0000003a   Code   RO         6800    i.rt_memcpy         kservice.o
    0x0800406a   0x0800406a   0x00000014   Code   RO         6802    i.rt_memset         kservice.o
    0x0800407e   0x0800407e   0x00000054   Code   RO         7025    i.rt_object_allocate  object.o
    0x080040d2   0x080040d2   0x00000024   Code   RO         7026    i.rt_object_delete  object.o
    0x080040f6   0x080040f6   0x0000001e   Code   RO         7027    i.rt_object_detach  object.o
    0x08004114   0x08004114   0x00000028   Code   RO         7029    i.rt_object_get_information  object.o
    0x0800413c   0x0800413c   0x00000056   Code   RO         7033    i.rt_object_init    object.o
    0x08004192   0x08004192   0x00000012   Code   RO         7034    i.rt_object_is_systemobject  object.o
    0x080041a4   0x080041a4   0x00000010   Code   RO         7431    i.rt_os_tick_callback  board_1.o
    0x080041b4   0x080041b4   0x00000084   Code   RO         7114    i.rt_schedule       scheduler.o
    0x08004238   0x08004238   0x00000050   Code   RO         7115    i.rt_schedule_insert_thread  scheduler.o
    0x08004288   0x08004288   0x00000054   Code   RO         7116    i.rt_schedule_remove_thread  scheduler.o
    0x080042dc   0x080042dc   0x0000002a   Code   RO         6559    i.rt_sem_create     ipc.o
    0x08004306   0x08004306   0x00000016   Code   RO         6560    i.rt_sem_delete     ipc.o
    0x0800431c   0x0800431c   0x00000026   Code   RO         6562    i.rt_sem_init       ipc.o
    0x08004342   0x08004342   0x00000052   Code   RO         6563    i.rt_sem_release    ipc.o
    0x08004394   0x08004394   0x00000074   Code   RO         6564    i.rt_sem_take       ipc.o
    0x08004408   0x08004408   0x000000b0   Code   RO         6804    i.rt_show_version   kservice.o
    0x080044b8   0x080044b8   0x00000034   Code   RO         6812    i.rt_strncpy        kservice.o
    0x080044ec   0x080044ec   0x000000f8   Code   RO         6973    i.rt_system_heap_init  mem.o
    0x080045e4   0x080045e4   0x0000004c   Code   RO         7117    i.rt_system_scheduler_init  scheduler.o
    0x08004630   0x08004630   0x00000030   Code   RO         7118    i.rt_system_scheduler_start  scheduler.o
    0x08004660   0x08004660   0x0000001c   Code   RO         7315    i.rt_system_timer_init  timer.o
    0x0800467c   0x0800467c   0x00000002   Code   RO         7316    i.rt_system_timer_thread_init  timer.o
    0x0800467e   0x0800467e   0x00000050   Code   RO         7182    i.rt_thread_create  thread.o
    0x080046ce   0x080046ce   0x0000000c   Code   RO         7183    i.rt_thread_delay   thread.o
    0x080046da   0x080046da   0x00000002   PAD
    0x080046dc   0x080046dc   0x00000058   Code   RO         7187    i.rt_thread_exit    thread.o
    0x08004734   0x08004734   0x00000008   Code   RO         6492    i.rt_thread_idle_entry  idle.o
    0x0800473c   0x0800473c   0x00000060   Code   RO         6493    i.rt_thread_idle_excute  idle.o
    0x0800479c   0x0800479c   0x0000003c   Code   RO         6495    i.rt_thread_idle_init  idle.o
    0x080047d8   0x080047d8   0x00000034   Code   RO         7189    i.rt_thread_init    thread.o
    0x0800480c   0x0800480c   0x0000003c   Code   RO         7191    i.rt_thread_resume  thread.o
    0x08004848   0x08004848   0x0000000c   Code   RO         7192    i.rt_thread_self    thread.o
    0x08004854   0x08004854   0x00000044   Code   RO         7193    i.rt_thread_sleep   thread.o
    0x08004898   0x08004898   0x0000002c   Code   RO         7194    i.rt_thread_startup  thread.o
    0x080048c4   0x080048c4   0x00000044   Code   RO         7195    i.rt_thread_suspend  thread.o
    0x08004908   0x08004908   0x00000020   Code   RO         7196    i.rt_thread_timeout  thread.o
    0x08004928   0x08004928   0x00000064   Code   RO         7197    i.rt_thread_yield   thread.o
    0x0800498c   0x0800498c   0x0000000c   Code   RO         6385    i.rt_tick_get       clock.o
    0x08004998   0x08004998   0x00000030   Code   RO         6386    i.rt_tick_increase  clock.o
    0x080049c8   0x080049c8   0x000000a4   Code   RO         7317    i.rt_timer_check    timer.o
    0x08004a6c   0x08004a6c   0x00000062   Code   RO         7318    i.rt_timer_control  timer.o
    0x08004ace   0x08004ace   0x00000028   Code   RO         7321    i.rt_timer_detach   timer.o
    0x08004af6   0x08004af6   0x0000002e   Code   RO         7322    i.rt_timer_init     timer.o
    0x08004b24   0x08004b24   0x000000ec   Code   RO         7325    i.rt_timer_start    timer.o
    0x08004c10   0x08004c10   0x00000030   Code   RO         7326    i.rt_timer_stop     timer.o
    0x08004c40   0x08004c40   0x00000340   Code   RO         6815    i.rt_vsnprintf      kservice.o
    0x08004f80   0x08004f80   0x00000004   Code   RO         6429    i.rti_board_end     components.o
    0x08004f84   0x08004f84   0x00000004   Code   RO         6430    i.rti_board_start   components.o
    0x08004f88   0x08004f88   0x00000004   Code   RO         6431    i.rti_end           components.o
    0x08004f8c   0x08004f8c   0x00000004   Code   RO         6432    i.rti_start         components.o
    0x08004f90   0x08004f90   0x0000002a   Code   RO         6433    i.rtthread_startup  components.o
    0x08004fba   0x08004fba   0x00000002   PAD
    0x08004fbc   0x08004fbc   0x000000f0   Code   RO         5475    i.send              socket.o
    0x080050ac   0x080050ac   0x00000094   Code   RO         5725    i.send_data_processing  w5500.o
    0x08005140   0x08005140   0x0000010c   Code   RO         5476    i.sendto            socket.o
    0x0800524c   0x0800524c   0x00000458   Code   RO         6280    i.server_rest       my_netapp.o
    0x080056a4   0x080056a4   0x00000010   Code   RO         5726    i.setGAR            w5500.o
    0x080056b4   0x080056b4   0x00000010   Code   RO         5728    i.setRCR            w5500.o
    0x080056c4   0x080056c4   0x0000001a   Code   RO         5729    i.setRTR            w5500.o
    0x080056de   0x080056de   0x00000012   Code   RO         5730    i.setSHAR           w5500.o
    0x080056f0   0x080056f0   0x00000012   Code   RO         5731    i.setSIPR           w5500.o
    0x08005702   0x08005702   0x00000012   Code   RO         5732    i.setSUBR           w5500.o
    0x08005714   0x08005714   0x00000016   Code   RO         5733    i.setSn_IR          w5500.o
    0x0800572a   0x0800572a   0x00000002   PAD
    0x0800572c   0x0800572c   0x00000154   Code   RO         5939    i.set_w5500_ip      w5500_conf.o
    0x08005880   0x08005880   0x00000088   Code   RO         5940    i.set_w5500_mac     w5500_conf.o
    0x08005908   0x08005908   0x00000026   Code   RO         6817    i.skip_atoi         kservice.o
    0x0800592e   0x0800592e   0x00000002   PAD
    0x08005930   0x08005930   0x000000c4   Code   RO         5477    i.socket            socket.o
    0x080059f4   0x080059f4   0x00000088   Code   RO         5736    i.socket_buf_init   w5500.o
    0x08005a7c   0x08005a7c   0x00000038   Code   RO         5130    i.spi_read_send_byte  spi.o
    0x08005ab4   0x08005ab4   0x00000018   Code   RO         5439    i.start_time        my_time.o
    0x08005acc   0x08005acc   0x00000038   Code   RO         5404    i.start_voice_play  my_misc.o
    0x08005b04   0x08005b04   0x00000010   Code   RO         5440    i.stop_time         my_time.o
    0x08005b14   0x08005b14   0x00000034   Code   RO         5405    i.stop_voice_play   my_misc.o
    0x08005b48   0x08005b48   0x00000132   Code   RO         6281    i.tcp_client_send   my_netapp.o
    0x08005c7a   0x08005c7a   0x00000002   PAD
    0x08005c7c   0x08005c7c   0x000000e4   Code   RO         6282    i.tcp_server_list   my_netapp.o
    0x08005d60   0x08005d60   0x00000044   Code   RO         5091    i.time1_init        time.o
    0x08005da4   0x08005da4   0x00000088   Code   RO         7432    i.uart_init         board_1.o
    0x08005e2c   0x08005e2c   0x00000078   Code   RO         5211    i.usart2_dma_send   my_usart.o
    0x08005ea4   0x08005ea4   0x00000030   Code   RO         5213    i.usart3_dma_send   my_usart.o
    0x08005ed4   0x08005ed4   0x0000074c   Code   RO         4625    i.usart3_msg_handle  main.o
    0x08006620   0x08006620   0x0000004a   Code   RO         5215    i.usart3_send_comm  my_usart.o
    0x0800666a   0x0800666a   0x00000002   PAD
    0x0800666c   0x0800666c   0x00000024   Code   RO         5942    i.wiz_cs            w5500_conf.o
    0x08006690   0x08006690   0x00000068   Code   RO         5943    i.wiz_read_buf      w5500_conf.o
    0x080066f8   0x080066f8   0x00000068   Code   RO         5944    i.wiz_write_buf     w5500_conf.o
    0x08006760   0x08006760   0x00000122   Data   RO         6819    .constdata          kservice.o
    0x08006882   0x08006882   0x00000002   PAD
    0x08006884   0x08006884   0x00000004   Data   RO         6434    .rti_fn.0           components.o
    0x08006888   0x08006888   0x00000004   Data   RO         6435    .rti_fn.0.end       components.o
    0x0800688c   0x0800688c   0x00000004   Data   RO         7434    .rti_fn.1           board_1.o
    0x08006890   0x08006890   0x00000004   Data   RO         6436    .rti_fn.1.end       components.o
    0x08006894   0x08006894   0x00000004   Data   RO         6437    .rti_fn.6.end       components.o
    0x08006898   0x08006898   0x00000020   Data   RO         7819    Region$$Table       anon$$obj.o


    Execution Region RW_IRAM1 (Exec base: 0x20000000, Load base: 0x080068b8, Size: 0x00004e10, Max: 0x00005000, ABSOLUTE, COMPRESSED[0x0000006c])

    Exec Addr    Load Addr    Size         Type   Attr      Idx    E Section Name        Object

    0x20000000   COMPRESSED   0x00000004   Data   RW            8    .data               system_apm32f10x.o
    0x20000004   COMPRESSED   0x0000002c   Data   RW         4626    .data               main.o
    0x20000030   COMPRESSED   0x00000004   Data   RW         5001    .data               usart.o
    0x20000034   COMPRESSED   0x00000038   Data   RW         5217    .data               my_usart.o
    0x2000006c   COMPRESSED   0x00000010   Data   RW         5738    .data               w5500.o
    0x2000007c   COMPRESSED   0x00000029   Data   RW         5947    .data               w5500_conf.o
    0x200000a5   COMPRESSED   0x00000003   PAD
    0x200000a8   COMPRESSED   0x00000004   Data   RW         6284    .data               my_netapp.o
    0x200000ac   COMPRESSED   0x00000010   Data   RW         6349    .data               cpuport.o
    0x200000bc   COMPRESSED   0x00000004   Data   RW         6388    .data               clock.o
    0x200000c0   COMPRESSED   0x00000001   Data   RW         6766    .data               irq.o
    0x200000c1   COMPRESSED   0x00000003   PAD
    0x200000c4   COMPRESSED   0x00000018   Data   RW         6975    .data               mem.o
    0x200000dc   COMPRESSED   0x00000060   Data   RW         7036    .data               object.o
    0x2000013c   COMPRESSED   0x00000018   Data   RW         7120    .data               scheduler.o
    0x20000154   COMPRESSED   0x0000000c   Data   RW         7327    .data               timer.o
    0x20000160        -       0x00000218   Zero   RW         4950    .bss                can.o
    0x20000378        -       0x00000963   Zero   RW         5000    .bss                usart.o
    0x20000cdb        -       0x0000000c   Zero   RW         5180    .bss                my_can.o
    0x20000ce7   COMPRESSED   0x00000001   PAD
    0x20000ce8        -       0x00000420   Zero   RW         5216    .bss                my_usart.o
    0x20001108        -       0x00000020   Zero   RW         5737    .bss                w5500.o
    0x20001128        -       0x0000002e   Zero   RW         5946    .bss                w5500_conf.o
    0x20001156   COMPRESSED   0x00000002   PAD
    0x20001158        -       0x000010d4   Zero   RW         6247    .bss                udp.o
    0x2000222c        -       0x00000038   Zero   RW         6283    .bss                my_netapp.o
    0x20002264        -       0x00000178   Zero   RW         6496    .bss                idle.o
    0x200023dc        -       0x00000100   Zero   RW         6818    .bss                kservice.o
    0x200024dc        -       0x00000020   Zero   RW         6974    .bss                mem.o
    0x200024fc        -       0x00000100   Zero   RW         7119    .bss                scheduler.o
    0x200025fc        -       0x00002410   Zero   RW         7433    .bss                board_1.o
    0x20004a0c   COMPRESSED   0x00000004   PAD
    0x20004a10        -       0x00000400   Zero   RW           69    STACK               startup_apm32f10x_hd.o


==============================================================================

Image component sizes


      Code (inc. data)   RO Data    RW Data    ZI Data      Debug   Object Name

      1706          8          0          0          0      10805   apm32f10x_can.o
       570         28          0          0          0      10289   apm32f10x_dma.o
       214          0          0          0          0       8074   apm32f10x_gpio.o
        18          0          0          0          0       2703   apm32f10x_int.o
       180         20          0          0          0       2395   apm32f10x_misc.o
       316         70          0          0          0       5631   apm32f10x_rcm.o
       130          0          0          0          0       7473   apm32f10x_spi.o
       198         28          0          0          0      10495   apm32f10x_tmr.o
       352          6          0          0          0       8816   apm32f10x_usart.o
       412         44          4          0       9232       5362   board_1.o
       456         24          0          0        536       2813   can.o
        60         12          0          4          0       1109   clock.o
       186         30         16          0          0       5704   components.o
       244         28          0          0          0        840   context_rvds.o
       588        328          0         16          0       3334   cpuport.o
       620         12          0          0          0       1476   gpio.o
       164         26          0          0        376       5098   idle.o
       532          0          0          0          0      10069   ipc.o
        64         12          0          1          0       1602   irq.o
      1708        164        290          0        256       8268   kservice.o
      3914        532          0         44          0     104146   main.o
       956        224          0         24         32       3876   mem.o
         0          0          0          0         12       1467   my_can.o
       148         44          0          0          0       1437   my_misc.o
      2242        242          0          4         56       7440   my_netapp.o
        40         12          0          0          0        933   my_time.o
      1442        360          0         56       1056       7317   my_usart.o
       326          4          0         96          0       8184   object.o
       526         90          0         24        256       8378   scheduler.o
      1710         54          0          0          0       7003   socket.o
       224         18          0          0          0       1613   spi.o
        36          8        324          0       1024        872   startup_apm32f10x_hd.o
       432         42          0          4          0      77839   system_apm32f10x.o
       808         38          0          0          0      12075   thread.o
       124         16          0          0          0       1106   time.o
       810         24          0         12          0      11360   timer.o
       364         28          0          0       4308       1446   udp.o
      1074        116          0          4       2403       5897   usart.o
       970        106          0         16         32      83098   w5500.o
      1028        296          0         41         46       9774   w5500_conf.o

    ----------------------------------------------------------------------
     25930       3094        668        352      19632     467617   Object Totals
         0          0         32          0          0          0   (incl. Generated)
        38          0          2          6          7          0   (incl. Padding)

    ----------------------------------------------------------------------

      Code (inc. data)   RO Data    RW Data    ZI Data      Debug   Library Member Name

        86          0          0          0          0          0   __dczerorl2.o
         0          0          0          0          0          0   entry.o
         0          0          0          0          0          0   entry10a.o
         0          0          0          0          0          0   entry11a.o
         8          4          0          0          0          0   entry2.o
         4          0          0          0          0          0   entry5.o
         0          0          0          0          0          0   entry7b.o
         0          0          0          0          0          0   entry8b.o
         8          4          0          0          0          0   entry9a.o
        30          0          0          0          0          0   handlers.o
        36          8          0          0          0         68   init.o
        36          0          0          0          0        108   memseta.o

    ----------------------------------------------------------------------
       210         16          0          0          0        176   Library Totals
         2          0          0          0          0          0   (incl. Padding)

    ----------------------------------------------------------------------

      Code (inc. data)   RO Data    RW Data    ZI Data      Debug   Library Name

       208         16          0          0          0        176   mc_w.l

    ----------------------------------------------------------------------
       210         16          0          0          0        176   Library Totals

    ----------------------------------------------------------------------

==============================================================================


      Code (inc. data)   RO Data    RW Data    ZI Data      Debug   

     26140       3110        668        352      19632     455233   Grand Totals
     26140       3110        668        108      19632     455233   ELF Image Totals (compressed)
     26140       3110        668        108          0          0   ROM Totals

==============================================================================

    Total RO  Size (Code + RO Data)                26808 (  26.18kB)
    Total RW  Size (RW Data + ZI Data)             19984 (  19.52kB)
    Total ROM Size (Code + RO Data + RW Data)      26916 (  26.29kB)

==============================================================================

