<!doctype html public "-//w3c//dtd html 4.0 transitional//en">
<html><head>
<title>Static Call Graph - [.\Objects\GPIO_Toggle.axf]</title></head>
<body><HR>
<H1>Static Call Graph for image .\Objects\GPIO_Toggle.axf</H1><HR>
<BR><P>#&#060CALLGRAPH&#062# ARM Linker, 5060750: Last Updated: Tue Mar 14 12:17:39 2023
<BR><P>
<H3>Maximum Stack Usage =        652 bytes + Unknown(Cycles, Untraceable Function Pointers)</H3><H3>
Call chain for Maximum Stack Depth:</H3>
mu_net_thread_entry &rArr; tcp_server_list &rArr; server_rest &rArr; send &rArr; send_data_processing &rArr; wiz_write_buf &rArr; rt_kprintf &rArr; rt_vsnprintf &rArr; print_number
<P>
<H3>
Mutually Recursive functions
</H3> <LI><a href="#[1c]">ADC1_2_IRQHandler</a>&nbsp;&nbsp;&nbsp;&rArr;&nbsp;&nbsp;&nbsp;<a href="#[1c]">ADC1_2_IRQHandler</a><BR>
</UL>
<P>
<H3>
Function Pointers
</H3><UL>
 <LI><a href="#[1c]">ADC1_2_IRQHandler</a> from startup_apm32f10x_hd.o(.text) referenced from startup_apm32f10x_hd.o(RESET)
 <LI><a href="#[39]">ADC3_IRQHandler</a> from startup_apm32f10x_hd.o(.text) referenced from startup_apm32f10x_hd.o(RESET)
 <LI><a href="#[4]">BusFault_Handler</a> from apm32f10x_int.o(i.BusFault_Handler) referenced from startup_apm32f10x_hd.o(RESET)
 <LI><a href="#[1f]">CAN1_RX1_IRQHandler</a> from startup_apm32f10x_hd.o(.text) referenced from startup_apm32f10x_hd.o(RESET)
 <LI><a href="#[20]">CAN1_SCE_IRQHandler</a> from startup_apm32f10x_hd.o(.text) referenced from startup_apm32f10x_hd.o(RESET)
 <LI><a href="#[48]">CAN2_RX1_IRQHandler</a> from startup_apm32f10x_hd.o(.text) referenced from startup_apm32f10x_hd.o(RESET)
 <LI><a href="#[49]">CAN2_SCE_IRQHandler</a> from startup_apm32f10x_hd.o(.text) referenced from startup_apm32f10x_hd.o(RESET)
 <LI><a href="#[15]">DMA1_Channel1_IRQHandler</a> from startup_apm32f10x_hd.o(.text) referenced from startup_apm32f10x_hd.o(RESET)
 <LI><a href="#[16]">DMA1_Channel2_IRQHandler</a> from usart.o(i.DMA1_Channel2_IRQHandler) referenced from startup_apm32f10x_hd.o(RESET)
 <LI><a href="#[17]">DMA1_Channel3_IRQHandler</a> from startup_apm32f10x_hd.o(.text) referenced from startup_apm32f10x_hd.o(RESET)
 <LI><a href="#[18]">DMA1_Channel4_IRQHandler</a> from startup_apm32f10x_hd.o(.text) referenced from startup_apm32f10x_hd.o(RESET)
 <LI><a href="#[19]">DMA1_Channel5_IRQHandler</a> from startup_apm32f10x_hd.o(.text) referenced from startup_apm32f10x_hd.o(RESET)
 <LI><a href="#[1a]">DMA1_Channel6_IRQHandler</a> from startup_apm32f10x_hd.o(.text) referenced from startup_apm32f10x_hd.o(RESET)
 <LI><a href="#[1b]">DMA1_Channel7_IRQHandler</a> from usart.o(i.DMA1_Channel7_IRQHandler) referenced from startup_apm32f10x_hd.o(RESET)
 <LI><a href="#[42]">DMA2_Channel1_IRQHandler</a> from startup_apm32f10x_hd.o(.text) referenced from startup_apm32f10x_hd.o(RESET)
 <LI><a href="#[43]">DMA2_Channel2_IRQHandler</a> from startup_apm32f10x_hd.o(.text) referenced from startup_apm32f10x_hd.o(RESET)
 <LI><a href="#[44]">DMA2_Channel3_IRQHandler</a> from startup_apm32f10x_hd.o(.text) referenced from startup_apm32f10x_hd.o(RESET)
 <LI><a href="#[45]">DMA2_Channel4_5_IRQHandler</a> from startup_apm32f10x_hd.o(.text) referenced from startup_apm32f10x_hd.o(RESET)
 <LI><a href="#[7]">DebugMon_Handler</a> from apm32f10x_int.o(i.DebugMon_Handler) referenced from startup_apm32f10x_hd.o(RESET)
 <LI><a href="#[10]">EINT0_IRQHandler</a> from startup_apm32f10x_hd.o(.text) referenced from startup_apm32f10x_hd.o(RESET)
 <LI><a href="#[32]">EINT15_10_IRQHandler</a> from startup_apm32f10x_hd.o(.text) referenced from startup_apm32f10x_hd.o(RESET)
 <LI><a href="#[11]">EINT1_IRQHandler</a> from startup_apm32f10x_hd.o(.text) referenced from startup_apm32f10x_hd.o(RESET)
 <LI><a href="#[12]">EINT2_IRQHandler</a> from startup_apm32f10x_hd.o(.text) referenced from startup_apm32f10x_hd.o(RESET)
 <LI><a href="#[13]">EINT3_IRQHandler</a> from startup_apm32f10x_hd.o(.text) referenced from startup_apm32f10x_hd.o(RESET)
 <LI><a href="#[14]">EINT4_IRQHandler</a> from startup_apm32f10x_hd.o(.text) referenced from startup_apm32f10x_hd.o(RESET)
 <LI><a href="#[21]">EINT9_5_IRQHandler</a> from startup_apm32f10x_hd.o(.text) referenced from startup_apm32f10x_hd.o(RESET)
 <LI><a href="#[3a]">EMMC_IRQHandler</a> from startup_apm32f10x_hd.o(.text) referenced from startup_apm32f10x_hd.o(RESET)
 <LI><a href="#[e]">FLASH_IRQHandler</a> from startup_apm32f10x_hd.o(.text) referenced from startup_apm32f10x_hd.o(RESET)
 <LI><a href="#[2]">HardFault_Handler</a> from context_rvds.o(.text) referenced from startup_apm32f10x_hd.o(RESET)
 <LI><a href="#[2a]">I2C1_ER_IRQHandler</a> from startup_apm32f10x_hd.o(.text) referenced from startup_apm32f10x_hd.o(RESET)
 <LI><a href="#[29]">I2C1_EV_IRQHandler</a> from startup_apm32f10x_hd.o(.text) referenced from startup_apm32f10x_hd.o(RESET)
 <LI><a href="#[2c]">I2C2_ER_IRQHandler</a> from startup_apm32f10x_hd.o(.text) referenced from startup_apm32f10x_hd.o(RESET)
 <LI><a href="#[2b]">I2C2_EV_IRQHandler</a> from startup_apm32f10x_hd.o(.text) referenced from startup_apm32f10x_hd.o(RESET)
 <LI><a href="#[3]">MemManage_Handler</a> from apm32f10x_int.o(i.MemManage_Handler) referenced from startup_apm32f10x_hd.o(RESET)
 <LI><a href="#[1]">NMI_Handler</a> from apm32f10x_int.o(i.NMI_Handler) referenced from startup_apm32f10x_hd.o(RESET)
 <LI><a href="#[b]">PVD_IRQHandler</a> from startup_apm32f10x_hd.o(.text) referenced from startup_apm32f10x_hd.o(RESET)
 <LI><a href="#[8]">PendSV_Handler</a> from context_rvds.o(.text) referenced from startup_apm32f10x_hd.o(RESET)
 <LI><a href="#[f]">RCM_IRQHandler</a> from startup_apm32f10x_hd.o(.text) referenced from startup_apm32f10x_hd.o(RESET)
 <LI><a href="#[33]">RTCAlarm_IRQHandler</a> from startup_apm32f10x_hd.o(.text) referenced from startup_apm32f10x_hd.o(RESET)
 <LI><a href="#[d]">RTC_IRQHandler</a> from startup_apm32f10x_hd.o(.text) referenced from startup_apm32f10x_hd.o(RESET)
 <LI><a href="#[0]">Reset_Handler</a> from startup_apm32f10x_hd.o(.text) referenced from startup_apm32f10x_hd.o(RESET)
 <LI><a href="#[3b]">SDIO_IRQHandler</a> from startup_apm32f10x_hd.o(.text) referenced from startup_apm32f10x_hd.o(RESET)
 <LI><a href="#[2d]">SPI1_IRQHandler</a> from startup_apm32f10x_hd.o(.text) referenced from startup_apm32f10x_hd.o(RESET)
 <LI><a href="#[2e]">SPI2_IRQHandler</a> from startup_apm32f10x_hd.o(.text) referenced from startup_apm32f10x_hd.o(RESET)
 <LI><a href="#[3d]">SPI3_IRQHandler</a> from startup_apm32f10x_hd.o(.text) referenced from startup_apm32f10x_hd.o(RESET)
 <LI><a href="#[6]">SVC_Handler</a> from apm32f10x_int.o(i.SVC_Handler) referenced from startup_apm32f10x_hd.o(RESET)
 <LI><a href="#[9]">SysTick_Handler</a> from board_1.o(i.SysTick_Handler) referenced from startup_apm32f10x_hd.o(RESET)
 <LI><a href="#[4b]">SystemInit</a> from system_apm32f10x.o(i.SystemInit) referenced from startup_apm32f10x_hd.o(.text)
 <LI><a href="#[c]">TAMPER_IRQHandler</a> from startup_apm32f10x_hd.o(.text) referenced from startup_apm32f10x_hd.o(RESET)
 <LI><a href="#[22]">TMR1_BRK_IRQHandler</a> from startup_apm32f10x_hd.o(.text) referenced from startup_apm32f10x_hd.o(RESET)
 <LI><a href="#[25]">TMR1_CC_IRQHandler</a> from startup_apm32f10x_hd.o(.text) referenced from startup_apm32f10x_hd.o(RESET)
 <LI><a href="#[24]">TMR1_TRG_COM_IRQHandler</a> from startup_apm32f10x_hd.o(.text) referenced from startup_apm32f10x_hd.o(RESET)
 <LI><a href="#[23]">TMR1_UP_IRQHandler</a> from time.o(i.TMR1_UP_IRQHandler) referenced from startup_apm32f10x_hd.o(RESET)
 <LI><a href="#[26]">TMR2_IRQHandler</a> from w5500_conf.o(i.TMR2_IRQHandler) referenced from startup_apm32f10x_hd.o(RESET)
 <LI><a href="#[27]">TMR3_IRQHandler</a> from startup_apm32f10x_hd.o(.text) referenced from startup_apm32f10x_hd.o(RESET)
 <LI><a href="#[28]">TMR4_IRQHandler</a> from startup_apm32f10x_hd.o(.text) referenced from startup_apm32f10x_hd.o(RESET)
 <LI><a href="#[3c]">TMR5_IRQHandler</a> from startup_apm32f10x_hd.o(.text) referenced from startup_apm32f10x_hd.o(RESET)
 <LI><a href="#[40]">TMR6_IRQHandler</a> from startup_apm32f10x_hd.o(.text) referenced from startup_apm32f10x_hd.o(RESET)
 <LI><a href="#[41]">TMR7_IRQHandler</a> from startup_apm32f10x_hd.o(.text) referenced from startup_apm32f10x_hd.o(RESET)
 <LI><a href="#[35]">TMR8_BRK_IRQHandler</a> from startup_apm32f10x_hd.o(.text) referenced from startup_apm32f10x_hd.o(RESET)
 <LI><a href="#[38]">TMR8_CC_IRQHandler</a> from startup_apm32f10x_hd.o(.text) referenced from startup_apm32f10x_hd.o(RESET)
 <LI><a href="#[37]">TMR8_TRG_COM_IRQHandler</a> from startup_apm32f10x_hd.o(.text) referenced from startup_apm32f10x_hd.o(RESET)
 <LI><a href="#[36]">TMR8_UP_IRQHandler</a> from startup_apm32f10x_hd.o(.text) referenced from startup_apm32f10x_hd.o(RESET)
 <LI><a href="#[3e]">UART4_IRQHandler</a> from startup_apm32f10x_hd.o(.text) referenced from startup_apm32f10x_hd.o(RESET)
 <LI><a href="#[3f]">UART5_IRQHandler</a> from startup_apm32f10x_hd.o(.text) referenced from startup_apm32f10x_hd.o(RESET)
 <LI><a href="#[2f]">USART1_IRQHandler</a> from startup_apm32f10x_hd.o(.text) referenced from startup_apm32f10x_hd.o(RESET)
 <LI><a href="#[30]">USART2_IRQHandler</a> from usart.o(i.USART2_IRQHandler) referenced from startup_apm32f10x_hd.o(RESET)
 <LI><a href="#[31]">USART3_IRQHandler</a> from usart.o(i.USART3_IRQHandler) referenced from startup_apm32f10x_hd.o(RESET)
 <LI><a href="#[1d]">USBD1_HP_CAN1_TX_IRQHandler</a> from can.o(i.USBD1_HP_CAN1_TX_IRQHandler) referenced from startup_apm32f10x_hd.o(RESET)
 <LI><a href="#[1e]">USBD1_LP_CAN1_RX0_IRQHandler</a> from can.o(i.USBD1_LP_CAN1_RX0_IRQHandler) referenced from startup_apm32f10x_hd.o(RESET)
 <LI><a href="#[46]">USBD2_HP_CAN2_TX_IRQHandler</a> from startup_apm32f10x_hd.o(.text) referenced from startup_apm32f10x_hd.o(RESET)
 <LI><a href="#[47]">USBD2_LP_CAN2_RX0_IRQHandler</a> from startup_apm32f10x_hd.o(.text) referenced from startup_apm32f10x_hd.o(RESET)
 <LI><a href="#[34]">USBDWakeUp_IRQHandler</a> from startup_apm32f10x_hd.o(.text) referenced from startup_apm32f10x_hd.o(RESET)
 <LI><a href="#[5]">UsageFault_Handler</a> from apm32f10x_int.o(i.UsageFault_Handler) referenced from startup_apm32f10x_hd.o(RESET)
 <LI><a href="#[50]">Usart3_Recv_thread_entry</a> from my_usart.o(i.Usart3_Recv_thread_entry) referenced from my_usart.o(i.build_usart3_recv_thread)
 <LI><a href="#[51]">Usart_Recv_thread_entry</a> from my_usart.o(i.Usart_Recv_thread_entry) referenced from my_usart.o(i.build_usart_recv_thread)
 <LI><a href="#[a]">WWDT_IRQHandler</a> from startup_apm32f10x_hd.o(.text) referenced from startup_apm32f10x_hd.o(RESET)
 <LI><a href="#[4c]">__main</a> from entry.o(.ARM.Collect$$$$00000000) referenced from startup_apm32f10x_hd.o(.text)
 <LI><a href="#[4a]">main</a> from components.o(i.$Sub$$main) referenced from entry9a.o(.ARM.Collect$$$$0000000B)
 <LI><a href="#[53]">main_thread_entry</a> from components.o(i.main_thread_entry) referenced from components.o(i.rt_application_init)
 <LI><a href="#[52]">msg_thread_entry</a> from main.o(i.msg_thread_entry) referenced from main.o(i.main)
 <LI><a href="#[4f]">mu_net_thread_entry</a> from my_netapp.o(i.mu_net_thread_entry) referenced from my_netapp.o(i.build_my_net_thread)
 <LI><a href="#[4d]">rt_thread_exit</a> from thread.o(i.rt_thread_exit) referenced from thread.o(i._rt_thread_init)
 <LI><a href="#[54]">rt_thread_idle_entry</a> from idle.o(i.rt_thread_idle_entry) referenced from idle.o(i.rt_thread_idle_init)
 <LI><a href="#[4e]">rt_thread_timeout</a> from thread.o(i.rt_thread_timeout) referenced from thread.o(i._rt_thread_init)
 <LI><a href="#[58]">rti_board_end</a> from components.o(i.rti_board_end) referenced from components.o(.rti_fn.1.end)
 <LI><a href="#[56]">rti_board_start</a> from components.o(i.rti_board_start) referenced from components.o(.rti_fn.0.end)
 <LI><a href="#[59]">rti_end</a> from components.o(i.rti_end) referenced from components.o(.rti_fn.6.end)
 <LI><a href="#[55]">rti_start</a> from components.o(i.rti_start) referenced from components.o(.rti_fn.0)
 <LI><a href="#[57]">uart_init</a> from board_1.o(i.uart_init) referenced from board_1.o(.rti_fn.1)
</UL>
<P>
<H3>
Global Symbols
</H3>
<P><STRONG><a name="[4c]"></a>__main</STRONG> (Thumb, 0 bytes, Stack size unknown bytes, entry.o(.ARM.Collect$$$$00000000))
<BR>[Address Reference Count : 1]<UL><LI> startup_apm32f10x_hd.o(.text)
</UL>
<P><STRONG><a name="[142]"></a>_main_stk</STRONG> (Thumb, 0 bytes, Stack size unknown bytes, entry2.o(.ARM.Collect$$$$00000001))

<P><STRONG><a name="[5a]"></a>_main_scatterload</STRONG> (Thumb, 0 bytes, Stack size unknown bytes, entry5.o(.ARM.Collect$$$$00000004))
<BR><BR>[Calls]<UL><LI><a href="#[5b]">&gt;&gt;</a>&nbsp;&nbsp;&nbsp;__scatterload
</UL>

<P><STRONG><a name="[60]"></a>__main_after_scatterload</STRONG> (Thumb, 0 bytes, Stack size unknown bytes, entry5.o(.ARM.Collect$$$$00000004))
<BR><BR>[Called By]<UL><LI><a href="#[5b]">&gt;&gt;</a>&nbsp;&nbsp;&nbsp;__scatterload
</UL>

<P><STRONG><a name="[143]"></a>_main_clock</STRONG> (Thumb, 0 bytes, Stack size unknown bytes, entry7b.o(.ARM.Collect$$$$00000008))

<P><STRONG><a name="[144]"></a>_main_cpp_init</STRONG> (Thumb, 0 bytes, Stack size unknown bytes, entry8b.o(.ARM.Collect$$$$0000000A))

<P><STRONG><a name="[145]"></a>_main_init</STRONG> (Thumb, 0 bytes, Stack size unknown bytes, entry9a.o(.ARM.Collect$$$$0000000B))

<P><STRONG><a name="[146]"></a>__rt_final_cpp</STRONG> (Thumb, 0 bytes, Stack size unknown bytes, entry10a.o(.ARM.Collect$$$$0000000D))

<P><STRONG><a name="[147]"></a>__rt_final_exit</STRONG> (Thumb, 0 bytes, Stack size unknown bytes, entry11a.o(.ARM.Collect$$$$0000000F))

<P><STRONG><a name="[0]"></a>Reset_Handler</STRONG> (Thumb, 8 bytes, Stack size 0 bytes, startup_apm32f10x_hd.o(.text))
<BR>[Address Reference Count : 1]<UL><LI> startup_apm32f10x_hd.o(RESET)
</UL>
<P><STRONG><a name="[1c]"></a>ADC1_2_IRQHandler</STRONG> (Thumb, 0 bytes, Stack size 0 bytes, startup_apm32f10x_hd.o(.text))
<BR><BR>[Calls]<UL><LI><a href="#[1c]">&gt;&gt;</a>&nbsp;&nbsp;&nbsp;ADC1_2_IRQHandler
</UL>
<BR>[Called By]<UL><LI><a href="#[1c]">&gt;&gt;</a>&nbsp;&nbsp;&nbsp;ADC1_2_IRQHandler
</UL>
<BR>[Address Reference Count : 1]<UL><LI> startup_apm32f10x_hd.o(RESET)
</UL>
<P><STRONG><a name="[39]"></a>ADC3_IRQHandler</STRONG> (Thumb, 0 bytes, Stack size 0 bytes, startup_apm32f10x_hd.o(.text))
<BR>[Address Reference Count : 1]<UL><LI> startup_apm32f10x_hd.o(RESET)
</UL>
<P><STRONG><a name="[1f]"></a>CAN1_RX1_IRQHandler</STRONG> (Thumb, 0 bytes, Stack size 0 bytes, startup_apm32f10x_hd.o(.text))
<BR>[Address Reference Count : 1]<UL><LI> startup_apm32f10x_hd.o(RESET)
</UL>
<P><STRONG><a name="[20]"></a>CAN1_SCE_IRQHandler</STRONG> (Thumb, 0 bytes, Stack size 0 bytes, startup_apm32f10x_hd.o(.text))
<BR>[Address Reference Count : 1]<UL><LI> startup_apm32f10x_hd.o(RESET)
</UL>
<P><STRONG><a name="[48]"></a>CAN2_RX1_IRQHandler</STRONG> (Thumb, 0 bytes, Stack size 0 bytes, startup_apm32f10x_hd.o(.text))
<BR>[Address Reference Count : 1]<UL><LI> startup_apm32f10x_hd.o(RESET)
</UL>
<P><STRONG><a name="[49]"></a>CAN2_SCE_IRQHandler</STRONG> (Thumb, 0 bytes, Stack size 0 bytes, startup_apm32f10x_hd.o(.text))
<BR>[Address Reference Count : 1]<UL><LI> startup_apm32f10x_hd.o(RESET)
</UL>
<P><STRONG><a name="[15]"></a>DMA1_Channel1_IRQHandler</STRONG> (Thumb, 0 bytes, Stack size 0 bytes, startup_apm32f10x_hd.o(.text))
<BR>[Address Reference Count : 1]<UL><LI> startup_apm32f10x_hd.o(RESET)
</UL>
<P><STRONG><a name="[17]"></a>DMA1_Channel3_IRQHandler</STRONG> (Thumb, 0 bytes, Stack size 0 bytes, startup_apm32f10x_hd.o(.text))
<BR>[Address Reference Count : 1]<UL><LI> startup_apm32f10x_hd.o(RESET)
</UL>
<P><STRONG><a name="[18]"></a>DMA1_Channel4_IRQHandler</STRONG> (Thumb, 0 bytes, Stack size 0 bytes, startup_apm32f10x_hd.o(.text))
<BR>[Address Reference Count : 1]<UL><LI> startup_apm32f10x_hd.o(RESET)
</UL>
<P><STRONG><a name="[19]"></a>DMA1_Channel5_IRQHandler</STRONG> (Thumb, 0 bytes, Stack size 0 bytes, startup_apm32f10x_hd.o(.text))
<BR>[Address Reference Count : 1]<UL><LI> startup_apm32f10x_hd.o(RESET)
</UL>
<P><STRONG><a name="[1a]"></a>DMA1_Channel6_IRQHandler</STRONG> (Thumb, 0 bytes, Stack size 0 bytes, startup_apm32f10x_hd.o(.text))
<BR>[Address Reference Count : 1]<UL><LI> startup_apm32f10x_hd.o(RESET)
</UL>
<P><STRONG><a name="[42]"></a>DMA2_Channel1_IRQHandler</STRONG> (Thumb, 0 bytes, Stack size 0 bytes, startup_apm32f10x_hd.o(.text))
<BR>[Address Reference Count : 1]<UL><LI> startup_apm32f10x_hd.o(RESET)
</UL>
<P><STRONG><a name="[43]"></a>DMA2_Channel2_IRQHandler</STRONG> (Thumb, 0 bytes, Stack size 0 bytes, startup_apm32f10x_hd.o(.text))
<BR>[Address Reference Count : 1]<UL><LI> startup_apm32f10x_hd.o(RESET)
</UL>
<P><STRONG><a name="[44]"></a>DMA2_Channel3_IRQHandler</STRONG> (Thumb, 0 bytes, Stack size 0 bytes, startup_apm32f10x_hd.o(.text))
<BR>[Address Reference Count : 1]<UL><LI> startup_apm32f10x_hd.o(RESET)
</UL>
<P><STRONG><a name="[45]"></a>DMA2_Channel4_5_IRQHandler</STRONG> (Thumb, 0 bytes, Stack size 0 bytes, startup_apm32f10x_hd.o(.text))
<BR>[Address Reference Count : 1]<UL><LI> startup_apm32f10x_hd.o(RESET)
</UL>
<P><STRONG><a name="[10]"></a>EINT0_IRQHandler</STRONG> (Thumb, 0 bytes, Stack size 0 bytes, startup_apm32f10x_hd.o(.text))
<BR>[Address Reference Count : 1]<UL><LI> startup_apm32f10x_hd.o(RESET)
</UL>
<P><STRONG><a name="[32]"></a>EINT15_10_IRQHandler</STRONG> (Thumb, 0 bytes, Stack size 0 bytes, startup_apm32f10x_hd.o(.text))
<BR>[Address Reference Count : 1]<UL><LI> startup_apm32f10x_hd.o(RESET)
</UL>
<P><STRONG><a name="[11]"></a>EINT1_IRQHandler</STRONG> (Thumb, 0 bytes, Stack size 0 bytes, startup_apm32f10x_hd.o(.text))
<BR>[Address Reference Count : 1]<UL><LI> startup_apm32f10x_hd.o(RESET)
</UL>
<P><STRONG><a name="[12]"></a>EINT2_IRQHandler</STRONG> (Thumb, 0 bytes, Stack size 0 bytes, startup_apm32f10x_hd.o(.text))
<BR>[Address Reference Count : 1]<UL><LI> startup_apm32f10x_hd.o(RESET)
</UL>
<P><STRONG><a name="[13]"></a>EINT3_IRQHandler</STRONG> (Thumb, 0 bytes, Stack size 0 bytes, startup_apm32f10x_hd.o(.text))
<BR>[Address Reference Count : 1]<UL><LI> startup_apm32f10x_hd.o(RESET)
</UL>
<P><STRONG><a name="[14]"></a>EINT4_IRQHandler</STRONG> (Thumb, 0 bytes, Stack size 0 bytes, startup_apm32f10x_hd.o(.text))
<BR>[Address Reference Count : 1]<UL><LI> startup_apm32f10x_hd.o(RESET)
</UL>
<P><STRONG><a name="[21]"></a>EINT9_5_IRQHandler</STRONG> (Thumb, 0 bytes, Stack size 0 bytes, startup_apm32f10x_hd.o(.text))
<BR>[Address Reference Count : 1]<UL><LI> startup_apm32f10x_hd.o(RESET)
</UL>
<P><STRONG><a name="[3a]"></a>EMMC_IRQHandler</STRONG> (Thumb, 0 bytes, Stack size 0 bytes, startup_apm32f10x_hd.o(.text))
<BR>[Address Reference Count : 1]<UL><LI> startup_apm32f10x_hd.o(RESET)
</UL>
<P><STRONG><a name="[e]"></a>FLASH_IRQHandler</STRONG> (Thumb, 0 bytes, Stack size 0 bytes, startup_apm32f10x_hd.o(.text))
<BR>[Address Reference Count : 1]<UL><LI> startup_apm32f10x_hd.o(RESET)
</UL>
<P><STRONG><a name="[2a]"></a>I2C1_ER_IRQHandler</STRONG> (Thumb, 0 bytes, Stack size 0 bytes, startup_apm32f10x_hd.o(.text))
<BR>[Address Reference Count : 1]<UL><LI> startup_apm32f10x_hd.o(RESET)
</UL>
<P><STRONG><a name="[29]"></a>I2C1_EV_IRQHandler</STRONG> (Thumb, 0 bytes, Stack size 0 bytes, startup_apm32f10x_hd.o(.text))
<BR>[Address Reference Count : 1]<UL><LI> startup_apm32f10x_hd.o(RESET)
</UL>
<P><STRONG><a name="[2c]"></a>I2C2_ER_IRQHandler</STRONG> (Thumb, 0 bytes, Stack size 0 bytes, startup_apm32f10x_hd.o(.text))
<BR>[Address Reference Count : 1]<UL><LI> startup_apm32f10x_hd.o(RESET)
</UL>
<P><STRONG><a name="[2b]"></a>I2C2_EV_IRQHandler</STRONG> (Thumb, 0 bytes, Stack size 0 bytes, startup_apm32f10x_hd.o(.text))
<BR>[Address Reference Count : 1]<UL><LI> startup_apm32f10x_hd.o(RESET)
</UL>
<P><STRONG><a name="[b]"></a>PVD_IRQHandler</STRONG> (Thumb, 0 bytes, Stack size 0 bytes, startup_apm32f10x_hd.o(.text))
<BR>[Address Reference Count : 1]<UL><LI> startup_apm32f10x_hd.o(RESET)
</UL>
<P><STRONG><a name="[f]"></a>RCM_IRQHandler</STRONG> (Thumb, 0 bytes, Stack size 0 bytes, startup_apm32f10x_hd.o(.text))
<BR>[Address Reference Count : 1]<UL><LI> startup_apm32f10x_hd.o(RESET)
</UL>
<P><STRONG><a name="[33]"></a>RTCAlarm_IRQHandler</STRONG> (Thumb, 0 bytes, Stack size 0 bytes, startup_apm32f10x_hd.o(.text))
<BR>[Address Reference Count : 1]<UL><LI> startup_apm32f10x_hd.o(RESET)
</UL>
<P><STRONG><a name="[d]"></a>RTC_IRQHandler</STRONG> (Thumb, 0 bytes, Stack size 0 bytes, startup_apm32f10x_hd.o(.text))
<BR>[Address Reference Count : 1]<UL><LI> startup_apm32f10x_hd.o(RESET)
</UL>
<P><STRONG><a name="[3b]"></a>SDIO_IRQHandler</STRONG> (Thumb, 0 bytes, Stack size 0 bytes, startup_apm32f10x_hd.o(.text))
<BR>[Address Reference Count : 1]<UL><LI> startup_apm32f10x_hd.o(RESET)
</UL>
<P><STRONG><a name="[2d]"></a>SPI1_IRQHandler</STRONG> (Thumb, 0 bytes, Stack size 0 bytes, startup_apm32f10x_hd.o(.text))
<BR>[Address Reference Count : 1]<UL><LI> startup_apm32f10x_hd.o(RESET)
</UL>
<P><STRONG><a name="[2e]"></a>SPI2_IRQHandler</STRONG> (Thumb, 0 bytes, Stack size 0 bytes, startup_apm32f10x_hd.o(.text))
<BR>[Address Reference Count : 1]<UL><LI> startup_apm32f10x_hd.o(RESET)
</UL>
<P><STRONG><a name="[3d]"></a>SPI3_IRQHandler</STRONG> (Thumb, 0 bytes, Stack size 0 bytes, startup_apm32f10x_hd.o(.text))
<BR>[Address Reference Count : 1]<UL><LI> startup_apm32f10x_hd.o(RESET)
</UL>
<P><STRONG><a name="[c]"></a>TAMPER_IRQHandler</STRONG> (Thumb, 0 bytes, Stack size 0 bytes, startup_apm32f10x_hd.o(.text))
<BR>[Address Reference Count : 1]<UL><LI> startup_apm32f10x_hd.o(RESET)
</UL>
<P><STRONG><a name="[22]"></a>TMR1_BRK_IRQHandler</STRONG> (Thumb, 0 bytes, Stack size 0 bytes, startup_apm32f10x_hd.o(.text))
<BR>[Address Reference Count : 1]<UL><LI> startup_apm32f10x_hd.o(RESET)
</UL>
<P><STRONG><a name="[25]"></a>TMR1_CC_IRQHandler</STRONG> (Thumb, 0 bytes, Stack size 0 bytes, startup_apm32f10x_hd.o(.text))
<BR>[Address Reference Count : 1]<UL><LI> startup_apm32f10x_hd.o(RESET)
</UL>
<P><STRONG><a name="[24]"></a>TMR1_TRG_COM_IRQHandler</STRONG> (Thumb, 0 bytes, Stack size 0 bytes, startup_apm32f10x_hd.o(.text))
<BR>[Address Reference Count : 1]<UL><LI> startup_apm32f10x_hd.o(RESET)
</UL>
<P><STRONG><a name="[27]"></a>TMR3_IRQHandler</STRONG> (Thumb, 0 bytes, Stack size 0 bytes, startup_apm32f10x_hd.o(.text))
<BR>[Address Reference Count : 1]<UL><LI> startup_apm32f10x_hd.o(RESET)
</UL>
<P><STRONG><a name="[28]"></a>TMR4_IRQHandler</STRONG> (Thumb, 0 bytes, Stack size 0 bytes, startup_apm32f10x_hd.o(.text))
<BR>[Address Reference Count : 1]<UL><LI> startup_apm32f10x_hd.o(RESET)
</UL>
<P><STRONG><a name="[3c]"></a>TMR5_IRQHandler</STRONG> (Thumb, 0 bytes, Stack size 0 bytes, startup_apm32f10x_hd.o(.text))
<BR>[Address Reference Count : 1]<UL><LI> startup_apm32f10x_hd.o(RESET)
</UL>
<P><STRONG><a name="[40]"></a>TMR6_IRQHandler</STRONG> (Thumb, 0 bytes, Stack size 0 bytes, startup_apm32f10x_hd.o(.text))
<BR>[Address Reference Count : 1]<UL><LI> startup_apm32f10x_hd.o(RESET)
</UL>
<P><STRONG><a name="[41]"></a>TMR7_IRQHandler</STRONG> (Thumb, 0 bytes, Stack size 0 bytes, startup_apm32f10x_hd.o(.text))
<BR>[Address Reference Count : 1]<UL><LI> startup_apm32f10x_hd.o(RESET)
</UL>
<P><STRONG><a name="[35]"></a>TMR8_BRK_IRQHandler</STRONG> (Thumb, 0 bytes, Stack size 0 bytes, startup_apm32f10x_hd.o(.text))
<BR>[Address Reference Count : 1]<UL><LI> startup_apm32f10x_hd.o(RESET)
</UL>
<P><STRONG><a name="[38]"></a>TMR8_CC_IRQHandler</STRONG> (Thumb, 0 bytes, Stack size 0 bytes, startup_apm32f10x_hd.o(.text))
<BR>[Address Reference Count : 1]<UL><LI> startup_apm32f10x_hd.o(RESET)
</UL>
<P><STRONG><a name="[37]"></a>TMR8_TRG_COM_IRQHandler</STRONG> (Thumb, 0 bytes, Stack size 0 bytes, startup_apm32f10x_hd.o(.text))
<BR>[Address Reference Count : 1]<UL><LI> startup_apm32f10x_hd.o(RESET)
</UL>
<P><STRONG><a name="[36]"></a>TMR8_UP_IRQHandler</STRONG> (Thumb, 0 bytes, Stack size 0 bytes, startup_apm32f10x_hd.o(.text))
<BR>[Address Reference Count : 1]<UL><LI> startup_apm32f10x_hd.o(RESET)
</UL>
<P><STRONG><a name="[3e]"></a>UART4_IRQHandler</STRONG> (Thumb, 0 bytes, Stack size 0 bytes, startup_apm32f10x_hd.o(.text))
<BR>[Address Reference Count : 1]<UL><LI> startup_apm32f10x_hd.o(RESET)
</UL>
<P><STRONG><a name="[3f]"></a>UART5_IRQHandler</STRONG> (Thumb, 0 bytes, Stack size 0 bytes, startup_apm32f10x_hd.o(.text))
<BR>[Address Reference Count : 1]<UL><LI> startup_apm32f10x_hd.o(RESET)
</UL>
<P><STRONG><a name="[2f]"></a>USART1_IRQHandler</STRONG> (Thumb, 0 bytes, Stack size 0 bytes, startup_apm32f10x_hd.o(.text))
<BR>[Address Reference Count : 1]<UL><LI> startup_apm32f10x_hd.o(RESET)
</UL>
<P><STRONG><a name="[46]"></a>USBD2_HP_CAN2_TX_IRQHandler</STRONG> (Thumb, 0 bytes, Stack size 0 bytes, startup_apm32f10x_hd.o(.text))
<BR>[Address Reference Count : 1]<UL><LI> startup_apm32f10x_hd.o(RESET)
</UL>
<P><STRONG><a name="[47]"></a>USBD2_LP_CAN2_RX0_IRQHandler</STRONG> (Thumb, 0 bytes, Stack size 0 bytes, startup_apm32f10x_hd.o(.text))
<BR>[Address Reference Count : 1]<UL><LI> startup_apm32f10x_hd.o(RESET)
</UL>
<P><STRONG><a name="[34]"></a>USBDWakeUp_IRQHandler</STRONG> (Thumb, 0 bytes, Stack size 0 bytes, startup_apm32f10x_hd.o(.text))
<BR>[Address Reference Count : 1]<UL><LI> startup_apm32f10x_hd.o(RESET)
</UL>
<P><STRONG><a name="[a]"></a>WWDT_IRQHandler</STRONG> (Thumb, 0 bytes, Stack size 0 bytes, startup_apm32f10x_hd.o(.text))
<BR>[Address Reference Count : 1]<UL><LI> startup_apm32f10x_hd.o(RESET)
</UL>
<P><STRONG><a name="[b1]"></a>rt_hw_interrupt_disable</STRONG> (Thumb, 8 bytes, Stack size 0 bytes, context_rvds.o(.text))
<BR><BR>[Called By]<UL><LI><a href="#[a4]">&gt;&gt;</a>&nbsp;&nbsp;&nbsp;rt_sem_take
<LI><a href="#[8e]">&gt;&gt;</a>&nbsp;&nbsp;&nbsp;rt_sem_release
<LI><a href="#[108]">&gt;&gt;</a>&nbsp;&nbsp;&nbsp;rt_object_delete
<LI><a href="#[11f]">&gt;&gt;</a>&nbsp;&nbsp;&nbsp;rt_thread_idle_excute
<LI><a href="#[61]">&gt;&gt;</a>&nbsp;&nbsp;&nbsp;rtthread_startup
<LI><a href="#[125]">&gt;&gt;</a>&nbsp;&nbsp;&nbsp;rt_timer_check
<LI><a href="#[124]">&gt;&gt;</a>&nbsp;&nbsp;&nbsp;rt_thread_yield
<LI><a href="#[123]">&gt;&gt;</a>&nbsp;&nbsp;&nbsp;rt_timer_stop
<LI><a href="#[11c]">&gt;&gt;</a>&nbsp;&nbsp;&nbsp;rt_timer_detach
<LI><a href="#[11b]">&gt;&gt;</a>&nbsp;&nbsp;&nbsp;rt_thread_sleep
<LI><a href="#[4d]">&gt;&gt;</a>&nbsp;&nbsp;&nbsp;rt_thread_exit
<LI><a href="#[b0]">&gt;&gt;</a>&nbsp;&nbsp;&nbsp;_thread_cleanup_execute
<LI><a href="#[111]">&gt;&gt;</a>&nbsp;&nbsp;&nbsp;rt_schedule_remove_thread
<LI><a href="#[110]">&gt;&gt;</a>&nbsp;&nbsp;&nbsp;rt_schedule_insert_thread
<LI><a href="#[e7]">&gt;&gt;</a>&nbsp;&nbsp;&nbsp;rt_exit_critical
<LI><a href="#[e6]">&gt;&gt;</a>&nbsp;&nbsp;&nbsp;rt_enter_critical
<LI><a href="#[f8]">&gt;&gt;</a>&nbsp;&nbsp;&nbsp;rt_interrupt_leave
<LI><a href="#[f7]">&gt;&gt;</a>&nbsp;&nbsp;&nbsp;rt_interrupt_enter
<LI><a href="#[114]">&gt;&gt;</a>&nbsp;&nbsp;&nbsp;rt_timer_start
<LI><a href="#[113]">&gt;&gt;</a>&nbsp;&nbsp;&nbsp;rt_timer_control
<LI><a href="#[fe]">&gt;&gt;</a>&nbsp;&nbsp;&nbsp;rt_thread_suspend
<LI><a href="#[fa]">&gt;&gt;</a>&nbsp;&nbsp;&nbsp;rt_thread_resume
<LI><a href="#[e8]">&gt;&gt;</a>&nbsp;&nbsp;&nbsp;rt_schedule
<LI><a href="#[10b]">&gt;&gt;</a>&nbsp;&nbsp;&nbsp;rt_object_init
<LI><a href="#[10a]">&gt;&gt;</a>&nbsp;&nbsp;&nbsp;rt_object_detach
<LI><a href="#[104]">&gt;&gt;</a>&nbsp;&nbsp;&nbsp;rt_object_allocate
<LI><a href="#[fb]">&gt;&gt;</a>&nbsp;&nbsp;&nbsp;rt_ipc_list_resume_all
</UL>

<P><STRONG><a name="[b2]"></a>rt_hw_interrupt_enable</STRONG> (Thumb, 6 bytes, Stack size 0 bytes, context_rvds.o(.text))
<BR><BR>[Called By]<UL><LI><a href="#[a4]">&gt;&gt;</a>&nbsp;&nbsp;&nbsp;rt_sem_take
<LI><a href="#[8e]">&gt;&gt;</a>&nbsp;&nbsp;&nbsp;rt_sem_release
<LI><a href="#[108]">&gt;&gt;</a>&nbsp;&nbsp;&nbsp;rt_object_delete
<LI><a href="#[11f]">&gt;&gt;</a>&nbsp;&nbsp;&nbsp;rt_thread_idle_excute
<LI><a href="#[125]">&gt;&gt;</a>&nbsp;&nbsp;&nbsp;rt_timer_check
<LI><a href="#[124]">&gt;&gt;</a>&nbsp;&nbsp;&nbsp;rt_thread_yield
<LI><a href="#[123]">&gt;&gt;</a>&nbsp;&nbsp;&nbsp;rt_timer_stop
<LI><a href="#[11c]">&gt;&gt;</a>&nbsp;&nbsp;&nbsp;rt_timer_detach
<LI><a href="#[11b]">&gt;&gt;</a>&nbsp;&nbsp;&nbsp;rt_thread_sleep
<LI><a href="#[4d]">&gt;&gt;</a>&nbsp;&nbsp;&nbsp;rt_thread_exit
<LI><a href="#[b0]">&gt;&gt;</a>&nbsp;&nbsp;&nbsp;_thread_cleanup_execute
<LI><a href="#[111]">&gt;&gt;</a>&nbsp;&nbsp;&nbsp;rt_schedule_remove_thread
<LI><a href="#[110]">&gt;&gt;</a>&nbsp;&nbsp;&nbsp;rt_schedule_insert_thread
<LI><a href="#[e7]">&gt;&gt;</a>&nbsp;&nbsp;&nbsp;rt_exit_critical
<LI><a href="#[e6]">&gt;&gt;</a>&nbsp;&nbsp;&nbsp;rt_enter_critical
<LI><a href="#[f8]">&gt;&gt;</a>&nbsp;&nbsp;&nbsp;rt_interrupt_leave
<LI><a href="#[f7]">&gt;&gt;</a>&nbsp;&nbsp;&nbsp;rt_interrupt_enter
<LI><a href="#[114]">&gt;&gt;</a>&nbsp;&nbsp;&nbsp;rt_timer_start
<LI><a href="#[113]">&gt;&gt;</a>&nbsp;&nbsp;&nbsp;rt_timer_control
<LI><a href="#[fe]">&gt;&gt;</a>&nbsp;&nbsp;&nbsp;rt_thread_suspend
<LI><a href="#[fa]">&gt;&gt;</a>&nbsp;&nbsp;&nbsp;rt_thread_resume
<LI><a href="#[e8]">&gt;&gt;</a>&nbsp;&nbsp;&nbsp;rt_schedule
<LI><a href="#[10b]">&gt;&gt;</a>&nbsp;&nbsp;&nbsp;rt_object_init
<LI><a href="#[10a]">&gt;&gt;</a>&nbsp;&nbsp;&nbsp;rt_object_detach
<LI><a href="#[104]">&gt;&gt;</a>&nbsp;&nbsp;&nbsp;rt_object_allocate
<LI><a href="#[fb]">&gt;&gt;</a>&nbsp;&nbsp;&nbsp;rt_ipc_list_resume_all
</UL>

<P><STRONG><a name="[10e]"></a>rt_hw_context_switch</STRONG> (Thumb, 32 bytes, Stack size 0 bytes, context_rvds.o(.text))
<BR><BR>[Called By]<UL><LI><a href="#[e8]">&gt;&gt;</a>&nbsp;&nbsp;&nbsp;rt_schedule
</UL>

<P><STRONG><a name="[10f]"></a>rt_hw_context_switch_interrupt</STRONG> (Thumb, 0 bytes, Stack size 0 bytes, context_rvds.o(.text))
<BR><BR>[Called By]<UL><LI><a href="#[e8]">&gt;&gt;</a>&nbsp;&nbsp;&nbsp;rt_schedule
</UL>

<P><STRONG><a name="[8]"></a>PendSV_Handler</STRONG> (Thumb, 60 bytes, Stack size 0 bytes, context_rvds.o(.text))
<BR>[Address Reference Count : 1]<UL><LI> startup_apm32f10x_hd.o(RESET)
</UL>
<P><STRONG><a name="[119]"></a>rt_hw_context_switch_to</STRONG> (Thumb, 56 bytes, Stack size 0 bytes, context_rvds.o(.text))
<BR><BR>[Called By]<UL><LI><a href="#[118]">&gt;&gt;</a>&nbsp;&nbsp;&nbsp;rt_system_scheduler_start
</UL>

<P><STRONG><a name="[148]"></a>rt_hw_interrupt_thread_switch</STRONG> (Thumb, 2 bytes, Stack size 0 bytes, context_rvds.o(.text), UNUSED)

<P><STRONG><a name="[2]"></a>HardFault_Handler</STRONG> (Thumb, 52 bytes, Stack size 0 bytes, context_rvds.o(.text))
<BR><BR>[Stack]<UL><LI>Max Depth = 196<LI>Call Chain = HardFault_Handler &rArr; rt_hw_hard_fault_exception &rArr; rt_kprintf &rArr; rt_vsnprintf &rArr; print_number
</UL>
<BR>[Calls]<UL><LI><a href="#[5c]">&gt;&gt;</a>&nbsp;&nbsp;&nbsp;rt_hw_hard_fault_exception
</UL>
<BR>[Address Reference Count : 1]<UL><LI> startup_apm32f10x_hd.o(RESET)
</UL>
<P><STRONG><a name="[5e]"></a>__aeabi_memset</STRONG> (Thumb, 14 bytes, Stack size 0 bytes, memseta.o(.text), UNUSED)
<BR><BR>[Called By]<UL><LI><a href="#[5f]">&gt;&gt;</a>&nbsp;&nbsp;&nbsp;_memset$wrapper
<LI><a href="#[5d]">&gt;&gt;</a>&nbsp;&nbsp;&nbsp;__aeabi_memclr
</UL>

<P><STRONG><a name="[149]"></a>__aeabi_memset4</STRONG> (Thumb, 0 bytes, Stack size 0 bytes, memseta.o(.text), UNUSED)

<P><STRONG><a name="[14a]"></a>__aeabi_memset8</STRONG> (Thumb, 0 bytes, Stack size 0 bytes, memseta.o(.text), UNUSED)

<P><STRONG><a name="[5d]"></a>__aeabi_memclr</STRONG> (Thumb, 4 bytes, Stack size 0 bytes, memseta.o(.text), UNUSED)
<BR><BR>[Calls]<UL><LI><a href="#[5e]">&gt;&gt;</a>&nbsp;&nbsp;&nbsp;__aeabi_memset
</UL>

<P><STRONG><a name="[6e]"></a>__aeabi_memclr4</STRONG> (Thumb, 0 bytes, Stack size 0 bytes, memseta.o(.text))
<BR><BR>[Called By]<UL><LI><a href="#[51]">&gt;&gt;</a>&nbsp;&nbsp;&nbsp;Usart_Recv_thread_entry
<LI><a href="#[db]">&gt;&gt;</a>&nbsp;&nbsp;&nbsp;usart3_send_comm
<LI><a href="#[e0]">&gt;&gt;</a>&nbsp;&nbsp;&nbsp;usart3_msg_handle
<LI><a href="#[6d]">&gt;&gt;</a>&nbsp;&nbsp;&nbsp;Client_HandData
</UL>

<P><STRONG><a name="[14b]"></a>__aeabi_memclr8</STRONG> (Thumb, 0 bytes, Stack size 0 bytes, memseta.o(.text), UNUSED)

<P><STRONG><a name="[5f]"></a>_memset$wrapper</STRONG> (Thumb, 18 bytes, Stack size 8 bytes, memseta.o(.text), UNUSED)
<BR><BR>[Calls]<UL><LI><a href="#[5e]">&gt;&gt;</a>&nbsp;&nbsp;&nbsp;__aeabi_memset
</UL>

<P><STRONG><a name="[5b]"></a>__scatterload</STRONG> (Thumb, 28 bytes, Stack size 0 bytes, init.o(.text))
<BR><BR>[Calls]<UL><LI><a href="#[60]">&gt;&gt;</a>&nbsp;&nbsp;&nbsp;__main_after_scatterload
</UL>
<BR>[Called By]<UL><LI><a href="#[5a]">&gt;&gt;</a>&nbsp;&nbsp;&nbsp;_main_scatterload
</UL>

<P><STRONG><a name="[14c]"></a>__scatterload_rt2</STRONG> (Thumb, 0 bytes, Stack size 0 bytes, init.o(.text), UNUSED)

<P><STRONG><a name="[14d]"></a>__decompress</STRONG> (Thumb, 0 bytes, Stack size unknown bytes, __dczerorl2.o(.text), UNUSED)

<P><STRONG><a name="[14e]"></a>__decompress1</STRONG> (Thumb, 86 bytes, Stack size unknown bytes, __dczerorl2.o(.text), UNUSED)

<P><STRONG><a name="[4a]"></a>main</STRONG> (Thumb, 10 bytes, Stack size 8 bytes, components.o(i.$Sub$$main))
<BR><BR>[Stack]<UL><LI>Max Depth = 300<LI>Call Chain = main &rArr; rtthread_startup &rArr; rt_application_init &rArr; rt_thread_create &rArr; rt_object_delete &rArr; rt_free &rArr; rt_kprintf &rArr; rt_vsnprintf &rArr; print_number
</UL>
<BR>[Calls]<UL><LI><a href="#[61]">&gt;&gt;</a>&nbsp;&nbsp;&nbsp;rtthread_startup
</UL>
<BR>[Address Reference Count : 1]<UL><LI> entry9a.o(.ARM.Collect$$$$0000000B)
</UL>
<P><STRONG><a name="[4]"></a>BusFault_Handler</STRONG> (Thumb, 4 bytes, Stack size 0 bytes, apm32f10x_int.o(i.BusFault_Handler))
<BR>[Address Reference Count : 1]<UL><LI> startup_apm32f10x_hd.o(RESET)
</UL>
<P><STRONG><a name="[98]"></a>CAN_ClearIntFlag</STRONG> (Thumb, 268 bytes, Stack size 0 bytes, apm32f10x_can.o(i.CAN_ClearIntFlag))
<BR><BR>[Called By]<UL><LI><a href="#[1e]">&gt;&gt;</a>&nbsp;&nbsp;&nbsp;USBD1_LP_CAN1_RX0_IRQHandler
<LI><a href="#[1d]">&gt;&gt;</a>&nbsp;&nbsp;&nbsp;USBD1_HP_CAN1_TX_IRQHandler
</UL>

<P><STRONG><a name="[6a]"></a>CAN_Config</STRONG> (Thumb, 294 bytes, Stack size 12 bytes, apm32f10x_can.o(i.CAN_Config))
<BR><BR>[Stack]<UL><LI>Max Depth = 12<LI>Call Chain = CAN_Config
</UL>
<BR>[Called By]<UL><LI><a href="#[65]">&gt;&gt;</a>&nbsp;&nbsp;&nbsp;Can1_Init
</UL>

<P><STRONG><a name="[6b]"></a>CAN_ConfigFilter</STRONG> (Thumb, 266 bytes, Stack size 8 bytes, apm32f10x_can.o(i.CAN_ConfigFilter))
<BR><BR>[Stack]<UL><LI>Max Depth = 8<LI>Call Chain = CAN_ConfigFilter
</UL>
<BR>[Called By]<UL><LI><a href="#[65]">&gt;&gt;</a>&nbsp;&nbsp;&nbsp;Can1_Init
</UL>

<P><STRONG><a name="[69]"></a>CAN_ConfigStructInit</STRONG> (Thumb, 30 bytes, Stack size 0 bytes, apm32f10x_can.o(i.CAN_ConfigStructInit))
<BR><BR>[Called By]<UL><LI><a href="#[65]">&gt;&gt;</a>&nbsp;&nbsp;&nbsp;Can1_Init
</UL>

<P><STRONG><a name="[97]"></a>CAN_DisableInterrupt</STRONG> (Thumb, 8 bytes, Stack size 0 bytes, apm32f10x_can.o(i.CAN_DisableInterrupt))
<BR><BR>[Called By]<UL><LI><a href="#[1d]">&gt;&gt;</a>&nbsp;&nbsp;&nbsp;USBD1_HP_CAN1_TX_IRQHandler
</UL>

<P><STRONG><a name="[de]"></a>CAN_EnableInterrupt</STRONG> (Thumb, 8 bytes, Stack size 0 bytes, apm32f10x_can.o(i.CAN_EnableInterrupt))
<BR><BR>[Called By]<UL><LI><a href="#[52]">&gt;&gt;</a>&nbsp;&nbsp;&nbsp;msg_thread_entry
</UL>

<P><STRONG><a name="[95]"></a>CAN_ReadIntFlag</STRONG> (Thumb, 234 bytes, Stack size 0 bytes, apm32f10x_can.o(i.CAN_ReadIntFlag))
<BR><BR>[Called By]<UL><LI><a href="#[1e]">&gt;&gt;</a>&nbsp;&nbsp;&nbsp;USBD1_LP_CAN1_RX0_IRQHandler
<LI><a href="#[1d]">&gt;&gt;</a>&nbsp;&nbsp;&nbsp;USBD1_HP_CAN1_TX_IRQHandler
</UL>

<P><STRONG><a name="[62]"></a>CAN_Reset</STRONG> (Thumb, 52 bytes, Stack size 8 bytes, apm32f10x_can.o(i.CAN_Reset))
<BR><BR>[Stack]<UL><LI>Max Depth = 8<LI>Call Chain = CAN_Reset
</UL>
<BR>[Calls]<UL><LI><a href="#[63]">&gt;&gt;</a>&nbsp;&nbsp;&nbsp;RCM_EnableAPB1PeriphReset
<LI><a href="#[64]">&gt;&gt;</a>&nbsp;&nbsp;&nbsp;RCM_DisableAPB1PeriphReset
</UL>
<BR>[Called By]<UL><LI><a href="#[65]">&gt;&gt;</a>&nbsp;&nbsp;&nbsp;Can1_Init
</UL>

<P><STRONG><a name="[99]"></a>CAN_RxMessage</STRONG> (Thumb, 244 bytes, Stack size 8 bytes, apm32f10x_can.o(i.CAN_RxMessage))
<BR><BR>[Stack]<UL><LI>Max Depth = 8<LI>Call Chain = CAN_RxMessage
</UL>
<BR>[Called By]<UL><LI><a href="#[1e]">&gt;&gt;</a>&nbsp;&nbsp;&nbsp;USBD1_LP_CAN1_RX0_IRQHandler
</UL>

<P><STRONG><a name="[96]"></a>CAN_TxMessage</STRONG> (Thumb, 294 bytes, Stack size 8 bytes, apm32f10x_can.o(i.CAN_TxMessage))
<BR><BR>[Stack]<UL><LI>Max Depth = 8<LI>Call Chain = CAN_TxMessage
</UL>
<BR>[Called By]<UL><LI><a href="#[1d]">&gt;&gt;</a>&nbsp;&nbsp;&nbsp;USBD1_HP_CAN1_TX_IRQHandler
</UL>

<P><STRONG><a name="[65]"></a>Can1_Init</STRONG> (Thumb, 220 bytes, Stack size 40 bytes, can.o(i.Can1_Init))
<BR><BR>[Stack]<UL><LI>Max Depth = 68<LI>Call Chain = Can1_Init &rArr; NVIC_EnableIRQRequest
</UL>
<BR>[Calls]<UL><LI><a href="#[62]">&gt;&gt;</a>&nbsp;&nbsp;&nbsp;CAN_Reset
<LI><a href="#[69]">&gt;&gt;</a>&nbsp;&nbsp;&nbsp;CAN_ConfigStructInit
<LI><a href="#[6b]">&gt;&gt;</a>&nbsp;&nbsp;&nbsp;CAN_ConfigFilter
<LI><a href="#[6a]">&gt;&gt;</a>&nbsp;&nbsp;&nbsp;CAN_Config
<LI><a href="#[68]">&gt;&gt;</a>&nbsp;&nbsp;&nbsp;GPIO_Config
<LI><a href="#[6c]">&gt;&gt;</a>&nbsp;&nbsp;&nbsp;NVIC_EnableIRQRequest
<LI><a href="#[66]">&gt;&gt;</a>&nbsp;&nbsp;&nbsp;RCM_EnableAPB2PeriphClock
<LI><a href="#[67]">&gt;&gt;</a>&nbsp;&nbsp;&nbsp;RCM_EnableAPB1PeriphClock
</UL>
<BR>[Called By]<UL><LI><a href="#[eb]">&gt;&gt;</a>&nbsp;&nbsp;&nbsp;rt_hw_board_init
</UL>

<P><STRONG><a name="[16]"></a>DMA1_Channel2_IRQHandler</STRONG> (Thumb, 18 bytes, Stack size 8 bytes, usart.o(i.DMA1_Channel2_IRQHandler))
<BR><BR>[Stack]<UL><LI>Max Depth = 8<LI>Call Chain = DMA1_Channel2_IRQHandler
</UL>
<BR>[Calls]<UL><LI><a href="#[70]">&gt;&gt;</a>&nbsp;&nbsp;&nbsp;DMA_ReadIntFlag
<LI><a href="#[71]">&gt;&gt;</a>&nbsp;&nbsp;&nbsp;DMA_ClearStatusFlag
</UL>
<BR>[Address Reference Count : 1]<UL><LI> startup_apm32f10x_hd.o(RESET)
</UL>
<P><STRONG><a name="[1b]"></a>DMA1_Channel7_IRQHandler</STRONG> (Thumb, 146 bytes, Stack size 8 bytes, usart.o(i.DMA1_Channel7_IRQHandler))
<BR><BR>[Stack]<UL><LI>Max Depth = 28<LI>Call Chain = DMA1_Channel7_IRQHandler &rArr; rt_memcpy
</UL>
<BR>[Calls]<UL><LI><a href="#[70]">&gt;&gt;</a>&nbsp;&nbsp;&nbsp;DMA_ReadIntFlag
<LI><a href="#[75]">&gt;&gt;</a>&nbsp;&nbsp;&nbsp;DMA_Enable
<LI><a href="#[72]">&gt;&gt;</a>&nbsp;&nbsp;&nbsp;DMA_Disable
<LI><a href="#[74]">&gt;&gt;</a>&nbsp;&nbsp;&nbsp;DMA_ConfigDataNumber
<LI><a href="#[71]">&gt;&gt;</a>&nbsp;&nbsp;&nbsp;DMA_ClearStatusFlag
<LI><a href="#[73]">&gt;&gt;</a>&nbsp;&nbsp;&nbsp;rt_memcpy
</UL>
<BR>[Address Reference Count : 1]<UL><LI> startup_apm32f10x_hd.o(RESET)
</UL>
<P><STRONG><a name="[71]"></a>DMA_ClearStatusFlag</STRONG> (Thumb, 18 bytes, Stack size 0 bytes, apm32f10x_dma.o(i.DMA_ClearStatusFlag))
<BR><BR>[Called By]<UL><LI><a href="#[51]">&gt;&gt;</a>&nbsp;&nbsp;&nbsp;Usart_Recv_thread_entry
<LI><a href="#[30]">&gt;&gt;</a>&nbsp;&nbsp;&nbsp;USART2_IRQHandler
<LI><a href="#[1b]">&gt;&gt;</a>&nbsp;&nbsp;&nbsp;DMA1_Channel7_IRQHandler
<LI><a href="#[16]">&gt;&gt;</a>&nbsp;&nbsp;&nbsp;DMA1_Channel2_IRQHandler
<LI><a href="#[13b]">&gt;&gt;</a>&nbsp;&nbsp;&nbsp;stop_voice_play
</UL>

<P><STRONG><a name="[9f]"></a>DMA_Config</STRONG> (Thumb, 94 bytes, Stack size 0 bytes, apm32f10x_dma.o(i.DMA_Config))
<BR><BR>[Called By]<UL><LI><a href="#[a2]">&gt;&gt;</a>&nbsp;&nbsp;&nbsp;Usart3_Dma_Init
<LI><a href="#[9a]">&gt;&gt;</a>&nbsp;&nbsp;&nbsp;Usart2_Dma_Init
</UL>

<P><STRONG><a name="[74]"></a>DMA_ConfigDataNumber</STRONG> (Thumb, 4 bytes, Stack size 0 bytes, apm32f10x_dma.o(i.DMA_ConfigDataNumber))
<BR><BR>[Called By]<UL><LI><a href="#[140]">&gt;&gt;</a>&nbsp;&nbsp;&nbsp;usart3_dma_send
<LI><a href="#[51]">&gt;&gt;</a>&nbsp;&nbsp;&nbsp;Usart_Recv_thread_entry
<LI><a href="#[50]">&gt;&gt;</a>&nbsp;&nbsp;&nbsp;Usart3_Recv_thread_entry
<LI><a href="#[1b]">&gt;&gt;</a>&nbsp;&nbsp;&nbsp;DMA1_Channel7_IRQHandler
<LI><a href="#[a8]">&gt;&gt;</a>&nbsp;&nbsp;&nbsp;usart2_dma_send
<LI><a href="#[139]">&gt;&gt;</a>&nbsp;&nbsp;&nbsp;start_voice_play
</UL>

<P><STRONG><a name="[9e]"></a>DMA_ConfigStructInit</STRONG> (Thumb, 26 bytes, Stack size 0 bytes, apm32f10x_dma.o(i.DMA_ConfigStructInit))
<BR><BR>[Called By]<UL><LI><a href="#[a2]">&gt;&gt;</a>&nbsp;&nbsp;&nbsp;Usart3_Dma_Init
<LI><a href="#[9a]">&gt;&gt;</a>&nbsp;&nbsp;&nbsp;Usart2_Dma_Init
</UL>

<P><STRONG><a name="[72]"></a>DMA_Disable</STRONG> (Thumb, 10 bytes, Stack size 0 bytes, apm32f10x_dma.o(i.DMA_Disable))
<BR><BR>[Called By]<UL><LI><a href="#[140]">&gt;&gt;</a>&nbsp;&nbsp;&nbsp;usart3_dma_send
<LI><a href="#[51]">&gt;&gt;</a>&nbsp;&nbsp;&nbsp;Usart_Recv_thread_entry
<LI><a href="#[50]">&gt;&gt;</a>&nbsp;&nbsp;&nbsp;Usart3_Recv_thread_entry
<LI><a href="#[1b]">&gt;&gt;</a>&nbsp;&nbsp;&nbsp;DMA1_Channel7_IRQHandler
<LI><a href="#[a8]">&gt;&gt;</a>&nbsp;&nbsp;&nbsp;usart2_dma_send
<LI><a href="#[13b]">&gt;&gt;</a>&nbsp;&nbsp;&nbsp;stop_voice_play
<LI><a href="#[139]">&gt;&gt;</a>&nbsp;&nbsp;&nbsp;start_voice_play
</UL>

<P><STRONG><a name="[75]"></a>DMA_Enable</STRONG> (Thumb, 12 bytes, Stack size 0 bytes, apm32f10x_dma.o(i.DMA_Enable))
<BR><BR>[Called By]<UL><LI><a href="#[140]">&gt;&gt;</a>&nbsp;&nbsp;&nbsp;usart3_dma_send
<LI><a href="#[a2]">&gt;&gt;</a>&nbsp;&nbsp;&nbsp;Usart3_Dma_Init
<LI><a href="#[1b]">&gt;&gt;</a>&nbsp;&nbsp;&nbsp;DMA1_Channel7_IRQHandler
<LI><a href="#[a8]">&gt;&gt;</a>&nbsp;&nbsp;&nbsp;usart2_dma_send
<LI><a href="#[139]">&gt;&gt;</a>&nbsp;&nbsp;&nbsp;start_voice_play
</UL>

<P><STRONG><a name="[a1]"></a>DMA_EnableInterrupt</STRONG> (Thumb, 8 bytes, Stack size 0 bytes, apm32f10x_dma.o(i.DMA_EnableInterrupt))
<BR><BR>[Called By]<UL><LI><a href="#[51]">&gt;&gt;</a>&nbsp;&nbsp;&nbsp;Usart_Recv_thread_entry
<LI><a href="#[50]">&gt;&gt;</a>&nbsp;&nbsp;&nbsp;Usart3_Recv_thread_entry
<LI><a href="#[a2]">&gt;&gt;</a>&nbsp;&nbsp;&nbsp;Usart3_Dma_Init
<LI><a href="#[9a]">&gt;&gt;</a>&nbsp;&nbsp;&nbsp;Usart2_Dma_Init
</UL>

<P><STRONG><a name="[a6]"></a>DMA_ReadDataNumber</STRONG> (Thumb, 8 bytes, Stack size 0 bytes, apm32f10x_dma.o(i.DMA_ReadDataNumber))
<BR><BR>[Called By]<UL><LI><a href="#[51]">&gt;&gt;</a>&nbsp;&nbsp;&nbsp;Usart_Recv_thread_entry
<LI><a href="#[50]">&gt;&gt;</a>&nbsp;&nbsp;&nbsp;Usart3_Recv_thread_entry
</UL>

<P><STRONG><a name="[70]"></a>DMA_ReadIntFlag</STRONG> (Thumb, 40 bytes, Stack size 0 bytes, apm32f10x_dma.o(i.DMA_ReadIntFlag))
<BR><BR>[Called By]<UL><LI><a href="#[1b]">&gt;&gt;</a>&nbsp;&nbsp;&nbsp;DMA1_Channel7_IRQHandler
<LI><a href="#[16]">&gt;&gt;</a>&nbsp;&nbsp;&nbsp;DMA1_Channel2_IRQHandler
</UL>

<P><STRONG><a name="[9d]"></a>DMA_Reset</STRONG> (Thumb, 322 bytes, Stack size 0 bytes, apm32f10x_dma.o(i.DMA_Reset))
<BR><BR>[Called By]<UL><LI><a href="#[a2]">&gt;&gt;</a>&nbsp;&nbsp;&nbsp;Usart3_Dma_Init
<LI><a href="#[9a]">&gt;&gt;</a>&nbsp;&nbsp;&nbsp;Usart2_Dma_Init
</UL>

<P><STRONG><a name="[7]"></a>DebugMon_Handler</STRONG> (Thumb, 2 bytes, Stack size 0 bytes, apm32f10x_int.o(i.DebugMon_Handler))
<BR>[Address Reference Count : 1]<UL><LI> startup_apm32f10x_hd.o(RESET)
</UL>
<P><STRONG><a name="[68]"></a>GPIO_Config</STRONG> (Thumb, 154 bytes, Stack size 20 bytes, apm32f10x_gpio.o(i.GPIO_Config))
<BR><BR>[Stack]<UL><LI>Max Depth = 20<LI>Call Chain = GPIO_Config
</UL>
<BR>[Called By]<UL><LI><a href="#[83]">&gt;&gt;</a>&nbsp;&nbsp;&nbsp;SPI1_GPIO_Configuration
<LI><a href="#[ce]">&gt;&gt;</a>&nbsp;&nbsp;&nbsp;gpio_init
<LI><a href="#[a2]">&gt;&gt;</a>&nbsp;&nbsp;&nbsp;Usart3_Dma_Init
<LI><a href="#[9a]">&gt;&gt;</a>&nbsp;&nbsp;&nbsp;Usart2_Dma_Init
<LI><a href="#[65]">&gt;&gt;</a>&nbsp;&nbsp;&nbsp;Can1_Init
<LI><a href="#[cc]">&gt;&gt;</a>&nbsp;&nbsp;&nbsp;gpio_for_w5500_config
<LI><a href="#[57]">&gt;&gt;</a>&nbsp;&nbsp;&nbsp;uart_init
</UL>

<P><STRONG><a name="[13f]"></a>GPIO_ConfigStructInit</STRONG> (Thumb, 16 bytes, Stack size 0 bytes, apm32f10x_gpio.o(i.GPIO_ConfigStructInit))
<BR><BR>[Called By]<UL><LI><a href="#[57]">&gt;&gt;</a>&nbsp;&nbsp;&nbsp;uart_init
</UL>

<P><STRONG><a name="[da]"></a>GPIO_ReadInputBit</STRONG> (Thumb, 18 bytes, Stack size 0 bytes, apm32f10x_gpio.o(i.GPIO_ReadInputBit))
<BR><BR>[Called By]<UL><LI><a href="#[d2]">&gt;&gt;</a>&nbsp;&nbsp;&nbsp;$Super$$main
</UL>

<P><STRONG><a name="[dc]"></a>GPIO_ReadInputPort</STRONG> (Thumb, 8 bytes, Stack size 0 bytes, apm32f10x_gpio.o(i.GPIO_ReadInputPort))
<BR><BR>[Called By]<UL><LI><a href="#[d2]">&gt;&gt;</a>&nbsp;&nbsp;&nbsp;$Super$$main
</UL>

<P><STRONG><a name="[e4]"></a>GPIO_ResetBit</STRONG> (Thumb, 4 bytes, Stack size 0 bytes, apm32f10x_gpio.o(i.GPIO_ResetBit))
<BR><BR>[Called By]<UL><LI><a href="#[d3]">&gt;&gt;</a>&nbsp;&nbsp;&nbsp;reset_w5500
<LI><a href="#[e0]">&gt;&gt;</a>&nbsp;&nbsp;&nbsp;usart3_msg_handle
<LI><a href="#[d0]">&gt;&gt;</a>&nbsp;&nbsp;&nbsp;wiz_cs
</UL>

<P><STRONG><a name="[cd]"></a>GPIO_SetBit</STRONG> (Thumb, 4 bytes, Stack size 0 bytes, apm32f10x_gpio.o(i.GPIO_SetBit))
<BR><BR>[Called By]<UL><LI><a href="#[d3]">&gt;&gt;</a>&nbsp;&nbsp;&nbsp;reset_w5500
<LI><a href="#[e0]">&gt;&gt;</a>&nbsp;&nbsp;&nbsp;usart3_msg_handle
<LI><a href="#[d0]">&gt;&gt;</a>&nbsp;&nbsp;&nbsp;wiz_cs
<LI><a href="#[cc]">&gt;&gt;</a>&nbsp;&nbsp;&nbsp;gpio_for_w5500_config
</UL>

<P><STRONG><a name="[cf]"></a>GPIO_WriteBitValue</STRONG> (Thumb, 10 bytes, Stack size 0 bytes, apm32f10x_gpio.o(i.GPIO_WriteBitValue))
<BR><BR>[Called By]<UL><LI><a href="#[ce]">&gt;&gt;</a>&nbsp;&nbsp;&nbsp;gpio_init
<LI><a href="#[13b]">&gt;&gt;</a>&nbsp;&nbsp;&nbsp;stop_voice_play
</UL>

<P><STRONG><a name="[76]"></a>IINCHIP_READ</STRONG> (Thumb, 50 bytes, Stack size 16 bytes, w5500_conf.o(i.IINCHIP_READ))
<BR><BR>[Stack]<UL><LI>Max Depth = 32<LI>Call Chain = IINCHIP_READ &rArr; iinchip_cson &rArr; wiz_cs
</UL>
<BR>[Calls]<UL><LI><a href="#[79]">&gt;&gt;</a>&nbsp;&nbsp;&nbsp;iinchip_cson
<LI><a href="#[77]">&gt;&gt;</a>&nbsp;&nbsp;&nbsp;iinchip_csoff
<LI><a href="#[78]">&gt;&gt;</a>&nbsp;&nbsp;&nbsp;IINCHIP_SpiSendData
</UL>
<BR>[Called By]<UL><LI><a href="#[12e]">&gt;&gt;</a>&nbsp;&nbsp;&nbsp;send_data_processing
<LI><a href="#[e3]">&gt;&gt;</a>&nbsp;&nbsp;&nbsp;recv_data_processing
<LI><a href="#[cb]">&gt;&gt;</a>&nbsp;&nbsp;&nbsp;getSn_TX_FSR
<LI><a href="#[bc]">&gt;&gt;</a>&nbsp;&nbsp;&nbsp;getSn_IR
<LI><a href="#[c0]">&gt;&gt;</a>&nbsp;&nbsp;&nbsp;socket
<LI><a href="#[c4]">&gt;&gt;</a>&nbsp;&nbsp;&nbsp;sendto
<LI><a href="#[12c]">&gt;&gt;</a>&nbsp;&nbsp;&nbsp;send
<LI><a href="#[c3]">&gt;&gt;</a>&nbsp;&nbsp;&nbsp;recvfrom
<LI><a href="#[e2]">&gt;&gt;</a>&nbsp;&nbsp;&nbsp;recv
<LI><a href="#[d1]">&gt;&gt;</a>&nbsp;&nbsp;&nbsp;listen
<LI><a href="#[bd]">&gt;&gt;</a>&nbsp;&nbsp;&nbsp;disconnect
<LI><a href="#[ba]">&gt;&gt;</a>&nbsp;&nbsp;&nbsp;connect
<LI><a href="#[b9]">&gt;&gt;</a>&nbsp;&nbsp;&nbsp;close
<LI><a href="#[ca]">&gt;&gt;</a>&nbsp;&nbsp;&nbsp;getSn_DIPR
<LI><a href="#[bf]">&gt;&gt;</a>&nbsp;&nbsp;&nbsp;getSn_SR
<LI><a href="#[c2]">&gt;&gt;</a>&nbsp;&nbsp;&nbsp;getSn_RX_RSR
<LI><a href="#[7e]">&gt;&gt;</a>&nbsp;&nbsp;&nbsp;getPHYStatus
</UL>

<P><STRONG><a name="[78]"></a>IINCHIP_SpiSendData</STRONG> (Thumb, 12 bytes, Stack size 8 bytes, w5500_conf.o(i.IINCHIP_SpiSendData))
<BR><BR>[Stack]<UL><LI>Max Depth = 16<LI>Call Chain = IINCHIP_SpiSendData &rArr; spi_read_send_byte
</UL>
<BR>[Calls]<UL><LI><a href="#[7a]">&gt;&gt;</a>&nbsp;&nbsp;&nbsp;spi_read_send_byte
</UL>
<BR>[Called By]<UL><LI><a href="#[c6]">&gt;&gt;</a>&nbsp;&nbsp;&nbsp;wiz_read_buf
<LI><a href="#[7b]">&gt;&gt;</a>&nbsp;&nbsp;&nbsp;IINCHIP_WRITE
<LI><a href="#[76]">&gt;&gt;</a>&nbsp;&nbsp;&nbsp;IINCHIP_READ
<LI><a href="#[12f]">&gt;&gt;</a>&nbsp;&nbsp;&nbsp;wiz_write_buf
</UL>

<P><STRONG><a name="[7b]"></a>IINCHIP_WRITE</STRONG> (Thumb, 50 bytes, Stack size 16 bytes, w5500_conf.o(i.IINCHIP_WRITE))
<BR><BR>[Stack]<UL><LI>Max Depth = 32<LI>Call Chain = IINCHIP_WRITE &rArr; iinchip_cson &rArr; wiz_cs
</UL>
<BR>[Calls]<UL><LI><a href="#[79]">&gt;&gt;</a>&nbsp;&nbsp;&nbsp;iinchip_cson
<LI><a href="#[77]">&gt;&gt;</a>&nbsp;&nbsp;&nbsp;iinchip_csoff
<LI><a href="#[78]">&gt;&gt;</a>&nbsp;&nbsp;&nbsp;IINCHIP_SpiSendData
</UL>
<BR>[Called By]<UL><LI><a href="#[12e]">&gt;&gt;</a>&nbsp;&nbsp;&nbsp;send_data_processing
<LI><a href="#[e3]">&gt;&gt;</a>&nbsp;&nbsp;&nbsp;recv_data_processing
<LI><a href="#[c0]">&gt;&gt;</a>&nbsp;&nbsp;&nbsp;socket
<LI><a href="#[c4]">&gt;&gt;</a>&nbsp;&nbsp;&nbsp;sendto
<LI><a href="#[12c]">&gt;&gt;</a>&nbsp;&nbsp;&nbsp;send
<LI><a href="#[c3]">&gt;&gt;</a>&nbsp;&nbsp;&nbsp;recvfrom
<LI><a href="#[e2]">&gt;&gt;</a>&nbsp;&nbsp;&nbsp;recv
<LI><a href="#[d1]">&gt;&gt;</a>&nbsp;&nbsp;&nbsp;listen
<LI><a href="#[bd]">&gt;&gt;</a>&nbsp;&nbsp;&nbsp;disconnect
<LI><a href="#[ba]">&gt;&gt;</a>&nbsp;&nbsp;&nbsp;connect
<LI><a href="#[b9]">&gt;&gt;</a>&nbsp;&nbsp;&nbsp;close
<LI><a href="#[13c]">&gt;&gt;</a>&nbsp;&nbsp;&nbsp;tcp_client_send
<LI><a href="#[d8]">&gt;&gt;</a>&nbsp;&nbsp;&nbsp;socket_buf_init
<LI><a href="#[d6]">&gt;&gt;</a>&nbsp;&nbsp;&nbsp;setRTR
<LI><a href="#[d7]">&gt;&gt;</a>&nbsp;&nbsp;&nbsp;setRCR
<LI><a href="#[e1]">&gt;&gt;</a>&nbsp;&nbsp;&nbsp;tcp_server_list
<LI><a href="#[c1]">&gt;&gt;</a>&nbsp;&nbsp;&nbsp;setSn_IR
</UL>

<P><STRONG><a name="[3]"></a>MemManage_Handler</STRONG> (Thumb, 4 bytes, Stack size 0 bytes, apm32f10x_int.o(i.MemManage_Handler))
<BR>[Address Reference Count : 1]<UL><LI> startup_apm32f10x_hd.o(RESET)
</UL>
<P><STRONG><a name="[1]"></a>NMI_Handler</STRONG> (Thumb, 2 bytes, Stack size 0 bytes, apm32f10x_int.o(i.NMI_Handler))
<BR>[Address Reference Count : 1]<UL><LI> startup_apm32f10x_hd.o(RESET)
</UL>
<P><STRONG><a name="[7c]"></a>NVIC_ConfigPriorityGroup</STRONG> (Thumb, 10 bytes, Stack size 0 bytes, apm32f10x_misc.o(i.NVIC_ConfigPriorityGroup))
<BR><BR>[Called By]<UL><LI><a href="#[6c]">&gt;&gt;</a>&nbsp;&nbsp;&nbsp;NVIC_EnableIRQRequest
<LI><a href="#[eb]">&gt;&gt;</a>&nbsp;&nbsp;&nbsp;rt_hw_board_init
</UL>

<P><STRONG><a name="[6c]"></a>NVIC_EnableIRQRequest</STRONG> (Thumb, 150 bytes, Stack size 28 bytes, apm32f10x_misc.o(i.NVIC_EnableIRQRequest))
<BR><BR>[Stack]<UL><LI>Max Depth = 28<LI>Call Chain = NVIC_EnableIRQRequest
</UL>
<BR>[Calls]<UL><LI><a href="#[7c]">&gt;&gt;</a>&nbsp;&nbsp;&nbsp;NVIC_ConfigPriorityGroup
</UL>
<BR>[Called By]<UL><LI><a href="#[ee]">&gt;&gt;</a>&nbsp;&nbsp;&nbsp;time1_init
<LI><a href="#[a2]">&gt;&gt;</a>&nbsp;&nbsp;&nbsp;Usart3_Dma_Init
<LI><a href="#[9a]">&gt;&gt;</a>&nbsp;&nbsp;&nbsp;Usart2_Dma_Init
<LI><a href="#[65]">&gt;&gt;</a>&nbsp;&nbsp;&nbsp;Can1_Init
<LI><a href="#[139]">&gt;&gt;</a>&nbsp;&nbsp;&nbsp;start_voice_play
<LI><a href="#[52]">&gt;&gt;</a>&nbsp;&nbsp;&nbsp;msg_thread_entry
</UL>

<P><STRONG><a name="[7d]"></a>PHY_check</STRONG> (Thumb, 56 bytes, Stack size 8 bytes, w5500.o(i.PHY_check))
<BR><BR>[Stack]<UL><LI>Max Depth = 188<LI>Call Chain = PHY_check &rArr; rt_kprintf &rArr; rt_vsnprintf &rArr; print_number
</UL>
<BR>[Calls]<UL><LI><a href="#[7f]">&gt;&gt;</a>&nbsp;&nbsp;&nbsp;rt_thread_delay
<LI><a href="#[6f]">&gt;&gt;</a>&nbsp;&nbsp;&nbsp;rt_kprintf
<LI><a href="#[7e]">&gt;&gt;</a>&nbsp;&nbsp;&nbsp;getPHYStatus
</UL>
<BR>[Called By]<UL><LI><a href="#[d2]">&gt;&gt;</a>&nbsp;&nbsp;&nbsp;$Super$$main
</UL>

<P><STRONG><a name="[64]"></a>RCM_DisableAPB1PeriphReset</STRONG> (Thumb, 12 bytes, Stack size 0 bytes, apm32f10x_rcm.o(i.RCM_DisableAPB1PeriphReset))
<BR><BR>[Called By]<UL><LI><a href="#[62]">&gt;&gt;</a>&nbsp;&nbsp;&nbsp;CAN_Reset
</UL>

<P><STRONG><a name="[9b]"></a>RCM_EnableAHBPeriphClock</STRONG> (Thumb, 12 bytes, Stack size 0 bytes, apm32f10x_rcm.o(i.RCM_EnableAHBPeriphClock))
<BR><BR>[Called By]<UL><LI><a href="#[a2]">&gt;&gt;</a>&nbsp;&nbsp;&nbsp;Usart3_Dma_Init
<LI><a href="#[9a]">&gt;&gt;</a>&nbsp;&nbsp;&nbsp;Usart2_Dma_Init
</UL>

<P><STRONG><a name="[67]"></a>RCM_EnableAPB1PeriphClock</STRONG> (Thumb, 12 bytes, Stack size 0 bytes, apm32f10x_rcm.o(i.RCM_EnableAPB1PeriphClock))
<BR><BR>[Called By]<UL><LI><a href="#[a2]">&gt;&gt;</a>&nbsp;&nbsp;&nbsp;Usart3_Dma_Init
<LI><a href="#[9a]">&gt;&gt;</a>&nbsp;&nbsp;&nbsp;Usart2_Dma_Init
<LI><a href="#[65]">&gt;&gt;</a>&nbsp;&nbsp;&nbsp;Can1_Init
</UL>

<P><STRONG><a name="[63]"></a>RCM_EnableAPB1PeriphReset</STRONG> (Thumb, 12 bytes, Stack size 0 bytes, apm32f10x_rcm.o(i.RCM_EnableAPB1PeriphReset))
<BR><BR>[Called By]<UL><LI><a href="#[62]">&gt;&gt;</a>&nbsp;&nbsp;&nbsp;CAN_Reset
</UL>

<P><STRONG><a name="[66]"></a>RCM_EnableAPB2PeriphClock</STRONG> (Thumb, 12 bytes, Stack size 0 bytes, apm32f10x_rcm.o(i.RCM_EnableAPB2PeriphClock))
<BR><BR>[Called By]<UL><LI><a href="#[84]">&gt;&gt;</a>&nbsp;&nbsp;&nbsp;Spi1_Config
<LI><a href="#[83]">&gt;&gt;</a>&nbsp;&nbsp;&nbsp;SPI1_GPIO_Configuration
<LI><a href="#[ee]">&gt;&gt;</a>&nbsp;&nbsp;&nbsp;time1_init
<LI><a href="#[ce]">&gt;&gt;</a>&nbsp;&nbsp;&nbsp;gpio_init
<LI><a href="#[a2]">&gt;&gt;</a>&nbsp;&nbsp;&nbsp;Usart3_Dma_Init
<LI><a href="#[9a]">&gt;&gt;</a>&nbsp;&nbsp;&nbsp;Usart2_Dma_Init
<LI><a href="#[65]">&gt;&gt;</a>&nbsp;&nbsp;&nbsp;Can1_Init
<LI><a href="#[cc]">&gt;&gt;</a>&nbsp;&nbsp;&nbsp;gpio_for_w5500_config
<LI><a href="#[57]">&gt;&gt;</a>&nbsp;&nbsp;&nbsp;uart_init
</UL>

<P><STRONG><a name="[80]"></a>RCM_ReadHCLKFreq</STRONG> (Thumb, 38 bytes, Stack size 32 bytes, apm32f10x_rcm.o(i.RCM_ReadHCLKFreq))
<BR><BR>[Stack]<UL><LI>Max Depth = 32<LI>Call Chain = RCM_ReadHCLKFreq
</UL>
<BR>[Calls]<UL><LI><a href="#[81]">&gt;&gt;</a>&nbsp;&nbsp;&nbsp;RCM_ReadSYSCLKFreq
</UL>
<BR>[Called By]<UL><LI><a href="#[82]">&gt;&gt;</a>&nbsp;&nbsp;&nbsp;RCM_ReadPCLKFreq
</UL>

<P><STRONG><a name="[82]"></a>RCM_ReadPCLKFreq</STRONG> (Thumb, 62 bytes, Stack size 28 bytes, apm32f10x_rcm.o(i.RCM_ReadPCLKFreq))
<BR><BR>[Stack]<UL><LI>Max Depth = 60<LI>Call Chain = RCM_ReadPCLKFreq &rArr; RCM_ReadHCLKFreq
</UL>
<BR>[Calls]<UL><LI><a href="#[80]">&gt;&gt;</a>&nbsp;&nbsp;&nbsp;RCM_ReadHCLKFreq
</UL>
<BR>[Called By]<UL><LI><a href="#[94]">&gt;&gt;</a>&nbsp;&nbsp;&nbsp;USART_Config
</UL>

<P><STRONG><a name="[81]"></a>RCM_ReadSYSCLKFreq</STRONG> (Thumb, 86 bytes, Stack size 0 bytes, apm32f10x_rcm.o(i.RCM_ReadSYSCLKFreq))
<BR><BR>[Called By]<UL><LI><a href="#[80]">&gt;&gt;</a>&nbsp;&nbsp;&nbsp;RCM_ReadHCLKFreq
</UL>

<P><STRONG><a name="[83]"></a>SPI1_GPIO_Configuration</STRONG> (Thumb, 62 bytes, Stack size 8 bytes, spi.o(i.SPI1_GPIO_Configuration))
<BR><BR>[Stack]<UL><LI>Max Depth = 28<LI>Call Chain = SPI1_GPIO_Configuration &rArr; GPIO_Config
</UL>
<BR>[Calls]<UL><LI><a href="#[68]">&gt;&gt;</a>&nbsp;&nbsp;&nbsp;GPIO_Config
<LI><a href="#[66]">&gt;&gt;</a>&nbsp;&nbsp;&nbsp;RCM_EnableAPB2PeriphClock
</UL>
<BR>[Called By]<UL><LI><a href="#[eb]">&gt;&gt;</a>&nbsp;&nbsp;&nbsp;rt_hw_board_init
</UL>

<P><STRONG><a name="[86]"></a>SPI_Config</STRONG> (Thumb, 50 bytes, Stack size 0 bytes, apm32f10x_spi.o(i.SPI_Config))
<BR><BR>[Called By]<UL><LI><a href="#[84]">&gt;&gt;</a>&nbsp;&nbsp;&nbsp;Spi1_Config
</UL>

<P><STRONG><a name="[87]"></a>SPI_ConfigDataSize</STRONG> (Thumb, 16 bytes, Stack size 0 bytes, apm32f10x_spi.o(i.SPI_ConfigDataSize))
<BR><BR>[Called By]<UL><LI><a href="#[84]">&gt;&gt;</a>&nbsp;&nbsp;&nbsp;Spi1_Config
</UL>

<P><STRONG><a name="[85]"></a>SPI_ConfigStructInit</STRONG> (Thumb, 24 bytes, Stack size 0 bytes, apm32f10x_spi.o(i.SPI_ConfigStructInit))
<BR><BR>[Called By]<UL><LI><a href="#[84]">&gt;&gt;</a>&nbsp;&nbsp;&nbsp;Spi1_Config
</UL>

<P><STRONG><a name="[88]"></a>SPI_Enable</STRONG> (Thumb, 12 bytes, Stack size 0 bytes, apm32f10x_spi.o(i.SPI_Enable))
<BR><BR>[Called By]<UL><LI><a href="#[84]">&gt;&gt;</a>&nbsp;&nbsp;&nbsp;Spi1_Config
</UL>

<P><STRONG><a name="[135]"></a>SPI_I2S_ReadStatusFlag</STRONG> (Thumb, 16 bytes, Stack size 0 bytes, apm32f10x_spi.o(i.SPI_I2S_ReadStatusFlag))
<BR><BR>[Called By]<UL><LI><a href="#[7a]">&gt;&gt;</a>&nbsp;&nbsp;&nbsp;spi_read_send_byte
</UL>

<P><STRONG><a name="[137]"></a>SPI_I2S_RxData</STRONG> (Thumb, 8 bytes, Stack size 0 bytes, apm32f10x_spi.o(i.SPI_I2S_RxData))
<BR><BR>[Called By]<UL><LI><a href="#[7a]">&gt;&gt;</a>&nbsp;&nbsp;&nbsp;spi_read_send_byte
</UL>

<P><STRONG><a name="[136]"></a>SPI_I2S_TxData</STRONG> (Thumb, 4 bytes, Stack size 0 bytes, apm32f10x_spi.o(i.SPI_I2S_TxData))
<BR><BR>[Called By]<UL><LI><a href="#[7a]">&gt;&gt;</a>&nbsp;&nbsp;&nbsp;spi_read_send_byte
</UL>

<P><STRONG><a name="[6]"></a>SVC_Handler</STRONG> (Thumb, 2 bytes, Stack size 0 bytes, apm32f10x_int.o(i.SVC_Handler))
<BR>[Address Reference Count : 1]<UL><LI> startup_apm32f10x_hd.o(RESET)
</UL>
<P><STRONG><a name="[84]"></a>Spi1_Config</STRONG> (Thumb, 94 bytes, Stack size 24 bytes, spi.o(i.Spi1_Config))
<BR><BR>[Stack]<UL><LI>Max Depth = 24<LI>Call Chain = Spi1_Config
</UL>
<BR>[Calls]<UL><LI><a href="#[66]">&gt;&gt;</a>&nbsp;&nbsp;&nbsp;RCM_EnableAPB2PeriphClock
<LI><a href="#[88]">&gt;&gt;</a>&nbsp;&nbsp;&nbsp;SPI_Enable
<LI><a href="#[85]">&gt;&gt;</a>&nbsp;&nbsp;&nbsp;SPI_ConfigStructInit
<LI><a href="#[87]">&gt;&gt;</a>&nbsp;&nbsp;&nbsp;SPI_ConfigDataSize
<LI><a href="#[86]">&gt;&gt;</a>&nbsp;&nbsp;&nbsp;SPI_Config
</UL>
<BR>[Called By]<UL><LI><a href="#[eb]">&gt;&gt;</a>&nbsp;&nbsp;&nbsp;rt_hw_board_init
</UL>

<P><STRONG><a name="[9]"></a>SysTick_Handler</STRONG> (Thumb, 8 bytes, Stack size 8 bytes, board_1.o(i.SysTick_Handler))
<BR><BR>[Stack]<UL><LI>Max Depth = 96<LI>Call Chain = SysTick_Handler &rArr; rt_os_tick_callback &rArr; rt_tick_increase &rArr; rt_timer_check &rArr; rt_timer_start &rArr; _rt_timer_remove
</UL>
<BR>[Calls]<UL><LI><a href="#[89]">&gt;&gt;</a>&nbsp;&nbsp;&nbsp;rt_os_tick_callback
</UL>
<BR>[Address Reference Count : 1]<UL><LI> startup_apm32f10x_hd.o(RESET)
</UL>
<P><STRONG><a name="[ec]"></a>SystemCoreClockUpdate</STRONG> (Thumb, 90 bytes, Stack size 0 bytes, system_apm32f10x.o(i.SystemCoreClockUpdate))
<BR><BR>[Called By]<UL><LI><a href="#[eb]">&gt;&gt;</a>&nbsp;&nbsp;&nbsp;rt_hw_board_init
</UL>

<P><STRONG><a name="[4b]"></a>SystemInit</STRONG> (Thumb, 80 bytes, Stack size 8 bytes, system_apm32f10x.o(i.SystemInit))
<BR><BR>[Stack]<UL><LI>Max Depth = 24<LI>Call Chain = SystemInit &rArr; SystemClockConfig &rArr; SystemClock72M
</UL>
<BR>[Calls]<UL><LI><a href="#[8a]">&gt;&gt;</a>&nbsp;&nbsp;&nbsp;SystemClockConfig
</UL>
<BR>[Address Reference Count : 1]<UL><LI> startup_apm32f10x_hd.o(.text)
</UL>
<P><STRONG><a name="[23]"></a>TMR1_UP_IRQHandler</STRONG> (Thumb, 44 bytes, Stack size 8 bytes, time.o(i.TMR1_UP_IRQHandler))
<BR><BR>[Stack]<UL><LI>Max Depth = 88<LI>Call Chain = TMR1_UP_IRQHandler &rArr; rt_sem_release &rArr; rt_ipc_list_resume &rArr; rt_thread_resume &rArr; rt_timer_stop &rArr; _rt_timer_remove
</UL>
<BR>[Calls]<UL><LI><a href="#[8d]">&gt;&gt;</a>&nbsp;&nbsp;&nbsp;stop_time
<LI><a href="#[8e]">&gt;&gt;</a>&nbsp;&nbsp;&nbsp;rt_sem_release
<LI><a href="#[8c]">&gt;&gt;</a>&nbsp;&nbsp;&nbsp;TMR_ReadIntFlag
<LI><a href="#[8f]">&gt;&gt;</a>&nbsp;&nbsp;&nbsp;TMR_ClearIntFlag
</UL>
<BR>[Address Reference Count : 1]<UL><LI> startup_apm32f10x_hd.o(RESET)
</UL>
<P><STRONG><a name="[26]"></a>TMR2_IRQHandler</STRONG> (Thumb, 46 bytes, Stack size 0 bytes, w5500_conf.o(i.TMR2_IRQHandler))
<BR>[Address Reference Count : 1]<UL><LI> startup_apm32f10x_hd.o(RESET)
</UL>
<P><STRONG><a name="[8f]"></a>TMR_ClearIntFlag</STRONG> (Thumb, 6 bytes, Stack size 0 bytes, apm32f10x_tmr.o(i.TMR_ClearIntFlag))
<BR><BR>[Called By]<UL><LI><a href="#[23]">&gt;&gt;</a>&nbsp;&nbsp;&nbsp;TMR1_UP_IRQHandler
</UL>

<P><STRONG><a name="[13d]"></a>TMR_ConfigTimeBase</STRONG> (Thumb, 112 bytes, Stack size 8 bytes, apm32f10x_tmr.o(i.TMR_ConfigTimeBase))
<BR><BR>[Stack]<UL><LI>Max Depth = 8<LI>Call Chain = TMR_ConfigTimeBase
</UL>
<BR>[Called By]<UL><LI><a href="#[ee]">&gt;&gt;</a>&nbsp;&nbsp;&nbsp;time1_init
</UL>

<P><STRONG><a name="[13a]"></a>TMR_Disable</STRONG> (Thumb, 10 bytes, Stack size 0 bytes, apm32f10x_tmr.o(i.TMR_Disable))
<BR><BR>[Called By]<UL><LI><a href="#[8d]">&gt;&gt;</a>&nbsp;&nbsp;&nbsp;stop_time
</UL>

<P><STRONG><a name="[138]"></a>TMR_Enable</STRONG> (Thumb, 12 bytes, Stack size 0 bytes, apm32f10x_tmr.o(i.TMR_Enable))
<BR><BR>[Called By]<UL><LI><a href="#[92]">&gt;&gt;</a>&nbsp;&nbsp;&nbsp;start_time
</UL>

<P><STRONG><a name="[13e]"></a>TMR_EnableInterrupt</STRONG> (Thumb, 8 bytes, Stack size 0 bytes, apm32f10x_tmr.o(i.TMR_EnableInterrupt))
<BR><BR>[Called By]<UL><LI><a href="#[ee]">&gt;&gt;</a>&nbsp;&nbsp;&nbsp;time1_init
</UL>

<P><STRONG><a name="[8c]"></a>TMR_ReadIntFlag</STRONG> (Thumb, 22 bytes, Stack size 0 bytes, apm32f10x_tmr.o(i.TMR_ReadIntFlag))
<BR><BR>[Called By]<UL><LI><a href="#[23]">&gt;&gt;</a>&nbsp;&nbsp;&nbsp;TMR1_UP_IRQHandler
</UL>

<P><STRONG><a name="[30]"></a>USART2_IRQHandler</STRONG> (Thumb, 84 bytes, Stack size 8 bytes, usart.o(i.USART2_IRQHandler))
<BR><BR>[Stack]<UL><LI>Max Depth = 16<LI>Call Chain = USART2_IRQHandler &rArr; start_time
</UL>
<BR>[Calls]<UL><LI><a href="#[71]">&gt;&gt;</a>&nbsp;&nbsp;&nbsp;DMA_ClearStatusFlag
<LI><a href="#[92]">&gt;&gt;</a>&nbsp;&nbsp;&nbsp;start_time
<LI><a href="#[90]">&gt;&gt;</a>&nbsp;&nbsp;&nbsp;USART_ReadIntFlag
<LI><a href="#[93]">&gt;&gt;</a>&nbsp;&nbsp;&nbsp;USART_DisableInterrupt
<LI><a href="#[91]">&gt;&gt;</a>&nbsp;&nbsp;&nbsp;USART_ClearIntFlag
</UL>
<BR>[Address Reference Count : 1]<UL><LI> startup_apm32f10x_hd.o(RESET)
</UL>
<P><STRONG><a name="[31]"></a>USART3_IRQHandler</STRONG> (Thumb, 48 bytes, Stack size 8 bytes, usart.o(i.USART3_IRQHandler))
<BR><BR>[Stack]<UL><LI>Max Depth = 188<LI>Call Chain = USART3_IRQHandler &rArr; rt_kprintf &rArr; rt_vsnprintf &rArr; print_number
</UL>
<BR>[Calls]<UL><LI><a href="#[8e]">&gt;&gt;</a>&nbsp;&nbsp;&nbsp;rt_sem_release
<LI><a href="#[6f]">&gt;&gt;</a>&nbsp;&nbsp;&nbsp;rt_kprintf
<LI><a href="#[90]">&gt;&gt;</a>&nbsp;&nbsp;&nbsp;USART_ReadIntFlag
<LI><a href="#[91]">&gt;&gt;</a>&nbsp;&nbsp;&nbsp;USART_ClearIntFlag
</UL>
<BR>[Address Reference Count : 1]<UL><LI> startup_apm32f10x_hd.o(RESET)
</UL>
<P><STRONG><a name="[91]"></a>USART_ClearIntFlag</STRONG> (Thumb, 16 bytes, Stack size 0 bytes, apm32f10x_usart.o(i.USART_ClearIntFlag))
<BR><BR>[Called By]<UL><LI><a href="#[31]">&gt;&gt;</a>&nbsp;&nbsp;&nbsp;USART3_IRQHandler
<LI><a href="#[30]">&gt;&gt;</a>&nbsp;&nbsp;&nbsp;USART2_IRQHandler
</UL>

<P><STRONG><a name="[94]"></a>USART_Config</STRONG> (Thumb, 138 bytes, Stack size 32 bytes, apm32f10x_usart.o(i.USART_Config))
<BR><BR>[Stack]<UL><LI>Max Depth = 92<LI>Call Chain = USART_Config &rArr; RCM_ReadPCLKFreq &rArr; RCM_ReadHCLKFreq
</UL>
<BR>[Calls]<UL><LI><a href="#[82]">&gt;&gt;</a>&nbsp;&nbsp;&nbsp;RCM_ReadPCLKFreq
</UL>
<BR>[Called By]<UL><LI><a href="#[a2]">&gt;&gt;</a>&nbsp;&nbsp;&nbsp;Usart3_Dma_Init
<LI><a href="#[9a]">&gt;&gt;</a>&nbsp;&nbsp;&nbsp;Usart2_Dma_Init
<LI><a href="#[57]">&gt;&gt;</a>&nbsp;&nbsp;&nbsp;uart_init
</UL>

<P><STRONG><a name="[93]"></a>USART_DisableInterrupt</STRONG> (Thumb, 42 bytes, Stack size 0 bytes, apm32f10x_usart.o(i.USART_DisableInterrupt))
<BR><BR>[Called By]<UL><LI><a href="#[30]">&gt;&gt;</a>&nbsp;&nbsp;&nbsp;USART2_IRQHandler
<LI><a href="#[13b]">&gt;&gt;</a>&nbsp;&nbsp;&nbsp;stop_voice_play
</UL>

<P><STRONG><a name="[9c]"></a>USART_Enable</STRONG> (Thumb, 14 bytes, Stack size 0 bytes, apm32f10x_usart.o(i.USART_Enable))
<BR><BR>[Called By]<UL><LI><a href="#[a2]">&gt;&gt;</a>&nbsp;&nbsp;&nbsp;Usart3_Dma_Init
<LI><a href="#[9a]">&gt;&gt;</a>&nbsp;&nbsp;&nbsp;Usart2_Dma_Init
<LI><a href="#[57]">&gt;&gt;</a>&nbsp;&nbsp;&nbsp;uart_init
</UL>

<P><STRONG><a name="[a0]"></a>USART_EnableDMA</STRONG> (Thumb, 8 bytes, Stack size 0 bytes, apm32f10x_usart.o(i.USART_EnableDMA))
<BR><BR>[Called By]<UL><LI><a href="#[a2]">&gt;&gt;</a>&nbsp;&nbsp;&nbsp;Usart3_Dma_Init
<LI><a href="#[9a]">&gt;&gt;</a>&nbsp;&nbsp;&nbsp;Usart2_Dma_Init
</UL>

<P><STRONG><a name="[a3]"></a>USART_EnableInterrupt</STRONG> (Thumb, 40 bytes, Stack size 0 bytes, apm32f10x_usart.o(i.USART_EnableInterrupt))
<BR><BR>[Called By]<UL><LI><a href="#[a2]">&gt;&gt;</a>&nbsp;&nbsp;&nbsp;Usart3_Dma_Init
<LI><a href="#[139]">&gt;&gt;</a>&nbsp;&nbsp;&nbsp;start_voice_play
</UL>

<P><STRONG><a name="[90]"></a>USART_ReadIntFlag</STRONG> (Thumb, 62 bytes, Stack size 8 bytes, apm32f10x_usart.o(i.USART_ReadIntFlag))
<BR><BR>[Stack]<UL><LI>Max Depth = 8<LI>Call Chain = USART_ReadIntFlag
</UL>
<BR>[Called By]<UL><LI><a href="#[31]">&gt;&gt;</a>&nbsp;&nbsp;&nbsp;USART3_IRQHandler
<LI><a href="#[30]">&gt;&gt;</a>&nbsp;&nbsp;&nbsp;USART2_IRQHandler
</UL>

<P><STRONG><a name="[f4]"></a>USART_ReadStatusFlag</STRONG> (Thumb, 16 bytes, Stack size 0 bytes, apm32f10x_usart.o(i.USART_ReadStatusFlag))
<BR><BR>[Called By]<UL><LI><a href="#[f3]">&gt;&gt;</a>&nbsp;&nbsp;&nbsp;rt_hw_console_output
</UL>

<P><STRONG><a name="[f5]"></a>USART_TxData</STRONG> (Thumb, 10 bytes, Stack size 0 bytes, apm32f10x_usart.o(i.USART_TxData))
<BR><BR>[Called By]<UL><LI><a href="#[f3]">&gt;&gt;</a>&nbsp;&nbsp;&nbsp;rt_hw_console_output
</UL>

<P><STRONG><a name="[1d]"></a>USBD1_HP_CAN1_TX_IRQHandler</STRONG> (Thumb, 112 bytes, Stack size 8 bytes, can.o(i.USBD1_HP_CAN1_TX_IRQHandler))
<BR><BR>[Stack]<UL><LI>Max Depth = 16<LI>Call Chain = USBD1_HP_CAN1_TX_IRQHandler &rArr; CAN_TxMessage
</UL>
<BR>[Calls]<UL><LI><a href="#[96]">&gt;&gt;</a>&nbsp;&nbsp;&nbsp;CAN_TxMessage
<LI><a href="#[95]">&gt;&gt;</a>&nbsp;&nbsp;&nbsp;CAN_ReadIntFlag
<LI><a href="#[97]">&gt;&gt;</a>&nbsp;&nbsp;&nbsp;CAN_DisableInterrupt
<LI><a href="#[98]">&gt;&gt;</a>&nbsp;&nbsp;&nbsp;CAN_ClearIntFlag
</UL>
<BR>[Address Reference Count : 1]<UL><LI> startup_apm32f10x_hd.o(RESET)
</UL>
<P><STRONG><a name="[1e]"></a>USBD1_LP_CAN1_RX0_IRQHandler</STRONG> (Thumb, 100 bytes, Stack size 8 bytes, can.o(i.USBD1_LP_CAN1_RX0_IRQHandler))
<BR><BR>[Stack]<UL><LI>Max Depth = 16<LI>Call Chain = USBD1_LP_CAN1_RX0_IRQHandler &rArr; CAN_RxMessage
</UL>
<BR>[Calls]<UL><LI><a href="#[99]">&gt;&gt;</a>&nbsp;&nbsp;&nbsp;CAN_RxMessage
<LI><a href="#[95]">&gt;&gt;</a>&nbsp;&nbsp;&nbsp;CAN_ReadIntFlag
<LI><a href="#[98]">&gt;&gt;</a>&nbsp;&nbsp;&nbsp;CAN_ClearIntFlag
</UL>
<BR>[Address Reference Count : 1]<UL><LI> startup_apm32f10x_hd.o(RESET)
</UL>
<P><STRONG><a name="[5]"></a>UsageFault_Handler</STRONG> (Thumb, 4 bytes, Stack size 0 bytes, apm32f10x_int.o(i.UsageFault_Handler))
<BR>[Address Reference Count : 1]<UL><LI> startup_apm32f10x_hd.o(RESET)
</UL>
<P><STRONG><a name="[9a]"></a>Usart2_Dma_Init</STRONG> (Thumb, 306 bytes, Stack size 56 bytes, usart.o(i.Usart2_Dma_Init))
<BR><BR>[Stack]<UL><LI>Max Depth = 148<LI>Call Chain = Usart2_Dma_Init &rArr; USART_Config &rArr; RCM_ReadPCLKFreq &rArr; RCM_ReadHCLKFreq
</UL>
<BR>[Calls]<UL><LI><a href="#[68]">&gt;&gt;</a>&nbsp;&nbsp;&nbsp;GPIO_Config
<LI><a href="#[9d]">&gt;&gt;</a>&nbsp;&nbsp;&nbsp;DMA_Reset
<LI><a href="#[a1]">&gt;&gt;</a>&nbsp;&nbsp;&nbsp;DMA_EnableInterrupt
<LI><a href="#[9e]">&gt;&gt;</a>&nbsp;&nbsp;&nbsp;DMA_ConfigStructInit
<LI><a href="#[9f]">&gt;&gt;</a>&nbsp;&nbsp;&nbsp;DMA_Config
<LI><a href="#[6c]">&gt;&gt;</a>&nbsp;&nbsp;&nbsp;NVIC_EnableIRQRequest
<LI><a href="#[66]">&gt;&gt;</a>&nbsp;&nbsp;&nbsp;RCM_EnableAPB2PeriphClock
<LI><a href="#[67]">&gt;&gt;</a>&nbsp;&nbsp;&nbsp;RCM_EnableAPB1PeriphClock
<LI><a href="#[9b]">&gt;&gt;</a>&nbsp;&nbsp;&nbsp;RCM_EnableAHBPeriphClock
<LI><a href="#[a0]">&gt;&gt;</a>&nbsp;&nbsp;&nbsp;USART_EnableDMA
<LI><a href="#[9c]">&gt;&gt;</a>&nbsp;&nbsp;&nbsp;USART_Enable
<LI><a href="#[94]">&gt;&gt;</a>&nbsp;&nbsp;&nbsp;USART_Config
</UL>
<BR>[Called By]<UL><LI><a href="#[eb]">&gt;&gt;</a>&nbsp;&nbsp;&nbsp;rt_hw_board_init
</UL>

<P><STRONG><a name="[a2]"></a>Usart3_Dma_Init</STRONG> (Thumb, 356 bytes, Stack size 56 bytes, usart.o(i.Usart3_Dma_Init))
<BR><BR>[Stack]<UL><LI>Max Depth = 148<LI>Call Chain = Usart3_Dma_Init &rArr; USART_Config &rArr; RCM_ReadPCLKFreq &rArr; RCM_ReadHCLKFreq
</UL>
<BR>[Calls]<UL><LI><a href="#[68]">&gt;&gt;</a>&nbsp;&nbsp;&nbsp;GPIO_Config
<LI><a href="#[9d]">&gt;&gt;</a>&nbsp;&nbsp;&nbsp;DMA_Reset
<LI><a href="#[a1]">&gt;&gt;</a>&nbsp;&nbsp;&nbsp;DMA_EnableInterrupt
<LI><a href="#[75]">&gt;&gt;</a>&nbsp;&nbsp;&nbsp;DMA_Enable
<LI><a href="#[9e]">&gt;&gt;</a>&nbsp;&nbsp;&nbsp;DMA_ConfigStructInit
<LI><a href="#[9f]">&gt;&gt;</a>&nbsp;&nbsp;&nbsp;DMA_Config
<LI><a href="#[6c]">&gt;&gt;</a>&nbsp;&nbsp;&nbsp;NVIC_EnableIRQRequest
<LI><a href="#[66]">&gt;&gt;</a>&nbsp;&nbsp;&nbsp;RCM_EnableAPB2PeriphClock
<LI><a href="#[67]">&gt;&gt;</a>&nbsp;&nbsp;&nbsp;RCM_EnableAPB1PeriphClock
<LI><a href="#[9b]">&gt;&gt;</a>&nbsp;&nbsp;&nbsp;RCM_EnableAHBPeriphClock
<LI><a href="#[a3]">&gt;&gt;</a>&nbsp;&nbsp;&nbsp;USART_EnableInterrupt
<LI><a href="#[a0]">&gt;&gt;</a>&nbsp;&nbsp;&nbsp;USART_EnableDMA
<LI><a href="#[9c]">&gt;&gt;</a>&nbsp;&nbsp;&nbsp;USART_Enable
<LI><a href="#[94]">&gt;&gt;</a>&nbsp;&nbsp;&nbsp;USART_Config
</UL>
<BR>[Called By]<UL><LI><a href="#[eb]">&gt;&gt;</a>&nbsp;&nbsp;&nbsp;rt_hw_board_init
</UL>

<P><STRONG><a name="[10d]"></a>__rt_ffs</STRONG> (Thumb, 70 bytes, Stack size 0 bytes, kservice.o(i.__rt_ffs))
<BR><BR>[Called By]<UL><LI><a href="#[118]">&gt;&gt;</a>&nbsp;&nbsp;&nbsp;rt_system_scheduler_start
<LI><a href="#[e8]">&gt;&gt;</a>&nbsp;&nbsp;&nbsp;rt_schedule
</UL>

<P><STRONG><a name="[14f]"></a>__scatterload_copy</STRONG> (Thumb, 14 bytes, Stack size unknown bytes, handlers.o(i.__scatterload_copy), UNUSED)

<P><STRONG><a name="[150]"></a>__scatterload_null</STRONG> (Thumb, 2 bytes, Stack size unknown bytes, handlers.o(i.__scatterload_null), UNUSED)

<P><STRONG><a name="[151]"></a>__scatterload_zeroinit</STRONG> (Thumb, 14 bytes, Stack size unknown bytes, handlers.o(i.__scatterload_zeroinit), UNUSED)

<P><STRONG><a name="[b3]"></a>build_my_net_thread</STRONG> (Thumb, 66 bytes, Stack size 16 bytes, my_netapp.o(i.build_my_net_thread))
<BR><BR>[Stack]<UL><LI>Max Depth = 284<LI>Call Chain = build_my_net_thread &rArr; rt_thread_create &rArr; rt_object_delete &rArr; rt_free &rArr; rt_kprintf &rArr; rt_vsnprintf &rArr; print_number
</UL>
<BR>[Calls]<UL><LI><a href="#[b5]">&gt;&gt;</a>&nbsp;&nbsp;&nbsp;rt_thread_startup
<LI><a href="#[b4]">&gt;&gt;</a>&nbsp;&nbsp;&nbsp;rt_thread_create
<LI><a href="#[6f]">&gt;&gt;</a>&nbsp;&nbsp;&nbsp;rt_kprintf
</UL>
<BR>[Called By]<UL><LI><a href="#[d2]">&gt;&gt;</a>&nbsp;&nbsp;&nbsp;$Super$$main
</UL>

<P><STRONG><a name="[b6]"></a>build_usart3_recv_thread</STRONG> (Thumb, 80 bytes, Stack size 16 bytes, my_usart.o(i.build_usart3_recv_thread))
<BR><BR>[Stack]<UL><LI>Max Depth = 284<LI>Call Chain = build_usart3_recv_thread &rArr; rt_thread_create &rArr; rt_object_delete &rArr; rt_free &rArr; rt_kprintf &rArr; rt_vsnprintf &rArr; print_number
</UL>
<BR>[Calls]<UL><LI><a href="#[b7]">&gt;&gt;</a>&nbsp;&nbsp;&nbsp;rt_sem_create
<LI><a href="#[b5]">&gt;&gt;</a>&nbsp;&nbsp;&nbsp;rt_thread_startup
<LI><a href="#[b4]">&gt;&gt;</a>&nbsp;&nbsp;&nbsp;rt_thread_create
<LI><a href="#[6f]">&gt;&gt;</a>&nbsp;&nbsp;&nbsp;rt_kprintf
</UL>
<BR>[Called By]<UL><LI><a href="#[d2]">&gt;&gt;</a>&nbsp;&nbsp;&nbsp;$Super$$main
</UL>

<P><STRONG><a name="[b8]"></a>build_usart_recv_thread</STRONG> (Thumb, 80 bytes, Stack size 16 bytes, my_usart.o(i.build_usart_recv_thread))
<BR><BR>[Stack]<UL><LI>Max Depth = 284<LI>Call Chain = build_usart_recv_thread &rArr; rt_thread_create &rArr; rt_object_delete &rArr; rt_free &rArr; rt_kprintf &rArr; rt_vsnprintf &rArr; print_number
</UL>
<BR>[Calls]<UL><LI><a href="#[b7]">&gt;&gt;</a>&nbsp;&nbsp;&nbsp;rt_sem_create
<LI><a href="#[b5]">&gt;&gt;</a>&nbsp;&nbsp;&nbsp;rt_thread_startup
<LI><a href="#[b4]">&gt;&gt;</a>&nbsp;&nbsp;&nbsp;rt_thread_create
<LI><a href="#[6f]">&gt;&gt;</a>&nbsp;&nbsp;&nbsp;rt_kprintf
</UL>
<BR>[Called By]<UL><LI><a href="#[d2]">&gt;&gt;</a>&nbsp;&nbsp;&nbsp;$Super$$main
</UL>

<P><STRONG><a name="[b9]"></a>close</STRONG> (Thumb, 52 bytes, Stack size 8 bytes, socket.o(i.close))
<BR><BR>[Stack]<UL><LI>Max Depth = 40<LI>Call Chain = close &rArr; IINCHIP_WRITE &rArr; iinchip_cson &rArr; wiz_cs
</UL>
<BR>[Calls]<UL><LI><a href="#[7b]">&gt;&gt;</a>&nbsp;&nbsp;&nbsp;IINCHIP_WRITE
<LI><a href="#[76]">&gt;&gt;</a>&nbsp;&nbsp;&nbsp;IINCHIP_READ
</UL>
<BR>[Called By]<UL><LI><a href="#[c0]">&gt;&gt;</a>&nbsp;&nbsp;&nbsp;socket
<LI><a href="#[12c]">&gt;&gt;</a>&nbsp;&nbsp;&nbsp;send
<LI><a href="#[13c]">&gt;&gt;</a>&nbsp;&nbsp;&nbsp;tcp_client_send
<LI><a href="#[e1]">&gt;&gt;</a>&nbsp;&nbsp;&nbsp;tcp_server_list
</UL>

<P><STRONG><a name="[ba]"></a>connect</STRONG> (Thumb, 276 bytes, Stack size 24 bytes, socket.o(i.connect))
<BR><BR>[Stack]<UL><LI>Max Depth = 236<LI>Call Chain = connect &rArr; getSIR &rArr; wiz_read_buf &rArr; rt_kprintf &rArr; rt_vsnprintf &rArr; print_number
</UL>
<BR>[Calls]<UL><LI><a href="#[bc]">&gt;&gt;</a>&nbsp;&nbsp;&nbsp;getSn_IR
<LI><a href="#[bb]">&gt;&gt;</a>&nbsp;&nbsp;&nbsp;getSIR
<LI><a href="#[7b]">&gt;&gt;</a>&nbsp;&nbsp;&nbsp;IINCHIP_WRITE
<LI><a href="#[76]">&gt;&gt;</a>&nbsp;&nbsp;&nbsp;IINCHIP_READ
<LI><a href="#[7f]">&gt;&gt;</a>&nbsp;&nbsp;&nbsp;rt_thread_delay
</UL>
<BR>[Called By]<UL><LI><a href="#[13c]">&gt;&gt;</a>&nbsp;&nbsp;&nbsp;tcp_client_send
</UL>

<P><STRONG><a name="[bd]"></a>disconnect</STRONG> (Thumb, 38 bytes, Stack size 8 bytes, socket.o(i.disconnect))
<BR><BR>[Stack]<UL><LI>Max Depth = 40<LI>Call Chain = disconnect &rArr; IINCHIP_WRITE &rArr; iinchip_cson &rArr; wiz_cs
</UL>
<BR>[Calls]<UL><LI><a href="#[7b]">&gt;&gt;</a>&nbsp;&nbsp;&nbsp;IINCHIP_WRITE
<LI><a href="#[76]">&gt;&gt;</a>&nbsp;&nbsp;&nbsp;IINCHIP_READ
</UL>
<BR>[Called By]<UL><LI><a href="#[13c]">&gt;&gt;</a>&nbsp;&nbsp;&nbsp;tcp_client_send
<LI><a href="#[e1]">&gt;&gt;</a>&nbsp;&nbsp;&nbsp;tcp_server_list
</UL>

<P><STRONG><a name="[be]"></a>do_udp</STRONG> (Thumb, 336 bytes, Stack size 32 bytes, udp.o(i.do_udp))
<BR><BR>[Stack]<UL><LI>Max Depth = 292<LI>Call Chain = do_udp &rArr; sendto &rArr; send_data_processing &rArr; wiz_write_buf &rArr; rt_kprintf &rArr; rt_vsnprintf &rArr; print_number
</UL>
<BR>[Calls]<UL><LI><a href="#[bc]">&gt;&gt;</a>&nbsp;&nbsp;&nbsp;getSn_IR
<LI><a href="#[c0]">&gt;&gt;</a>&nbsp;&nbsp;&nbsp;socket
<LI><a href="#[c4]">&gt;&gt;</a>&nbsp;&nbsp;&nbsp;sendto
<LI><a href="#[c3]">&gt;&gt;</a>&nbsp;&nbsp;&nbsp;recvfrom
<LI><a href="#[73]">&gt;&gt;</a>&nbsp;&nbsp;&nbsp;rt_memcpy
<LI><a href="#[a7]">&gt;&gt;</a>&nbsp;&nbsp;&nbsp;rt_memset
<LI><a href="#[c1]">&gt;&gt;</a>&nbsp;&nbsp;&nbsp;setSn_IR
<LI><a href="#[bf]">&gt;&gt;</a>&nbsp;&nbsp;&nbsp;getSn_SR
<LI><a href="#[c2]">&gt;&gt;</a>&nbsp;&nbsp;&nbsp;getSn_RX_RSR
</UL>
<BR>[Called By]<UL><LI><a href="#[4f]">&gt;&gt;</a>&nbsp;&nbsp;&nbsp;mu_net_thread_entry
</UL>

<P><STRONG><a name="[c5]"></a>getGAR</STRONG> (Thumb, 16 bytes, Stack size 8 bytes, w5500.o(i.getGAR))
<BR><BR>[Stack]<UL><LI>Max Depth = 212<LI>Call Chain = getGAR &rArr; wiz_read_buf &rArr; rt_kprintf &rArr; rt_vsnprintf &rArr; print_number
</UL>
<BR>[Calls]<UL><LI><a href="#[c6]">&gt;&gt;</a>&nbsp;&nbsp;&nbsp;wiz_read_buf
</UL>
<BR>[Called By]<UL><LI><a href="#[d5]">&gt;&gt;</a>&nbsp;&nbsp;&nbsp;set_w5500_ip
</UL>

<P><STRONG><a name="[12d]"></a>getIINCHIP_TxMAX</STRONG> (Thumb, 10 bytes, Stack size 0 bytes, w5500.o(i.getIINCHIP_TxMAX))
<BR><BR>[Called By]<UL><LI><a href="#[c4]">&gt;&gt;</a>&nbsp;&nbsp;&nbsp;sendto
<LI><a href="#[12c]">&gt;&gt;</a>&nbsp;&nbsp;&nbsp;send
</UL>

<P><STRONG><a name="[7e]"></a>getPHYStatus</STRONG> (Thumb, 12 bytes, Stack size 8 bytes, w5500.o(i.getPHYStatus))
<BR><BR>[Stack]<UL><LI>Max Depth = 40<LI>Call Chain = getPHYStatus &rArr; IINCHIP_READ &rArr; iinchip_cson &rArr; wiz_cs
</UL>
<BR>[Calls]<UL><LI><a href="#[76]">&gt;&gt;</a>&nbsp;&nbsp;&nbsp;IINCHIP_READ
</UL>
<BR>[Called By]<UL><LI><a href="#[7d]">&gt;&gt;</a>&nbsp;&nbsp;&nbsp;PHY_check
</UL>

<P><STRONG><a name="[c7]"></a>getSHAR</STRONG> (Thumb, 18 bytes, Stack size 8 bytes, w5500.o(i.getSHAR))
<BR><BR>[Stack]<UL><LI>Max Depth = 212<LI>Call Chain = getSHAR &rArr; wiz_read_buf &rArr; rt_kprintf &rArr; rt_vsnprintf &rArr; print_number
</UL>
<BR>[Calls]<UL><LI><a href="#[c6]">&gt;&gt;</a>&nbsp;&nbsp;&nbsp;wiz_read_buf
</UL>
<BR>[Called By]<UL><LI><a href="#[d4]">&gt;&gt;</a>&nbsp;&nbsp;&nbsp;set_w5500_mac
</UL>

<P><STRONG><a name="[c8]"></a>getSIPR</STRONG> (Thumb, 18 bytes, Stack size 8 bytes, w5500.o(i.getSIPR))
<BR><BR>[Stack]<UL><LI>Max Depth = 212<LI>Call Chain = getSIPR &rArr; wiz_read_buf &rArr; rt_kprintf &rArr; rt_vsnprintf &rArr; print_number
</UL>
<BR>[Calls]<UL><LI><a href="#[c6]">&gt;&gt;</a>&nbsp;&nbsp;&nbsp;wiz_read_buf
</UL>
<BR>[Called By]<UL><LI><a href="#[d5]">&gt;&gt;</a>&nbsp;&nbsp;&nbsp;set_w5500_ip
</UL>

<P><STRONG><a name="[bb]"></a>getSIR</STRONG> (Thumb, 18 bytes, Stack size 8 bytes, w5500.o(i.getSIR))
<BR><BR>[Stack]<UL><LI>Max Depth = 212<LI>Call Chain = getSIR &rArr; wiz_read_buf &rArr; rt_kprintf &rArr; rt_vsnprintf &rArr; print_number
</UL>
<BR>[Calls]<UL><LI><a href="#[c6]">&gt;&gt;</a>&nbsp;&nbsp;&nbsp;wiz_read_buf
</UL>
<BR>[Called By]<UL><LI><a href="#[ba]">&gt;&gt;</a>&nbsp;&nbsp;&nbsp;connect
</UL>

<P><STRONG><a name="[c9]"></a>getSUBR</STRONG> (Thumb, 18 bytes, Stack size 8 bytes, w5500.o(i.getSUBR))
<BR><BR>[Stack]<UL><LI>Max Depth = 212<LI>Call Chain = getSUBR &rArr; wiz_read_buf &rArr; rt_kprintf &rArr; rt_vsnprintf &rArr; print_number
</UL>
<BR>[Calls]<UL><LI><a href="#[c6]">&gt;&gt;</a>&nbsp;&nbsp;&nbsp;wiz_read_buf
</UL>
<BR>[Called By]<UL><LI><a href="#[d5]">&gt;&gt;</a>&nbsp;&nbsp;&nbsp;set_w5500_ip
</UL>

<P><STRONG><a name="[bc]"></a>getSn_IR</STRONG> (Thumb, 18 bytes, Stack size 8 bytes, w5500.o(i.getSn_IR))
<BR><BR>[Stack]<UL><LI>Max Depth = 40<LI>Call Chain = getSn_IR &rArr; IINCHIP_READ &rArr; iinchip_cson &rArr; wiz_cs
</UL>
<BR>[Calls]<UL><LI><a href="#[76]">&gt;&gt;</a>&nbsp;&nbsp;&nbsp;IINCHIP_READ
</UL>
<BR>[Called By]<UL><LI><a href="#[ba]">&gt;&gt;</a>&nbsp;&nbsp;&nbsp;connect
<LI><a href="#[13c]">&gt;&gt;</a>&nbsp;&nbsp;&nbsp;tcp_client_send
<LI><a href="#[e1]">&gt;&gt;</a>&nbsp;&nbsp;&nbsp;tcp_server_list
<LI><a href="#[be]">&gt;&gt;</a>&nbsp;&nbsp;&nbsp;do_udp
</UL>

<P><STRONG><a name="[c2]"></a>getSn_RX_RSR</STRONG> (Thumb, 84 bytes, Stack size 16 bytes, w5500.o(i.getSn_RX_RSR))
<BR><BR>[Stack]<UL><LI>Max Depth = 48<LI>Call Chain = getSn_RX_RSR &rArr; IINCHIP_READ &rArr; iinchip_cson &rArr; wiz_cs
</UL>
<BR>[Calls]<UL><LI><a href="#[76]">&gt;&gt;</a>&nbsp;&nbsp;&nbsp;IINCHIP_READ
</UL>
<BR>[Called By]<UL><LI><a href="#[13c]">&gt;&gt;</a>&nbsp;&nbsp;&nbsp;tcp_client_send
<LI><a href="#[e1]">&gt;&gt;</a>&nbsp;&nbsp;&nbsp;tcp_server_list
<LI><a href="#[be]">&gt;&gt;</a>&nbsp;&nbsp;&nbsp;do_udp
</UL>

<P><STRONG><a name="[bf]"></a>getSn_SR</STRONG> (Thumb, 18 bytes, Stack size 8 bytes, w5500.o(i.getSn_SR))
<BR><BR>[Stack]<UL><LI>Max Depth = 40<LI>Call Chain = getSn_SR &rArr; IINCHIP_READ &rArr; iinchip_cson &rArr; wiz_cs
</UL>
<BR>[Calls]<UL><LI><a href="#[76]">&gt;&gt;</a>&nbsp;&nbsp;&nbsp;IINCHIP_READ
</UL>
<BR>[Called By]<UL><LI><a href="#[13c]">&gt;&gt;</a>&nbsp;&nbsp;&nbsp;tcp_client_send
<LI><a href="#[e1]">&gt;&gt;</a>&nbsp;&nbsp;&nbsp;tcp_server_list
<LI><a href="#[be]">&gt;&gt;</a>&nbsp;&nbsp;&nbsp;do_udp
</UL>

<P><STRONG><a name="[cb]"></a>getSn_TX_FSR</STRONG> (Thumb, 84 bytes, Stack size 16 bytes, w5500.o(i.getSn_TX_FSR))
<BR><BR>[Stack]<UL><LI>Max Depth = 48<LI>Call Chain = getSn_TX_FSR &rArr; IINCHIP_READ &rArr; iinchip_cson &rArr; wiz_cs
</UL>
<BR>[Calls]<UL><LI><a href="#[76]">&gt;&gt;</a>&nbsp;&nbsp;&nbsp;IINCHIP_READ
</UL>
<BR>[Called By]<UL><LI><a href="#[12c]">&gt;&gt;</a>&nbsp;&nbsp;&nbsp;send
</UL>

<P><STRONG><a name="[cc]"></a>gpio_for_w5500_config</STRONG> (Thumb, 70 bytes, Stack size 8 bytes, w5500_conf.o(i.gpio_for_w5500_config))
<BR><BR>[Stack]<UL><LI>Max Depth = 28<LI>Call Chain = gpio_for_w5500_config &rArr; GPIO_Config
</UL>
<BR>[Calls]<UL><LI><a href="#[cd]">&gt;&gt;</a>&nbsp;&nbsp;&nbsp;GPIO_SetBit
<LI><a href="#[68]">&gt;&gt;</a>&nbsp;&nbsp;&nbsp;GPIO_Config
<LI><a href="#[66]">&gt;&gt;</a>&nbsp;&nbsp;&nbsp;RCM_EnableAPB2PeriphClock
</UL>
<BR>[Called By]<UL><LI><a href="#[eb]">&gt;&gt;</a>&nbsp;&nbsp;&nbsp;rt_hw_board_init
</UL>

<P><STRONG><a name="[ce]"></a>gpio_init</STRONG> (Thumb, 608 bytes, Stack size 8 bytes, gpio.o(i.gpio_init))
<BR><BR>[Stack]<UL><LI>Max Depth = 28<LI>Call Chain = gpio_init &rArr; GPIO_Config
</UL>
<BR>[Calls]<UL><LI><a href="#[cf]">&gt;&gt;</a>&nbsp;&nbsp;&nbsp;GPIO_WriteBitValue
<LI><a href="#[68]">&gt;&gt;</a>&nbsp;&nbsp;&nbsp;GPIO_Config
[...]
<LI><a href="#[79]">&gt;&gt;</a>&nbsp;&nbsp;&nbsp;iinchip_cson
<LI><a href="#[77]">&gt;&gt;</a>&nbsp;&nbsp;&nbsp;iinchip_csoff
<LI><a href="#[78]">&gt;&gt;</a>&nbsp;&nbsp;&nbsp;IINCHIP_SpiSendData
</UL>
<BR>[Called By]<UL><LI><a href="#[e3]">&gt;&gt;</a>&nbsp;&nbsp;&nbsp;recv_data_processing
<LI><a href="#[bb]">&gt;&gt;</a>&nbsp;&nbsp;&nbsp;getSIR
<LI><a href="#[c3]">&gt;&gt;</a>&nbsp;&nbsp;&nbsp;recvfrom
<LI><a href="#[c9]">&gt;&gt;</a>&nbsp;&nbsp;&nbsp;getSUBR
<LI><a href="#[c8]">&gt;&gt;</a>&nbsp;&nbsp;&nbsp;getSIPR
<LI><a href="#[c7]">&gt;&gt;</a>&nbsp;&nbsp;&nbsp;getSHAR
<LI><a href="#[c5]">&gt;&gt;</a>&nbsp;&nbsp;&nbsp;getGAR
</UL>

<P><STRONG><a name="[12f]"></a>wiz_write_buf</STRONG> (Thumb, 80 bytes, Stack size 24 bytes, w5500_conf.o(i.wiz_write_buf))
<BR><BR>[Stack]<UL><LI>Max Depth = 204<LI>Call Chain = wiz_write_buf &rArr; rt_kprintf &rArr; rt_vsnprintf &rArr; print_number
</UL>
<BR>[Calls]<UL><LI><a href="#[6f]">&gt;&gt;</a>&nbsp;&nbsp;&nbsp;rt_kprintf
<LI><a href="#[79]">&gt;&gt;</a>&nbsp;&nbsp;&nbsp;iinchip_cson
<LI><a href="#[77]">&gt;&gt;</a>&nbsp;&nbsp;&nbsp;iinchip_csoff
<LI><a href="#[78]">&gt;&gt;</a>&nbsp;&nbsp;&nbsp;IINCHIP_SpiSendData
</UL>
<BR>[Called By]<UL><LI><a href="#[12e]">&gt;&gt;</a>&nbsp;&nbsp;&nbsp;send_data_processing
<LI><a href="#[134]">&gt;&gt;</a>&nbsp;&nbsp;&nbsp;setSUBR
<LI><a href="#[133]">&gt;&gt;</a>&nbsp;&nbsp;&nbsp;setSIPR
<LI><a href="#[132]">&gt;&gt;</a>&nbsp;&nbsp;&nbsp;setSHAR
<LI><a href="#[131]">&gt;&gt;</a>&nbsp;&nbsp;&nbsp;setGAR
</UL>
<P>
<H3>
Local Symbols
</H3>
<P><STRONG><a name="[8b]"></a>SystemClock72M</STRONG> (Thumb, 212 bytes, Stack size 8 bytes, system_apm32f10x.o(i.SystemClock72M))
<BR><BR>[Stack]<UL><LI>Max Depth = 8<LI>Call Chain = SystemClock72M
</UL>
<BR>[Called By]<UL><LI><a href="#[8a]">&gt;&gt;</a>&nbsp;&nbsp;&nbsp;SystemClockConfig
</UL>

<P><STRONG><a name="[8a]"></a>SystemClockConfig</STRONG> (Thumb, 8 bytes, Stack size 8 bytes, system_apm32f10x.o(i.SystemClockConfig))
<BR><BR>[Stack]<UL><LI>Max Depth = 16<LI>Call Chain = SystemClockConfig &rArr; SystemClock72M
</UL>
<BR>[Calls]<UL><LI><a href="#[8b]">&gt;&gt;</a>&nbsp;&nbsp;&nbsp;SystemClock72M
</UL>
<BR>[Called By]<UL><LI><a href="#[4b]">&gt;&gt;</a>&nbsp;&nbsp;&nbsp;SystemInit
</UL>

<P><STRONG><a name="[141]"></a>ReviceComm</STRONG> (Thumb, 146 bytes, Stack size 12 bytes, main.o(i.ReviceComm))
<BR><BR>[Stack]<UL><LI>Max Depth = 12<LI>Call Chain = ReviceComm
</UL>
<BR>[Called By]<UL><LI><a href="#[e0]">&gt;&gt;</a>&nbsp;&nbsp;&nbsp;usart3_msg_handle
</UL>

<P><STRONG><a name="[52]"></a>msg_thread_entry</STRONG> (Thumb, 184 bytes, Stack size 0 bytes, main.o(i.msg_thread_entry))
<BR><BR>[Stack]<UL><LI>Max Depth = 452<LI>Call Chain = msg_thread_entry &rArr; usart3_msg_handle &rArr; tcp_client_send &rArr; send &rArr; send_data_processing &rArr; wiz_write_buf &rArr; rt_kprintf &rArr; rt_vsnprintf &rArr; print_number
</UL>
<BR>[Calls]<UL><LI><a href="#[de]">&gt;&gt;</a>&nbsp;&nbsp;&nbsp;CAN_EnableInterrupt
<LI><a href="#[6c]">&gt;&gt;</a>&nbsp;&nbsp;&nbsp;NVIC_EnableIRQRequest
<LI><a href="#[7f]">&gt;&gt;</a>&nbsp;&nbsp;&nbsp;rt_thread_delay
<LI><a href="#[e0]">&gt;&gt;</a>&nbsp;&nbsp;&nbsp;usart3_msg_handle
<LI><a href="#[df]">&gt;&gt;</a>&nbsp;&nbsp;&nbsp;remote_msg_handle
</UL>
<BR>[Address Reference Count : 1]<UL><LI> main.o(i.main)
</UL>
<P><STRONG><a name="[df]"></a>remote_msg_handle</STRONG> (Thumb, 650 bytes, Stack size 56 bytes, main.o(i.remote_msg_handle))
<BR><BR>[Stack]<UL><LI>Max Depth = 236<LI>Call Chain = remote_msg_handle &rArr; rt_kprintf &rArr; rt_vsnprintf &rArr; print_number
</UL>
<BR>[Calls]<UL><LI><a href="#[db]">&gt;&gt;</a>&nbsp;&nbsp;&nbsp;usart3_send_comm
<LI><a href="#[6f]">&gt;&gt;</a>&nbsp;&nbsp;&nbsp;rt_kprintf
</UL>
<BR>[Called By]<UL><LI><a href="#[52]">&gt;&gt;</a>&nbsp;&nbsp;&nbsp;msg_thread_entry
</UL>

<P><STRONG><a name="[e0]"></a>usart3_msg_handle</STRONG> (Thumb, 1822 bytes, Stack size 128 bytes, main.o(i.usart3_msg_handle))
<BR><BR>[Stack]<UL><LI>Max Depth = 452<LI>Call Chain = usart3_msg_handle &rArr; tcp_client_send &rArr; send &rArr; send_data_processing &rArr; wiz_write_buf &rArr; rt_kprintf &rArr; rt_vsnprintf &rArr; print_number
</UL>
<BR>[Calls]<UL><LI><a href="#[cd]">&gt;&gt;</a>&nbsp;&nbsp;&nbsp;GPIO_SetBit
<LI><a href="#[e4]">&gt;&gt;</a>&nbsp;&nbsp;&nbsp;GPIO_ResetBit
<LI><a href="#[db]">&gt;&gt;</a>&nbsp;&nbsp;&nbsp;usart3_send_comm
<LI><a href="#[a8]">&gt;&gt;</a>&nbsp;&nbsp;&nbsp;usart2_dma_send
<LI><a href="#[13c]">&gt;&gt;</a>&nbsp;&nbsp;&nbsp;tcp_client_send
<LI><a href="#[13b]">&gt;&gt;</a>&nbsp;&nbsp;&nbsp;stop_voice_play
<LI><a href="#[139]">&gt;&gt;</a>&nbsp;&nbsp;&nbsp;start_voice_play
<LI><a href="#[7f]">&gt;&gt;</a>&nbsp;&nbsp;&nbsp;rt_thread_delay
<LI><a href="#[6f]">&gt;&gt;</a>&nbsp;&nbsp;&nbsp;rt_kprintf
<LI><a href="#[141]">&gt;&gt;</a>&nbsp;&nbsp;&nbsp;ReviceComm
<LI><a href="#[6e]">&gt;&gt;</a>&nbsp;&nbsp;&nbsp;__aeabi_memclr4
</UL>
<BR>[Called By]<UL><LI><a href="#[52]">&gt;&gt;</a>&nbsp;&nbsp;&nbsp;msg_thread_entry
</UL>

<P><STRONG><a name="[50]"></a>Usart3_Recv_thread_entry</STRONG> (Thumb, 196 bytes, Stack size 0 bytes, my_usart.o(i.Usart3_Recv_thread_entry))
<BR><BR>[Stack]<UL><LI>Max Depth = 220<LI>Call Chain = Usart3_Recv_thread_entry &rArr; rt_sem_delete &rArr; rt_object_delete &rArr; rt_free &rArr; rt_kprintf &rArr; rt_vsnprintf &rArr; print_number
</UL>
<BR>[Calls]<UL><LI><a href="#[a6]">&gt;&gt;</a>&nbsp;&nbsp;&nbsp;DMA_ReadDataNumber
<LI><a href="#[a1]">&gt;&gt;</a>&nbsp;&nbsp;&nbsp;DMA_EnableInterrupt
<LI><a href="#[72]">&gt;&gt;</a>&nbsp;&nbsp;&nbsp;DMA_Disable
<LI><a href="#[74]">&gt;&gt;</a>&nbsp;&nbsp;&nbsp;DMA_ConfigDataNumber
<LI><a href="#[a4]">&gt;&gt;</a>&nbsp;&nbsp;&nbsp;rt_sem_take
<LI><a href="#[a5]">&gt;&gt;</a>&nbsp;&nbsp;&nbsp;rt_sem_delete
<LI><a href="#[73]">&gt;&gt;</a>&nbsp;&nbsp;&nbsp;rt_memcpy
<LI><a href="#[a7]">&gt;&gt;</a>&nbsp;&nbsp;&nbsp;rt_memset
<LI><a href="#[6f]">&gt;&gt;</a>&nbsp;&nbsp;&nbsp;rt_kprintf
</UL>
<BR>[Address Reference Count : 1]<UL><LI> my_usart.o(i.build_usart3_recv_thread)
</UL>
<P><STRONG><a name="[51]"></a>Usart_Recv_thread_entry</STRONG> (Thumb, 506 bytes, Stack size 152 bytes, my_usart.o(i.Usart_Recv_thread_entry))
<BR><BR>[Stack]<UL><LI>Max Depth = 372<LI>Call Chain = Usart_Recv_thread_entry &rArr; rt_sem_delete &rArr; rt_object_delete &rArr; rt_free &rArr; rt_kprintf &rArr; rt_vsnprintf &rArr; print_number
</UL>
<BR>[Calls]<UL><LI><a href="#[a6]">&gt;&gt;</a>&nbsp;&nbsp;&nbsp;DMA_ReadDataNumber
<LI><a href="#[a1]">&gt;&gt;</a>&nbsp;&nbsp;&nbsp;DMA_EnableInterrupt
<LI><a href="#[72]">&gt;&gt;</a>&nbsp;&nbsp;&nbsp;DMA_Disable
<LI><a href="#[74]">&gt;&gt;</a>&nbsp;&nbsp;&nbsp;DMA_ConfigDataNumber
<LI><a href="#[71]">&gt;&gt;</a>&nbsp;&nbsp;&nbsp;DMA_ClearStatusFlag
<LI><a href="#[a4]">&gt;&gt;</a>&nbsp;&nbsp;&nbsp;rt_sem_take
<LI><a href="#[a5]">&gt;&gt;</a>&nbsp;&nbsp;&nbsp;rt_sem_delete
<LI><a href="#[73]">&gt;&gt;</a>&nbsp;&nbsp;&nbsp;rt_memcpy
<LI><a href="#[a8]">&gt;&gt;</a>&nbsp;&nbsp;&nbsp;usart2_dma_send
<LI><a href="#[a7]">&gt;&gt;</a>&nbsp;&nbsp;&nbsp;rt_memset
<LI><a href="#[6e]">&gt;&gt;</a>&nbsp;&nbsp;&nbsp;__aeabi_memclr4
</UL>
<BR>[Address Reference Count : 1]<UL><LI> my_usart.o(i.build_usart_recv_thread)
</UL>
<P><STRONG><a name="[6d]"></a>Client_HandData</STRONG> (Thumb, 270 bytes, Stack size 80 bytes, my_netapp.o(i.Client_HandData))
<BR><BR>[Stack]<UL><LI>Max Depth = 260<LI>Call Chain = Client_HandData &rArr; rt_kprintf &rArr; rt_vsnprintf &rArr; print_number
</UL>
<BR>[Calls]<UL><LI><a href="#[6f]">&gt;&gt;</a>&nbsp;&nbsp;&nbsp;rt_kprintf
<LI><a href="#[6e]">&gt;&gt;</a>&nbsp;&nbsp;&nbsp;__aeabi_memclr4
</UL>
<BR>[Called By]<UL><LI><a href="#[13c]">&gt;&gt;</a>&nbsp;&nbsp;&nbsp;tcp_client_send
</UL>

<P><STRONG><a name="[ca]"></a>getSn_DIPR</STRONG> (Thumb, 66 bytes, Stack size 16 bytes, my_netapp.o(i.getSn_DIPR))
<BR><BR>[Stack]<UL><LI>Max Depth = 48<LI>Call Chain = getSn_DIPR &rArr; IINCHIP_READ &rArr; iinchip_cson &rArr; wiz_cs
</UL>
<BR>[Calls]<UL><LI><a href="#[76]">&gt;&gt;</a>&nbsp;&nbsp;&nbsp;IINCHIP_READ
</UL>
<BR>[Called By]<UL><LI><a href="#[e1]">&gt;&gt;</a>&nbsp;&nbsp;&nbsp;tcp_server_list
<LI><a href="#[130]">&gt;&gt;</a>&nbsp;&nbsp;&nbsp;server_rest
</UL>

<P><STRONG><a name="[4f]"></a>mu_net_thread_entry</STRONG> (Thumb, 34 bytes, Stack size 0 bytes, my_netapp.o(i.mu_net_thread_entry))
<BR><BR>[Stack]<UL><LI>Max Depth = 652<LI>Call Chain = mu_net_thread_entry &rArr; tcp_server_list &rArr; server_rest &rArr; send &rArr; send_data_processing &rArr; wiz_write_buf &rArr; rt_kprintf &rArr; rt_vsnprintf &rArr; print_number
</UL>
<BR>[Calls]<UL><LI><a href="#[7f]">&gt;&gt;</a>&nbsp;&nbsp;&nbsp;rt_thread_delay
<LI><a href="#[e1]">&gt;&gt;</a>&nbsp;&nbsp;&nbsp;tcp_server_list
<LI><a href="#[be]">&gt;&gt;</a>&nbsp;&nbsp;&nbsp;do_udp
</UL>
<BR>[Address Reference Count : 1]<UL><LI> my_netapp.o(i.build_my_net_thread)
</UL>
<P><STRONG><a name="[130]"></a>server_rest</STRONG> (Thumb, 1084 bytes, Stack size 40 bytes, my_netapp.o(i.server_rest))
<BR><BR>[Stack]<UL><LI>Max Depth = 300<LI>Call Chain = server_rest &rArr; send &rArr; send_data_processing &rArr; wiz_write_buf &rArr; rt_kprintf &rArr; rt_vsnprintf &rArr; print_number
</UL>
<BR>[Calls]<UL><LI><a href="#[12c]">&gt;&gt;</a>&nbsp;&nbsp;&nbsp;send
<LI><a href="#[73]">&gt;&gt;</a>&nbsp;&nbsp;&nbsp;rt_memcpy
<LI><a href="#[6f]">&gt;&gt;</a>&nbsp;&nbsp;&nbsp;rt_kprintf
<LI><a href="#[ca]">&gt;&gt;</a>&nbsp;&nbsp;&nbsp;getSn_DIPR
</UL>
<BR>[Called By]<UL><LI><a href="#[e1]">&gt;&gt;</a>&nbsp;&nbsp;&nbsp;tcp_server_list
</UL>

<P><STRONG><a name="[58]"></a>rti_board_end</STRONG> (Thumb, 4 bytes, Stack size 0 bytes, components.o(i.rti_board_end))
<BR>[Address Reference Count : 1]<UL><LI> components.o(.rti_fn.1.end)
</UL>
<P><STRONG><a name="[56]"></a>rti_board_start</STRONG> (Thumb, 4 bytes, Stack size 0 bytes, components.o(i.rti_board_start))
<BR>[Address Reference Count : 1]<UL><LI> components.o(.rti_fn.0.end)
</UL>
<P><STRONG><a name="[59]"></a>rti_end</STRONG> (Thumb, 4 bytes, Stack size 0 bytes, components.o(i.rti_end))
<BR>[Address Reference Count : 1]<UL><LI> components.o(.rti_fn.6.end)
</UL>
<P><STRONG><a name="[55]"></a>rti_start</STRONG> (Thumb, 4 bytes, Stack size 0 bytes, components.o(i.rti_start))
<BR>[Address Reference Count : 1]<UL><LI> components.o(.rti_fn.0)
</UL>
<P><STRONG><a name="[54]"></a>rt_thread_idle_entry</STRONG> (Thumb, 8 bytes, Stack size 0 bytes, idle.o(i.rt_thread_idle_entry))
<BR><BR>[Stack]<UL><LI>Max Depth = 228<LI>Call Chain = rt_thread_idle_entry &rArr; rt_thread_idle_excute &rArr; rt_object_delete &rArr; rt_free &rArr; rt_kprintf &rArr; rt_vsnprintf &rArr; print_number
</UL>
<BR>[Calls]<UL><LI><a href="#[11f]">&gt;&gt;</a>&nbsp;&nbsp;&nbsp;rt_thread_idle_excute
</UL>
<BR>[Address Reference Count : 1]<UL><LI> idle.o(i.rt_thread_idle_init)
</UL>
<P><STRONG><a name="[f9]"></a>rt_ipc_list_resume</STRONG> (Thumb, 20 bytes, Stack size 16 bytes, ipc.o(i.rt_ipc_list_resume))
<BR><BR>[Stack]<UL><LI>Max Depth = 64<LI>Call Chain = rt_ipc_list_resume &rArr; rt_thread_resume &rArr; rt_timer_stop &rArr; _rt_timer_remove
</UL>
<BR>[Calls]<UL><LI><a href="#[fa]">&gt;&gt;</a>&nbsp;&nbsp;&nbsp;rt_thread_resume
</UL>
<BR>[Called By]<UL><LI><a href="#[8e]">&gt;&gt;</a>&nbsp;&nbsp;&nbsp;rt_sem_release
</UL>

<P><STRONG><a name="[fb]"></a>rt_ipc_list_resume_all</STRONG> (Thumb, 50 bytes, Stack size 16 bytes, ipc.o(i.rt_ipc_list_resume_all))
<BR><BR>[Stack]<UL><LI>Max Depth = 64<LI>Call Chain = rt_ipc_list_resume_all &rArr; rt_thread_resume &rArr; rt_timer_stop &rArr; _rt_timer_remove
</UL>
<BR>[Calls]<UL><LI><a href="#[b2]">&gt;&gt;</a>&nbsp;&nbsp;&nbsp;rt_hw_interrupt_enable
<LI><a href="#[b1]">&gt;&gt;</a>&nbsp;&nbsp;&nbsp;rt_hw_interrupt_disable
<LI><a href="#[fa]">&gt;&gt;</a>&nbsp;&nbsp;&nbsp;rt_thread_resume
<LI><a href="#[fc]">&gt;&gt;</a>&nbsp;&nbsp;&nbsp;rt_list_isempty
</UL>
<BR>[Called By]<UL><LI><a href="#[a5]">&gt;&gt;</a>&nbsp;&nbsp;&nbsp;rt_sem_delete
</UL>

<P><STRONG><a name="[fd]"></a>rt_ipc_list_suspend</STRONG> (Thumb, 110 bytes, Stack size 24 bytes, ipc.o(i.rt_ipc_list_suspend))
<BR><BR>[Stack]<UL><LI>Max Depth = 72<LI>Call Chain = rt_ipc_list_suspend &rArr; rt_thread_suspend &rArr; rt_timer_stop &rArr; _rt_timer_remove
</UL>
<BR>[Calls]<UL><LI><a href="#[fe]">&gt;&gt;</a>&nbsp;&nbsp;&nbsp;rt_thread_suspend
<LI><a href="#[ff]">&gt;&gt;</a>&nbsp;&nbsp;&nbsp;rt_list_insert_before
</UL>
<BR>[Called By]<UL><LI><a href="#[a4]">&gt;&gt;</a>&nbsp;&nbsp;&nbsp;rt_sem_take
</UL>

<P><STRONG><a name="[100]"></a>rt_ipc_object_init</STRONG> (Thumb, 16 bytes, Stack size 8 bytes, ipc.o(i.rt_ipc_object_init))
<BR><BR>[Stack]<UL><LI>Max Depth = 8<LI>Call Chain = rt_ipc_object_init
</UL>
<BR>[Calls]<UL><LI><a href="#[101]">&gt;&gt;</a>&nbsp;&nbsp;&nbsp;rt_list_init
</UL>
<BR>[Called By]<UL><LI><a href="#[b7]">&gt;&gt;</a>&nbsp;&nbsp;&nbsp;rt_sem_create
<LI><a href="#[112]">&gt;&gt;</a>&nbsp;&nbsp;&nbsp;rt_sem_init
</UL>

<P><STRONG><a name="[101]"></a>rt_list_init</STRONG> (Thumb, 6 bytes, Stack size 0 bytes, ipc.o(i.rt_list_init))
<BR><BR>[Called By]<UL><LI><a href="#[100]">&gt;&gt;</a>&nbsp;&nbsp;&nbsp;rt_ipc_object_init
</UL>

<P><STRONG><a name="[ff]"></a>rt_list_insert_before</STRONG> (Thumb, 14 bytes, Stack size 0 bytes, ipc.o(i.rt_list_insert_before))
<BR><BR>[Called By]<UL><LI><a href="#[fd]">&gt;&gt;</a>&nbsp;&nbsp;&nbsp;rt_ipc_list_suspend
</UL>

<P><STRONG><a name="[fc]"></a>rt_list_isempty</STRONG> (Thumb, 16 bytes, Stack size 0 bytes, ipc.o(i.rt_list_isempty))
<BR><BR>[Called By]<UL><LI><a href="#[8e]">&gt;&gt;</a>&nbsp;&nbsp;&nbsp;rt_sem_release
<LI><a href="#[fb]">&gt;&gt;</a>&nbsp;&nbsp;&nbsp;rt_ipc_list_resume_all
</UL>

<P><STRONG><a name="[12a]"></a>print_number</STRONG> (Thumb, 400 bytes, Stack size 60 bytes, kservice.o(i.print_number))
<BR><BR>[Stack]<UL><LI>Max Depth = 60<LI>Call Chain = print_number
</UL>
<BR>[Called By]<UL><LI><a href="#[102]">&gt;&gt;</a>&nbsp;&nbsp;&nbsp;rt_vsnprintf
</UL>

<P><STRONG><a name="[129]"></a>skip_atoi</STRONG> (Thumb, 38 bytes, Stack size 0 bytes, kservice.o(i.skip_atoi))
<BR><BR>[Called By]<UL><LI><a href="#[102]">&gt;&gt;</a>&nbsp;&nbsp;&nbsp;rt_vsnprintf
</UL>

<P><STRONG><a name="[ea]"></a>plug_holes</STRONG> (Thumb, 108 bytes, Stack size 12 bytes, mem.o(i.plug_holes))
<BR><BR>[Stack]<UL><LI>Max Depth = 12<LI>Call Chain = plug_holes
</UL>
<BR>[Called By]<UL><LI><a href="#[e9]">&gt;&gt;</a>&nbsp;&nbsp;&nbsp;rt_free
</UL>

<P><STRONG><a name="[107]"></a>rt_list_insert_after</STRONG> (Thumb, 14 bytes, Stack size 0 bytes, object.o(i.rt_list_insert_after))
<BR><BR>[Called By]<UL><LI><a href="#[10b]">&gt;&gt;</a>&nbsp;&nbsp;&nbsp;rt_object_init
<LI><a href="#[104]">&gt;&gt;</a>&nbsp;&nbsp;&nbsp;rt_object_allocate
</UL>

<P><STRONG><a name="[109]"></a>rt_list_remove</STRONG> (Thumb, 18 bytes, Stack size 0 bytes, object.o(i.rt_list_remove))
<BR><BR>[Called By]<UL><LI><a href="#[108]">&gt;&gt;</a>&nbsp;&nbsp;&nbsp;rt_object_delete
<LI><a href="#[10a]">&gt;&gt;</a>&nbsp;&nbsp;&nbsp;rt_object_detach
</UL>

<P><STRONG><a name="[117]"></a>rt_list_init</STRONG> (Thumb, 6 bytes, Stack size 0 bytes, scheduler.o(i.rt_list_init))
<BR><BR>[Called By]<UL><LI><a href="#[116]">&gt;&gt;</a>&nbsp;&nbsp;&nbsp;rt_system_scheduler_init
</UL>

<P><STRONG><a name="[a9]"></a>_rt_thread_init</STRONG> (Thumb, 124 bytes, Stack size 48 bytes, thread.o(i._rt_thread_init))
<BR><BR>[Stack]<UL><LI>Max Depth = 144<LI>Call Chain = _rt_thread_init &rArr; rt_timer_init &rArr; rt_object_init &rArr; rt_exit_critical &rArr; rt_schedule
</UL>
<BR>[Calls]<UL><LI><a href="#[a7]">&gt;&gt;</a>&nbsp;&nbsp;&nbsp;rt_memset
<LI><a href="#[aa]">&gt;&gt;</a>&nbsp;&nbsp;&nbsp;rt_hw_stack_init
<LI><a href="#[ab]">&gt;&gt;</a>&nbsp;&nbsp;&nbsp;rt_timer_init
</UL>
<BR>[Called By]<UL><LI><a href="#[b4]">&gt;&gt;</a>&nbsp;&nbsp;&nbsp;rt_thread_create
<LI><a href="#[121]">&gt;&gt;</a>&nbsp;&nbsp;&nbsp;rt_thread_init
</UL>

<P><STRONG><a name="[b0]"></a>_thread_cleanup_execute</STRONG> (Thumb, 28 bytes, Stack size 16 bytes, thread.o(i._thread_cleanup_execute))
<BR><BR>[Stack]<UL><LI>Max Depth = 16<LI>Call Chain = _thread_cleanup_execute
</UL>
<BR>[Calls]<UL><LI><a href="#[b2]">&gt;&gt;</a>&nbsp;&nbsp;&nbsp;rt_hw_interrupt_enable
<LI><a href="#[b1]">&gt;&gt;</a>&nbsp;&nbsp;&nbsp;rt_hw_interrupt_disable
</UL>
<BR>[Called By]<UL><LI><a href="#[4d]">&gt;&gt;</a>&nbsp;&nbsp;&nbsp;rt_thread_exit
</UL>

<P><STRONG><a name="[11e]"></a>rt_list_insert_after</STRONG> (Thumb, 14 bytes, Stack size 0 bytes, thread.o(i.rt_list_insert_after))
<BR><BR>[Called By]<UL><LI><a href="#[4d]">&gt;&gt;</a>&nbsp;&nbsp;&nbsp;rt_thread_exit
</UL>

<P><STRONG><a name="[122]"></a>rt_list_remove</STRONG> (Thumb, 18 bytes, Stack size 0 bytes, thread.o(i.rt_list_remove))
<BR><BR>[Called By]<UL><LI><a href="#[124]">&gt;&gt;</a>&nbsp;&nbsp;&nbsp;rt_thread_yield
<LI><a href="#[4e]">&gt;&gt;</a>&nbsp;&nbsp;&nbsp;rt_thread_timeout
<LI><a href="#[fa]">&gt;&gt;</a>&nbsp;&nbsp;&nbsp;rt_thread_resume
</UL>

<P><STRONG><a name="[ac]"></a>_rt_timer_init</STRONG> (Thumb, 66 bytes, Stack size 32 bytes, timer.o(i._rt_timer_init))
<BR><BR>[Stack]<UL><LI>Max Depth = 32<LI>Call Chain = _rt_timer_init
</UL>
<BR>[Calls]<UL><LI><a href="#[ad]">&gt;&gt;</a>&nbsp;&nbsp;&nbsp;rt_list_init
</UL>
<BR>[Called By]<UL><LI><a href="#[ab]">&gt;&gt;</a>&nbsp;&nbsp;&nbsp;rt_timer_init
</UL>

<P><STRONG><a name="[ae]"></a>_rt_timer_remove</STRONG> (Thumb, 28 bytes, Stack size 16 bytes, timer.o(i._rt_timer_remove))
<BR><BR>[Stack]<UL><LI>Max Depth = 16<LI>Call Chain = _rt_timer_remove
</UL>
<BR>[Calls]<UL><LI><a href="#[af]">&gt;&gt;</a>&nbsp;&nbsp;&nbsp;rt_list_remove
</UL>
<BR>[Called By]<UL><LI><a href="#[125]">&gt;&gt;</a>&nbsp;&nbsp;&nbsp;rt_timer_check
<LI><a href="#[123]">&gt;&gt;</a>&nbsp;&nbsp;&nbsp;rt_timer_stop
<LI><a href="#[11c]">&gt;&gt;</a>&nbsp;&nbsp;&nbsp;rt_timer_detach
<LI><a href="#[114]">&gt;&gt;</a>&nbsp;&nbsp;&nbsp;rt_timer_start
</UL>

<P><STRONG><a name="[ad]"></a>rt_list_init</STRONG> (Thumb, 6 bytes, Stack size 0 bytes, timer.o(i.rt_list_init))
<BR><BR>[Called By]<UL><LI><a href="#[11a]">&gt;&gt;</a>&nbsp;&nbsp;&nbsp;rt_system_timer_init
<LI><a href="#[125]">&gt;&gt;</a>&nbsp;&nbsp;&nbsp;rt_timer_check
<LI><a href="#[ac]">&gt;&gt;</a>&nbsp;&nbsp;&nbsp;_rt_timer_init
</UL>

<P><STRONG><a name="[127]"></a>rt_list_insert_after</STRONG> (Thumb, 14 bytes, Stack size 0 bytes, timer.o(i.rt_list_insert_after))
<BR><BR>[Called By]<UL><LI><a href="#[125]">&gt;&gt;</a>&nbsp;&nbsp;&nbsp;rt_timer_check
<LI><a href="#[114]">&gt;&gt;</a>&nbsp;&nbsp;&nbsp;rt_timer_start
</UL>

<P><STRONG><a name="[128]"></a>rt_list_isempty</STRONG> (Thumb, 16 bytes, Stack size 0 bytes, timer.o(i.rt_list_isempty))
<BR><BR>[Called By]<UL><LI><a href="#[125]">&gt;&gt;</a>&nbsp;&nbsp;&nbsp;rt_timer_check
</UL>

<P><STRONG><a name="[af]"></a>rt_list_remove</STRONG> (Thumb, 18 bytes, Stack size 0 bytes, timer.o(i.rt_list_remove))
<BR><BR>[Called By]<UL><LI><a href="#[125]">&gt;&gt;</a>&nbsp;&nbsp;&nbsp;rt_timer_check
<LI><a href="#[ae]">&gt;&gt;</a>&nbsp;&nbsp;&nbsp;_rt_timer_remove
</UL>

<P><STRONG><a name="[ed]"></a>_SysTick_Config</STRONG> (Thumb, 44 bytes, Stack size 0 bytes, board_1.o(i._SysTick_Config))
<BR><BR>[Called By]<UL><LI><a href="#[eb]">&gt;&gt;</a>&nbsp;&nbsp;&nbsp;rt_hw_board_init
</UL>

<P><STRONG><a name="[57]"></a>uart_init</STRONG> (Thumb, 118 bytes, Stack size 8 bytes, board_1.o(i.uart_init))
<BR><BR>[Stack]<UL><LI>Max Depth = 100<LI>Call Chain = uart_init &rArr; USART_Config &rArr; RCM_ReadPCLKFreq &rArr; RCM_ReadHCLKFreq
</UL>
<BR>[Calls]<UL><LI><a href="#[13f]">&gt;&gt;</a>&nbsp;&nbsp;&nbsp;GPIO_ConfigStructInit
<LI><a href="#[68]">&gt;&gt;</a>&nbsp;&nbsp;&nbsp;GPIO_Config
<LI><a href="#[66]">&gt;&gt;</a>&nbsp;&nbsp;&nbsp;RCM_EnableAPB2PeriphClock
<LI><a href="#[9c]">&gt;&gt;</a>&nbsp;&nbsp;&nbsp;USART_Enable
<LI><a href="#[94]">&gt;&gt;</a>&nbsp;&nbsp;&nbsp;USART_Config
</UL>
<BR>[Address Reference Count : 1]<UL><LI> board_1.o(.rti_fn.1)
</UL><P>
<H3>
Undefined Global Symbols
</H3><HR></body></html>
