<html>
<body>
<pre>
<h1>µVision Build Log</h1>
<h2>Tool Versions:</h2>
IDE-Version: ¦ÌVision V5.25.2.0
Copyright (C) 2018 ARM Ltd and ARM Germany GmbH. All rights reserved.
License Information: 1 791583182@qq.com, 1, LIC=MPPLD-8UH4W-TG97T-RHQUD-PD1AT-HNK33
 
Tool Versions:
Toolchain:       MDK-ARM Plus  Version: 5.25.2.0
Toolchain Path:  E:\MDK5\ARM\ARMCC\Bin
C Compiler:      Armcc.exe V5.06 update 6 (build 750)
Assembler:       Armasm.exe V5.06 update 6 (build 750)
Linker/Locator:  ArmLink.exe V5.06 update 6 (build 750)
Library Manager: ArmAr.exe V5.06 update 6 (build 750)
Hex Converter:   FromElf.exe V5.06 update 6 (build 750)
CPU DLL:         SARMCM3.DLL V5.25.2.0
Dialog DLL:      DCM.DLL V1.17.1.0
Target DLL:      Segger\JL2CM3.dll V2.99.29.0
Dialog DLL:      TCM.DLL V1.35.1.0
 
<h2>Project:</h2>
H:\work\Digital_intercom\sotfewore\APM32E103_main\Project\MDK\GPIO_Toggle.uvprojx
Project File Date:  02/25/2023

<h2>Output:</h2>
*** Using Compiler 'V5.06 update 6 (build 750)', folder: 'E:\MDK5\ARM\ARMCC\Bin'
Build target 'APM32E103_MINI'
compiling main.c...
linking...
Program Size: Code=21768 RO-data=668 RW-data=332 ZI-data=39788  
".\Objects\GPIO_Toggle.axf" - 0 Error(s), 0 Warning(s).

<h2>Software Packages used:</h2>

Package Vendor: Geehy
                https://www.geehy.com/uploads/tool/Geehy.APM32E1xx_DFP.1.0.1.pack
                Geehy.APM32E1xx_DFP.1.0.1
                Geehy Semiconductor APM32E1 Series Device Support, Drivers and Examples

Package Vendor: RealThread
                https://www.rt-thread.org/download/mdk/RealThread.RT-Thread.3.1.5.pack
                RealThread.RT-Thread.3.1.5
                RT-Thread Software Components
   * Component: kernel Version: 3.1.5

<h2>Collection of Component include folders:</h2>
  .\RTE\RTOS
  .\RTE\_APM32E103_MINI
  E:\MDK5\ARM\PACK\Geehy\APM32E1xx_DFP\1.0.1\Device\Include
  E:\MDK5\ARM\PACK\RealThread\RT-Thread\3.1.5\include

<h2>Collection of Component Files used:</h2>

   * Component: RealThread.RT-Thread::RTOS:kernel:3.1.5
      Source file:   libcpu\arm\cortex-m3\cpuport.c
      Source file:   src\object.c
      Source file:   bsp\_template\board.c
      Source file:   src\clock.c
      Source file:   src\components.c
      Source file:   src\idle.c
      Source file:   src\thread.c
      Source file:   src\irq.c
      Source file:   src\mem.c
      Include file:  bsp\_template\rtconfig.h
      Source file:   src\timer.c
      Source file:   src\ipc.c
      Source file:   src\mempool.c
      Source file:   src\kservice.c
      Source file:   src\scheduler.c
      Source file:   libcpu\arm\cortex-m3\context_rvds.S
Build Time Elapsed:  00:00:01
</pre>
</body>
</html>
