Component: ARM Compiler 5.06 update 6 (build 750) Tool: armlink [4d35ed]

==============================================================================

Section Cross References

    main.o(i.fputc) refers to apm32e10x_usart.o(i.USART_TxData) for USART_TxData
    main.o(i.fputc) refers to apm32e10x_usart.o(i.USART_ReadStatusFlag) for USART_ReadStatusFlag
    main.o(i.main) refers to thread.o(i.rt_thread_create) for rt_thread_create
    main.o(i.main) refers to kservice.o(i.rt_kprintf) for rt_kprintf
    main.o(i.main) refers to thread.o(i.rt_thread_startup) for rt_thread_startup
    main.o(i.main) refers to main.o(i.msg_thread_entry) for msg_thread_entry
    main.o(i.main) refers to main.o(.data) for msg_thread
    main.o(i.msg_thread_entry) refers to apm32e10x_can.o(i.CAN_EnableInterrupt) for CAN_EnableInterrupt
    main.o(i.msg_thread_entry) refers to apm32e10x_misc.o(i.NVIC_EnableIRQRequest) for NVIC_EnableIRQRequest
    main.o(i.msg_thread_entry) refers to kservice.o(i.rt_kprintf) for rt_kprintf
    main.o(i.msg_thread_entry) refers to thread.o(i.rt_thread_delay) for rt_thread_delay
    main.o(i.remote_msg_handle) refers to apm32e10x_gpio.o(i.GPIO_WriteBitValue) for GPIO_WriteBitValue
    main.o(i.remote_msg_handle) refers to my_misc.o(i.start_voice_play) for start_voice_play
    main.o(i.remote_msg_handle) refers to kservice.o(i.rt_kprintf) for rt_kprintf
    main.o(i.remote_msg_handle) refers to my_misc.o(i.stop_voice_play) for stop_voice_play
    main.o(i.remote_msg_handle) refers to thread.o(i.rt_thread_delay) for rt_thread_delay
    main.o(i.remote_msg_handle) refers to ipc.o(i.rt_sem_release) for rt_sem_release
    main.o(i.remote_msg_handle) refers to my_can.o(.data) for My_Attribute
    main.o(i.remote_msg_handle) refers to my_usart.o(.bss) for my_usart_msg
    main.o(i.remote_msg_handle) refers to my_can.o(.bss) for my_send_remote_msg
    main.o(i.remote_msg_handle) refers to main.o(.data) for k1_lin_temp
    system_apm32e10x.o(i.SystemClockConfig) refers to system_apm32e10x.o(i.SystemClock120M) for SystemClock120M
    system_apm32e10x.o(i.SystemCoreClockUpdate) refers to system_apm32e10x.o(.data) for SystemCoreClock
    system_apm32e10x.o(i.SystemInit) refers to system_apm32e10x.o(i.SystemClockConfig) for SystemClockConfig
    startup_apm32e10x_hd.o(STACK) refers (Special) to heapauxi.o(.text) for __use_two_region_memory
    startup_apm32e10x_hd.o(HEAP) refers (Special) to heapauxi.o(.text) for __use_two_region_memory
    startup_apm32e10x_hd.o(RESET) refers (Special) to heapauxi.o(.text) for __use_two_region_memory
    startup_apm32e10x_hd.o(RESET) refers to startup_apm32e10x_hd.o(STACK) for __initial_sp
    startup_apm32e10x_hd.o(RESET) refers to startup_apm32e10x_hd.o(.text) for Reset_Handler
    startup_apm32e10x_hd.o(RESET) refers to apm32e10x_int.o(i.NMI_Handler) for NMI_Handler
    startup_apm32e10x_hd.o(RESET) refers to context_rvds.o(.text) for HardFault_Handler
    startup_apm32e10x_hd.o(RESET) refers to apm32e10x_int.o(i.MemManage_Handler) for MemManage_Handler
    startup_apm32e10x_hd.o(RESET) refers to apm32e10x_int.o(i.BusFault_Handler) for BusFault_Handler
    startup_apm32e10x_hd.o(RESET) refers to apm32e10x_int.o(i.UsageFault_Handler) for UsageFault_Handler
    startup_apm32e10x_hd.o(RESET) refers to apm32e10x_int.o(i.SVC_Handler) for SVC_Handler
    startup_apm32e10x_hd.o(RESET) refers to apm32e10x_int.o(i.DebugMon_Handler) for DebugMon_Handler
    startup_apm32e10x_hd.o(RESET) refers to board_1.o(i.SysTick_Handler) for SysTick_Handler
    startup_apm32e10x_hd.o(RESET) refers to usart.o(i.DMA1_Channel7_IRQHandler) for DMA1_Channel7_IRQHandler
    startup_apm32e10x_hd.o(RESET) refers to can.o(i.USBD1_HP_CAN1_TX_IRQHandler) for USBD1_HP_CAN1_TX_IRQHandler
    startup_apm32e10x_hd.o(RESET) refers to can.o(i.USBD1_LP_CAN1_RX0_IRQHandler) for USBD1_LP_CAN1_RX0_IRQHandler
    startup_apm32e10x_hd.o(RESET) refers to time.o(i.TMR1_UP_IRQHandler) for TMR1_UP_IRQHandler
    startup_apm32e10x_hd.o(RESET) refers to usart.o(i.USART2_IRQHandler) for USART2_IRQHandler
    startup_apm32e10x_hd.o(RESET) refers to usart.o(i.USART3_IRQHandler) for USART3_IRQHandler
    startup_apm32e10x_hd.o(RESET) refers to can.o(i.USBD2_HP_CAN2_TX_IRQHandler) for USBD2_HP_CAN2_TX_IRQHandler
    startup_apm32e10x_hd.o(RESET) refers to can.o(i.CAN2_RX1_IRQHandler) for CAN2_RX1_IRQHandler
    startup_apm32e10x_hd.o(.text) refers (Special) to heapauxi.o(.text) for __use_two_region_memory
    startup_apm32e10x_hd.o(.text) refers to system_apm32e10x.o(i.SystemInit) for SystemInit
    startup_apm32e10x_hd.o(.text) refers to __main.o(!!!main) for __main
    startup_apm32e10x_hd.o(.text) refers to startup_apm32e10x_hd.o(HEAP) for Heap_Mem
    startup_apm32e10x_hd.o(.text) refers to startup_apm32e10x_hd.o(STACK) for Stack_Mem
    apm32e10x_adc.o(i.ADC_Reset) refers to apm32e10x_rcm.o(i.RCM_EnableAPB2PeriphReset) for RCM_EnableAPB2PeriphReset
[...]
    .text                                    0x08000378   Section        8  libspace.o(.text)
    .text                                    0x08000380   Section        0  sys_exit.o(.text)
    .text                                    0x0800038c   Section        2  use_no_semi.o(.text)
    .text                                    0x0800038e   Section        0  indicate_semi.o(.text)
    i.$Sub$$main                             0x0800038e   Section        0  components.o(i.$Sub$$main)
    i.BusFault_Handler                       0x08000398   Section        0  apm32e10x_int.o(i.BusFault_Handler)
    i.CAN2_RX1_IRQHandler                    0x0800039c   Section        0  can.o(i.CAN2_RX1_IRQHandler)
    i.CAN_ClearIntFlag                       0x080004d8   Section        0  apm32e10x_can.o(i.CAN_ClearIntFlag)
    i.CAN_Config                             0x080005e4   Section        0  apm32e10x_can.o(i.CAN_Config)
    i.CAN_ConfigFilter                       0x0800070a   Section        0  apm32e10x_can.o(i.CAN_ConfigFilter)
    i.CAN_ConfigStructInit                   0x08000814   Section        0  apm32e10x_can.o(i.CAN_ConfigStructInit)
    i.CAN_DisableInterrupt                   0x08000832   Section        0  apm32e10x_can.o(i.CAN_DisableInterrupt)
    i.CAN_EnableInterrupt                    0x0800083a   Section        0  apm32e10x_can.o(i.CAN_EnableInterrupt)
    i.CAN_ReadIntFlag                        0x08000842   Section        0  apm32e10x_can.o(i.CAN_ReadIntFlag)
    i.CAN_Reset                              0x0800092c   Section        0  apm32e10x_can.o(i.CAN_Reset)
    i.CAN_RxMessage                          0x08000968   Section        0  apm32e10x_can.o(i.CAN_RxMessage)
    i.CAN_TxMessage                          0x08000a5c   Section        0  apm32e10x_can.o(i.CAN_TxMessage)
    i.Can1_Init                              0x08000b84   Section        0  can.o(i.Can1_Init)
    i.Can2_Init                              0x08000c60   Section        0  can.o(i.Can2_Init)
    i.DMA1_Channel7_IRQHandler               0x08000d3c   Section        0  usart.o(i.DMA1_Channel7_IRQHandler)
    i.DMA_ClearStatusFlag                    0x08000ddc   Section        0  apm32e10x_dma.o(i.DMA_ClearStatusFlag)
    i.DMA_ConfigDataNumber                   0x08000df8   Section        0  apm32e10x_dma.o(i.DMA_ConfigDataNumber)
    i.DMA_Disable                            0x08000dfc   Section        0  apm32e10x_dma.o(i.DMA_Disable)
    i.DMA_Enable                             0x08000e06   Section        0  apm32e10x_dma.o(i.DMA_Enable)
    i.DMA_EnableInterrupt                    0x08000e12   Section        0  apm32e10x_dma.o(i.DMA_EnableInterrupt)
    i.DMA_ReadDataNumber                     0x08000e1a   Section        0  apm32e10x_dma.o(i.DMA_ReadDataNumber)
    i.DMA_ReadIntFlag                        0x08000e24   Section        0  apm32e10x_dma.o(i.DMA_ReadIntFlag)
    i.DebugMon_Handler                       0x08000e54   Section        0  apm32e10x_int.o(i.DebugMon_Handler)
    i.GPIO_Config                            0x08000e56   Section        0  apm32e10x_gpio.o(i.GPIO_Config)
    i.GPIO_ConfigStructInit                  0x08000ef0   Section        0  apm32e10x_gpio.o(i.GPIO_ConfigStructInit)
    i.MemManage_Handler                      0x08000f00   Section        0  apm32e10x_int.o(i.MemManage_Handler)
    i.NMI_Handler                            0x08000f04   Section        0  apm32e10x_int.o(i.NMI_Handler)
    i.NVIC_ConfigPriorityGroup               0x08000f08   Section        0  apm32e10x_misc.o(i.NVIC_ConfigPriorityGroup)
    i.NVIC_EnableIRQRequest                  0x08000f1c   Section        0  apm32e10x_misc.o(i.NVIC_EnableIRQRequest)
    i.RCM_DisableAPB1PeriphReset             0x08000fbc   Section        0  apm32e10x_rcm.o(i.RCM_DisableAPB1PeriphReset)
    i.RCM_EnableAPB1PeriphClock              0x08000fcc   Section        0  apm32e10x_rcm.o(i.RCM_EnableAPB1PeriphClock)
    i.RCM_EnableAPB1PeriphReset              0x08000fdc   Section        0  apm32e10x_rcm.o(i.RCM_EnableAPB1PeriphReset)
    i.RCM_EnableAPB2PeriphClock              0x08000fec   Section        0  apm32e10x_rcm.o(i.RCM_EnableAPB2PeriphClock)
    i.RCM_ReadHCLKFreq                       0x08000ffc   Section        0  apm32e10x_rcm.o(i.RCM_ReadHCLKFreq)
    i.RCM_ReadPCLKFreq                       0x08001038   Section        0  apm32e10x_rcm.o(i.RCM_ReadPCLKFreq)
    i.RCM_ReadSYSCLKFreq                     0x08001084   Section        0  apm32e10x_rcm.o(i.RCM_ReadSYSCLKFreq)
    i.SVC_Handler                            0x080010e8   Section        0  apm32e10x_int.o(i.SVC_Handler)
    i.SysTick_Handler                        0x080010ea   Section        0  board_1.o(i.SysTick_Handler)
    i.SystemClock120M                        0x080010f4   Section        0  system_apm32e10x.o(i.SystemClock120M)
    SystemClock120M                          0x080010f5   Thumb Code   212  system_apm32e10x.o(i.SystemClock120M)
    i.SystemClockConfig                      0x080011d0   Section        0  system_apm32e10x.o(i.SystemClockConfig)
    SystemClockConfig                        0x080011d1   Thumb Code     8  system_apm32e10x.o(i.SystemClockConfig)
    i.SystemCoreClockUpdate                  0x080011d8   Section        0  system_apm32e10x.o(i.SystemCoreClockUpdate)
    i.SystemInit                             0x08001284   Section        0  system_apm32e10x.o(i.SystemInit)
    i.TMR1_UP_IRQHandler                     0x080012e4   Section        0  time.o(i.TMR1_UP_IRQHandler)
    i.TMR_ClearIntFlag                       0x0800131c   Section        0  apm32e10x_tmr.o(i.TMR_ClearIntFlag)
    i.TMR_Disable                            0x08001322   Section        0  apm32e10x_tmr.o(i.TMR_Disable)
    i.TMR_Enable                             0x0800132c   Section        0  apm32e10x_tmr.o(i.TMR_Enable)
    i.TMR_ReadIntFlag                        0x08001338   Section        0  apm32e10x_tmr.o(i.TMR_ReadIntFlag)
    i.USART2_IRQHandler                      0x08001350   Section        0  usart.o(i.USART2_IRQHandler)
    i.USART3_IRQHandler                      0x080013b8   Section        0  usart.o(i.USART3_IRQHandler)
    i.USART_ClearIntFlag                     0x08001430   Section        0  apm32e10x_usart.o(i.USART_ClearIntFlag)
    i.USART_Config                           0x08001440   Section        0  apm32e10x_usart.o(i.USART_Config)
    i.USART_DisableInterrupt                 0x080014d0   Section        0  apm32e10x_usart.o(i.USART_DisableInterrupt)
    i.USART_Enable                           0x080014fa   Section        0  apm32e10x_usart.o(i.USART_Enable)
    i.USART_ReadIntFlag                      0x08001508   Section        0  apm32e10x_usart.o(i.USART_ReadIntFlag)
    i.USART_ReadStatusFlag                   0x08001546   Section        0  apm32e10x_usart.o(i.USART_ReadStatusFlag)
    i.USART_TxData                           0x08001556   Section        0  apm32e10x_usart.o(i.USART_TxData)
    i.USBD1_HP_CAN1_TX_IRQHandler            0x08001560   Section        0  can.o(i.USBD1_HP_CAN1_TX_IRQHandler)
    i.USBD1_LP_CAN1_RX0_IRQHandler           0x080015d8   Section        0  can.o(i.USBD1_LP_CAN1_RX0_IRQHandler)
    i.USBD2_HP_CAN2_TX_IRQHandler            0x08001710   Section        0  can.o(i.USBD2_HP_CAN2_TX_IRQHandler)
    i.UsageFault_Handler                     0x08001778   Section        0  apm32e10x_int.o(i.UsageFault_Handler)
    i._SysTick_Config                        0x0800177c   Section        0  board_1.o(i._SysTick_Config)
    _SysTick_Config                          0x0800177d   Thumb Code    44  board_1.o(i._SysTick_Config)
    i.__rt_ffs                               0x080017ac   Section        0  kservice.o(i.__rt_ffs)
    i._rt_thread_init                        0x080017f8   Section        0  thread.o(i._rt_thread_init)
    _rt_thread_init                          0x080017f9   Thumb Code   124  thread.o(i._rt_thread_init)
    i._rt_timer_init                         0x0800187c   Section        0  timer.o(i._rt_timer_init)
    _rt_timer_init                           0x0800187d   Thumb Code    66  timer.o(i._rt_timer_init)
    i._rt_timer_remove                       0x080018be   Section        0  timer.o(i._rt_timer_remove)
    _rt_timer_remove                         0x080018bf   Thumb Code    28  timer.o(i._rt_timer_remove)
    i._thread_cleanup_execute                0x080018da   Section        0  thread.o(i._thread_cleanup_execute)
    _thread_cleanup_execute                  0x080018db   Thumb Code    28  thread.o(i._thread_cleanup_execute)
    i.can1_send_msg                          0x080018f8   Section        0  my_can.o(i.can1_send_msg)
    i.can2_send_msg                          0x080019d4   Section        0  my_can.o(i.can2_send_msg)
    i.main                                   0x08001ab0   Section        0  main.o(i.main)
    i.main_thread_entry                      0x08001b44   Section        0  components.o(i.main_thread_entry)
    i.msg_thread_entry                       0x08001b54   Section        0  main.o(i.msg_thread_entry)
    msg_thread_entry                         0x08001b55   Thumb Code    58  main.o(i.msg_thread_entry)
    i.plug_holes                             0x08001b9c   Section        0  mem.o(i.plug_holes)
    plug_holes                               0x08001b9d   Thumb Code   108  mem.o(i.plug_holes)
    i.print_number                           0x08001c14   Section        0  kservice.o(i.print_number)
    print_number                             0x08001c15   Thumb Code   400  kservice.o(i.print_number)
    i.rt_application_init                    0x08001dac   Section        0  components.o(i.rt_application_init)
    i.rt_components_board_init               0x08001ddc   Section        0  components.o(i.rt_components_board_init)
    i.rt_components_init                     0x08001df8   Section        0  components.o(i.rt_components_init)
    i.rt_enter_critical                      0x08001e14   Section        0  scheduler.o(i.rt_enter_critical)
    i.rt_exit_critical                       0x08001e34   Section        0  scheduler.o(i.rt_exit_critical)
    i.rt_free                                0x08001e78   Section        0  mem.o(i.rt_free)
    i.rt_heap_begin_get                      0x08001f58   Section        0  board_1.o(i.rt_heap_begin_get)
    i.rt_heap_end_get                        0x08001f60   Section        0  board_1.o(i.rt_heap_end_get)
    i.rt_hw_board_init                       0x08001f68   Section        0  board_1.o(i.rt_hw_board_init)
    i.rt_hw_console_output                   0x08001fac   Section        0  board_1.o(i.rt_hw_console_output)
    i.rt_hw_hard_fault_exception             0x08001ffc   Section        0  cpuport.o(i.rt_hw_hard_fault_exception)
    i.rt_hw_stack_init                       0x080021fc   Section        0  cpuport.o(i.rt_hw_stack_init)
    i.rt_interrupt_enter                     0x08002248   Section        0  irq.o(i.rt_interrupt_enter)
    i.rt_interrupt_leave                     0x08002268   Section        0  irq.o(i.rt_interrupt_leave)
    i.rt_ipc_list_resume                     0x08002288   Section        0  ipc.o(i.rt_ipc_list_resume)
    rt_ipc_list_resume                       0x08002289   Thumb Code    20  ipc.o(i.rt_ipc_list_resume)
    i.rt_ipc_list_suspend                    0x0800229c   Section        0  ipc.o(i.rt_ipc_list_suspend)
    rt_ipc_list_suspend                      0x0800229d   Thumb Code   110  ipc.o(i.rt_ipc_list_suspend)
    i.rt_ipc_object_init                     0x0800230a   Section        0  ipc.o(i.rt_ipc_object_init)
    rt_ipc_object_init                       0x0800230b   Thumb Code    16  ipc.o(i.rt_ipc_object_init)
    i.rt_kprintf                             0x0800231c   Section        0  kservice.o(i.rt_kprintf)
    i.rt_list_init                           0x0800234c   Section        0  ipc.o(i.rt_list_init)
    rt_list_init                             0x0800234d   Thumb Code     6  ipc.o(i.rt_list_init)
    i.rt_list_init                           0x08002352   Section        0  scheduler.o(i.rt_list_init)
    rt_list_init                             0x08002353   Thumb Code     6  scheduler.o(i.rt_list_init)
    i.rt_list_init                           0x08002358   Section        0  timer.o(i.rt_list_init)
    rt_list_init                             0x08002359   Thumb Code     6  timer.o(i.rt_list_init)
    i.rt_list_insert_after                   0x0800235e   Section        0  object.o(i.rt_list_insert_after)
    rt_list_insert_after                     0x0800235f   Thumb Code    14  object.o(i.rt_list_insert_after)
    i.rt_list_insert_after                   0x0800236c   Section        0  thread.o(i.rt_list_insert_after)
    rt_list_insert_after                     0x0800236d   Thumb Code    14  thread.o(i.rt_list_insert_after)
    i.rt_list_insert_after                   0x0800237a   Section        0  timer.o(i.rt_list_insert_after)
    rt_list_insert_after                     0x0800237b   Thumb Code    14  timer.o(i.rt_list_insert_after)
    i.rt_list_insert_before                  0x08002388   Section        0  ipc.o(i.rt_list_insert_before)
    rt_list_insert_before                    0x08002389   Thumb Code    14  ipc.o(i.rt_list_insert_before)
    i.rt_list_isempty                        0x08002396   Section        0  ipc.o(i.rt_list_isempty)
    rt_list_isempty                          0x08002397   Thumb Code    16  ipc.o(i.rt_list_isempty)
    i.rt_list_isempty                        0x080023a6   Section        0  timer.o(i.rt_list_isempty)
    rt_list_isempty                          0x080023a7   Thumb Code    16  timer.o(i.rt_list_isempty)
    i.rt_list_remove                         0x080023b6   Section        0  object.o(i.rt_list_remove)
    rt_list_remove                           0x080023b7   Thumb Code    18  object.o(i.rt_list_remove)
    i.rt_list_remove                         0x080023c8   Section        0  thread.o(i.rt_list_remove)
    rt_list_remove                           0x080023c9   Thumb Code    18  thread.o(i.rt_list_remove)
    i.rt_list_remove                         0x080023da   Section        0  timer.o(i.rt_list_remove)
    rt_list_remove                           0x080023db   Thumb Code    18  timer.o(i.rt_list_remove)
    i.rt_malloc                              0x080023ec   Section        0  mem.o(i.rt_malloc)
    i.rt_memcpy                              0x08002558   Section        0  kservice.o(i.rt_memcpy)
    i.rt_memset                              0x080025d4   Section        0  kservice.o(i.rt_memset)
    i.rt_object_allocate                     0x0800261c   Section        0  object.o(i.rt_object_allocate)
    i.rt_object_delete                       0x08002670   Section        0  object.o(i.rt_object_delete)
    i.rt_object_detach                       0x08002694   Section        0  object.o(i.rt_object_detach)
    i.rt_object_get_information              0x080026b4   Section        0  object.o(i.rt_object_get_information)
    i.rt_object_init                         0x080026dc   Section        0  object.o(i.rt_object_init)
    i.rt_object_is_systemobject              0x08002732   Section        0  object.o(i.rt_object_is_systemobject)
    i.rt_os_tick_callback                    0x08002744   Section        0  board_1.o(i.rt_os_tick_callback)
    i.rt_schedule                            0x08002754   Section        0  scheduler.o(i.rt_schedule)
    i.rt_schedule_insert_thread              0x080027d8   Section        0  scheduler.o(i.rt_schedule_insert_thread)
    i.rt_schedule_remove_thread              0x08002828   Section        0  scheduler.o(i.rt_schedule_remove_thread)
    i.rt_sem_init                            0x0800287c   Section        0  ipc.o(i.rt_sem_init)
    i.rt_sem_release                         0x080028a2   Section        0  ipc.o(i.rt_sem_release)
    i.rt_sem_take                            0x080028f4   Section        0  ipc.o(i.rt_sem_take)
    i.rt_show_version                        0x08002968   Section        0  kservice.o(i.rt_show_version)
    i.rt_strncpy                             0x08002a18   Section        0  kservice.o(i.rt_strncpy)
    i.rt_system_heap_init                    0x08002a4c   Section        0  mem.o(i.rt_system_heap_init)
    i.rt_system_scheduler_init               0x08002b44   Section        0  scheduler.o(i.rt_system_scheduler_init)
    i.rt_system_scheduler_start              0x08002b90   Section        0  scheduler.o(i.rt_system_scheduler_start)
    i.rt_system_timer_init                   0x08002bc0   Section        0  timer.o(i.rt_system_timer_init)
    i.rt_system_timer_thread_init            0x08002bdc   Section        0  timer.o(i.rt_system_timer_thread_init)
    i.rt_thread_create                       0x08002bde   Section        0  thread.o(i.rt_thread_create)
    i.rt_thread_delay                        0x08002c2e   Section        0  thread.o(i.rt_thread_delay)
    i.rt_thread_exit                         0x08002c3c   Section        0  thread.o(i.rt_thread_exit)
    i.rt_thread_idle_entry                   0x08002c94   Section        0  idle.o(i.rt_thread_idle_entry)
    rt_thread_idle_entry                     0x08002c95   Thumb Code     8  idle.o(i.rt_thread_idle_entry)
    i.rt_thread_idle_excute                  0x08002c9c   Section        0  idle.o(i.rt_thread_idle_excute)
    i.rt_thread_idle_init                    0x08002cfc   Section        0  idle.o(i.rt_thread_idle_init)
    i.rt_thread_init                         0x08002d38   Section        0  thread.o(i.rt_thread_init)
    i.rt_thread_resume                       0x08002d6c   Section        0  thread.o(i.rt_thread_resume)
    i.rt_thread_self                         0x08002da8   Section        0  thread.o(i.rt_thread_self)
    i.rt_thread_sleep                        0x08002db4   Section        0  thread.o(i.rt_thread_sleep)
    i.rt_thread_startup                      0x08002df8   Section        0  thread.o(i.rt_thread_startup)
    i.rt_thread_suspend                      0x08002e24   Section        0  thread.o(i.rt_thread_suspend)
    i.rt_thread_timeout                      0x08002e68   Section        0  thread.o(i.rt_thread_timeout)
    i.rt_thread_yield                        0x08002e88   Section        0  thread.o(i.rt_thread_yield)
    i.rt_tick_get                            0x08002eec   Section        0  clock.o(i.rt_tick_get)
    i.rt_tick_increase                       0x08002ef8   Section        0  clock.o(i.rt_tick_increase)
    i.rt_timer_check                         0x08002f28   Section        0  timer.o(i.rt_timer_check)
    i.rt_timer_control                       0x08002fcc   Section        0  timer.o(i.rt_timer_control)
    i.rt_timer_detach                        0x0800302e   Section        0  timer.o(i.rt_timer_detach)
    i.rt_timer_init                          0x08003056   Section        0  timer.o(i.rt_timer_init)
    i.rt_timer_start                         0x08003084   Section        0  timer.o(i.rt_timer_start)
    i.rt_timer_stop                          0x08003170   Section        0  timer.o(i.rt_timer_stop)
    i.rt_vsnprintf                           0x080031a0   Section        0  kservice.o(i.rt_vsnprintf)
    i.rti_board_end                          0x080034e0   Section        0  components.o(i.rti_board_end)
    rti_board_end                            0x080034e1   Thumb Code     4  components.o(i.rti_board_end)
    i.rti_board_start                        0x080034e4   Section        0  components.o(i.rti_board_start)
    rti_board_start                          0x080034e5   Thumb Code     4  components.o(i.rti_board_start)
    i.rti_end                                0x080034e8   Section        0  components.o(i.rti_end)
    rti_end                                  0x080034e9   Thumb Code     4  components.o(i.rti_end)
    i.rti_start                              0x080034ec   Section        0  components.o(i.rti_start)
    rti_start                                0x080034ed   Thumb Code     4  components.o(i.rti_start)
    i.rtthread_startup                       0x080034f0   Section        0  components.o(i.rtthread_startup)
    i.skip_atoi                              0x0800351a   Section        0  kservice.o(i.skip_atoi)
    skip_atoi                                0x0800351b   Thumb Code    38  kservice.o(i.skip_atoi)
    i.start_time                             0x08003540   Section        0  my_time.o(i.start_time)
    i.stop_time                              0x08003558   Section        0  my_time.o(i.stop_time)
    i.uart_init                              0x08003568   Section        0  board_1.o(i.uart_init)
    uart_init                                0x08003569   Thumb Code   118  board_1.o(i.uart_init)
    .constdata                               0x080035f0   Section      290  kservice.o(.constdata)
    small_digits                             0x080036f0   Data          17  kservice.o(.constdata)
    large_digits                             0x08003701   Data          17  kservice.o(.constdata)
    .rti_fn.0                                0x08003714   Section        4  components.o(.rti_fn.0)
    __tagsym$$used                           0x08003714   Number         0  components.o(.rti_fn.0)
    .rti_fn.0.end                            0x08003718   Section        4  components.o(.rti_fn.0.end)
    __tagsym$$used                           0x08003718   Number         0  components.o(.rti_fn.0.end)
    .rti_fn.1                                0x0800371c   Section        4  board_1.o(.rti_fn.1)
    __tagsym$$used                           0x0800371c   Number         0  board_1.o(.rti_fn.1)
    .rti_fn.1.end                            0x08003720   Section        4  components.o(.rti_fn.1.end)
    __tagsym$$used                           0x08003720   Number         0  components.o(.rti_fn.1.end)
    .rti_fn.6.end                            0x08003724   Section        4  components.o(.rti_fn.6.end)
    __tagsym$$used                           0x08003724   Number         0  components.o(.rti_fn.6.end)
    .data                                    0x20000000   Section       29  main.o(.data)
    msg_thread                               0x20000000   Data           4  main.o(.data)
    voice_chang1                             0x20000004   Data           5  main.o(.data)
    voice_chang2                             0x20000009   Data           5  main.o(.data)
    .data                                    0x20000020   Section        4  system_apm32e10x.o(.data)
    .data                                    0x20000024   Section       36  my_usart.o(.data)
    Usart_Recv_thread                        0x20000028   Data           4  my_usart.o(.data)
    Usart2_Send_thread                       0x20000030   Data           4  my_usart.o(.data)
    result                                   0x2000003c   Data           4  my_usart.o(.data)
    result                                   0x20000040   Data           4  my_usart.o(.data)
    result                                   0x20000044   Data           4  my_usart.o(.data)
    .data                                    0x20000048   Section        4  usart.o(.data)
    .data                                    0x2000004c   Section       16  cpuport.o(.data)
    rt_exception_hook                        0x20000058   Data           4  cpuport.o(.data)
    .data                                    0x2000005c   Section        4  clock.o(.data)
    rt_tick                                  0x2000005c   Data           4  clock.o(.data)
    .data                                    0x20000060   Section        1  irq.o(.data)
    .data                                    0x20000064   Section       24  mem.o(.data)
    heap_ptr                                 0x20000064   Data           4  mem.o(.data)
    heap_end                                 0x20000068   Data           4  mem.o(.data)
    lfree                                    0x2000006c   Data           4  mem.o(.data)
    mem_size_aligned                         0x20000070   Data           4  mem.o(.data)
    used_mem                                 0x20000074   Data           4  mem.o(.data)
    max_mem                                  0x20000078   Data           4  mem.o(.data)
    .data                                    0x2000007c   Section       96  object.o(.data)
    rt_object_container                      0x2000007c   Data          96  object.o(.data)
    .data                                    0x200000dc   Section       24  scheduler.o(.data)
    rt_scheduler_lock_nest                   0x200000e0   Data           2  scheduler.o(.data)
    .data                                    0x200000f4   Section       12  timer.o(.data)
    rt_timer_list                            0x200000f4   Data           8  timer.o(.data)
    random_nr                                0x200000fc   Data           4  timer.o(.data)
    .bss                                     0x20000100   Section      620  my_usart.o(.bss)
    .bss                                     0x2000036c   Section     5868  can.o(.bss)
    .bss                                     0x20001a58   Section     2403  usart.o(.bss)
    .bss                                     0x200023bc   Section      376  idle.o(.bss)
    idle                                     0x200023bc   Data         120  idle.o(.bss)
    rt_thread_stack                          0x20002434   Data         256  idle.o(.bss)
    .bss                                     0x20002534   Section      256  kservice.o(.bss)
    rt_log_buf                               0x20002534   Data         256  kservice.o(.bss)
    .bss                                     0x20002634   Section       32  mem.o(.bss)
    heap_sem                                 0x20002634   Data          32  mem.o(.bss)
    .bss                                     0x20002654   Section      256  scheduler.o(.bss)
    .bss                                     0x20002754   Section    25616  board_1.o(.bss)
    rt_heap                                  0x20002754   Data       25600  board_1.o(.bss)
    UartHandle                               0x20008b54   Data          16  board_1.o(.bss)
    .bss                                     0x20008b64   Section       96  libspace.o(.bss)
    HEAP                                     0x20008bc8   Section      512  startup_apm32e10x_hd.o(HEAP)
    Heap_Mem                                 0x20008bc8   Data         512  startup_apm32e10x_hd.o(HEAP)
    STACK                                    0x20008dc8   Section     1024  startup_apm32e10x_hd.o(STACK)
    Stack_Mem                                0x20008dc8   Data        1024  startup_apm32e10x_hd.o(STACK)
    __initial_sp                             0x200091c8   Data           0  startup_apm32e10x_hd.o(STACK)

    Global Symbols

    Symbol Name                              Value     Ov Type        Size  Object(Section)

    BuildAttributes$$THM_ISAv4$P$D$K$B$S$PE$A:L22UL41UL21$X:L11$S22US41US21$IEEE1$IW$USESV6$~STKCKD$USESV7$~SHL$OSPACE$ROPI$EBA8$UX$STANDARDLIB$REQ8$PRES8$EABIv2 0x00000000   Number         0  anon$$obj.o ABSOLUTE
    __ARM_use_no_argv                        0x00000000   Number         0  main.o ABSOLUTE
    __ARM_exceptions_init                     - Undefined Weak Reference
    __alloca_initialize                       - Undefined Weak Reference
    __arm_preinit_                            - Undefined Weak Reference
    __cpp_initialize__aeabi_                  - Undefined Weak Reference
    __cxa_finalize                            - Undefined Weak Reference
    __rt_locale                               - Undefined Weak Reference
    __sigvec_lookup                           - Undefined Weak Reference
    _atexit_init                              - Undefined Weak Reference
    _call_atexit_fns                          - Undefined Weak Reference
    _clock_init                               - Undefined Weak Reference
    _fp_trap_init                             - Undefined Weak Reference
    _fp_trap_shutdown                         - Undefined Weak Reference
    _get_lc_collate                           - Undefined Weak Reference
    _get_lc_ctype                             - Undefined Weak Reference
    _get_lc_monetary                          - Undefined Weak Reference
    _get_lc_numeric                           - Undefined Weak Reference
    _get_lc_time                              - Undefined Weak Reference
    _getenv_init                              - Undefined Weak Reference
    _handle_redirection                       - Undefined Weak Reference
    _init_alloc                               - Undefined Weak Reference
    _init_user_alloc                          - Undefined Weak Reference
    _initio                                   - Undefined Weak Reference
    _rand_init                                - Undefined Weak Reference
    _signal_finish                            - Undefined Weak Reference
    _signal_init                              - Undefined Weak Reference
    _terminate_alloc                          - Undefined Weak Reference
    _terminate_user_alloc                     - Undefined Weak Reference
    _terminateio                              - Undefined Weak Reference
    __Vectors_Size                           0x00000144   Number         0  startup_apm32e10x_hd.o ABSOLUTE
    __Vectors                                0x08000000   Data           4  startup_apm32e10x_hd.o(RESET)
    __Vectors_End                            0x08000144   Data           0  startup_apm32e10x_hd.o(RESET)
    __main                                   0x08000145   Thumb Code     8  __main.o(!!!main)
    __scatterload                            0x0800014d   Thumb Code     0  __scatter.o(!!!scatter)
    __scatterload_rt2                        0x0800014d   Thumb Code    44  __scatter.o(!!!scatter)
    __scatterload_rt2_thumb_only             0x0800014d   Thumb Code     0  __scatter.o(!!!scatter)
    __scatterload_null                       0x0800015b   Thumb Code     0  __scatter.o(!!!scatter)
    __scatterload_copy                       0x08000181   Thumb Code    26  __scatter_copy.o(!!handler_copy)
    __scatterload_zeroinit                   0x0800019d   Thumb Code    28  __scatter_zi.o(!!handler_zi)
    __rt_lib_init                            0x080001b9   Thumb Code     0  libinit.o(.ARM.Collect$$libinit$$00000000)
    __rt_lib_init_alloca_1                   0x080001bb   Thumb Code     0  libinit2.o(.ARM.Collect$$libinit$$0000002E)
    __rt_lib_init_argv_1                     0x080001bb   Thumb Code     0  libinit2.o(.ARM.Collect$$libinit$$0000002C)
    __rt_lib_init_atexit_1                   0x080001bb   Thumb Code     0  libinit2.o(.ARM.Collect$$libinit$$0000001B)
    __rt_lib_init_clock_1                    0x080001bb   Thumb Code     0  libinit2.o(.ARM.Collect$$libinit$$00000021)
    __rt_lib_init_cpp_1                      0x080001bb   Thumb Code     0  libinit2.o(.ARM.Collect$$libinit$$00000032)
    __rt_lib_init_exceptions_1               0x080001bb   Thumb Code     0  libinit2.o(.ARM.Collect$$libinit$$00000030)
    __rt_lib_init_fp_1                       0x080001bb   Thumb Code     0  libinit2.o(.ARM.Collect$$libinit$$00000002)
    __rt_lib_init_fp_trap_1                  0x080001bb   Thumb Code     0  libinit2.o(.ARM.Collect$$libinit$$0000001F)
    __rt_lib_init_getenv_1                   0x080001bb   Thumb Code     0  libinit2.o(.ARM.Collect$$libinit$$00000023)
    __rt_lib_init_heap_1                     0x080001bb   Thumb Code     0  libinit2.o(.ARM.Collect$$libinit$$0000000A)
    __rt_lib_init_lc_collate_1               0x080001bb   Thumb Code     0  libinit2.o(.ARM.Collect$$libinit$$00000011)
    __rt_lib_init_lc_ctype_1                 0x080001bb   Thumb Code     0  libinit2.o(.ARM.Collect$$libinit$$00000013)
    __rt_lib_init_lc_monetary_1              0x080001bb   Thumb Code     0  libinit2.o(.ARM.Collect$$libinit$$00000015)
    __rt_lib_init_lc_numeric_1               0x080001bb   Thumb Code     0  libinit2.o(.ARM.Collect$$libinit$$00000017)
    __rt_lib_init_lc_time_1                  0x080001bb   Thumb Code     0  libinit2.o(.ARM.Collect$$libinit$$00000019)
    __rt_lib_init_preinit_1                  0x080001bb   Thumb Code     0  libinit2.o(.ARM.Collect$$libinit$$00000004)
    __rt_lib_init_rand_1                     0x080001bb   Thumb Code     0  libinit2.o(.ARM.Collect$$libinit$$0000000E)
    __rt_lib_init_return                     0x080001bb   Thumb Code     0  libinit2.o(.ARM.Collect$$libinit$$00000033)
    __rt_lib_init_signal_1                   0x080001bb   Thumb Code     0  libinit2.o(.ARM.Collect$$libinit$$0000001D)
    __rt_lib_init_stdio_1                    0x080001bb   Thumb Code     0  libinit2.o(.ARM.Collect$$libinit$$00000025)
    __rt_lib_init_user_alloc_1               0x080001bb   Thumb Code     0  libinit2.o(.ARM.Collect$$libinit$$0000000C)
    __rt_lib_shutdown                        0x080001bd   Thumb Code     0  libshutdown.o(.ARM.Collect$$libshutdown$$00000000)
    __rt_lib_shutdown_cpp_1                  0x080001bf   Thumb Code     0  libshutdown2.o(.ARM.Collect$$libshutdown$$00000002)
    __rt_lib_shutdown_fp_trap_1              0x080001bf   Thumb Code     0  libshutdown2.o(.ARM.Collect$$libshutdown$$00000007)
    __rt_lib_shutdown_heap_1                 0x080001bf   Thumb Code     0  libshutdown2.o(.ARM.Collect$$libshutdown$$0000000F)
    __rt_lib_shutdown_return                 0x080001bf   Thumb Code     0  libshutdown2.o(.ARM.Collect$$libshutdown$$00000010)
    __rt_lib_shutdown_signal_1               0x080001bf   Thumb Code     0  libshutdown2.o(.ARM.Collect$$libshutdown$$0000000A)
    __rt_lib_shutdown_stdio_1                0x080001bf   Thumb Code     0  libshutdown2.o(.ARM.Collect$$libshutdown$$00000004)
    __rt_lib_shutdown_user_alloc_1           0x080001bf   Thumb Code     0  libshutdown2.o(.ARM.Collect$$libshutdown$$0000000C)
    __rt_entry                               0x080001c1   Thumb Code     0  __rtentry.o(.ARM.Collect$$rtentry$$00000000)
    __rt_entry_presh_1                       0x080001c1   Thumb Code     0  __rtentry2.o(.ARM.Collect$$rtentry$$00000002)
    __rt_entry_sh                            0x080001c1   Thumb Code     0  __rtentry4.o(.ARM.Collect$$rtentry$$00000004)
    __rt_entry_li                            0x080001c7   Thumb Code     0  __rtentry2.o(.ARM.Collect$$rtentry$$0000000A)
    __rt_entry_postsh_1                      0x080001c7   Thumb Code     0  __rtentry2.o(.ARM.Collect$$rtentry$$00000009)
    __rt_entry_main                          0x080001cb   Thumb Code     0  __rtentry2.o(.ARM.Collect$$rtentry$$0000000D)
    __rt_entry_postli_1                      0x080001cb   Thumb Code     0  __rtentry2.o(.ARM.Collect$$rtentry$$0000000C)
    __rt_exit                                0x080001d3   Thumb Code     0  rtexit.o(.ARM.Collect$$rtexit$$00000000)
    __rt_exit_ls                             0x080001d5   Thumb Code     0  rtexit2.o(.ARM.Collect$$rtexit$$00000003)
    __rt_exit_prels_1                        0x080001d5   Thumb Code     0  rtexit2.o(.ARM.Collect$$rtexit$$00000002)
    __rt_exit_exit                           0x080001d9   Thumb Code     0  rtexit2.o(.ARM.Collect$$rtexit$$00000004)
    Reset_Handler                            0x080001e1   Thumb Code     8  startup_apm32e10x_hd.o(.text)
    ADC1_2_IRQHandler                        0x080001fb   Thumb Code     0  startup_apm32e10x_hd.o(.text)
    ADC3_IRQHandler                          0x080001fb   Thumb Code     0  startup_apm32e10x_hd.o(.text)
    CAN1_RX1_IRQHandler                      0x080001fb   Thumb Code     0  startup_apm32e10x_hd.o(.text)
    CAN1_SCE_IRQHandler                      0x080001fb   Thumb Code     0  startup_apm32e10x_hd.o(.text)
    CAN2_SCE_IRQHandler                      0x080001fb   Thumb Code     0  startup_apm32e10x_hd.o(.text)
    DMA1_Channel1_IRQHandler                 0x080001fb   Thumb Code     0  startup_apm32e10x_hd.o(.text)
    DMA1_Channel2_IRQHandler                 0x080001fb   Thumb Code     0  startup_apm32e10x_hd.o(.text)
    DMA1_Channel3_IRQHandler                 0x080001fb   Thumb Code     0  startup_apm32e10x_hd.o(.text)
    DMA1_Channel4_IRQHandler                 0x080001fb   Thumb Code     0  startup_apm32e10x_hd.o(.text)
    DMA1_Channel5_IRQHandler                 0x080001fb   Thumb Code     0  startup_apm32e10x_hd.o(.text)
    DMA1_Channel6_IRQHandler                 0x080001fb   Thumb Code     0  startup_apm32e10x_hd.o(.text)
    DMA2_Channel1_IRQHandler                 0x080001fb   Thumb Code     0  startup_apm32e10x_hd.o(.text)
    DMA2_Channel2_IRQHandler                 0x080001fb   Thumb Code     0  startup_apm32e10x_hd.o(.text)
    DMA2_Channel3_IRQHandler                 0x080001fb   Thumb Code     0  startup_apm32e10x_hd.o(.text)
    DMA2_Channel4_5_IRQHandler               0x080001fb   Thumb Code     0  startup_apm32e10x_hd.o(.text)
    EINT0_IRQHandler                         0x080001fb   Thumb Code     0  startup_apm32e10x_hd.o(.text)
    EINT15_10_IRQHandler                     0x080001fb   Thumb Code     0  startup_apm32e10x_hd.o(.text)
    EINT1_IRQHandler                         0x080001fb   Thumb Code     0  startup_apm32e10x_hd.o(.text)
    EINT2_IRQHandler                         0x080001fb   Thumb Code     0  startup_apm32e10x_hd.o(.text)
    EINT3_IRQHandler                         0x080001fb   Thumb Code     0  startup_apm32e10x_hd.o(.text)
    EINT4_IRQHandler                         0x080001fb   Thumb Code     0  startup_apm32e10x_hd.o(.text)
    EINT9_5_IRQHandler                       0x080001fb   Thumb Code     0  startup_apm32e10x_hd.o(.text)
    EMMC_IRQHandler                          0x080001fb   Thumb Code     0  startup_apm32e10x_hd.o(.text)
    FLASH_IRQHandler                         0x080001fb   Thumb Code     0  startup_apm32e10x_hd.o(.text)
    I2C1_ER_IRQHandler                       0x080001fb   Thumb Code     0  startup_apm32e10x_hd.o(.text)
    I2C1_EV_IRQHandler                       0x080001fb   Thumb Code     0  startup_apm32e10x_hd.o(.text)
    I2C2_ER_IRQHandler                       0x080001fb   Thumb Code     0  startup_apm32e10x_hd.o(.text)
    I2C2_EV_IRQHandler                       0x080001fb   Thumb Code     0  startup_apm32e10x_hd.o(.text)
    PVD_IRQHandler                           0x080001fb   Thumb Code     0  startup_apm32e10x_hd.o(.text)
    RCM_IRQHandler                           0x080001fb   Thumb Code     0  startup_apm32e10x_hd.o(.text)
    RTCAlarm_IRQHandler                      0x080001fb   Thumb Code     0  startup_apm32e10x_hd.o(.text)
    RTC_IRQHandler                           0x080001fb   Thumb Code     0  startup_apm32e10x_hd.o(.text)
    SDIO_IRQHandler                          0x080001fb   Thumb Code     0  startup_apm32e10x_hd.o(.text)
    SPI1_IRQHandler                          0x080001fb   Thumb Code     0  startup_apm32e10x_hd.o(.text)
    SPI2_IRQHandler                          0x080001fb   Thumb Code     0  startup_apm32e10x_hd.o(.text)
    SPI3_IRQHandler                          0x080001fb   Thumb Code     0  startup_apm32e10x_hd.o(.text)
    TAMPER_IRQHandler                        0x080001fb   Thumb Code     0  startup_apm32e10x_hd.o(.text)
    TMR1_BRK_IRQHandler                      0x080001fb   Thumb Code     0  startup_apm32e10x_hd.o(.text)
    TMR1_CC_IRQHandler                       0x080001fb   Thumb Code     0  startup_apm32e10x_hd.o(.text)
    TMR1_TRG_COM_IRQHandler                  0x080001fb   Thumb Code     0  startup_apm32e10x_hd.o(.text)
    TMR2_IRQHandler                          0x080001fb   Thumb Code     0  startup_apm32e10x_hd.o(.text)
    TMR3_IRQHandler                          0x080001fb   Thumb Code     0  startup_apm32e10x_hd.o(.text)
    TMR4_IRQHandler                          0x080001fb   Thumb Code     0  startup_apm32e10x_hd.o(.text)
    TMR5_IRQHandler                          0x080001fb   Thumb Code     0  startup_apm32e10x_hd.o(.text)
    TMR6_IRQHandler                          0x080001fb   Thumb Code     0  startup_apm32e10x_hd.o(.text)
    TMR7_IRQHandler                          0x080001fb   Thumb Code     0  startup_apm32e10x_hd.o(.text)
    TMR8_BRK_IRQHandler                      0x080001fb   Thumb Code     0  startup_apm32e10x_hd.o(.text)
    TMR8_CC_IRQHandler                       0x080001fb   Thumb Code     0  startup_apm32e10x_hd.o(.text)
    TMR8_TRG_COM_IRQHandler                  0x080001fb   Thumb Code     0  startup_apm32e10x_hd.o(.text)
    TMR8_UP_IRQHandler                       0x080001fb   Thumb Code     0  startup_apm32e10x_hd.o(.text)
    UART4_IRQHandler                         0x080001fb   Thumb Code     0  startup_apm32e10x_hd.o(.text)
    UART5_IRQHandler                         0x080001fb   Thumb Code     0  startup_apm32e10x_hd.o(.text)
    USART1_IRQHandler                        0x080001fb   Thumb Code     0  startup_apm32e10x_hd.o(.text)
    USBD2_LP_CAN2_RX0_IRQHandler             0x080001fb   Thumb Code     0  startup_apm32e10x_hd.o(.text)
    USBDWakeUp_IRQHandler                    0x080001fb   Thumb Code     0  startup_apm32e10x_hd.o(.text)
    WWDT_IRQHandler                          0x080001fb   Thumb Code     0  startup_apm32e10x_hd.o(.text)
    __user_initial_stackheap                 0x080001fd   Thumb Code     0  startup_apm32e10x_hd.o(.text)
    rt_hw_interrupt_disable                  0x08000221   Thumb Code     8  context_rvds.o(.text)
    rt_hw_interrupt_enable                   0x08000229   Thumb Code     6  context_rvds.o(.text)
    rt_hw_context_switch                     0x0800022f   Thumb Code    32  context_rvds.o(.text)
    rt_hw_context_switch_interrupt           0x0800022f   Thumb Code     0  context_rvds.o(.text)
    PendSV_Handler                           0x0800024f   Thumb Code    60  context_rvds.o(.text)
    rt_hw_context_switch_to                  0x0800028b   Thumb Code    56  context_rvds.o(.text)
    rt_hw_interrupt_thread_switch            0x080002c3   Thumb Code     2  context_rvds.o(.text)
    HardFault_Handler                        0x080002c5   Thumb Code    52  context_rvds.o(.text)
    __use_two_region_memory                  0x08000315   Thumb Code     2  heapauxi.o(.text)
    __rt_heap_escrow$2region                 0x08000317   Thumb Code     2  heapauxi.o(.text)
    __rt_heap_expand$2region                 0x08000319   Thumb Code     2  heapauxi.o(.text)
    __user_setup_stackheap                   0x0800031b   Thumb Code    74  sys_stackheap_outer.o(.text)
    exit                                     0x08000365   Thumb Code    18  exit.o(.text)
    __user_libspace                          0x08000379   Thumb Code     8  libspace.o(.text)
    __user_perproc_libspace                  0x08000379   Thumb Code     0  libspace.o(.text)
    __user_perthread_libspace                0x08000379   Thumb Code     0  libspace.o(.text)
    _sys_exit                                0x08000381   Thumb Code     8  sys_exit.o(.text)
    __I$use$semihosting                      0x0800038d   Thumb Code     0  use_no_semi.o(.text)
    __use_no_semihosting_swi                 0x0800038d   Thumb Code     2  use_no_semi.o(.text)
    __semihosting_library_function           0x0800038f   Thumb Code     0  indicate_semi.o(.text)
    main                                     0x0800038f   Thumb Code    10  components.o(i.$Sub$$main)
    BusFault_Handler                         0x08000399   Thumb Code     4  apm32e10x_int.o(i.BusFault_Handler)
    CAN2_RX1_IRQHandler                      0x0800039d   Thumb Code   286  can.o(i.CAN2_RX1_IRQHandler)
    CAN_ClearIntFlag                         0x080004d9   Thumb Code   268  apm32e10x_can.o(i.CAN_ClearIntFlag)
    CAN_Config                               0x080005e5   Thumb Code   294  apm32e10x_can.o(i.CAN_Config)
    CAN_ConfigFilter                         0x0800070b   Thumb Code   266  apm32e10x_can.o(i.CAN_ConfigFilter)
    CAN_ConfigStructInit                     0x08000815   Thumb Code    30  apm32e10x_can.o(i.CAN_ConfigStructInit)
    CAN_DisableInterrupt                     0x08000833   Thumb Code     8  apm32e10x_can.o(i.CAN_DisableInterrupt)
    CAN_EnableInterrupt                      0x0800083b   Thumb Code     8  apm32e10x_can.o(i.CAN_EnableInterrupt)
    CAN_ReadIntFlag                          0x08000843   Thumb Code   234  apm32e10x_can.o(i.CAN_ReadIntFlag)
    CAN_Reset                                0x0800092d   Thumb Code    52  apm32e10x_can.o(i.CAN_Reset)
    CAN_RxMessage                            0x08000969   Thumb Code   244  apm32e10x_can.o(i.CAN_RxMessage)
    CAN_TxMessage                            0x08000a5d   Thumb Code   294  apm32e10x_can.o(i.CAN_TxMessage)
    Can1_Init                                0x08000b85   Thumb Code   210  can.o(i.Can1_Init)
    Can2_Init                                0x08000c61   Thumb Code   210  can.o(i.Can2_Init)
    DMA1_Channel7_IRQHandler                 0x08000d3d   Thumb Code   146  usart.o(i.DMA1_Channel7_IRQHandler)
    DMA_ClearStatusFlag                      0x08000ddd   Thumb Code    18  apm32e10x_dma.o(i.DMA_ClearStatusFlag)
    DMA_ConfigDataNumber                     0x08000df9   Thumb Code     4  apm32e10x_dma.o(i.DMA_ConfigDataNumber)
    DMA_Disable                              0x08000dfd   Thumb Code    10  apm32e10x_dma.o(i.DMA_Disable)
    DMA_Enable                               0x08000e07   Thumb Code    12  apm32e10x_dma.o(i.DMA_Enable)
    DMA_EnableInterrupt                      0x08000e13   Thumb Code     8  apm32e10x_dma.o(i.DMA_EnableInterrupt)
    DMA_ReadDataNumber                       0x08000e1b   Thumb Code     8  apm32e10x_dma.o(i.DMA_ReadDataNumber)
    DMA_ReadIntFlag                          0x08000e25   Thumb Code    40  apm32e10x_dma.o(i.DMA_ReadIntFlag)
    DebugMon_Handler                         0x08000e55   Thumb Code     2  apm32e10x_int.o(i.DebugMon_Handler)
    GPIO_Config                              0x08000e57   Thumb Code   154  apm32e10x_gpio.o(i.GPIO_Config)
    GPIO_ConfigStructInit                    0x08000ef1   Thumb Code    16  apm32e10x_gpio.o(i.GPIO_ConfigStructInit)
    MemManage_Handler                        0x08000f01   Thumb Code     4  apm32e10x_int.o(i.MemManage_Handler)
    NMI_Handler                              0x08000f05   Thumb Code     2  apm32e10x_int.o(i.NMI_Handler)
    NVIC_ConfigPriorityGroup                 0x08000f09   Thumb Code    10  apm32e10x_misc.o(i.NVIC_ConfigPriorityGroup)
    NVIC_EnableIRQRequest                    0x08000f1d   Thumb Code   150  apm32e10x_misc.o(i.NVIC_EnableIRQRequest)
    RCM_DisableAPB1PeriphReset               0x08000fbd   Thumb Code    12  apm32e10x_rcm.o(i.RCM_DisableAPB1PeriphReset)
    RCM_EnableAPB1PeriphClock                0x08000fcd   Thumb Code    12  apm32e10x_rcm.o(i.RCM_EnableAPB1PeriphClock)
    RCM_EnableAPB1PeriphReset                0x08000fdd   Thumb Code    12  apm32e10x_rcm.o(i.RCM_EnableAPB1PeriphReset)
    RCM_EnableAPB2PeriphClock                0x08000fed   Thumb Code    12  apm32e10x_rcm.o(i.RCM_EnableAPB2PeriphClock)
    RCM_ReadHCLKFreq                         0x08000ffd   Thumb Code    38  apm32e10x_rcm.o(i.RCM_ReadHCLKFreq)
    RCM_ReadPCLKFreq                         0x08001039   Thumb Code    62  apm32e10x_rcm.o(i.RCM_ReadPCLKFreq)
    RCM_ReadSYSCLKFreq                       0x08001085   Thumb Code    86  apm32e10x_rcm.o(i.RCM_ReadSYSCLKFreq)
    SVC_Handler                              0x080010e9   Thumb Code     2  apm32e10x_int.o(i.SVC_Handler)
    SysTick_Handler                          0x080010eb   Thumb Code     8  board_1.o(i.SysTick_Handler)
    SystemCoreClockUpdate                    0x080011d9   Thumb Code   140  system_apm32e10x.o(i.SystemCoreClockUpdate)
    SystemInit                               0x08001285   Thumb Code    80  system_apm32e10x.o(i.SystemInit)
    TMR1_UP_IRQHandler                       0x080012e5   Thumb Code    44  time.o(i.TMR1_UP_IRQHandler)
    TMR_ClearIntFlag                         0x0800131d   Thumb Code     6  apm32e10x_tmr.o(i.TMR_ClearIntFlag)
    TMR_Disable                              0x08001323   Thumb Code    10  apm32e10x_tmr.o(i.TMR_Disable)
    TMR_Enable                               0x0800132d   Thumb Code    12  apm32e10x_tmr.o(i.TMR_Enable)
    TMR_ReadIntFlag                          0x08001339   Thumb Code    22  apm32e10x_tmr.o(i.TMR_ReadIntFlag)
    USART2_IRQHandler                        0x08001351   Thumb Code    84  usart.o(i.USART2_IRQHandler)
    USART3_IRQHandler                        0x080013b9   Thumb Code    92  usart.o(i.USART3_IRQHandler)
    USART_ClearIntFlag                       0x08001431   Thumb Code    16  apm32e10x_usart.o(i.USART_ClearIntFlag)
    USART_Config                             0x08001441   Thumb Code   138  apm32e10x_usart.o(i.USART_Config)
    USART_DisableInterrupt                   0x080014d1   Thumb Code    42  apm32e10x_usart.o(i.USART_DisableInterrupt)
    USART_Enable                             0x080014fb   Thumb Code    14  apm32e10x_usart.o(i.USART_Enable)
    USART_ReadIntFlag                        0x08001509   Thumb Code    62  apm32e10x_usart.o(i.USART_ReadIntFlag)
    USART_ReadStatusFlag                     0x08001547   Thumb Code    16  apm32e10x_usart.o(i.USART_ReadStatusFlag)
    USART_TxData                             0x08001557   Thumb Code    10  apm32e10x_usart.o(i.USART_TxData)
    USBD1_HP_CAN1_TX_IRQHandler              0x08001561   Thumb Code   112  can.o(i.USBD1_HP_CAN1_TX_IRQHandler)
    USBD1_LP_CAN1_RX0_IRQHandler             0x080015d9   Thumb Code   284  can.o(i.USBD1_LP_CAN1_RX0_IRQHandler)
    USBD2_HP_CAN2_TX_IRQHandler              0x08001711   Thumb Code    96  can.o(i.USBD2_HP_CAN2_TX_IRQHandler)
    UsageFault_Handler                       0x08001779   Thumb Code     4  apm32e10x_int.o(i.UsageFault_Handler)
    __rt_ffs                                 0x080017ad   Thumb Code    70  kservice.o(i.__rt_ffs)
    can1_send_msg                            0x080018f9   Thumb Code   210  my_can.o(i.can1_send_msg)
    can2_send_msg                            0x080019d5   Thumb Code   210  my_can.o(i.can2_send_msg)
    $Super$$main                             0x08001ab1   Thumb Code    66  main.o(i.main)
    main_thread_entry                        0x08001b45   Thumb Code    14  components.o(i.main_thread_entry)
    rt_application_init                      0x08001dad   Thumb Code    34  components.o(i.rt_application_init)
    rt_components_board_init                 0x08001ddd   Thumb Code    20  components.o(i.rt_components_board_init)
    rt_components_init                       0x08001df9   Thumb Code    20  components.o(i.rt_components_init)
    rt_enter_critical                        0x08001e15   Thumb Code    28  scheduler.o(i.rt_enter_critical)
    rt_exit_critical                         0x08001e35   Thumb Code    60  scheduler.o(i.rt_exit_critical)
    rt_free                                  0x08001e79   Thumb Code   128  mem.o(i.rt_free)
    rt_heap_begin_get                        0x08001f59   Thumb Code     4  board_1.o(i.rt_heap_begin_get)
    rt_heap_end_get                          0x08001f61   Thumb Code     4  board_1.o(i.rt_heap_end_get)
    rt_hw_board_init                         0x08001f69   Thumb Code    64  board_1.o(i.rt_hw_board_init)
    rt_hw_console_output                     0x08001fad   Thumb Code    74  board_1.o(i.rt_hw_console_output)
    rt_hw_hard_fault_exception               0x08001ffd   Thumb Code   190  cpuport.o(i.rt_hw_hard_fault_exception)
    rt_hw_stack_init                         0x080021fd   Thumb Code    70  cpuport.o(i.rt_hw_stack_init)
    rt_interrupt_enter                       0x08002249   Thumb Code    26  irq.o(i.rt_interrupt_enter)
    rt_interrupt_leave                       0x08002269   Thumb Code    26  irq.o(i.rt_interrupt_leave)
    rt_kprintf                               0x0800231d   Thumb Code    44  kservice.o(i.rt_kprintf)
    rt_malloc                                0x080023ed   Thumb Code   336  mem.o(i.rt_malloc)
    rt_memcpy                                0x08002559   Thumb Code   124  kservice.o(i.rt_memcpy)
    rt_memset                                0x080025d5   Thumb Code    72  kservice.o(i.rt_memset)
    rt_object_allocate                       0x0800261d   Thumb Code    84  object.o(i.rt_object_allocate)
    rt_object_delete                         0x08002671   Thumb Code    36  object.o(i.rt_object_delete)
    rt_object_detach                         0x08002695   Thumb Code    30  object.o(i.rt_object_detach)
    rt_object_get_information                0x080026b5   Thumb Code    36  object.o(i.rt_object_get_information)
    rt_object_init                           0x080026dd   Thumb Code    86  object.o(i.rt_object_init)
    rt_object_is_systemobject                0x08002733   Thumb Code    18  object.o(i.rt_object_is_systemobject)
    rt_os_tick_callback                      0x08002745   Thumb Code    16  board_1.o(i.rt_os_tick_callback)
    rt_schedule                              0x08002755   Thumb Code   106  scheduler.o(i.rt_schedule)
    rt_schedule_insert_thread                0x080027d9   Thumb Code    72  scheduler.o(i.rt_schedule_insert_thread)
    rt_schedule_remove_thread                0x08002829   Thumb Code    76  scheduler.o(i.rt_schedule_remove_thread)
    rt_sem_init                              0x0800287d   Thumb Code    38  ipc.o(i.rt_sem_init)
    rt_sem_release                           0x080028a3   Thumb Code    82  ipc.o(i.rt_sem_release)
    rt_sem_take                              0x080028f5   Thumb Code   116  ipc.o(i.rt_sem_take)
    rt_show_version                          0x08002969   Thumb Code    38  kservice.o(i.rt_show_version)
    rt_strncpy                               0x08002a19   Thumb Code    52  kservice.o(i.rt_strncpy)
    rt_system_heap_init                      0x08002a4d   Thumb Code   160  mem.o(i.rt_system_heap_init)
    rt_system_scheduler_init                 0x08002b45   Thumb Code    52  scheduler.o(i.rt_system_scheduler_init)
    rt_system_scheduler_start                0x08002b91   Thumb Code    36  scheduler.o(i.rt_system_scheduler_start)
    rt_system_timer_init                     0x08002bc1   Thumb Code    24  timer.o(i.rt_system_timer_init)
    rt_system_timer_thread_init              0x08002bdd   Thumb Code     2  timer.o(i.rt_system_timer_thread_init)
    rt_thread_create                         0x08002bdf   Thumb Code    80  thread.o(i.rt_thread_create)
    rt_thread_delay                          0x08002c2f   Thumb Code    12  thread.o(i.rt_thread_delay)
    rt_thread_exit                           0x08002c3d   Thumb Code    78  thread.o(i.rt_thread_exit)
    rt_thread_idle_excute                    0x08002c9d   Thumb Code    92  idle.o(i.rt_thread_idle_excute)
    rt_thread_idle_init                      0x08002cfd   Thumb Code    38  idle.o(i.rt_thread_idle_init)
    rt_thread_init                           0x08002d39   Thumb Code    52  thread.o(i.rt_thread_init)
    rt_thread_resume                         0x08002d6d   Thumb Code    60  thread.o(i.rt_thread_resume)
    rt_thread_self                           0x08002da9   Thumb Code     6  thread.o(i.rt_thread_self)
    rt_thread_sleep                          0x08002db5   Thumb Code    62  thread.o(i.rt_thread_sleep)
    rt_thread_startup                        0x08002df9   Thumb Code    44  thread.o(i.rt_thread_startup)
    rt_thread_suspend                        0x08002e25   Thumb Code    68  thread.o(i.rt_thread_suspend)
    rt_thread_timeout                        0x08002e69   Thumb Code    32  thread.o(i.rt_thread_timeout)
    rt_thread_yield                          0x08002e89   Thumb Code    92  thread.o(i.rt_thread_yield)
    rt_tick_get                              0x08002eed   Thumb Code     6  clock.o(i.rt_tick_get)
    rt_tick_increase                         0x08002ef9   Thumb Code    42  clock.o(i.rt_tick_increase)
    rt_timer_check                           0x08002f29   Thumb Code   160  timer.o(i.rt_timer_check)
    rt_timer_control                         0x08002fcd   Thumb Code    98  timer.o(i.rt_timer_control)
    rt_timer_detach                          0x0800302f   Thumb Code    40  timer.o(i.rt_timer_detach)
    rt_timer_init                            0x08003057   Thumb Code    46  timer.o(i.rt_timer_init)
    rt_timer_start                           0x08003085   Thumb Code   226  timer.o(i.rt_timer_start)
    rt_timer_stop                            0x08003171   Thumb Code    48  timer.o(i.rt_timer_stop)
    rt_vsnprintf                             0x080031a1   Thumb Code   824  kservice.o(i.rt_vsnprintf)
    rtthread_startup                         0x080034f1   Thumb Code    42  components.o(i.rtthread_startup)
    start_time                               0x08003541   Thumb Code    18  my_time.o(i.start_time)
    stop_time                                0x08003559   Thumb Code    10  my_time.o(i.stop_time)
    __lowest_bit_bitmap                      0x080035f0   Data         256  kservice.o(.constdata)
    __rt_init_rti_start                      0x08003714   Data           4  components.o(.rti_fn.0)
    __rt_init_rti_board_start                0x08003718   Data           4  components.o(.rti_fn.0.end)
    __rt_init_uart_init                      0x0800371c   Data           4  board_1.o(.rti_fn.1)
    __rt_init_rti_board_end                  0x08003720   Data           4  components.o(.rti_fn.1.end)
    __rt_init_rti_end                        0x08003724   Data           4  components.o(.rti_fn.6.end)
    Region$$Table$$Base                      0x08003728   Number         0  anon$$obj.o(Region$$Table)
    Region$$Table$$Limit                     0x08003748   Number         0  anon$$obj.o(Region$$Table)
    x1_lin_time                              0x20000010   Data           4  main.o(.data)
    x2_lin_time                              0x20000014   Data           4  main.o(.data)
    k1_lin_time                              0x20000018   Data           4  main.o(.data)
    k1_lin_temp                              0x2000001c   Data           1  main.o(.data)
    SystemCoreClock                          0x20000020   Data           4  system_apm32e10x.o(.data)
    my_usart_sem                             0x20000024   Data           4  my_usart.o(.data)
    my_usart2_send_sem                       0x2000002c   Data           4  my_usart.o(.data)
    usart1_send_mutex                        0x20000034   Data           4  my_usart.o(.data)
    usart2_send_mutex                        0x20000038   Data           4  my_usart.o(.data)
    Rx_USART2_Flags                          0x20000048   Data           1  usart.o(.data)
    Rx_USART2_Len                            0x20000049   Data           1  usart.o(.data)
    Rx_USART3_Flags                          0x2000004a   Data           1  usart.o(.data)
    Rx_USART3_Len                            0x2000004b   Data           1  usart.o(.data)
    rt_interrupt_from_thread                 0x2000004c   Data           4  cpuport.o(.data)
    rt_interrupt_to_thread                   0x20000050   Data           4  cpuport.o(.data)
    rt_thread_switch_interrupt_flag          0x20000054   Data           4  cpuport.o(.data)
    rt_interrupt_nest                        0x20000060   Data           1  irq.o(.data)
    rt_thread_ready_priority_group           0x200000dc   Data           4  scheduler.o(.data)
    rt_current_thread                        0x200000e4   Data           4  scheduler.o(.data)
    rt_current_priority                      0x200000e8   Data           1  scheduler.o(.data)
    rt_thread_defunct                        0x200000ec   Data           8  scheduler.o(.data)
    my_usart_msg                             0x20000100   Data         620  my_usart.o(.bss)
    can_file_buff                            0x2000036c   Data        1004  can.o(.bss)
    my_recv_can                              0x20000758   Data        1404  can.o(.bss)
    can2_send_buff                           0x20000cd4   Data        1004  can.o(.bss)
    can2_send_file_buff                      0x200010c0   Data        1004  can.o(.bss)
    my_recv_can2                             0x200014ac   Data        1404  can.o(.bss)
    TxMessage                                0x20001a28   Data          20  can.o(.bss)
    RxMessage                                0x20001a3c   Data          28  can.o(.bss)
    TxBuffer2                                0x20001a58   Data         150  usart.o(.bss)
    RxBuffer2                                0x20001aee   Data         150  usart.o(.bss)
    RX_USART2_BUFF                           0x20001b84   Data         150  usart.o(.bss)
    TxBuffer3                                0x20001c1a   Data         150  usart.o(.bss)
    RxBuffer3                                0x20001cb0   Data         150  usart.o(.bss)
    RX_USART3_BUFF                           0x20001d46   Data         150  usart.o(.bss)
    My_Usart_Send_Buff                       0x20001ddc   Data        1503  usart.o(.bss)
    rt_thread_priority_table                 0x20002654   Data         256  scheduler.o(.bss)
    __libspace_start                         0x20008b64   Data          96  libspace.o(.bss)
    __temporary_stack_top$libspace           0x20008bc4   Data           0  libspace.o(.bss)



==============================================================================

Memory Map of the image

  Image Entry point : 0x08000145

  Load Region LR_IROM1 (Base: 0x08000000, Size: 0x00003848, Max: 0x00080000, ABSOLUTE)

    Execution Region ER_IROM1 (Exec base: 0x08000000, Load base: 0x08000000, Size: 0x00003748, Max: 0x00080000, ABSOLUTE)

    Exec Addr    Load Addr    Size         Type   Attr      Idx    E Section Name        Object

    0x08000000   0x08000000   0x00000144   Data   RO          358    RESET               startup_apm32e10x_hd.o
    0x08000144   0x08000144   0x00000008   Code   RO         6427  * !!!main             c_w.l(__main.o)
    0x0800014c   0x0800014c   0x00000034   Code   RO         6584    !!!scatter          c_w.l(__scatter.o)
    0x08000180   0x08000180   0x0000001a   Code   RO         6586    !!handler_copy      c_w.l(__scatter_copy.o)
    0x0800019a   0x0800019a   0x00000002   PAD
    0x0800019c   0x0800019c   0x0000001c   Code   RO         6588    !!handler_zi        c_w.l(__scatter_zi.o)
    0x080001b8   0x080001b8   0x00000002   Code   RO         6454    .ARM.Collect$$libinit$$00000000  c_w.l(libinit.o)
    0x080001ba   0x080001ba   0x00000000   Code   RO         6461    .ARM.Collect$$libinit$$00000002  c_w.l(libinit2.o)
    0x080001ba   0x080001ba   0x00000000   Code   RO         6463    .ARM.Collect$$libinit$$00000004  c_w.l(libinit2.o)
    0x080001ba   0x080001ba   0x00000000   Code   RO         6466    .ARM.Collect$$libinit$$0000000A  c_w.l(libinit2.o)
    0x080001ba   0x080001ba   0x00000000   Code   RO         6468    .ARM.Collect$$libinit$$0000000C  c_w.l(libinit2.o)
    0x080001ba   0x080001ba   0x00000000   Code   RO         6470    .ARM.Collect$$libinit$$0000000E  c_w.l(libinit2.o)
    0x080001ba   0x080001ba   0x00000000   Code   RO         6473    .ARM.Collect$$libinit$$00000011  c_w.l(libinit2.o)
    0x080001ba   0x080001ba   0x00000000   Code   RO         6475    .ARM.Collect$$libinit$$00000013  c_w.l(libinit2.o)
    0x080001ba   0x080001ba   0x00000000   Code   RO         6477    .ARM.Collect$$libinit$$00000015  c_w.l(libinit2.o)
    0x080001ba   0x080001ba   0x00000000   Code   RO         6479    .ARM.Collect$$libinit$$00000017  c_w.l(libinit2.o)
    0x080001ba   0x080001ba   0x00000000   Code   RO         6481    .ARM.Collect$$libinit$$00000019  c_w.l(libinit2.o)
    0x080001ba   0x080001ba   0x00000000   Code   RO         6483    .ARM.Collect$$libinit$$0000001B  c_w.l(libinit2.o)
    0x080001ba   0x080001ba   0x00000000   Code   RO         6485    .ARM.Collect$$libinit$$0000001D  c_w.l(libinit2.o)
    0x080001ba   0x080001ba   0x00000000   Code   RO         6487    .ARM.Collect$$libinit$$0000001F  c_w.l(libinit2.o)
    0x080001ba   0x080001ba   0x00000000   Code   RO         6489    .ARM.Collect$$libinit$$00000021  c_w.l(libinit2.o)
    0x080001ba   0x080001ba   0x00000000   Code   RO         6491    .ARM.Collect$$libinit$$00000023  c_w.l(libinit2.o)
    0x080001ba   0x080001ba   0x00000000   Code   RO         6493    .ARM.Collect$$libinit$$00000025  c_w.l(libinit2.o)
    0x080001ba   0x080001ba   0x00000000   Code   RO         6497    .ARM.Collect$$libinit$$0000002C  c_w.l(libinit2.o)
    0x080001ba   0x080001ba   0x00000000   Code   RO         6499    .ARM.Collect$$libinit$$0000002E  c_w.l(libinit2.o)
    0x080001ba   0x080001ba   0x00000000   Code   RO         6501    .ARM.Collect$$libinit$$00000030  c_w.l(libinit2.o)
    0x080001ba   0x080001ba   0x00000000   Code   RO         6503    .ARM.Collect$$libinit$$00000032  c_w.l(libinit2.o)
    0x080001ba   0x080001ba   0x00000002   Code   RO         6504    .ARM.Collect$$libinit$$00000033  c_w.l(libinit2.o)
    0x080001bc   0x080001bc   0x00000002   Code   RO         6524    .ARM.Collect$$libshutdown$$00000000  c_w.l(libshutdown.o)
    0x080001be   0x080001be   0x00000000   Code   RO         6537    .ARM.Collect$$libshutdown$$00000002  c_w.l(libshutdown2.o)
    0x080001be   0x080001be   0x00000000   Code   RO         6539    .ARM.Collect$$libshutdown$$00000004  c_w.l(libshutdown2.o)
    0x080001be   0x080001be   0x00000000   Code   RO         6542    .ARM.Collect$$libshutdown$$00000007  c_w.l(libshutdown2.o)
    0x080001be   0x080001be   0x00000000   Code   RO         6545    .ARM.Collect$$libshutdown$$0000000A  c_w.l(libshutdown2.o)
    0x080001be   0x080001be   0x00000000   Code   RO         6547    .ARM.Collect$$libshutdown$$0000000C  c_w.l(libshutdown2.o)
    0x080001be   0x080001be   0x00000000   Code   RO         6550    .ARM.Collect$$libshutdown$$0000000F  c_w.l(libshutdown2.o)
    0x080001be   0x080001be   0x00000002   Code   RO         6551    .ARM.Collect$$libshutdown$$00000010  c_w.l(libshutdown2.o)
    0x080001c0   0x080001c0   0x00000000   Code   RO         6429    .ARM.Collect$$rtentry$$00000000  c_w.l(__rtentry.o)
    0x080001c0   0x080001c0   0x00000000   Code   RO         6431    .ARM.Collect$$rtentry$$00000002  c_w.l(__rtentry2.o)
    0x080001c0   0x080001c0   0x00000006   Code   RO         6443    .ARM.Collect$$rtentry$$00000004  c_w.l(__rtentry4.o)
    0x080001c6   0x080001c6   0x00000000   Code   RO         6433    .ARM.Collect$$rtentry$$00000009  c_w.l(__rtentry2.o)
    0x080001c6   0x080001c6   0x00000004   Code   RO         6434    .ARM.Collect$$rtentry$$0000000A  c_w.l(__rtentry2.o)
    0x080001ca   0x080001ca   0x00000000   Code   RO         6436    .ARM.Collect$$rtentry$$0000000C  c_w.l(__rtentry2.o)
    0x080001ca   0x080001ca   0x00000008   Code   RO         6437    .ARM.Collect$$rtentry$$0000000D  c_w.l(__rtentry2.o)
    0x080001d2   0x080001d2   0x00000002   Code   RO         6458    .ARM.Collect$$rtexit$$00000000  c_w.l(rtexit.o)
    0x080001d4   0x080001d4   0x00000000   Code   RO         6506    .ARM.Collect$$rtexit$$00000002  c_w.l(rtexit2.o)
    0x080001d4   0x080001d4   0x00000004   Code   RO         6507    .ARM.Collect$$rtexit$$00000003  c_w.l(rtexit2.o)
    0x080001d8   0x080001d8   0x00000006   Code   RO         6508    .ARM.Collect$$rtexit$$00000004  c_w.l(rtexit2.o)
    0x080001de   0x080001de   0x00000002   PAD
    0x080001e0   0x080001e0   0x00000040   Code   RO          359    .text               startup_apm32e10x_hd.o
    0x08000220   0x08000220   0x000000f4   Code   RO         5262    .text               context_rvds.o
    0x08000314   0x08000314   0x00000006   Code   RO         6425    .text               c_w.l(heapauxi.o)
    0x0800031a   0x0800031a   0x0000004a   Code   RO         6445    .text               c_w.l(sys_stackheap_outer.o)
    0x08000364   0x08000364   0x00000012   Code   RO         6447    .text               c_w.l(exit.o)
    0x08000376   0x08000376   0x00000002   PAD
    0x08000378   0x08000378   0x00000008   Code   RO         6455    .text               c_w.l(libspace.o)
    0x08000380   0x08000380   0x0000000c   Code   RO         6516    .text               c_w.l(sys_exit.o)
    0x0800038c   0x0800038c   0x00000002   Code   RO         6527    .text               c_w.l(use_no_semi.o)
    0x0800038e   0x0800038e   0x00000000   Code   RO         6529    .text               c_w.l(indicate_semi.o)
    0x0800038e   0x0800038e   0x0000000a   Code   RO         5346    i.$Sub$$main        components.o
    0x08000398   0x08000398   0x00000004   Code   RO            4    i.BusFault_Handler  apm32e10x_int.o
    0x0800039c   0x0800039c   0x0000013c   Code   RO         5087    i.CAN2_RX1_IRQHandler  can.o
    0x080004d8   0x080004d8   0x0000010c   Code   RO          788    i.CAN_ClearIntFlag  apm32e10x_can.o
    0x080005e4   0x080005e4   0x00000126   Code   RO          790    i.CAN_Config        apm32e10x_can.o
    0x0800070a   0x0800070a   0x0000010a   Code   RO          791    i.CAN_ConfigFilter  apm32e10x_can.o
    0x08000814   0x08000814   0x0000001e   Code   RO          792    i.CAN_ConfigStructInit  apm32e10x_can.o
    0x08000832   0x08000832   0x00000008   Code   RO          794    i.CAN_DisableInterrupt  apm32e10x_can.o
    0x0800083a   0x0800083a   0x00000008   Code   RO          796    i.CAN_EnableInterrupt  apm32e10x_can.o
    0x08000842   0x08000842   0x000000ea   Code   RO          799    i.CAN_ReadIntFlag   apm32e10x_can.o
    0x0800092c   0x0800092c   0x0000003c   Code   RO          805    i.CAN_Reset         apm32e10x_can.o
    0x08000968   0x08000968   0x000000f4   Code   RO          806    i.CAN_RxMessage     apm32e10x_can.o
    0x08000a5c   0x08000a5c   0x00000126   Code   RO          808    i.CAN_TxMessage     apm32e10x_can.o
    0x08000b82   0x08000b82   0x00000002   PAD
    0x08000b84   0x08000b84   0x000000dc   Code   RO         5088    i.Can1_Init         can.o
    0x08000c60   0x08000c60   0x000000dc   Code   RO         5089    i.Can2_Init         can.o
    0x08000d3c   0x08000d3c   0x000000a0   Code   RO         5147    i.DMA1_Channel7_IRQHandler  usart.o
    0x08000ddc   0x08000ddc   0x0000001c   Code   RO         1175    i.DMA_ClearStatusFlag  apm32e10x_dma.o
    0x08000df8   0x08000df8   0x00000004   Code   RO         1177    i.DMA_ConfigDataNumber  apm32e10x_dma.o
    0x08000dfc   0x08000dfc   0x0000000a   Code   RO         1179    i.DMA_Disable       apm32e10x_dma.o
    0x08000e06   0x08000e06   0x0000000c   Code   RO         1181    i.DMA_Enable        apm32e10x_dma.o
    0x08000e12   0x08000e12   0x00000008   Code   RO         1182    i.DMA_EnableInterrupt  apm32e10x_dma.o
    0x08000e1a   0x08000e1a   0x00000008   Code   RO         1183    i.DMA_ReadDataNumber  apm32e10x_dma.o
    0x08000e22   0x08000e22   0x00000002   PAD
    0x08000e24   0x08000e24   0x00000030   Code   RO         1184    i.DMA_ReadIntFlag   apm32e10x_dma.o
    0x08000e54   0x08000e54   0x00000002   Code   RO            5    i.DebugMon_Handler  apm32e10x_int.o
    0x08000e56   0x08000e56   0x0000009a   Code   RO         1711    i.GPIO_Config       apm32e10x_gpio.o
    0x08000ef0   0x08000ef0   0x00000010   Code   RO         1716    i.GPIO_ConfigStructInit  apm32e10x_gpio.o
    0x08000f00   0x08000f00   0x00000004   Code   RO            6    i.MemManage_Handler  apm32e10x_int.o
    0x08000f04   0x08000f04   0x00000002   Code   RO            7    i.NMI_Handler       apm32e10x_int.o
    0x08000f06   0x08000f06   0x00000002   PAD
    0x08000f08   0x08000f08   0x00000014   Code   RO         2205    i.NVIC_ConfigPriorityGroup  apm32e10x_misc.o
    0x08000f1c   0x08000f1c   0x000000a0   Code   RO         2208    i.NVIC_EnableIRQRequest  apm32e10x_misc.o
    0x08000fbc   0x08000fbc   0x00000010   Code   RO         2378    i.RCM_DisableAPB1PeriphReset  apm32e10x_rcm.o
    0x08000fcc   0x08000fcc   0x00000010   Code   RO         2389    i.RCM_EnableAPB1PeriphClock  apm32e10x_rcm.o
    0x08000fdc   0x08000fdc   0x00000010   Code   RO         2390    i.RCM_EnableAPB1PeriphReset  apm32e10x_rcm.o
    0x08000fec   0x08000fec   0x00000010   Code   RO         2391    i.RCM_EnableAPB2PeriphClock  apm32e10x_rcm.o
    0x08000ffc   0x08000ffc   0x0000003c   Code   RO         2401    i.RCM_ReadHCLKFreq  apm32e10x_rcm.o
    0x08001038   0x08001038   0x0000004c   Code   RO         2403    i.RCM_ReadPCLKFreq  apm32e10x_rcm.o
    0x08001084   0x08001084   0x00000064   Code   RO         2404    i.RCM_ReadSYSCLKFreq  apm32e10x_rcm.o
    0x080010e8   0x080010e8   0x00000002   Code   RO            8    i.SVC_Handler       apm32e10x_int.o
    0x080010ea   0x080010ea   0x00000008   Code   RO         6346    i.SysTick_Handler   board_1.o
    0x080010f2   0x080010f2   0x00000002   PAD
    0x080010f4   0x080010f4   0x000000dc   Code   RO          297    i.SystemClock120M   system_apm32e10x.o
    0x080011d0   0x080011d0   0x00000008   Code   RO          298    i.SystemClockConfig  system_apm32e10x.o
    0x080011d8   0x080011d8   0x000000ac   Code   RO          299    i.SystemCoreClockUpdate  system_apm32e10x.o
    0x08001284   0x08001284   0x00000060   Code   RO          300    i.SystemInit        system_apm32e10x.o
    0x080012e4   0x080012e4   0x00000038   Code   RO         5235    i.TMR1_UP_IRQHandler  time.o
    0x0800131c   0x0800131c   0x00000006   Code   RO         3712    i.TMR_ClearIntFlag  apm32e10x_tmr.o
    0x08001322   0x08001322   0x0000000a   Code   RO         3772    i.TMR_Disable       apm32e10x_tmr.o
    0x0800132c   0x0800132c   0x0000000c   Code   RO         3785    i.TMR_Enable        apm32e10x_tmr.o
    0x08001338   0x08001338   0x00000016   Code   RO         3804    i.TMR_ReadIntFlag   apm32e10x_tmr.o
    0x0800134e   0x0800134e   0x00000002   PAD
    0x08001350   0x08001350   0x00000068   Code   RO         5148    i.USART2_IRQHandler  usart.o
    0x080013b8   0x080013b8   0x00000078   Code   RO         5149    i.USART3_IRQHandler  usart.o
    0x08001430   0x08001430   0x00000010   Code   RO         4350    i.USART_ClearIntFlag  apm32e10x_usart.o
    0x08001440   0x08001440   0x00000090   Code   RO         4352    i.USART_Config      apm32e10x_usart.o
    0x080014d0   0x080014d0   0x0000002a   Code   RO         4364    i.USART_DisableInterrupt  apm32e10x_usart.o
    0x080014fa   0x080014fa   0x0000000e   Code   RO         4372    i.USART_Enable      apm32e10x_usart.o
    0x08001508   0x08001508   0x0000003e   Code   RO         4383    i.USART_ReadIntFlag  apm32e10x_usart.o
    0x08001546   0x08001546   0x00000010   Code   RO         4384    i.USART_ReadStatusFlag  apm32e10x_usart.o
    0x08001556   0x08001556   0x0000000a   Code   RO         4388    i.USART_TxData      apm32e10x_usart.o
    0x08001560   0x08001560   0x00000078   Code   RO         5090    i.USBD1_HP_CAN1_TX_IRQHandler  can.o
    0x080015d8   0x080015d8   0x00000138   Code   RO         5091    i.USBD1_LP_CAN1_RX0_IRQHandler  can.o
    0x08001710   0x08001710   0x00000068   Code   RO         5092    i.USBD2_HP_CAN2_TX_IRQHandler  can.o
    0x08001778   0x08001778   0x00000004   Code   RO            9    i.UsageFault_Handler  apm32e10x_int.o
    0x0800177c   0x0800177c   0x00000030   Code   RO         6347    i._SysTick_Config   board_1.o
    0x080017ac   0x080017ac   0x0000004c   Code   RO         5712    i.__rt_ffs          kservice.o
    0x080017f8   0x080017f8   0x00000084   Code   RO         6099    i._rt_thread_init   thread.o
    0x0800187c   0x0800187c   0x00000042   Code   RO         6231    i._rt_timer_init    timer.o
    0x080018be   0x080018be   0x0000001c   Code   RO         6232    i._rt_timer_remove  timer.o
    0x080018da   0x080018da   0x0000001c   Code   RO         6100    i._thread_cleanup_execute  thread.o
    0x080018f6   0x080018f6   0x00000002   PAD
    0x080018f8   0x080018f8   0x000000dc   Code   RO         4876    i.can1_send_msg     my_can.o
    0x080019d4   0x080019d4   0x000000dc   Code   RO         4877    i.can2_send_msg     my_can.o
    0x08001ab0   0x08001ab0   0x00000094   Code   RO          171    i.main              main.o
    0x08001b44   0x08001b44   0x0000000e   Code   RO         5347    i.main_thread_entry  components.o
    0x08001b52   0x08001b52   0x00000002   PAD
    0x08001b54   0x08001b54   0x00000048   Code   RO          172    i.msg_thread_entry  main.o
    0x08001b9c   0x08001b9c   0x00000078   Code   RO         5889    i.plug_holes        mem.o
    0x08001c14   0x08001c14   0x00000198   Code   RO         5714    i.print_number      kservice.o
    0x08001dac   0x08001dac   0x00000030   Code   RO         5348    i.rt_application_init  components.o
    0x08001ddc   0x08001ddc   0x0000001c   Code   RO         5349    i.rt_components_board_init  components.o
    0x08001df8   0x08001df8   0x0000001c   Code   RO         5350    i.rt_components_init  components.o
    0x08001e14   0x08001e14   0x00000020   Code   RO         6033    i.rt_enter_critical  scheduler.o
    0x08001e34   0x08001e34   0x00000044   Code   RO         6034    i.rt_exit_critical  scheduler.o
    0x08001e78   0x08001e78   0x000000e0   Code   RO         5891    i.rt_free           mem.o
    0x08001f58   0x08001f58   0x00000008   Code   RO         6348    i.rt_heap_begin_get  board_1.o
    0x08001f60   0x08001f60   0x00000008   Code   RO         6349    i.rt_heap_end_get   board_1.o
    0x08001f68   0x08001f68   0x00000044   Code   RO         6350    i.rt_hw_board_init  board_1.o
    0x08001fac   0x08001fac   0x00000050   Code   RO         6352    i.rt_hw_console_output  board_1.o
    0x08001ffc   0x08001ffc   0x00000200   Code   RO         5269    i.rt_hw_hard_fault_exception  cpuport.o
    0x080021fc   0x080021fc   0x0000004c   Code   RO         5270    i.rt_hw_stack_init  cpuport.o
    0x08002248   0x08002248   0x00000020   Code   RO         5685    i.rt_interrupt_enter  irq.o
    0x08002268   0x08002268   0x00000020   Code   RO         5687    i.rt_interrupt_leave  irq.o
    0x08002288   0x08002288   0x00000014   Code   RO         5449    i.rt_ipc_list_resume  ipc.o
    0x0800229c   0x0800229c   0x0000006e   Code   RO         5451    i.rt_ipc_list_suspend  ipc.o
    0x0800230a   0x0800230a   0x00000010   Code   RO         5452    i.rt_ipc_object_init  ipc.o
    0x0800231a   0x0800231a   0x00000002   PAD
    0x0800231c   0x0800231c   0x00000030   Code   RO         5718    i.rt_kprintf        kservice.o
    0x0800234c   0x0800234c   0x00000006   Code   RO         5453    i.rt_list_init      ipc.o
    0x08002352   0x08002352   0x00000006   Code   RO         6035    i.rt_list_init      scheduler.o
    0x08002358   0x08002358   0x00000006   Code   RO         6233    i.rt_list_init      timer.o
    0x0800235e   0x0800235e   0x0000000e   Code   RO         5945    i.rt_list_insert_after  object.o
    0x0800236c   0x0800236c   0x0000000e   Code   RO         6101    i.rt_list_insert_after  thread.o
    0x0800237a   0x0800237a   0x0000000e   Code   RO         6234    i.rt_list_insert_after  timer.o
    0x08002388   0x08002388   0x0000000e   Code   RO         5454    i.rt_list_insert_before  ipc.o
    0x08002396   0x08002396   0x00000010   Code   RO         5455    i.rt_list_isempty   ipc.o
    0x080023a6   0x080023a6   0x00000010   Code   RO         6235    i.rt_list_isempty   timer.o
    0x080023b6   0x080023b6   0x00000012   Code   RO         5946    i.rt_list_remove    object.o
    0x080023c8   0x080023c8   0x00000012   Code   RO         6102    i.rt_list_remove    thread.o
    0x080023da   0x080023da   0x00000012   Code   RO         6236    i.rt_list_remove    timer.o
    0x080023ec   0x080023ec   0x0000016c   Code   RO         5892    i.rt_malloc         mem.o
    0x08002558   0x08002558   0x0000007c   Code   RO         5722    i.rt_memcpy         kservice.o
    0x080025d4   0x080025d4   0x00000048   Code   RO         5724    i.rt_memset         kservice.o
    0x0800261c   0x0800261c   0x00000054   Code   RO         5947    i.rt_object_allocate  object.o
    0x08002670   0x08002670   0x00000024   Code   RO         5948    i.rt_object_delete  object.o
    0x08002694   0x08002694   0x0000001e   Code   RO         5949    i.rt_object_detach  object.o
    0x080026b2   0x080026b2   0x00000002   PAD
    0x080026b4   0x080026b4   0x00000028   Code   RO         5951    i.rt_object_get_information  object.o
    0x080026dc   0x080026dc   0x00000056   Code   RO         5955    i.rt_object_init    object.o
    0x08002732   0x08002732   0x00000012   Code   RO         5956    i.rt_object_is_systemobject  object.o
    0x08002744   0x08002744   0x00000010   Code   RO         6353    i.rt_os_tick_callback  board_1.o
    0x08002754   0x08002754   0x00000084   Code   RO         6036    i.rt_schedule       scheduler.o
    0x080027d8   0x080027d8   0x00000050   Code   RO         6037    i.rt_schedule_insert_thread  scheduler.o
    0x08002828   0x08002828   0x00000054   Code   RO         6038    i.rt_schedule_remove_thread  scheduler.o
    0x0800287c   0x0800287c   0x00000026   Code   RO         5484    i.rt_sem_init       ipc.o
    0x080028a2   0x080028a2   0x00000052   Code   RO         5485    i.rt_sem_release    ipc.o
    0x080028f4   0x080028f4   0x00000074   Code   RO         5486    i.rt_sem_take       ipc.o
    0x08002968   0x08002968   0x000000b0   Code   RO         5726    i.rt_show_version   kservice.o
    0x08002a18   0x08002a18   0x00000034   Code   RO         5734    i.rt_strncpy        kservice.o
    0x08002a4c   0x08002a4c   0x000000f8   Code   RO         5895    i.rt_system_heap_init  mem.o
    0x08002b44   0x08002b44   0x0000004c   Code   RO         6039    i.rt_system_scheduler_init  scheduler.o
    0x08002b90   0x08002b90   0x00000030   Code   RO         6040    i.rt_system_scheduler_start  scheduler.o
    0x08002bc0   0x08002bc0   0x0000001c   Code   RO         6237    i.rt_system_timer_init  timer.o
    0x08002bdc   0x08002bdc   0x00000002   Code   RO         6238    i.rt_system_timer_thread_init  timer.o
    0x08002bde   0x08002bde   0x00000050   Code   RO         6104    i.rt_thread_create  thread.o
    0x08002c2e   0x08002c2e   0x0000000c   Code   RO         6105    i.rt_thread_delay   thread.o
    0x08002c3a   0x08002c3a   0x00000002   PAD
    0x08002c3c   0x08002c3c   0x00000058   Code   RO         6109    i.rt_thread_exit    thread.o
    0x08002c94   0x08002c94   0x00000008   Code   RO         5414    i.rt_thread_idle_entry  idle.o
    0x08002c9c   0x08002c9c   0x00000060   Code   RO         5415    i.rt_thread_idle_excute  idle.o
    0x08002cfc   0x08002cfc   0x0000003c   Code   RO         5417    i.rt_thread_idle_init  idle.o
    0x08002d38   0x08002d38   0x00000034   Code   RO         6111    i.rt_thread_init    thread.o
    0x08002d6c   0x08002d6c   0x0000003c   Code   RO         6113    i.rt_thread_resume  thread.o
    0x08002da8   0x08002da8   0x0000000c   Code   RO         6114    i.rt_thread_self    thread.o
    0x08002db4   0x08002db4   0x00000044   Code   RO         6115    i.rt_thread_sleep   thread.o
    0x08002df8   0x08002df8   0x0000002c   Code   RO         6116    i.rt_thread_startup  thread.o
    0x08002e24   0x08002e24   0x00000044   Code   RO         6117    i.rt_thread_suspend  thread.o
    0x08002e68   0x08002e68   0x00000020   Code   RO         6118    i.rt_thread_timeout  thread.o
    0x08002e88   0x08002e88   0x00000064   Code   RO         6119    i.rt_thread_yield   thread.o
    0x08002eec   0x08002eec   0x0000000c   Code   RO         5307    i.rt_tick_get       clock.o
    0x08002ef8   0x08002ef8   0x00000030   Code   RO         5308    i.rt_tick_increase  clock.o
    0x08002f28   0x08002f28   0x000000a4   Code   RO         6239    i.rt_timer_check    timer.o
    0x08002fcc   0x08002fcc   0x00000062   Code   RO         6240    i.rt_timer_control  timer.o
    0x0800302e   0x0800302e   0x00000028   Code   RO         6243    i.rt_timer_detach   timer.o
    0x08003056   0x08003056   0x0000002e   Code   RO         6244    i.rt_timer_init     timer.o
    0x08003084   0x08003084   0x000000ec   Code   RO         6247    i.rt_timer_start    timer.o
    0x08003170   0x08003170   0x00000030   Code   RO         6248    i.rt_timer_stop     timer.o
    0x080031a0   0x080031a0   0x00000340   Code   RO         5737    i.rt_vsnprintf      kservice.o
    0x080034e0   0x080034e0   0x00000004   Code   RO         5351    i.rti_board_end     components.o
    0x080034e4   0x080034e4   0x00000004   Code   RO         5352    i.rti_board_start   components.o
    0x080034e8   0x080034e8   0x00000004   Code   RO         5353    i.rti_end           components.o
    0x080034ec   0x080034ec   0x00000004   Code   RO         5354    i.rti_start         components.o
    0x080034f0   0x080034f0   0x0000002a   Code   RO         5355    i.rtthread_startup  components.o
    0x0800351a   0x0800351a   0x00000026   Code   RO         5739    i.skip_atoi         kservice.o
    0x08003540   0x08003540   0x00000018   Code   RO         4992    i.start_time        my_time.o
    0x08003558   0x08003558   0x00000010   Code   RO         4993    i.stop_time         my_time.o
    0x08003568   0x08003568   0x00000088   Code   RO         6354    i.uart_init         board_1.o
    0x080035f0   0x080035f0   0x00000122   Data   RO         5741    .constdata          kservice.o
    0x08003712   0x08003712   0x00000002   PAD
    0x08003714   0x08003714   0x00000004   Data   RO         5356    .rti_fn.0           components.o
    0x08003718   0x08003718   0x00000004   Data   RO         5357    .rti_fn.0.end       components.o
    0x0800371c   0x0800371c   0x00000004   Data   RO         6356    .rti_fn.1           board_1.o
    0x08003720   0x08003720   0x00000004   Data   RO         5358    .rti_fn.1.end       components.o
    0x08003724   0x08003724   0x00000004   Data   RO         5359    .rti_fn.6.end       components.o
    0x08003728   0x08003728   0x00000020   Data   RO         6582    Region$$Table       anon$$obj.o


    Execution Region RW_IRAM1 (Exec base: 0x20000000, Load base: 0x08003748, Size: 0x000091c8, Max: 0x00020000, ABSOLUTE)

    Exec Addr    Load Addr    Size         Type   Attr      Idx    E Section Name        Object

    0x20000000   0x08003748   0x0000001d   Data   RW          174    .data               main.o
    0x2000001d   0x08003765   0x00000003   PAD
    0x20000020   0x08003768   0x00000004   Data   RW          301    .data               system_apm32e10x.o
    0x20000024   0x0800376c   0x00000024   Data   RW         5030    .data               my_usart.o
    0x20000048   0x08003790   0x00000004   Data   RW         5153    .data               usart.o
    0x2000004c   0x08003794   0x00000010   Data   RW         5271    .data               cpuport.o
    0x2000005c   0x080037a4   0x00000004   Data   RW         5310    .data               clock.o
    0x20000060   0x080037a8   0x00000001   Data   RW         5688    .data               irq.o
    0x20000061   0x080037a9   0x00000003   PAD
    0x20000064   0x080037ac   0x00000018   Data   RW         5897    .data               mem.o
    0x2000007c   0x080037c4   0x00000060   Data   RW         5958    .data               object.o
    0x200000dc   0x08003824   0x00000018   Data   RW         6042    .data               scheduler.o
    0x200000f4   0x0800383c   0x0000000c   Data   RW         6249    .data               timer.o
    0x20000100        -       0x0000026c   Zero   RW         5029    .bss                my_usart.o
    0x2000036c        -       0x000016ec   Zero   RW         5093    .bss                can.o
    0x20001a58        -       0x00000963   Zero   RW         5152    .bss                usart.o
    0x200023bb   0x08003848   0x00000001   PAD
    0x200023bc        -       0x00000178   Zero   RW         5418    .bss                idle.o
    0x20002534        -       0x00000100   Zero   RW         5740    .bss                kservice.o
    0x20002634        -       0x00000020   Zero   RW         5896    .bss                mem.o
    0x20002654        -       0x00000100   Zero   RW         6041    .bss                scheduler.o
    0x20002754        -       0x00006410   Zero   RW         6355    .bss                board_1.o
    0x20008b64        -       0x00000060   Zero   RW         6456    .bss                c_w.l(libspace.o)
    0x20008bc4   0x08003848   0x00000004   PAD
    0x20008bc8        -       0x00000200   Zero   RW          357    HEAP                startup_apm32e10x_hd.o
    0x20008dc8        -       0x00000400   Zero   RW          356    STACK               startup_apm32e10x_hd.o


==============================================================================

Image component sizes


      Code (inc. data)   RO Data    RW Data    ZI Data      Debug   Object Name

      1706          8          0          0          0       7509   apm32e10x_can.o
       118         18          0          0          0       8333   apm32e10x_dma.o
       170          0          0          0          0       4894   apm32e10x_gpio.o
        18          0          0          0          0      79463   apm32e10x_int.o
       180         20          0          0          0       2383   apm32e10x_misc.o
       300         66          0          0          0       5008   apm32e10x_rcm.o
        50          0          0          0          0       9112   apm32e10x_tmr.o
       304          6          0          0          0       7482   apm32e10x_usart.o
       372         40          4          0      25616       5150   board_1.o
      1292         94          0          0       5868       4885   can.o
        60         12          0          4          0       1109   clock.o
       186         30         16          0          0       5704   components.o
       244         28          0          0          0        852   context_rvds.o
       588        328          0         16          0       3334   cpuport.o
       164         26          0          0        376       5098   idle.o
       418          0          0          0          0       8269   ipc.o
        64         12          0          1          0       1602   irq.o
      1826        164        290          0        256       9000   kservice.o
       220         96          0         29          0      12020   main.o
       956        224          0         24         32       3876   mem.o
       440         20          0          0          0       3388   my_can.o
        40         12          0          0          0        925   my_time.o
         0          0          0         36        620       3201   my_usart.o
       326          4          0         96          0       8184   object.o
       526         90          0         24        256       8378   scheduler.o
        64         26        324          0       1536        892   startup_apm32e10x_hd.o
       496         56          0          4          0      66063   system_apm32e10x.o
       808         38          0          0          0      12075   thread.o
        56         12          0          0          0        485   time.o
       810         24          0         12          0      11360   timer.o
       384         62          0          4       2403       3622   usart.o

    ----------------------------------------------------------------------
     13206       1516        668        256      36964     303656   Object Totals
         0          0         32          0          0          0   (incl. Generated)
        20          0          2          6          1          0   (incl. Padding)

    ----------------------------------------------------------------------

      Code (inc. data)   RO Data    RW Data    ZI Data      Debug   Library Member Name

         8          0          0          0          0         68   __main.o
         0          0          0          0          0          0   __rtentry.o
        12          0          0          0          0          0   __rtentry2.o
         6          0          0          0          0          0   __rtentry4.o
        52          8          0          0          0          0   __scatter.o
        26          0          0          0          0          0   __scatter_copy.o
        28          0          0          0          0          0   __scatter_zi.o
        18          0          0          0          0         80   exit.o
         6          0          0          0          0        152   heapauxi.o
         0          0          0          0          0          0   indicate_semi.o
         2          0          0          0          0          0   libinit.o
         2          0          0          0          0          0   libinit2.o
         2          0          0          0          0          0   libshutdown.o
         2          0          0          0          0          0   libshutdown2.o
         8          4          0          0         96         68   libspace.o
         2          0          0          0          0          0   rtexit.o
        10          0          0          0          0          0   rtexit2.o
        12          4          0          0          0         68   sys_exit.o
        74          0          0          0          0         80   sys_stackheap_outer.o
         2          0          0          0          0         68   use_no_semi.o

    ----------------------------------------------------------------------
       278         16          0          0        100        584   Library Totals
         6          0          0          0          4          0   (incl. Padding)

    ----------------------------------------------------------------------

      Code (inc. data)   RO Data    RW Data    ZI Data      Debug   Library Name

       272         16          0          0         96        584   c_w.l

    ----------------------------------------------------------------------
       278         16          0          0        100        584   Library Totals

    ----------------------------------------------------------------------

==============================================================================


      Code (inc. data)   RO Data    RW Data    ZI Data      Debug   

     13484       1532        668        256      37064     296020   Grand Totals
     13484       1532        668        256      37064     296020   ELF Image Totals
     13484       1532        668        256          0          0   ROM Totals

==============================================================================

    Total RO  Size (Code + RO Data)                14152 (  13.82kB)
    Total RW  Size (RW Data + ZI Data)             37320 (  36.45kB)
    Total ROM Size (Code + RO Data + RW Data)      14408 (  14.07kB)

==============================================================================

