<!doctype html public "-//w3c//dtd html 4.0 transitional//en">
<html><head>
<title>Static Call Graph - [.\Objects\GPIO_Toggle.axf]</title></head>
<body><HR>
<H1>Static Call Graph for image .\Objects\GPIO_Toggle.axf</H1><HR>
<BR><P>#&#060CALLGRAPH&#062# ARM Linker, 5060750: Last Updated: Mon Mar 13 13:45:50 2023
<BR><P>
<H3>Maximum Stack Usage =        644 bytes + Unknown(Cycles, Untraceable Function Pointers)</H3><H3>
Call chain for Maximum Stack Depth:</H3>
mu_net_thread_entry &rArr; tcp_server_list &rArr; server_rest &rArr; send &rArr; send_data_processing &rArr; wiz_write_buf &rArr; rt_kprintf &rArr; rt_vsnprintf &rArr; print_number
<P>
<H3>
Mutually Recursive functions
</H3> <LI><a href="#[1c]">ADC1_2_IRQHandler</a>&nbsp;&nbsp;&nbsp;&rArr;&nbsp;&nbsp;&nbsp;<a href="#[1c]">ADC1_2_IRQHandler</a><BR>
</UL>
<P>
<H3>
Function Pointers
</H3><UL>
 <LI><a href="#[1c]">ADC1_2_IRQHandler</a> from startup_apm32f10x_hd.o(.text) referenced from startup_apm32f10x_hd.o(RESET)
 <LI><a href="#[39]">ADC3_IRQHandler</a> from startup_apm32f10x_hd.o(.text) referenced from startup_apm32f10x_hd.o(RESET)
 <LI><a href="#[4]">BusFault_Handler</a> from apm32f10x_int.o(i.BusFault_Handler) referenced from startup_apm32f10x_hd.o(RESET)
 <LI><a href="#[1f]">CAN1_RX1_IRQHandler</a> from startup_apm32f10x_hd.o(.text) referenced from startup_apm32f10x_hd.o(RESET)
 <LI><a href="#[20]">CAN1_SCE_IRQHandler</a> from startup_apm32f10x_hd.o(.text) referenced from startup_apm32f10x_hd.o(RESET)
 <LI><a href="#[48]">CAN2_RX1_IRQHandler</a> from startup_apm32f10x_hd.o(.text) referenced from startup_apm32f10x_hd.o(RESET)
 <LI><a href="#[49]">CAN2_SCE_IRQHandler</a> from startup_apm32f10x_hd.o(.text) referenced from startup_apm32f10x_hd.o(RESET)
 <LI><a href="#[4f]">Can_Recv_thread_entry</a> from my_can.o(i.Can_Recv_thread_entry) referenced from my_can.o(i.build_can_recv_thread)
 <LI><a href="#[50]">Can_Send_thread_entry</a> from my_can.o(i.Can_Send_thread_entry) referenced from my_can.o(i.build_can_send_thread)
 <LI><a href="#[15]">DMA1_Channel1_IRQHandler</a> from startup_apm32f10x_hd.o(.text) referenced from startup_apm32f10x_hd.o(RESET)
 <LI><a href="#[16]">DMA1_Channel2_IRQHandler</a> from startup_apm32f10x_hd.o(.text) referenced from startup_apm32f10x_hd.o(RESET)
 <LI><a href="#[17]">DMA1_Channel3_IRQHandler</a> from startup_apm32f10x_hd.o(.text) referenced from startup_apm32f10x_hd.o(RESET)
 <LI><a href="#[18]">DMA1_Channel4_IRQHandler</a> from startup_apm32f10x_hd.o(.text) referenced from startup_apm32f10x_hd.o(RESET)
 <LI><a href="#[19]">DMA1_Channel5_IRQHandler</a> from startup_apm32f10x_hd.o(.text) referenced from startup_apm32f10x_hd.o(RESET)
 <LI><a href="#[1a]">DMA1_Channel6_IRQHandler</a> from startup_apm32f10x_hd.o(.text) referenced from startup_apm32f10x_hd.o(RESET)
 <LI><a href="#[1b]">DMA1_Channel7_IRQHandler</a> from usart.o(i.DMA1_Channel7_IRQHandler) referenced from startup_apm32f10x_hd.o(RESET)
 <LI><a href="#[42]">DMA2_Channel1_IRQHandler</a> from startup_apm32f10x_hd.o(.text) referenced from startup_apm32f10x_hd.o(RESET)
 <LI><a href="#[43]">DMA2_Channel2_IRQHandler</a> from startup_apm32f10x_hd.o(.text) referenced from startup_apm32f10x_hd.o(RESET)
 <LI><a href="#[44]">DMA2_Channel3_IRQHandler</a> from startup_apm32f10x_hd.o(.text) referenced from startup_apm32f10x_hd.o(RESET)
 <LI><a href="#[45]">DMA2_Channel4_5_IRQHandler</a> from startup_apm32f10x_hd.o(.text) referenced from startup_apm32f10x_hd.o(RESET)
 <LI><a href="#[7]">DebugMon_Handler</a> from apm32f10x_int.o(i.DebugMon_Handler) referenced from startup_apm32f10x_hd.o(RESET)
 <LI><a href="#[10]">EINT0_IRQHandler</a> from startup_apm32f10x_hd.o(.text) referenced from startup_apm32f10x_hd.o(RESET)
 <LI><a href="#[32]">EINT15_10_IRQHandler</a> from startup_apm32f10x_hd.o(.text) referenced from startup_apm32f10x_hd.o(RESET)
 <LI><a href="#[11]">EINT1_IRQHandler</a> from startup_apm32f10x_hd.o(.text) referenced from startup_apm32f10x_hd.o(RESET)
 <LI><a href="#[12]">EINT2_IRQHandler</a> from startup_apm32f10x_hd.o(.text) referenced from startup_apm32f10x_hd.o(RESET)
 <LI><a href="#[13]">EINT3_IRQHandler</a> from startup_apm32f10x_hd.o(.text) referenced from startup_apm32f10x_hd.o(RESET)
 <LI><a href="#[14]">EINT4_IRQHandler</a> from startup_apm32f10x_hd.o(.text) referenced from startup_apm32f10x_hd.o(RESET)
 <LI><a href="#[21]">EINT9_5_IRQHandler</a> from startup_apm32f10x_hd.o(.text) referenced from startup_apm32f10x_hd.o(RESET)
 <LI><a href="#[3a]">EMMC_IRQHandler</a> from startup_apm32f10x_hd.o(.text) referenced from startup_apm32f10x_hd.o(RESET)
 <LI><a href="#[e]">FLASH_IRQHandler</a> from startup_apm32f10x_hd.o(.text) referenced from startup_apm32f10x_hd.o(RESET)
 <LI><a href="#[2]">HardFault_Handler</a> from context_rvds.o(.text) referenced from startup_apm32f10x_hd.o(RESET)
 <LI><a href="#[2a]">I2C1_ER_IRQHandler</a> from startup_apm32f10x_hd.o(.text) referenced from startup_apm32f10x_hd.o(RESET)
 <LI><a href="#[29]">I2C1_EV_IRQHandler</a> from startup_apm32f10x_hd.o(.text) referenced from startup_apm32f10x_hd.o(RESET)
 <LI><a href="#[2c]">I2C2_ER_IRQHandler</a> from startup_apm32f10x_hd.o(.text) referenced from startup_apm32f10x_hd.o(RESET)
 <LI><a href="#[2b]">I2C2_EV_IRQHandler</a> from startup_apm32f10x_hd.o(.text) referenced from startup_apm32f10x_hd.o(RESET)
 <LI><a href="#[3]">MemManage_Handler</a> from apm32f10x_int.o(i.MemManage_Handler) referenced from startup_apm32f10x_hd.o(RESET)
 <LI><a href="#[1]">NMI_Handler</a> from apm32f10x_int.o(i.NMI_Handler) referenced from startup_apm32f10x_hd.o(RESET)
 <LI><a href="#[b]">PVD_IRQHandler</a> from startup_apm32f10x_hd.o(.text) referenced from startup_apm32f10x_hd.o(RESET)
 <LI><a href="#[8]">PendSV_Handler</a> from context_rvds.o(.text) referenced from startup_apm32f10x_hd.o(RESET)
 <LI><a href="#[f]">RCM_IRQHandler</a> from startup_apm32f10x_hd.o(.text) referenced from startup_apm32f10x_hd.o(RESET)
 <LI><a href="#[33]">RTCAlarm_IRQHandler</a> from startup_apm32f10x_hd.o(.text) referenced from startup_apm32f10x_hd.o(RESET)
 <LI><a href="#[d]">RTC_IRQHandler</a> from startup_apm32f10x_hd.o(.text) referenced from startup_apm32f10x_hd.o(RESET)
 <LI><a href="#[0]">Reset_Handler</a> from startup_apm32f10x_hd.o(.text) referenced from startup_apm32f10x_hd.o(RESET)
 <LI><a href="#[3b]">SDIO_IRQHandler</a> from startup_apm32f10x_hd.o(.text) referenced from startup_apm32f10x_hd.o(RESET)
 <LI><a href="#[2d]">SPI1_IRQHandler</a> from startup_apm32f10x_hd.o(.text) referenced from startup_apm32f10x_hd.o(RESET)
 <LI><a href="#[2e]">SPI2_IRQHandler</a> from startup_apm32f10x_hd.o(.text) referenced from startup_apm32f10x_hd.o(RESET)
 <LI><a href="#[3d]">SPI3_IRQHandler</a> from startup_apm32f10x_hd.o(.text) referenced from startup_apm32f10x_hd.o(RESET)
 <LI><a href="#[6]">SVC_Handler</a> from apm32f10x_int.o(i.SVC_Handler) referenced from startup_apm32f10x_hd.o(RESET)
 <LI><a href="#[9]">SysTick_Handler</a> from board_1.o(i.SysTick_Handler) referenced from startup_apm32f10x_hd.o(RESET)
 <LI><a href="#[4b]">SystemInit</a> from system_apm32f10x.o(i.SystemInit) referenced from startup_apm32f10x_hd.o(.text)
 <LI><a href="#[c]">TAMPER_IRQHandler</a> from startup_apm32f10x_hd.o(.text) referenced from startup_apm32f10x_hd.o(RESET)
 <LI><a href="#[22]">TMR1_BRK_IRQHandler</a> from startup_apm32f10x_hd.o(.text) referenced from startup_apm32f10x_hd.o(RESET)
 <LI><a href="#[25]">TMR1_CC_IRQHandler</a> from startup_apm32f10x_hd.o(.text) referenced from startup_apm32f10x_hd.o(RESET)
 <LI><a href="#[24]">TMR1_TRG_COM_IRQHandler</a> from startup_apm32f10x_hd.o(.text) referenced from startup_apm32f10x_hd.o(RESET)
 <LI><a href="#[23]">TMR1_UP_IRQHandler</a> from time.o(i.TMR1_UP_IRQHandler) referenced from startup_apm32f10x_hd.o(RESET)
 <LI><a href="#[26]">TMR2_IRQHandler</a> from w5500_conf.o(i.TMR2_IRQHandler) referenced from startup_apm32f10x_hd.o(RESET)
 <LI><a href="#[27]">TMR3_IRQHandler</a> from startup_apm32f10x_hd.o(.text) referenced from startup_apm32f10x_hd.o(RESET)
 <LI><a href="#[28]">TMR4_IRQHandler</a> from startup_apm32f10x_hd.o(.text) referenced from startup_apm32f10x_hd.o(RESET)
 <LI><a href="#[3c]">TMR5_IRQHandler</a> from startup_apm32f10x_hd.o(.text) referenced from startup_apm32f10x_hd.o(RESET)
 <LI><a href="#[40]">TMR6_IRQHandler</a> from startup_apm32f10x_hd.o(.text) referenced from startup_apm32f10x_hd.o(RESET)
 <LI><a href="#[41]">TMR7_IRQHandler</a> from startup_apm32f10x_hd.o(.text) referenced from startup_apm32f10x_hd.o(RESET)
 <LI><a href="#[35]">TMR8_BRK_IRQHandler</a> from startup_apm32f10x_hd.o(.text) referenced from startup_apm32f10x_hd.o(RESET)
 <LI><a href="#[38]">TMR8_CC_IRQHandler</a> from startup_apm32f10x_hd.o(.text) referenced from startup_apm32f10x_hd.o(RESET)
 <LI><a href="#[37]">TMR8_TRG_COM_IRQHandler</a> from startup_apm32f10x_hd.o(.text) referenced from startup_apm32f10x_hd.o(RESET)
 <LI><a href="#[36]">TMR8_UP_IRQHandler</a> from startup_apm32f10x_hd.o(.text) referenced from startup_apm32f10x_hd.o(RESET)
 <LI><a href="#[3e]">UART4_IRQHandler</a> from startup_apm32f10x_hd.o(.text) referenced from startup_apm32f10x_hd.o(RESET)
 <LI><a href="#[3f]">UART5_IRQHandler</a> from startup_apm32f10x_hd.o(.text) referenced from startup_apm32f10x_hd.o(RESET)
 <LI><a href="#[2f]">USART1_IRQHandler</a> from startup_apm32f10x_hd.o(.text) referenced from startup_apm32f10x_hd.o(RESET)
 <LI><a href="#[30]">USART2_IRQHandler</a> from usart.o(i.USART2_IRQHandler) referenced from startup_apm32f10x_hd.o(RESET)
 <LI><a href="#[31]">USART3_IRQHandler</a> from usart.o(i.USART3_IRQHandler) referenced from startup_apm32f10x_hd.o(RESET)
 <LI><a href="#[1d]">USBD1_HP_CAN1_TX_IRQHandler</a> from can.o(i.USBD1_HP_CAN1_TX_IRQHandler) referenced from startup_apm32f10x_hd.o(RESET)
 <LI><a href="#[1e]">USBD1_LP_CAN1_RX0_IRQHandler</a> from can.o(i.USBD1_LP_CAN1_RX0_IRQHandler) referenced from startup_apm32f10x_hd.o(RESET)
 <LI><a href="#[46]">USBD2_HP_CAN2_TX_IRQHandler</a> from startup_apm32f10x_hd.o(.text) referenced from startup_apm32f10x_hd.o(RESET)
 <LI><a href="#[47]">USBD2_LP_CAN2_RX0_IRQHandler</a> from startup_apm32f10x_hd.o(.text) referenced from startup_apm32f10x_hd.o(RESET)
 <LI><a href="#[34]">USBDWakeUp_IRQHandler</a> from startup_apm32f10x_hd.o(.text) referenced from startup_apm32f10x_hd.o(RESET)
 <LI><a href="#[5]">UsageFault_Handler</a> from apm32f10x_int.o(i.UsageFault_Handler) referenced from startup_apm32f10x_hd.o(RESET)
 <LI><a href="#[a]">WWDT_IRQHandler</a> from startup_apm32f10x_hd.o(.text) referenced from startup_apm32f10x_hd.o(RESET)
 <LI><a href="#[4c]">__main</a> from entry.o(.ARM.Collect$$$$00000000) referenced from startup_apm32f10x_hd.o(.text)
 <LI><a href="#[4a]">main</a> from components.o(i.$Sub$$main) referenced from entry9a.o(.ARM.Collect$$$$0000000B)
 <LI><a href="#[53]">main_thread_entry</a> from components.o(i.main_thread_entry) referenced from components.o(i.rt_application_init)
 <LI><a href="#[52]">msg_thread_entry</a> from main.o(i.msg_thread_entry) referenced from main.o(i.main)
 <LI><a href="#[51]">mu_net_thread_entry</a> from my_netapp.o(i.mu_net_thread_entry) referenced from my_netapp.o(i.build_my_net_thread)
 <LI><a href="#[4d]">rt_thread_exit</a> from thread.o(i.rt_thread_exit) referenced from thread.o(i._rt_thread_init)
 <LI><a href="#[54]">rt_thread_idle_entry</a> from idle.o(i.rt_thread_idle_entry) referenced from idle.o(i.rt_thread_idle_init)
 <LI><a href="#[4e]">rt_thread_timeout</a> from thread.o(i.rt_thread_timeout) referenced from thread.o(i._rt_thread_init)
 <LI><a href="#[58]">rti_board_end</a> from components.o(i.rti_board_end) referenced from components.o(.rti_fn.1.end)
 <LI><a href="#[56]">rti_board_start</a> from components.o(i.rti_board_start) referenced from components.o(.rti_fn.0.end)
 <LI><a href="#[59]">rti_end</a> from components.o(i.rti_end) referenced from components.o(.rti_fn.6.end)
 <LI><a href="#[55]">rti_start</a> from components.o(i.rti_start) referenced from components.o(.rti_fn.0)
 <LI><a href="#[57]">uart_init</a> from board_1.o(i.uart_init) referenced from board_1.o(.rti_fn.1)
</UL>
<P>
<H3>
Global Symbols
</H3>
<P><STRONG><a name="[4c]"></a>__main</STRONG> (Thumb, 0 bytes, Stack size unknown bytes, entry.o(.ARM.Collect$$$$00000000))
<BR>[Address Reference Count : 1]<UL><LI> startup_apm32f10x_hd.o(.text)
</UL>
<P><STRONG><a name="[123]"></a>_main_stk</STRONG> (Thumb, 0 bytes, Stack size unknown bytes, entry2.o(.ARM.Collect$$$$00000001))

<P><STRONG><a name="[5a]"></a>_main_scatterload</STRONG> (Thumb, 0 bytes, Stack size unknown bytes, entry5.o(.ARM.Collect$$$$00000004))
<BR><BR>[Calls]<UL><LI><a href="#[5b]">&gt;&gt;</a>&nbsp;&nbsp;&nbsp;__scatterload
</UL>

<P><STRONG><a name="[5d]"></a>__main_after_scatterload</STRONG> (Thumb, 0 bytes, Stack size unknown bytes, entry5.o(.ARM.Collect$$$$00000004))
<BR><BR>[Called By]<UL><LI><a href="#[5b]">&gt;&gt;</a>&nbsp;&nbsp;&nbsp;__scatterload
</UL>

<P><STRONG><a name="[124]"></a>_main_clock</STRONG> (Thumb, 0 bytes, Stack size unknown bytes, entry7b.o(.ARM.Collect$$$$00000008))

<P><STRONG><a name="[125]"></a>_main_cpp_init</STRONG> (Thumb, 0 bytes, Stack size unknown bytes, entry8b.o(.ARM.Collect$$$$0000000A))

<P><STRONG><a name="[126]"></a>_main_init</STRONG> (Thumb, 0 bytes, Stack size unknown bytes, entry9a.o(.ARM.Collect$$$$0000000B))

<P><STRONG><a name="[127]"></a>__rt_final_cpp</STRONG> (Thumb, 0 bytes, Stack size unknown bytes, entry10a.o(.ARM.Collect$$$$0000000D))

<P><STRONG><a name="[128]"></a>__rt_final_exit</STRONG> (Thumb, 0 bytes, Stack size unknown bytes, entry11a.o(.ARM.Collect$$$$0000000F))

<P><STRONG><a name="[0]"></a>Reset_Handler</STRONG> (Thumb, 8 bytes, Stack size 0 bytes, startup_apm32f10x_hd.o(.text))
<BR>[Address Reference Count : 1]<UL><LI> startup_apm32f10x_hd.o(RESET)
</UL>
<P><STRONG><a name="[1c]"></a>ADC1_2_IRQHandler</STRONG> (Thumb, 0 bytes, Stack size 0 bytes, startup_apm32f10x_hd.o(.text))
<BR><BR>[Calls]<UL><LI><a href="#[1c]">&gt;&gt;</a>&nbsp;&nbsp;&nbsp;ADC1_2_IRQHandler
</UL>
<BR>[Called By]<UL><LI><a href="#[1c]">&gt;&gt;</a>&nbsp;&nbsp;&nbsp;ADC1_2_IRQHandler
</UL>
<BR>[Address Reference Count : 1]<UL><LI> startup_apm32f10x_hd.o(RESET)
</UL>
<P><STRONG><a name="[39]"></a>ADC3_IRQHandler</STRONG> (Thumb, 0 bytes, Stack size 0 bytes, startup_apm32f10x_hd.o(.text))
<BR>[Address Reference Count : 1]<UL><LI> startup_apm32f10x_hd.o(RESET)
</UL>
<P><STRONG><a name="[1f]"></a>CAN1_RX1_IRQHandler</STRONG> (Thumb, 0 bytes, Stack size 0 bytes, startup_apm32f10x_hd.o(.text))
<BR>[Address Reference Count : 1]<UL><LI> startup_apm32f10x_hd.o(RESET)
</UL>
<P><STRONG><a name="[20]"></a>CAN1_SCE_IRQHandler</STRONG> (Thumb, 0 bytes, Stack size 0 bytes, startup_apm32f10x_hd.o(.text))
<BR>[Address Reference Count : 1]<UL><LI> startup_apm32f10x_hd.o(RESET)
</UL>
<P><STRONG><a name="[48]"></a>CAN2_RX1_IRQHandler</STRONG> (Thumb, 0 bytes, Stack size 0 bytes, startup_apm32f10x_hd.o(.text))
<BR>[Address Reference Count : 1]<UL><LI> startup_apm32f10x_hd.o(RESET)
</UL>
<P><STRONG><a name="[49]"></a>CAN2_SCE_IRQHandler</STRONG> (Thumb, 0 bytes, Stack size 0 bytes, startup_apm32f10x_hd.o(.text))
<BR>[Address Reference Count : 1]<UL><LI> startup_apm32f10x_hd.o(RESET)
</UL>
<P><STRONG><a name="[15]"></a>DMA1_Channel1_IRQHandler</STRONG> (Thumb, 0 bytes, Stack size 0 bytes, startup_apm32f10x_hd.o(.text))
<BR>[Address Reference Count : 1]<UL><LI> startup_apm32f10x_hd.o(RESET)
</UL>
<P><STRONG><a name="[16]"></a>DMA1_Channel2_IRQHandler</STRONG> (Thumb, 0 bytes, Stack size 0 bytes, startup_apm32f10x_hd.o(.text))
<BR>[Address Reference Count : 1]<UL><LI> startup_apm32f10x_hd.o(RESET)
</UL>
<P><STRONG><a name="[17]"></a>DMA1_Channel3_IRQHandler</STRONG> (Thumb, 0 bytes, Stack size 0 bytes, startup_apm32f10x_hd.o(.text))
<BR>[Address Reference Count : 1]<UL><LI> startup_apm32f10x_hd.o(RESET)
</UL>
<P><STRONG><a name="[18]"></a>DMA1_Channel4_IRQHandler</STRONG> (Thumb, 0 bytes, Stack size 0 bytes, startup_apm32f10x_hd.o(.text))
<BR>[Address Reference Count : 1]<UL><LI> startup_apm32f10x_hd.o(RESET)
</UL>
<P><STRONG><a name="[19]"></a>DMA1_Channel5_IRQHandler</STRONG> (Thumb, 0 bytes, Stack size 0 bytes, startup_apm32f10x_hd.o(.text))
<BR>[Address Reference Count : 1]<UL><LI> startup_apm32f10x_hd.o(RESET)
</UL>
<P><STRONG><a name="[1a]"></a>DMA1_Channel6_IRQHandler</STRONG> (Thumb, 0 bytes, Stack size 0 bytes, startup_apm32f10x_hd.o(.text))
<BR>[Address Reference Count : 1]<UL><LI> startup_apm32f10x_hd.o(RESET)
</UL>
<P><STRONG><a name="[42]"></a>DMA2_Channel1_IRQHandler</STRONG> (Thumb, 0 bytes, Stack size 0 bytes, startup_apm32f10x_hd.o(.text))
<BR>[Address Reference Count : 1]<UL><LI> startup_apm32f10x_hd.o(RESET)
</UL>
<P><STRONG><a name="[43]"></a>DMA2_Channel2_IRQHandler</STRONG> (Thumb, 0 bytes, Stack size 0 bytes, startup_apm32f10x_hd.o(.text))
<BR>[Address Reference Count : 1]<UL><LI> startup_apm32f10x_hd.o(RESET)
</UL>
<P><STRONG><a name="[44]"></a>DMA2_Channel3_IRQHandler</STRONG> (Thumb, 0 bytes, Stack size 0 bytes, startup_apm32f10x_hd.o(.text))
<BR>[Address Reference Count : 1]<UL><LI> startup_apm32f10x_hd.o(RESET)
</UL>
<P><STRONG><a name="[45]"></a>DMA2_Channel4_5_IRQHandler</STRONG> (Thumb, 0 bytes, Stack size 0 bytes, startup_apm32f10x_hd.o(.text))
<BR>[Address Reference Count : 1]<UL><LI> startup_apm32f10x_hd.o(RESET)
</UL>
<P><STRONG><a name="[10]"></a>EINT0_IRQHandler</STRONG> (Thumb, 0 bytes, Stack size 0 bytes, startup_apm32f10x_hd.o(.text))
<BR>[Address Reference Count : 1]<UL><LI> startup_apm32f10x_hd.o(RESET)
</UL>
<P><STRONG><a name="[32]"></a>EINT15_10_IRQHandler</STRONG> (Thumb, 0 bytes, Stack size 0 bytes, startup_apm32f10x_hd.o(.text))
<BR>[Address Reference Count : 1]<UL><LI> startup_apm32f10x_hd.o(RESET)
</UL>
<P><STRONG><a name="[11]"></a>EINT1_IRQHandler</STRONG> (Thumb, 0 bytes, Stack size 0 bytes, startup_apm32f10x_hd.o(.text))
<BR>[Address Reference Count : 1]<UL><LI> startup_apm32f10x_hd.o(RESET)
</UL>
<P><STRONG><a name="[12]"></a>EINT2_IRQHandler</STRONG> (Thumb, 0 bytes, Stack size 0 bytes, startup_apm32f10x_hd.o(.text))
<BR>[Address Reference Count : 1]<UL><LI> startup_apm32f10x_hd.o(RESET)
</UL>
<P><STRONG><a name="[13]"></a>EINT3_IRQHandler</STRONG> (Thumb, 0 bytes, Stack size 0 bytes, startup_apm32f10x_hd.o(.text))
<BR>[Address Reference Count : 1]<UL><LI> startup_apm32f10x_hd.o(RESET)
</UL>
<P><STRONG><a name="[14]"></a>EINT4_IRQHandler</STRONG> (Thumb, 0 bytes, Stack size 0 bytes, startup_apm32f10x_hd.o(.text))
<BR>[Address Reference Count : 1]<UL><LI> startup_apm32f10x_hd.o(RESET)
</UL>
<P><STRONG><a name="[21]"></a>EINT9_5_IRQHandler</STRONG> (Thumb, 0 bytes, Stack size 0 bytes, startup_apm32f10x_hd.o(.text))
<BR>[Address Reference Count : 1]<UL><LI> startup_apm32f10x_hd.o(RESET)
</UL>
<P><STRONG><a name="[3a]"></a>EMMC_IRQHandler</STRONG> (Thumb, 0 bytes, Stack size 0 bytes, startup_apm32f10x_hd.o(.text))
<BR>[Address Reference Count : 1]<UL><LI> startup_apm32f10x_hd.o(RESET)
</UL>
<P><STRONG><a name="[e]"></a>FLASH_IRQHandler</STRONG> (Thumb, 0 bytes, Stack size 0 bytes, startup_apm32f10x_hd.o(.text))
<BR>[Address Reference Count : 1]<UL><LI> startup_apm32f10x_hd.o(RESET)
</UL>
<P><STRONG><a name="[2a]"></a>I2C1_ER_IRQHandler</STRONG> (Thumb, 0 bytes, Stack size 0 bytes, startup_apm32f10x_hd.o(.text))
<BR>[Address Reference Count : 1]<UL><LI> startup_apm32f10x_hd.o(RESET)
</UL>
<P><STRONG><a name="[29]"></a>I2C1_EV_IRQHandler</STRONG> (Thumb, 0 bytes, Stack size 0 bytes, startup_apm32f10x_hd.o(.text))
<BR>[Address Reference Count : 1]<UL><LI> startup_apm32f10x_hd.o(RESET)
</UL>
<P><STRONG><a name="[2c]"></a>I2C2_ER_IRQHandler</STRONG> (Thumb, 0 bytes, Stack size 0 bytes, startup_apm32f10x_hd.o(.text))
<BR>[Address Reference Count : 1]<UL><LI> startup_apm32f10x_hd.o(RESET)
</UL>
<P><STRONG><a name="[2b]"></a>I2C2_EV_IRQHandler</STRONG> (Thumb, 0 bytes, Stack size 0 bytes, startup_apm32f10x_hd.o(.text))
<BR>[Address Reference Count : 1]<UL><LI> startup_apm32f10x_hd.o(RESET)
</UL>
<P><STRONG><a name="[b]"></a>PVD_IRQHandler</STRONG> (Thumb, 0 bytes, Stack size 0 bytes, startup_apm32f10x_hd.o(.text))
<BR>[Address Reference Count : 1]<UL><LI> startup_apm32f10x_hd.o(RESET)
</UL>
<P><STRONG><a name="[f]"></a>RCM_IRQHandler</STRONG> (Thumb, 0 bytes, Stack size 0 bytes, startup_apm32f10x_hd.o(.text))
<BR>[Address Reference Count : 1]<UL><LI> startup_apm32f10x_hd.o(RESET)
</UL>
<P><STRONG><a name="[33]"></a>RTCAlarm_IRQHandler</STRONG> (Thumb, 0 bytes, Stack size 0 bytes, startup_apm32f10x_hd.o(.text))
<BR>[Address Reference Count : 1]<UL><LI> startup_apm32f10x_hd.o(RESET)
</UL>
<P><STRONG><a name="[d]"></a>RTC_IRQHandler</STRONG> (Thumb, 0 bytes, Stack size 0 bytes, startup_apm32f10x_hd.o(.text))
<BR>[Address Reference Count : 1]<UL><LI> startup_apm32f10x_hd.o(RESET)
</UL>
<P><STRONG><a name="[3b]"></a>SDIO_IRQHandler</STRONG> (Thumb, 0 bytes, Stack size 0 bytes, startup_apm32f10x_hd.o(.text))
<BR>[Address Reference Count : 1]<UL><LI> startup_apm32f10x_hd.o(RESET)
</UL>
<P><STRONG><a name="[2d]"></a>SPI1_IRQHandler</STRONG> (Thumb, 0 bytes, Stack size 0 bytes, startup_apm32f10x_hd.o(.text))
<BR>[Address Reference Count : 1]<UL><LI> startup_apm32f10x_hd.o(RESET)
</UL>
<P><STRONG><a name="[2e]"></a>SPI2_IRQHandler</STRONG> (Thumb, 0 bytes, Stack size 0 bytes, startup_apm32f10x_hd.o(.text))
<BR>[Address Reference Count : 1]<UL><LI> startup_apm32f10x_hd.o(RESET)
</UL>
<P><STRONG><a name="[3d]"></a>SPI3_IRQHandler</STRONG> (Thumb, 0 bytes, Stack size 0 bytes, startup_apm32f10x_hd.o(.text))
<BR>[Address Reference Count : 1]<UL><LI> startup_apm32f10x_hd.o(RESET)
</UL>
<P><STRONG><a name="[c]"></a>TAMPER_IRQHandler</STRONG> (Thumb, 0 bytes, Stack size 0 bytes, startup_apm32f10x_hd.o(.text))
<BR>[Address Reference Count : 1]<UL><LI> startup_apm32f10x_hd.o(RESET)
</UL>
<P><STRONG><a name="[22]"></a>TMR1_BRK_IRQHandler</STRONG> (Thumb, 0 bytes, Stack size 0 bytes, startup_apm32f10x_hd.o(.text))
<BR>[Address Reference Count : 1]<UL><LI> startup_apm32f10x_hd.o(RESET)
</UL>
<P><STRONG><a name="[25]"></a>TMR1_CC_IRQHandler</STRONG> (Thumb, 0 bytes, Stack size 0 bytes, startup_apm32f10x_hd.o(.text))
<BR>[Address Reference Count : 1]<UL><LI> startup_apm32f10x_hd.o(RESET)
</UL>
<P><STRONG><a name="[24]"></a>TMR1_TRG_COM_IRQHandler</STRONG> (Thumb, 0 bytes, Stack size 0 bytes, startup_apm32f10x_hd.o(.text))
<BR>[Address Reference Count : 1]<UL><LI> startup_apm32f10x_hd.o(RESET)
</UL>
<P><STRONG><a name="[27]"></a>TMR3_IRQHandler</STRONG> (Thumb, 0 bytes, Stack size 0 bytes, startup_apm32f10x_hd.o(.text))
<BR>[Address Reference Count : 1]<UL><LI> startup_apm32f10x_hd.o(RESET)
</UL>
<P><STRONG><a name="[28]"></a>TMR4_IRQHandler</STRONG> (Thumb, 0 bytes, Stack size 0 bytes, startup_apm32f10x_hd.o(.text))
<BR>[Address Reference Count : 1]<UL><LI> startup_apm32f10x_hd.o(RESET)
</UL>
<P><STRONG><a name="[3c]"></a>TMR5_IRQHandler</STRONG> (Thumb, 0 bytes, Stack size 0 bytes, startup_apm32f10x_hd.o(.text))
<BR>[Address Reference Count : 1]<UL><LI> startup_apm32f10x_hd.o(RESET)
</UL>
<P><STRONG><a name="[40]"></a>TMR6_IRQHandler</STRONG> (Thumb, 0 bytes, Stack size 0 bytes, startup_apm32f10x_hd.o(.text))
<BR>[Address Reference Count : 1]<UL><LI> startup_apm32f10x_hd.o(RESET)
</UL>
<P><STRONG><a name="[41]"></a>TMR7_IRQHandler</STRONG> (Thumb, 0 bytes, Stack size 0 bytes, startup_apm32f10x_hd.o(.text))
<BR>[Address Reference Count : 1]<UL><LI> startup_apm32f10x_hd.o(RESET)
</UL>
<P><STRONG><a name="[35]"></a>TMR8_BRK_IRQHandler</STRONG> (Thumb, 0 bytes, Stack size 0 bytes, startup_apm32f10x_hd.o(.text))
<BR>[Address Reference Count : 1]<UL><LI> startup_apm32f10x_hd.o(RESET)
</UL>
<P><STRONG><a name="[38]"></a>TMR8_CC_IRQHandler</STRONG> (Thumb, 0 bytes, Stack size 0 bytes, startup_apm32f10x_hd.o(.text))
<BR>[Address Reference Count : 1]<UL><LI> startup_apm32f10x_hd.o(RESET)
</UL>
<P><STRONG><a name="[37]"></a>TMR8_TRG_COM_IRQHandler</STRONG> (Thumb, 0 bytes, Stack size 0 bytes, startup_apm32f10x_hd.o(.text))
<BR>[Address Reference Count : 1]<UL><LI> startup_apm32f10x_hd.o(RESET)
</UL>
<P><STRONG><a name="[36]"></a>TMR8_UP_IRQHandler</STRONG> (Thumb, 0 bytes, Stack size 0 bytes, startup_apm32f10x_hd.o(.text))
<BR>[Address Reference Count : 1]<UL><LI> startup_apm32f10x_hd.o(RESET)
</UL>
<P><STRONG><a name="[3e]"></a>UART4_IRQHandler</STRONG> (Thumb, 0 bytes, Stack size 0 bytes, startup_apm32f10x_hd.o(.text))
<BR>[Address Reference Count : 1]<UL><LI> startup_apm32f10x_hd.o(RESET)
</UL>
<P><STRONG><a name="[3f]"></a>UART5_IRQHandler</STRONG> (Thumb, 0 bytes, Stack size 0 bytes, startup_apm32f10x_hd.o(.text))
<BR>[Address Reference Count : 1]<UL><LI> startup_apm32f10x_hd.o(RESET)
</UL>
<P><STRONG><a name="[2f]"></a>USART1_IRQHandler</STRONG> (Thumb, 0 bytes, Stack size 0 bytes, startup_apm32f10x_hd.o(.text))
<BR>[Address Reference Count : 1]<UL><LI> startup_apm32f10x_hd.o(RESET)
</UL>
<P><STRONG><a name="[46]"></a>USBD2_HP_CAN2_TX_IRQHandler</STRONG> (Thumb, 0 bytes, Stack size 0 bytes, startup_apm32f10x_hd.o(.text))
<BR>[Address Reference Count : 1]<UL><LI> startup_apm32f10x_hd.o(RESET)
</UL>
<P><STRONG><a name="[47]"></a>USBD2_LP_CAN2_RX0_IRQHandler</STRONG> (Thumb, 0 bytes, Stack size 0 bytes, startup_apm32f10x_hd.o(.text))
<BR>[Address Reference Count : 1]<UL><LI> startup_apm32f10x_hd.o(RESET)
</UL>
<P><STRONG><a name="[34]"></a>USBDWakeUp_IRQHandler</STRONG> (Thumb, 0 bytes, Stack size 0 bytes, startup_apm32f10x_hd.o(.text))
<BR>[Address Reference Count : 1]<UL><LI> startup_apm32f10x_hd.o(RESET)
</UL>
<P><STRONG><a name="[a]"></a>WWDT_IRQHandler</STRONG> (Thumb, 0 bytes, Stack size 0 bytes, startup_apm32f10x_hd.o(.text))
<BR>[Address Reference Count : 1]<UL><LI> startup_apm32f10x_hd.o(RESET)
</UL>
<P><STRONG><a name="[9e]"></a>rt_hw_interrupt_disable</STRONG> (Thumb, 8 bytes, Stack size 0 bytes, context_rvds.o(.text))
<BR><BR>[Called By]<UL><LI><a href="#[6c]">&gt;&gt;</a>&nbsp;&nbsp;&nbsp;rt_sem_take
<LI><a href="#[73]">&gt;&gt;</a>&nbsp;&nbsp;&nbsp;rt_sem_release
<LI><a href="#[f0]">&gt;&gt;</a>&nbsp;&nbsp;&nbsp;rt_object_delete
<LI><a href="#[107]">&gt;&gt;</a>&nbsp;&nbsp;&nbsp;rt_thread_idle_excute
<LI><a href="#[5e]">&gt;&gt;</a>&nbsp;&nbsp;&nbsp;rtthread_startup
<LI><a href="#[10d]">&gt;&gt;</a>&nbsp;&nbsp;&nbsp;rt_timer_check
<LI><a href="#[10c]">&gt;&gt;</a>&nbsp;&nbsp;&nbsp;rt_thread_yield
<LI><a href="#[10b]">&gt;&gt;</a>&nbsp;&nbsp;&nbsp;rt_timer_stop
<LI><a href="#[104]">&gt;&gt;</a>&nbsp;&nbsp;&nbsp;rt_timer_detach
<LI><a href="#[103]">&gt;&gt;</a>&nbsp;&nbsp;&nbsp;rt_thread_sleep
<LI><a href="#[4d]">&gt;&gt;</a>&nbsp;&nbsp;&nbsp;rt_thread_exit
<LI><a href="#[9d]">&gt;&gt;</a>&nbsp;&nbsp;&nbsp;_thread_cleanup_execute
<LI><a href="#[f9]">&gt;&gt;</a>&nbsp;&nbsp;&nbsp;rt_schedule_remove_thread
<LI><a href="#[f8]">&gt;&gt;</a>&nbsp;&nbsp;&nbsp;rt_schedule_insert_thread
<LI><a href="#[d0]">&gt;&gt;</a>&nbsp;&nbsp;&nbsp;rt_exit_critical
<LI><a href="#[cf]">&gt;&gt;</a>&nbsp;&nbsp;&nbsp;rt_enter_critical
<LI><a href="#[e0]">&gt;&gt;</a>&nbsp;&nbsp;&nbsp;rt_interrupt_leave
<LI><a href="#[df]">&gt;&gt;</a>&nbsp;&nbsp;&nbsp;rt_interrupt_enter
<LI><a href="#[fc]">&gt;&gt;</a>&nbsp;&nbsp;&nbsp;rt_timer_start
<LI><a href="#[fb]">&gt;&gt;</a>&nbsp;&nbsp;&nbsp;rt_timer_control
<LI><a href="#[e6]">&gt;&gt;</a>&nbsp;&nbsp;&nbsp;rt_thread_suspend
<LI><a href="#[e2]">&gt;&gt;</a>&nbsp;&nbsp;&nbsp;rt_thread_resume
<LI><a href="#[d1]">&gt;&gt;</a>&nbsp;&nbsp;&nbsp;rt_schedule
<LI><a href="#[f3]">&gt;&gt;</a>&nbsp;&nbsp;&nbsp;rt_object_init
<LI><a href="#[f2]">&gt;&gt;</a>&nbsp;&nbsp;&nbsp;rt_object_detach
<LI><a href="#[ec]">&gt;&gt;</a>&nbsp;&nbsp;&nbsp;rt_object_allocate
<LI><a href="#[e3]">&gt;&gt;</a>&nbsp;&nbsp;&nbsp;rt_ipc_list_resume_all
</UL>

<P><STRONG><a name="[9f]"></a>rt_hw_interrupt_enable</STRONG> (Thumb, 6 bytes, Stack size 0 bytes, context_rvds.o(.text))
<BR><BR>[Called By]<UL><LI><a href="#[6c]">&gt;&gt;</a>&nbsp;&nbsp;&nbsp;rt_sem_take
<LI><a href="#[73]">&gt;&gt;</a>&nbsp;&nbsp;&nbsp;rt_sem_release
<LI><a href="#[f0]">&gt;&gt;</a>&nbsp;&nbsp;&nbsp;rt_object_delete
<LI><a href="#[107]">&gt;&gt;</a>&nbsp;&nbsp;&nbsp;rt_thread_idle_excute
<LI><a href="#[10d]">&gt;&gt;</a>&nbsp;&nbsp;&nbsp;rt_timer_check
<LI><a href="#[10c]">&gt;&gt;</a>&nbsp;&nbsp;&nbsp;rt_thread_yield
<LI><a href="#[10b]">&gt;&gt;</a>&nbsp;&nbsp;&nbsp;rt_timer_stop
<LI><a href="#[104]">&gt;&gt;</a>&nbsp;&nbsp;&nbsp;rt_timer_detach
<LI><a href="#[103]">&gt;&gt;</a>&nbsp;&nbsp;&nbsp;rt_thread_sleep
<LI><a href="#[4d]">&gt;&gt;</a>&nbsp;&nbsp;&nbsp;rt_thread_exit
<LI><a href="#[9d]">&gt;&gt;</a>&nbsp;&nbsp;&nbsp;_thread_cleanup_execute
<LI><a href="#[f9]">&gt;&gt;</a>&nbsp;&nbsp;&nbsp;rt_schedule_remove_thread
<LI><a href="#[f8]">&gt;&gt;</a>&nbsp;&nbsp;&nbsp;rt_schedule_insert_thread
<LI><a href="#[d0]">&gt;&gt;</a>&nbsp;&nbsp;&nbsp;rt_exit_critical
<LI><a href="#[cf]">&gt;&gt;</a>&nbsp;&nbsp;&nbsp;rt_enter_critical
<LI><a href="#[e0]">&gt;&gt;</a>&nbsp;&nbsp;&nbsp;rt_interrupt_leave
<LI><a href="#[df]">&gt;&gt;</a>&nbsp;&nbsp;&nbsp;rt_interrupt_enter
<LI><a href="#[fc]">&gt;&gt;</a>&nbsp;&nbsp;&nbsp;rt_timer_start
<LI><a href="#[fb]">&gt;&gt;</a>&nbsp;&nbsp;&nbsp;rt_timer_control
<LI><a href="#[e6]">&gt;&gt;</a>&nbsp;&nbsp;&nbsp;rt_thread_suspend
<LI><a href="#[e2]">&gt;&gt;</a>&nbsp;&nbsp;&nbsp;rt_thread_resume
<LI><a href="#[d1]">&gt;&gt;</a>&nbsp;&nbsp;&nbsp;rt_schedule
<LI><a href="#[f3]">&gt;&gt;</a>&nbsp;&nbsp;&nbsp;rt_object_init
<LI><a href="#[f2]">&gt;&gt;</a>&nbsp;&nbsp;&nbsp;rt_object_detach
<LI><a href="#[ec]">&gt;&gt;</a>&nbsp;&nbsp;&nbsp;rt_object_allocate
<LI><a href="#[e3]">&gt;&gt;</a>&nbsp;&nbsp;&nbsp;rt_ipc_list_resume_all
</UL>

<P><STRONG><a name="[f6]"></a>rt_hw_context_switch</STRONG> (Thumb, 32 bytes, Stack size 0 bytes, context_rvds.o(.text))
<BR><BR>[Called By]<UL><LI><a href="#[d1]">&gt;&gt;</a>&nbsp;&nbsp;&nbsp;rt_schedule
</UL>

<P><STRONG><a name="[f7]"></a>rt_hw_context_switch_interrupt</STRONG> (Thumb, 0 bytes, Stack size 0 bytes, context_rvds.o(.text))
<BR><BR>[Called By]<UL><LI><a href="#[d1]">&gt;&gt;</a>&nbsp;&nbsp;&nbsp;rt_schedule
</UL>

<P><STRONG><a name="[8]"></a>PendSV_Handler</STRONG> (Thumb, 60 bytes, Stack size 0 bytes, context_rvds.o(.text))
<BR>[Address Reference Count : 1]<UL><LI> startup_apm32f10x_hd.o(RESET)
</UL>
<P><STRONG><a name="[101]"></a>rt_hw_context_switch_to</STRONG> (Thumb, 56 bytes, Stack size 0 bytes, context_rvds.o(.text))
<BR><BR>[Called By]<UL><LI><a href="#[100]">&gt;&gt;</a>&nbsp;&nbsp;&nbsp;rt_system_scheduler_start
</UL>

<P><STRONG><a name="[129]"></a>rt_hw_interrupt_thread_switch</STRONG> (Thumb, 2 bytes, Stack size 0 bytes, context_rvds.o(.text), UNUSED)

<P><STRONG><a name="[2]"></a>HardFault_Handler</STRONG> (Thumb, 52 bytes, Stack size 0 bytes, context_rvds.o(.text))
<BR><BR>[Stack]<UL><LI>Max Depth = 196<LI>Call Chain = HardFault_Handler &rArr; rt_hw_hard_fault_exception &rArr; rt_kprintf &rArr; rt_vsnprintf &rArr; print_number
</UL>
<BR>[Calls]<UL><LI><a href="#[5c]">&gt;&gt;</a>&nbsp;&nbsp;&nbsp;rt_hw_hard_fault_exception
</UL>
<BR>[Address Reference Count : 1]<UL><LI> startup_apm32f10x_hd.o(RESET)
</UL>
<P><STRONG><a name="[5b]"></a>__scatterload</STRONG> (Thumb, 28 bytes, Stack size 0 bytes, init.o(.text))
<BR><BR>[Calls]<UL><LI><a href="#[5d]">&gt;&gt;</a>&nbsp;&nbsp;&nbsp;__main_after_scatterload
</UL>
<BR>[Called By]<UL><LI><a href="#[5a]">&gt;&gt;</a>&nbsp;&nbsp;&nbsp;_main_scatterload
</UL>

<P><STRONG><a name="[12a]"></a>__scatterload_rt2</STRONG> (Thumb, 0 bytes, Stack size 0 bytes, init.o(.text), UNUSED)

<P><STRONG><a name="[12b]"></a>__decompress</STRONG> (Thumb, 0 bytes, Stack size unknown bytes, __dczerorl2.o(.text), UNUSED)

<P><STRONG><a name="[12c]"></a>__decompress1</STRONG> (Thumb, 86 bytes, Stack size unknown bytes, __dczerorl2.o(.text), UNUSED)

<P><STRONG><a name="[4a]"></a>main</STRONG> (Thumb, 10 bytes, Stack size 8 bytes, components.o(i.$Sub$$main))
<BR><BR>[Stack]<UL><LI>Max Depth = 300<LI>Call Chain = main &rArr; rtthread_startup &rArr; rt_application_init &rArr; rt_thread_create &rArr; rt_object_delete &rArr; rt_free &rArr; rt_kprintf &rArr; rt_vsnprintf &rArr; print_number
</UL>
<BR>[Calls]<UL><LI><a href="#[5e]">&gt;&gt;</a>&nbsp;&nbsp;&nbsp;rtthread_startup
</UL>
<BR>[Address Reference Count : 1]<UL><LI> entry9a.o(.ARM.Collect$$$$0000000B)
</UL>
<P><STRONG><a name="[4]"></a>BusFault_Handler</STRONG> (Thumb, 4 bytes, Stack size 0 bytes, apm32f10x_int.o(i.BusFault_Handler))
<BR>[Address Reference Count : 1]<UL><LI> startup_apm32f10x_hd.o(RESET)
</UL>
<P><STRONG><a name="[93]"></a>CAN_ClearIntFlag</STRONG> (Thumb, 268 bytes, Stack size 0 bytes, apm32f10x_can.o(i.CAN_ClearIntFlag))
<BR><BR>[Called By]<UL><LI><a href="#[1e]">&gt;&gt;</a>&nbsp;&nbsp;&nbsp;USBD1_LP_CAN1_RX0_IRQHandler
<LI><a href="#[1d]">&gt;&gt;</a>&nbsp;&nbsp;&nbsp;USBD1_HP_CAN1_TX_IRQHandler
</UL>

<P><STRONG><a name="[67]"></a>CAN_Config</STRONG> (Thumb, 294 bytes, Stack size 12 bytes, apm32f10x_can.o(i.CAN_Config))
<BR><BR>[Stack]<UL><LI>Max Depth = 12<LI>Call Chain = CAN_Config
</UL>
<BR>[Called By]<UL><LI><a href="#[62]">&gt;&gt;</a>&nbsp;&nbsp;&nbsp;Can1_Init
</UL>

<P><STRONG><a name="[68]"></a>CAN_ConfigFilter</STRONG> (Thumb, 266 bytes, Stack size 8 bytes, apm32f10x_can.o(i.CAN_ConfigFilter))
<BR><BR>[Stack]<UL><LI>Max Depth = 8<LI>Call Chain = CAN_ConfigFilter
</UL>
<BR>[Called By]<UL><LI><a href="#[62]">&gt;&gt;</a>&nbsp;&nbsp;&nbsp;Can1_Init
</UL>

<P><STRONG><a name="[66]"></a>CAN_ConfigStructInit</STRONG> (Thumb, 30 bytes, Stack size 0 bytes, apm32f10x_can.o(i.CAN_ConfigStructInit))
<BR><BR>[Called By]<UL><LI><a href="#[62]">&gt;&gt;</a>&nbsp;&nbsp;&nbsp;Can1_Init
</UL>

<P><STRONG><a name="[92]"></a>CAN_DisableInterrupt</STRONG> (Thumb, 8 bytes, Stack size 0 bytes, apm32f10x_can.o(i.CAN_DisableInterrupt))
<BR><BR>[Called By]<UL><LI><a href="#[1d]">&gt;&gt;</a>&nbsp;&nbsp;&nbsp;USBD1_HP_CAN1_TX_IRQHandler
</UL>

<P><STRONG><a name="[6a]"></a>CAN_EnableInterrupt</STRONG> (Thumb, 8 bytes, Stack size 0 bytes, apm32f10x_can.o(i.CAN_EnableInterrupt))
<BR><BR>[Called By]<UL><LI><a href="#[70]">&gt;&gt;</a>&nbsp;&nbsp;&nbsp;can1_send_msg
<LI><a href="#[62]">&gt;&gt;</a>&nbsp;&nbsp;&nbsp;Can1_Init
</UL>

<P><STRONG><a name="[90]"></a>CAN_ReadIntFlag</STRONG> (Thumb, 234 bytes, Stack size 0 bytes, apm32f10x_can.o(i.CAN_ReadIntFlag))
<BR><BR>[Called By]<UL><LI><a href="#[1e]">&gt;&gt;</a>&nbsp;&nbsp;&nbsp;USBD1_LP_CAN1_RX0_IRQHandler
<LI><a href="#[1d]">&gt;&gt;</a>&nbsp;&nbsp;&nbsp;USBD1_HP_CAN1_TX_IRQHandler
</UL>

<P><STRONG><a name="[5f]"></a>CAN_Reset</STRONG> (Thumb, 52 bytes, Stack size 8 bytes, apm32f10x_can.o(i.CAN_Reset))
<BR><BR>[Stack]<UL><LI>Max Depth = 8<LI>Call Chain = CAN_Reset
</UL>
<BR>[Calls]<UL><LI><a href="#[60]">&gt;&gt;</a>&nbsp;&nbsp;&nbsp;RCM_EnableAPB1PeriphReset
<LI><a href="#[61]">&gt;&gt;</a>&nbsp;&nbsp;&nbsp;RCM_DisableAPB1PeriphReset
</UL>
<BR>[Called By]<UL><LI><a href="#[62]">&gt;&gt;</a>&nbsp;&nbsp;&nbsp;Can1_Init
</UL>

<P><STRONG><a name="[94]"></a>CAN_RxMessage</STRONG> (Thumb, 244 bytes, Stack size 8 bytes, apm32f10x_can.o(i.CAN_RxMessage))
<BR><BR>[Stack]<UL><LI>Max Depth = 8<LI>Call Chain = CAN_RxMessage
</UL>
<BR>[Called By]<UL><LI><a href="#[1e]">&gt;&gt;</a>&nbsp;&nbsp;&nbsp;USBD1_LP_CAN1_RX0_IRQHandler
</UL>

<P><STRONG><a name="[91]"></a>CAN_TxMessage</STRONG> (Thumb, 294 bytes, Stack size 8 bytes, apm32f10x_can.o(i.CAN_TxMessage))
<BR><BR>[Stack]<UL><LI>Max Depth = 8<LI>Call Chain = CAN_TxMessage
</UL>
<BR>[Called By]<UL><LI><a href="#[70]">&gt;&gt;</a>&nbsp;&nbsp;&nbsp;can1_send_msg
<LI><a href="#[1d]">&gt;&gt;</a>&nbsp;&nbsp;&nbsp;USBD1_HP_CAN1_TX_IRQHandler
</UL>

<P><STRONG><a name="[62]"></a>Can1_Init</STRONG> (Thumb, 228 bytes, Stack size 40 bytes, can.o(i.Can1_Init))
<BR><BR>[Stack]<UL><LI>Max Depth = 68<LI>Call Chain = Can1_Init &rArr; NVIC_EnableIRQRequest
</UL>
<BR>[Calls]<UL><LI><a href="#[5f]">&gt;&gt;</a>&nbsp;&nbsp;&nbsp;CAN_Reset
<LI><a href="#[6a]">&gt;&gt;</a>&nbsp;&nbsp;&nbsp;CAN_EnableInterrupt
<LI><a href="#[66]">&gt;&gt;</a>&nbsp;&nbsp;&nbsp;CAN_ConfigStructInit
<LI><a href="#[68]">&gt;&gt;</a>&nbsp;&nbsp;&nbsp;CAN_ConfigFilter
<LI><a href="#[67]">&gt;&gt;</a>&nbsp;&nbsp;&nbsp;CAN_Config
<LI><a href="#[65]">&gt;&gt;</a>&nbsp;&nbsp;&nbsp;GPIO_Config
<LI><a href="#[69]">&gt;&gt;</a>&nbsp;&nbsp;&nbsp;NVIC_EnableIRQRequest
<LI><a href="#[63]">&gt;&gt;</a>&nbsp;&nbsp;&nbsp;RCM_EnableAPB2PeriphClock
<LI><a href="#[64]">&gt;&gt;</a>&nbsp;&nbsp;&nbsp;RCM_EnableAPB1PeriphClock
</UL>
<BR>[Called By]<UL><LI><a href="#[52]">&gt;&gt;</a>&nbsp;&nbsp;&nbsp;msg_thread_entry
</UL>

<P><STRONG><a name="[1b]"></a>DMA1_Channel7_IRQHandler</STRONG> (Thumb, 2 bytes, Stack size 0 bytes, usart.o(i.DMA1_Channel7_IRQHandler))
<BR>[Address Reference Count : 1]<UL><LI> startup_apm32f10x_hd.o(RESET)
</UL>
<P><STRONG><a name="[7]"></a>DebugMon_Handler</STRONG> (Thumb, 2 bytes, Stack size 0 bytes, apm32f10x_int.o(i.DebugMon_Handler))
<BR>[Address Reference Count : 1]<UL><LI> startup_apm32f10x_hd.o(RESET)
</UL>
<P><STRONG><a name="[65]"></a>GPIO_Config</STRONG> (Thumb, 154 bytes, Stack size 20 bytes, apm32f10x_gpio.o(i.GPIO_Config))
<BR><BR>[Stack]<UL><LI>Max Depth = 20<LI>Call Chain = GPIO_Config
</UL>
<BR>[Called By]<UL><LI><a href="#[83]">&gt;&gt;</a>&nbsp;&nbsp;&nbsp;SPI1_GPIO_Configuration
<LI><a href="#[bc]">&gt;&gt;</a>&nbsp;&nbsp;&nbsp;gpio_init
<LI><a href="#[62]">&gt;&gt;</a>&nbsp;&nbsp;&nbsp;Can1_Init
<LI><a href="#[ba]">&gt;&gt;</a>&nbsp;&nbsp;&nbsp;gpio_for_w5500_config
<LI><a href="#[57]">&gt;&gt;</a>&nbsp;&nbsp;&nbsp;uart_init
</UL>

<P><STRONG><a name="[121]"></a>GPIO_ConfigStructInit</STRONG> (Thumb, 16 bytes, Stack size 0 bytes, apm32f10x_gpio.o(i.GPIO_ConfigStructInit))
<BR><BR>[Called By]<UL><LI><a href="#[57]">&gt;&gt;</a>&nbsp;&nbsp;&nbsp;uart_init
</UL>

<P><STRONG><a name="[82]"></a>GPIO_ReadInputBit</STRONG> (Thumb, 18 bytes, Stack size 0 bytes, apm32f10x_gpio.o(i.GPIO_ReadInputBit))
<BR><BR>[Called By]<UL><LI><a href="#[81]">&gt;&gt;</a>&nbsp;&nbsp;&nbsp;Read_Addr_Msg
</UL>

<P><STRONG><a name="[b0]"></a>GPIO_ReadOutputBit</STRONG> (Thumb, 18 bytes, Stack size 0 bytes, apm32f10x_gpio.o(i.GPIO_ReadOutputBit))
<BR><BR>[Called By]<UL><LI><a href="#[bf]">&gt;&gt;</a>&nbsp;&nbsp;&nbsp;$Super$$main
<LI><a href="#[ab]">&gt;&gt;</a>&nbsp;&nbsp;&nbsp;do_udp
</UL>

<P><STRONG><a name="[cd]"></a>GPIO_ResetBit</STRONG> (Thumb, 4 bytes, Stack size 0 bytes, apm32f10x_gpio.o(i.GPIO_ResetBit))
<BR><BR>[Called By]<UL><LI><a href="#[c0]">&gt;&gt;</a>&nbsp;&nbsp;&nbsp;reset_w5500
<LI><a href="#[bd]">&gt;&gt;</a>&nbsp;&nbsp;&nbsp;wiz_cs
</UL>

<P><STRONG><a name="[bb]"></a>GPIO_SetBit</STRONG> (Thumb, 4 bytes, Stack size 0 bytes, apm32f10x_gpio.o(i.GPIO_SetBit))
<BR><BR>[Called By]<UL><LI><a href="#[c0]">&gt;&gt;</a>&nbsp;&nbsp;&nbsp;reset_w5500
<LI><a href="#[bd]">&gt;&gt;</a>&nbsp;&nbsp;&nbsp;wiz_cs
<LI><a href="#[ba]">&gt;&gt;</a>&nbsp;&nbsp;&nbsp;gpio_for_w5500_config
</UL>

<P><STRONG><a name="[b1]"></a>GPIO_WriteBitValue</STRONG> (Thumb, 10 bytes, Stack size 0 bytes, apm32f10x_gpio.o(i.GPIO_WriteBitValue))
<BR><BR>[Called By]<UL><LI><a href="#[bc]">&gt;&gt;</a>&nbsp;&nbsp;&nbsp;gpio_init
<LI><a href="#[c9]">&gt;&gt;</a>&nbsp;&nbsp;&nbsp;remote_msg_handle
<LI><a href="#[bf]">&gt;&gt;</a>&nbsp;&nbsp;&nbsp;$Super$$main
<LI><a href="#[ab]">&gt;&gt;</a>&nbsp;&nbsp;&nbsp;do_udp
</UL>

<P><STRONG><a name="[74]"></a>IINCHIP_READ</STRONG> (Thumb, 50 bytes, Stack size 16 bytes, w5500_conf.o(i.IINCHIP_READ))
<BR><BR>[Stack]<UL><LI>Max Depth = 32<LI>Call Chain = IINCHIP_READ &rArr; iinchip_cson &rArr; wiz_cs
</UL>
<BR>[Calls]<UL><LI><a href="#[77]">&gt;&gt;</a>&nbsp;&nbsp;&nbsp;iinchip_cson
<LI><a href="#[75]">&gt;&gt;</a>&nbsp;&nbsp;&nbsp;iinchip_csoff
<LI><a href="#[76]">&gt;&gt;</a>&nbsp;&nbsp;&nbsp;IINCHIP_SpiSendData
</UL>
<BR>[Called By]<UL><LI><a href="#[116]">&gt;&gt;</a>&nbsp;&nbsp;&nbsp;send_data_processing
<LI><a href="#[cc]">&gt;&gt;</a>&nbsp;&nbsp;&nbsp;recv_data_processing
<LI><a href="#[b9]">&gt;&gt;</a>&nbsp;&nbsp;&nbsp;getSn_TX_FSR
<LI><a href="#[a8]">&gt;&gt;</a>&nbsp;&nbsp;&nbsp;getSn_IR
<LI><a href="#[ad]">&gt;&gt;</a>&nbsp;&nbsp;&nbsp;socket
<LI><a href="#[b3]">&gt;&gt;</a>&nbsp;&nbsp;&nbsp;sendto
<LI><a href="#[114]">&gt;&gt;</a>&nbsp;&nbsp;&nbsp;send
<LI><a href="#[b2]">&gt;&gt;</a>&nbsp;&nbsp;&nbsp;recvfrom
<LI><a href="#[cb]">&gt;&gt;</a>&nbsp;&nbsp;&nbsp;recv
<LI><a href="#[be]">&gt;&gt;</a>&nbsp;&nbsp;&nbsp;listen
<LI><a href="#[aa]">&gt;&gt;</a>&nbsp;&nbsp;&nbsp;disconnect
<LI><a href="#[a7]">&gt;&gt;</a>&nbsp;&nbsp;&nbsp;connect
<LI><a href="#[a6]">&gt;&gt;</a>&nbsp;&nbsp;&nbsp;close
<LI><a href="#[ac]">&gt;&gt;</a>&nbsp;&nbsp;&nbsp;getSn_SR
<LI><a href="#[af]">&gt;&gt;</a>&nbsp;&nbsp;&nbsp;getSn_RX_RSR
<LI><a href="#[7c]">&gt;&gt;</a>&nbsp;&nbsp;&nbsp;getPHYStatus
</UL>

<P><STRONG><a name="[76]"></a>IINCHIP_SpiSendData</STRONG> (Thumb, 12 bytes, Stack size 8 bytes, w5500_conf.o(i.IINCHIP_SpiSendData))
<BR><BR>[Stack]<UL><LI>Max Depth = 16<LI>Call Chain = IINCHIP_SpiSendData &rArr; spi_read_send_byte
</UL>
<BR>[Calls]<UL><LI><a href="#[78]">&gt;&gt;</a>&nbsp;&nbsp;&nbsp;spi_read_send_byte
</UL>
<BR>[Called By]<UL><LI><a href="#[b5]">&gt;&gt;</a>&nbsp;&nbsp;&nbsp;wiz_read_buf
<LI><a href="#[79]">&gt;&gt;</a>&nbsp;&nbsp;&nbsp;IINCHIP_WRITE
<LI><a href="#[74]">&gt;&gt;</a>&nbsp;&nbsp;&nbsp;IINCHIP_READ
<LI><a href="#[117]">&gt;&gt;</a>&nbsp;&nbsp;&nbsp;wiz_write_buf
</UL>

<P><STRONG><a name="[79]"></a>IINCHIP_WRITE</STRONG> (Thumb, 50 bytes, Stack size 16 bytes, w5500_conf.o(i.IINCHIP_WRITE))
<BR><BR>[Stack]<UL><LI>Max Depth = 32<LI>Call Chain = IINCHIP_WRITE &rArr; iinchip_cson &rArr; wiz_cs
</UL>
<BR>[Calls]<UL><LI><a href="#[77]">&gt;&gt;</a>&nbsp;&nbsp;&nbsp;iinchip_cson
<LI><a href="#[75]">&gt;&gt;</a>&nbsp;&nbsp;&nbsp;iinchip_csoff
<LI><a href="#[76]">&gt;&gt;</a>&nbsp;&nbsp;&nbsp;IINCHIP_SpiSendData
</UL>
<BR>[Called By]<UL><LI><a href="#[116]">&gt;&gt;</a>&nbsp;&nbsp;&nbsp;send_data_processing
<LI><a href="#[cc]">&gt;&gt;</a>&nbsp;&nbsp;&nbsp;recv_data_processing
<LI><a href="#[ad]">&gt;&gt;</a>&nbsp;&nbsp;&nbsp;socket
<LI><a href="#[b3]">&gt;&gt;</a>&nbsp;&nbsp;&nbsp;sendto
<LI><a href="#[114]">&gt;&gt;</a>&nbsp;&nbsp;&nbsp;send
<LI><a href="#[b2]">&gt;&gt;</a>&nbsp;&nbsp;&nbsp;recvfrom
<LI><a href="#[cb]">&gt;&gt;</a>&nbsp;&nbsp;&nbsp;recv
<LI><a href="#[be]">&gt;&gt;</a>&nbsp;&nbsp;&nbsp;listen
<LI><a href="#[aa]">&gt;&gt;</a>&nbsp;&nbsp;&nbsp;disconnect
<LI><a href="#[a7]">&gt;&gt;</a>&nbsp;&nbsp;&nbsp;connect
<LI><a href="#[a6]">&gt;&gt;</a>&nbsp;&nbsp;&nbsp;close
<LI><a href="#[c7]">&gt;&gt;</a>&nbsp;&nbsp;&nbsp;tcp_client_send
<LI><a href="#[c5]">&gt;&gt;</a>&nbsp;&nbsp;&nbsp;socket_buf_init
<LI><a href="#[c3]">&gt;&gt;</a>&nbsp;&nbsp;&nbsp;setRTR
<LI><a href="#[c4]">&gt;&gt;</a>&nbsp;&nbsp;&nbsp;setRCR
<LI><a href="#[ca]">&gt;&gt;</a>&nbsp;&nbsp;&nbsp;tcp_server_list
<LI><a href="#[ae]">&gt;&gt;</a>&nbsp;&nbsp;&nbsp;setSn_IR
</UL>

<P><STRONG><a name="[3]"></a>MemManage_Handler</STRONG> (Thumb, 4 bytes, Stack size 0 bytes, apm32f10x_int.o(i.MemManage_Handler))
<BR>[Address Reference Count : 1]<UL><LI> startup_apm32f10x_hd.o(RESET)
</UL>
<P><STRONG><a name="[1]"></a>NMI_Handler</STRONG> (Thumb, 2 bytes, Stack size 0 bytes, apm32f10x_int.o(i.NMI_Handler))
<BR>[Address Reference Count : 1]<UL><LI> startup_apm32f10x_hd.o(RESET)
</UL>
<P><STRONG><a name="[7a]"></a>NVIC_ConfigPriorityGroup</STRONG> (Thumb, 10 bytes, Stack size 0 bytes, apm32f10x_misc.o(i.NVIC_ConfigPriorityGroup))
<BR><BR>[Called By]<UL><LI><a href="#[69]">&gt;&gt;</a>&nbsp;&nbsp;&nbsp;NVIC_EnableIRQRequest
<LI><a href="#[d4]">&gt;&gt;</a>&nbsp;&nbsp;&nbsp;rt_hw_board_init
</UL>

<P><STRONG><a name="[69]"></a>NVIC_EnableIRQRequest</STRONG> (Thumb, 150 bytes, Stack size 28 bytes, apm32f10x_misc.o(i.NVIC_EnableIRQRequest))
<BR><BR>[Stack]<UL><LI>Max Depth = 28<LI>Call Chain = NVIC_EnableIRQRequest
</UL>
<BR>[Calls]<UL><LI><a href="#[7a]">&gt;&gt;</a>&nbsp;&nbsp;&nbsp;NVIC_ConfigPriorityGroup
</UL>
<BR>[Called By]<UL><LI><a href="#[62]">&gt;&gt;</a>&nbsp;&nbsp;&nbsp;Can1_Init
</UL>

<P><STRONG><a name="[7b]"></a>PHY_check</STRONG> (Thumb, 56 bytes, Stack size 8 bytes, w5500.o(i.PHY_check))
<BR><BR>[Stack]<UL><LI>Max Depth = 188<LI>Call Chain = PHY_check &rArr; rt_kprintf &rArr; rt_vsnprintf &rArr; print_number
</UL>
<BR>[Calls]<UL><LI><a href="#[7d]">&gt;&gt;</a>&nbsp;&nbsp;&nbsp;rt_thread_delay
<LI><a href="#[6f]">&gt;&gt;</a>&nbsp;&nbsp;&nbsp;rt_kprintf
<LI><a href="#[7c]">&gt;&gt;</a>&nbsp;&nbsp;&nbsp;getPHYStatus
</UL>
<BR>[Called By]<UL><LI><a href="#[bf]">&gt;&gt;</a>&nbsp;&nbsp;&nbsp;$Super$$main
</UL>

<P><STRONG><a name="[61]"></a>RCM_DisableAPB1PeriphReset</STRONG> (Thumb, 12 bytes, Stack size 0 bytes, apm32f10x_rcm.o(i.RCM_DisableAPB1PeriphReset))
<BR><BR>[Called By]<UL><LI><a href="#[5f]">&gt;&gt;</a>&nbsp;&nbsp;&nbsp;CAN_Reset
</UL>

<P><STRONG><a name="[64]"></a>RCM_EnableAPB1PeriphClock</STRONG> (Thumb, 12 bytes, Stack size 0 bytes, apm32f10x_rcm.o(i.RCM_EnableAPB1PeriphClock))
<BR><BR>[Called By]<UL><LI><a href="#[62]">&gt;&gt;</a>&nbsp;&nbsp;&nbsp;Can1_Init
</UL>

<P><STRONG><a name="[60]"></a>RCM_EnableAPB1PeriphReset</STRONG> (Thumb, 12 bytes, Stack size 0 bytes, apm32f10x_rcm.o(i.RCM_EnableAPB1PeriphReset))
<BR><BR>[Called By]<UL><LI><a href="#[5f]">&gt;&gt;</a>&nbsp;&nbsp;&nbsp;CAN_Reset
</UL>

<P><STRONG><a name="[63]"></a>RCM_EnableAPB2PeriphClock</STRONG> (Thumb, 12 bytes, Stack size 0 bytes, apm32f10x_rcm.o(i.RCM_EnableAPB2PeriphClock))
<BR><BR>[Called By]<UL><LI><a href="#[84]">&gt;&gt;</a>&nbsp;&nbsp;&nbsp;Spi1_Config
<LI><a href="#[83]">&gt;&gt;</a>&nbsp;&nbsp;&nbsp;SPI1_GPIO_Configuration
<LI><a href="#[bc]">&gt;&gt;</a>&nbsp;&nbsp;&nbsp;gpio_init
<LI><a href="#[62]">&gt;&gt;</a>&nbsp;&nbsp;&nbsp;Can1_Init
<LI><a href="#[ba]">&gt;&gt;</a>&nbsp;&nbsp;&nbsp;gpio_for_w5500_config
<LI><a href="#[57]">&gt;&gt;</a>&nbsp;&nbsp;&nbsp;uart_init
</UL>

<P><STRONG><a name="[7e]"></a>RCM_ReadHCLKFreq</STRONG> (Thumb, 38 bytes, Stack size 32 bytes, apm32f10x_rcm.o(i.RCM_ReadHCLKFreq))
<BR><BR>[Stack]<UL><LI>Max Depth = 32<LI>Call Chain = RCM_ReadHCLKFreq
</UL>
<BR>[Calls]<UL><LI><a href="#[7f]">&gt;&gt;</a>&nbsp;&nbsp;&nbsp;RCM_ReadSYSCLKFreq
</UL>
<BR>[Called By]<UL><LI><a href="#[80]">&gt;&gt;</a>&nbsp;&nbsp;&nbsp;RCM_ReadPCLKFreq
</UL>

<P><STRONG><a name="[80]"></a>RCM_ReadPCLKFreq</STRONG> (Thumb, 62 bytes, Stack size 28 bytes, apm32f10x_rcm.o(i.RCM_ReadPCLKFreq))
<BR><BR>[Stack]<UL><LI>Max Depth = 60<LI>Call Chain = RCM_ReadPCLKFreq &rArr; RCM_ReadHCLKFreq
</UL>
<BR>[Calls]<UL><LI><a href="#[7e]">&gt;&gt;</a>&nbsp;&nbsp;&nbsp;RCM_ReadHCLKFreq
</UL>
<BR>[Called By]<UL><LI><a href="#[8f]">&gt;&gt;</a>&nbsp;&nbsp;&nbsp;USART_Config
</UL>

<P><STRONG><a name="[7f]"></a>RCM_ReadSYSCLKFreq</STRONG> (Thumb, 86 bytes, Stack size 0 bytes, apm32f10x_rcm.o(i.RCM_ReadSYSCLKFreq))
<BR><BR>[Called By]<UL><LI><a href="#[7e]">&gt;&gt;</a>&nbsp;&nbsp;&nbsp;RCM_ReadHCLKFreq
</UL>

<P><STRONG><a name="[81]"></a>Read_Addr_Msg</STRONG> (Thumb, 132 bytes, Stack size 8 bytes, my_misc.o(i.Read_Addr_Msg))
<BR><BR>[Stack]<UL><LI>Max Depth = 8<LI>Call Chain = Read_Addr_Msg
</UL>
<BR>[Calls]<UL><LI><a href="#[82]">&gt;&gt;</a>&nbsp;&nbsp;&nbsp;GPIO_ReadInputBit
</UL>
<BR>[Called By]<UL><LI><a href="#[bf]">&gt;&gt;</a>&nbsp;&nbsp;&nbsp;$Super$$main
</UL>

<P><STRONG><a name="[83]"></a>SPI1_GPIO_Configuration</STRONG> (Thumb, 62 bytes, Stack size 8 bytes, spi.o(i.SPI1_GPIO_Configuration))
<BR><BR>[Stack]<UL><LI>Max Depth = 28<LI>Call Chain = SPI1_GPIO_Configuration &rArr; GPIO_Config
</UL>
<BR>[Calls]<UL><LI><a href="#[65]">&gt;&gt;</a>&nbsp;&nbsp;&nbsp;GPIO_Config
<LI><a href="#[63]">&gt;&gt;</a>&nbsp;&nbsp;&nbsp;RCM_EnableAPB2PeriphClock
</UL>
<BR>[Called By]<UL><LI><a href="#[d4]">&gt;&gt;</a>&nbsp;&nbsp;&nbsp;rt_hw_board_init
</UL>

<P><STRONG><a name="[86]"></a>SPI_Config</STRONG> (Thumb, 50 bytes, Stack size 0 bytes, apm32f10x_spi.o(i.SPI_Config))
<BR><BR>[Called By]<UL><LI><a href="#[84]">&gt;&gt;</a>&nbsp;&nbsp;&nbsp;Spi1_Config
</UL>

<P><STRONG><a name="[87]"></a>SPI_ConfigDataSize</STRONG> (Thumb, 16 bytes, Stack size 0 bytes, apm32f10x_spi.o(i.SPI_ConfigDataSize))
<BR><BR>[Called By]<UL><LI><a href="#[84]">&gt;&gt;</a>&nbsp;&nbsp;&nbsp;Spi1_Config
</UL>

<P><STRONG><a name="[85]"></a>SPI_ConfigStructInit</STRONG> (Thumb, 24 bytes, Stack size 0 bytes, apm32f10x_spi.o(i.SPI_ConfigStructInit))
<BR><BR>[Called By]<UL><LI><a href="#[84]">&gt;&gt;</a>&nbsp;&nbsp;&nbsp;Spi1_Config
</UL>

<P><STRONG><a name="[88]"></a>SPI_Enable</STRONG> (Thumb, 12 bytes, Stack size 0 bytes, apm32f10x_spi.o(i.SPI_Enable))
<BR><BR>[Called By]<UL><LI><a href="#[84]">&gt;&gt;</a>&nbsp;&nbsp;&nbsp;Spi1_Config
</UL>

<P><STRONG><a name="[11d]"></a>SPI_I2S_ReadStatusFlag</STRONG> (Thumb, 16 bytes, Stack size 0 bytes, apm32f10x_spi.o(i.SPI_I2S_ReadStatusFlag))
<BR><BR>[Called By]<UL><LI><a href="#[78]">&gt;&gt;</a>&nbsp;&nbsp;&nbsp;spi_read_send_byte
</UL>

<P><STRONG><a name="[11f]"></a>SPI_I2S_RxData</STRONG> (Thumb, 8 bytes, Stack size 0 bytes, apm32f10x_spi.o(i.SPI_I2S_RxData))
<BR><BR>[Called By]<UL><LI><a href="#[78]">&gt;&gt;</a>&nbsp;&nbsp;&nbsp;spi_read_send_byte
</UL>

<P><STRONG><a name="[11e]"></a>SPI_I2S_TxData</STRONG> (Thumb, 4 bytes, Stack size 0 bytes, apm32f10x_spi.o(i.SPI_I2S_TxData))
<BR><BR>[Called By]<UL><LI><a href="#[78]">&gt;&gt;</a>&nbsp;&nbsp;&nbsp;spi_read_send_byte
</UL>

<P><STRONG><a name="[6]"></a>SVC_Handler</STRONG> (Thumb, 2 bytes, Stack size 0 bytes, apm32f10x_int.o(i.SVC_Handler))
<BR>[Address Reference Count : 1]<UL><LI> startup_apm32f10x_hd.o(RESET)
</UL>
<P><STRONG><a name="[84]"></a>Spi1_Config</STRONG> (Thumb, 94 bytes, Stack size 24 bytes, spi.o(i.Spi1_Config))
<BR><BR>[Stack]<UL><LI>Max Depth = 24<LI>Call Chain = Spi1_Config
</UL>
<BR>[Calls]<UL><LI><a href="#[63]">&gt;&gt;</a>&nbsp;&nbsp;&nbsp;RCM_EnableAPB2PeriphClock
<LI><a href="#[88]">&gt;&gt;</a>&nbsp;&nbsp;&nbsp;SPI_Enable
<LI><a href="#[85]">&gt;&gt;</a>&nbsp;&nbsp;&nbsp;SPI_ConfigStructInit
<LI><a href="#[87]">&gt;&gt;</a>&nbsp;&nbsp;&nbsp;SPI_ConfigDataSize
<LI><a href="#[86]">&gt;&gt;</a>&nbsp;&nbsp;&nbsp;SPI_Config
</UL>
<BR>[Called By]<UL><LI><a href="#[d4]">&gt;&gt;</a>&nbsp;&nbsp;&nbsp;rt_hw_board_init
</UL>

<P><STRONG><a name="[9]"></a>SysTick_Handler</STRONG> (Thumb, 8 bytes, Stack size 8 bytes, board_1.o(i.SysTick_Handler))
<BR><BR>[Stack]<UL><LI>Max Depth = 96<LI>Call Chain = SysTick_Handler &rArr; rt_os_tick_callback &rArr; rt_tick_increase &rArr; rt_timer_check &rArr; rt_timer_start &rArr; _rt_timer_remove
</UL>
<BR>[Calls]<UL><LI><a href="#[89]">&gt;&gt;</a>&nbsp;&nbsp;&nbsp;rt_os_tick_callback
</UL>
<BR>[Address Reference Count : 1]<UL><LI> startup_apm32f10x_hd.o(RESET)
</UL>
<P><STRONG><a name="[d5]"></a>SystemCoreClockUpdate</STRONG> (Thumb, 90 bytes, Stack size 0 bytes, system_apm32f10x.o(i.SystemCoreClockUpdate))
<BR><BR>[Called By]<UL><LI><a href="#[d4]">&gt;&gt;</a>&nbsp;&nbsp;&nbsp;rt_hw_board_init
</UL>

<P><STRONG><a name="[4b]"></a>SystemInit</STRONG> (Thumb, 80 bytes, Stack size 8 bytes, system_apm32f10x.o(i.SystemInit))
<BR><BR>[Stack]<UL><LI>Max Depth = 24<LI>Call Chain = SystemInit &rArr; SystemClockConfig &rArr; SystemClock72M
</UL>
<BR>[Calls]<UL><LI><a href="#[8a]">&gt;&gt;</a>&nbsp;&nbsp;&nbsp;SystemClockConfig
</UL>
<BR>[Address Reference Count : 1]<UL><LI> startup_apm32f10x_hd.o(.text)
</UL>
<P><STRONG><a name="[23]"></a>TMR1_UP_IRQHandler</STRONG> (Thumb, 36 bytes, Stack size 8 bytes, time.o(i.TMR1_UP_IRQHandler))
<BR><BR>[Stack]<UL><LI>Max Depth = 16<LI>Call Chain = TMR1_UP_IRQHandler &rArr; stop_time
</UL>
<BR>[Calls]<UL><LI><a href="#[8d]">&gt;&gt;</a>&nbsp;&nbsp;&nbsp;stop_time
<LI><a href="#[8c]">&gt;&gt;</a>&nbsp;&nbsp;&nbsp;TMR_ReadIntFlag
<LI><a href="#[8e]">&gt;&gt;</a>&nbsp;&nbsp;&nbsp;TMR_ClearIntFlag
</UL>
<BR>[Address Reference Count : 1]<UL><LI> startup_apm32f10x_hd.o(RESET)
</UL>
<P><STRONG><a name="[26]"></a>TMR2_IRQHandler</STRONG> (Thumb, 46 bytes, Stack size 0 bytes, w5500_conf.o(i.TMR2_IRQHandler))
<BR>[Address Reference Count : 1]<UL><LI> startup_apm32f10x_hd.o(RESET)
</UL>
<P><STRONG><a name="[8e]"></a>TMR_ClearIntFlag</STRONG> (Thumb, 6 bytes, Stack size 0 bytes, apm32f10x_tmr.o(i.TMR_ClearIntFlag))
<BR><BR>[Called By]<UL><LI><a href="#[23]">&gt;&gt;</a>&nbsp;&nbsp;&nbsp;TMR1_UP_IRQHandler
</UL>

<P><STRONG><a name="[120]"></a>TMR_Disable</STRONG> (Thumb, 10 bytes, Stack size 0 bytes, apm32f10x_tmr.o(i.TMR_Disable))
<BR><BR>[Called By]<UL><LI><a href="#[8d]">&gt;&gt;</a>&nbsp;&nbsp;&nbsp;stop_time
</UL>

<P><STRONG><a name="[8c]"></a>TMR_ReadIntFlag</STRONG> (Thumb, 22 bytes, Stack size 0 bytes, apm32f10x_tmr.o(i.TMR_ReadIntFlag))
<BR><BR>[Called By]<UL><LI><a href="#[23]">&gt;&gt;</a>&nbsp;&nbsp;&nbsp;TMR1_UP_IRQHandler
</UL>

<P><STRONG><a name="[30]"></a>USART2_IRQHandler</STRONG> (Thumb, 2 bytes, Stack size 0 bytes, usart.o(i.USART2_IRQHandler))
<BR>[Address Reference Count : 1]<UL><LI> startup_apm32f10x_hd.o(RESET)
</UL>
<P><STRONG><a name="[31]"></a>USART3_IRQHandler</STRONG> (Thumb, 2 bytes, Stack size 0 bytes, usart.o(i.USART3_IRQHandler))
<BR>[Address Reference Count : 1]<UL><LI> startup_apm32f10x_hd.o(RESET)
</UL>
<P><STRONG><a name="[8f]"></a>USART_Config</STRONG> (Thumb, 138 bytes, Stack size 32 bytes, apm32f10x_usart.o(i.USART_Config))
<BR><BR>[Stack]<UL><LI>Max Depth = 92<LI>Call Chain = USART_Config &rArr; RCM_ReadPCLKFreq &rArr; RCM_ReadHCLKFreq
</UL>
<BR>[Calls]<UL><LI><a href="#[80]">&gt;&gt;</a>&nbsp;&nbsp;&nbsp;RCM_ReadPCLKFreq
</UL>
<BR>[Called By]<UL><LI><a href="#[57]">&gt;&gt;</a>&nbsp;&nbsp;&nbsp;uart_init
</UL>

<P><STRONG><a name="[122]"></a>USART_Enable</STRONG> (Thumb, 14 bytes, Stack size 0 bytes, apm32f10x_usart.o(i.USART_Enable))
<BR><BR>[Called By]<UL><LI><a href="#[57]">&gt;&gt;</a>&nbsp;&nbsp;&nbsp;uart_init
</UL>

<P><STRONG><a name="[dc]"></a>USART_ReadStatusFlag</STRONG> (Thumb, 16 bytes, Stack size 0 bytes, apm32f10x_usart.o(i.USART_ReadStatusFlag))
<BR><BR>[Called By]<UL><LI><a href="#[db]">&gt;&gt;</a>&nbsp;&nbsp;&nbsp;rt_hw_console_output
</UL>

<P><STRONG><a name="[dd]"></a>USART_TxData</STRONG> (Thumb, 10 bytes, Stack size 0 bytes, apm32f10x_usart.o(i.USART_TxData))
<BR><BR>[Called By]<UL><LI><a href="#[db]">&gt;&gt;</a>&nbsp;&nbsp;&nbsp;rt_hw_console_output
</UL>

<P><STRONG><a name="[1d]"></a>USBD1_HP_CAN1_TX_IRQHandler</STRONG> (Thumb, 112 bytes, Stack size 8 bytes, can.o(i.USBD1_HP_CAN1_TX_IRQHandler))
<BR><BR>[Stack]<UL><LI>Max Depth = 16<LI>Call Chain = USBD1_HP_CAN1_TX_IRQHandler &rArr; CAN_TxMessage
</UL>
<BR>[Calls]<UL><LI><a href="#[91]">&gt;&gt;</a>&nbsp;&nbsp;&nbsp;CAN_TxMessage
<LI><a href="#[90]">&gt;&gt;</a>&nbsp;&nbsp;&nbsp;CAN_ReadIntFlag
<LI><a href="#[92]">&gt;&gt;</a>&nbsp;&nbsp;&nbsp;CAN_DisableInterrupt
<LI><a href="#[93]">&gt;&gt;</a>&nbsp;&nbsp;&nbsp;CAN_ClearIntFlag
</UL>
<BR>[Address Reference Count : 1]<UL><LI> startup_apm32f10x_hd.o(RESET)
</UL>
<P><STRONG><a name="[1e]"></a>USBD1_LP_CAN1_RX0_IRQHandler</STRONG> (Thumb, 108 bytes, Stack size 8 bytes, can.o(i.USBD1_LP_CAN1_RX0_IRQHandler))
<BR><BR>[Stack]<UL><LI>Max Depth = 88<LI>Call Chain = USBD1_LP_CAN1_RX0_IRQHandler &rArr; rt_sem_release &rArr; rt_ipc_list_resume &rArr; rt_thread_resume &rArr; rt_timer_stop &rArr; _rt_timer_remove
</UL>
<BR>[Calls]<UL><LI><a href="#[94]">&gt;&gt;</a>&nbsp;&nbsp;&nbsp;CAN_RxMessage
<LI><a href="#[90]">&gt;&gt;</a>&nbsp;&nbsp;&nbsp;CAN_ReadIntFlag
<LI><a href="#[93]">&gt;&gt;</a>&nbsp;&nbsp;&nbsp;CAN_ClearIntFlag
<LI><a href="#[73]">&gt;&gt;</a>&nbsp;&nbsp;&nbsp;rt_sem_release
</UL>
<BR>[Address Reference Count : 1]<UL><LI> startup_apm32f10x_hd.o(RESET)
</UL>
<P><STRONG><a name="[5]"></a>UsageFault_Handler</STRONG> (Thumb, 4 bytes, Stack size 0 bytes, apm32f10x_int.o(i.UsageFault_Handler))
<BR>[Address Reference Count : 1]<UL><LI> startup_apm32f10x_hd.o(RESET)
</UL>
<P><STRONG><a name="[f5]"></a>__rt_ffs</STRONG> (Thumb, 70 bytes, Stack size 0 bytes, kservice.o(i.__rt_ffs))
<BR><BR>[Called By]<UL><LI><a href="#[100]">&gt;&gt;</a>&nbsp;&nbsp;&nbsp;rt_system_scheduler_start
<LI><a href="#[d1]">&gt;&gt;</a>&nbsp;&nbsp;&nbsp;rt_schedule
</UL>

<P><STRONG><a name="[12d]"></a>__scatterload_copy</STRONG> (Thumb, 14 bytes, Stack size unknown bytes, handlers.o(i.__scatterload_copy), UNUSED)

<P><STRONG><a name="[12e]"></a>__scatterload_null</STRONG> (Thumb, 2 bytes, Stack size unknown bytes, handlers.o(i.__scatterload_null), UNUSED)

<P><STRONG><a name="[12f]"></a>__scatterload_zeroinit</STRONG> (Thumb, 14 bytes, Stack size unknown bytes, handlers.o(i.__scatterload_zeroinit), UNUSED)

<P><STRONG><a name="[a0]"></a>build_can_recv_thread</STRONG> (Thumb, 78 bytes, Stack size 16 bytes, my_can.o(i.build_can_recv_thread))
<BR><BR>[Stack]<UL><LI>Max Depth = 284<LI>Call Chain = build_can_recv_thread &rArr; rt_thread_create &rArr; rt_object_delete &rArr; rt_free &rArr; rt_kprintf &rArr; rt_vsnprintf &rArr; print_number
</UL>
<BR>[Calls]<UL><LI><a href="#[a1]">&gt;&gt;</a>&nbsp;&nbsp;&nbsp;rt_mutex_create
<LI><a href="#[a3]">&gt;&gt;</a>&nbsp;&nbsp;&nbsp;rt_thread_startup
<LI><a href="#[a2]">&gt;&gt;</a>&nbsp;&nbsp;&nbsp;rt_thread_create
<LI><a href="#[6f]">&gt;&gt;</a>&nbsp;&nbsp;&nbsp;rt_kprintf
</UL>
<BR>[Called By]<UL><LI><a href="#[bf]">&gt;&gt;</a>&nbsp;&nbsp;&nbsp;$Super$$main
</UL>

<P><STRONG><a name="[a4]"></a>build_can_send_thread</STRONG> (Thumb, 96 bytes, Stack size 16 bytes, my_can.o(i.build_can_send_thread))
<BR><BR>[Stack]<UL><LI>Max Depth = 284<LI>Call Chain = build_can_send_thread &rArr; rt_thread_create &rArr; rt_object_delete &rArr; rt_free &rArr; rt_kprintf &rArr; rt_vsnprintf &rArr; print_number
</UL>
<BR>[Calls]<UL><LI><a href="#[6b]">&gt;&gt;</a>&nbsp;&nbsp;&nbsp;rt_sem_create
<LI><a href="#[a3]">&gt;&gt;</a>&nbsp;&nbsp;&nbsp;rt_thread_startup
<LI><a href="#[a2]">&gt;&gt;</a>&nbsp;&nbsp;&nbsp;rt_thread_create
<LI><a href="#[6f]">&gt;&gt;</a>&nbsp;&nbsp;&nbsp;rt_kprintf
</UL>
<BR>[Called By]<UL><LI><a href="#[bf]">&gt;&gt;</a>&nbsp;&nbsp;&nbsp;$Super$$main
</UL>

<P><STRONG><a name="[a5]"></a>build_my_net_thread</STRONG> (Thumb, 66 bytes, Stack size 16 bytes, my_netapp.o(i.build_my_net_thread))
<BR><BR>[Stack]<UL><LI>Max Depth = 284<LI>Call Chain = build_my_net_thread &rArr; rt_thread_create &rArr; rt_object_delete &rArr; rt_free &rArr; rt_kprintf &rArr; rt_vsnprintf &rArr; print_number
</UL>
<BR>[Calls]<UL><LI><a href="#[a3]">&gt;&gt;</a>&nbsp;&nbsp;&nbsp;rt_thread_startup
<LI><a href="#[a2]">&gt;&gt;</a>&nbsp;&nbsp;&nbsp;rt_thread_create
<LI><a href="#[6f]">&gt;&gt;</a>&nbsp;&nbsp;&nbsp;rt_kprintf
</UL>
<BR>[Called By]<UL><LI><a href="#[bf]">&gt;&gt;</a>&nbsp;&nbsp;&nbsp;$Super$$main
</UL>

<P><STRONG><a name="[70]"></a>can1_send_msg</STRONG> (Thumb, 210 bytes, Stack size 16 bytes, my_can.o(i.can1_send_msg))
<BR><BR>[Stack]<UL><LI>Max Depth = 36<LI>Call Chain = can1_send_msg &rArr; rt_memcpy
</UL>
<BR>[Calls]<UL><LI><a href="#[91]">&gt;&gt;</a>&nbsp;&nbsp;&nbsp;CAN_TxMessage
<LI><a href="#[6a]">&gt;&gt;</a>&nbsp;&nbsp;&nbsp;CAN_EnableInterrupt
<LI><a href="#[71]">&gt;&gt;</a>&nbsp;&nbsp;&nbsp;rt_memcpy
</UL>
<BR>[Called By]<UL><LI><a href="#[50]">&gt;&gt;</a>&nbsp;&nbsp;&nbsp;Can_Send_thread_entry
</UL>

<P><STRONG><a name="[a6]"></a>close</STRONG> (Thumb, 52 bytes, Stack size 8 bytes, socket.o(i.close))
<BR><BR>[Stack]<UL><LI>Max Depth = 40<LI>Call Chain = close &rArr; IINCHIP_WRITE &rArr; iinchip_cson &rArr; wiz_cs
</UL>
<BR>[Calls]<UL><LI><a href="#[79]">&gt;&gt;</a>&nbsp;&nbsp;&nbsp;IINCHIP_WRITE
<LI><a href="#[74]">&gt;&gt;</a>&nbsp;&nbsp;&nbsp;IINCHIP_READ
</UL>
<BR>[Called By]<UL><LI><a href="#[ad]">&gt;&gt;</a>&nbsp;&nbsp;&nbsp;socket
<LI><a href="#[114]">&gt;&gt;</a>&nbsp;&nbsp;&nbsp;send
<LI><a href="#[c7]">&gt;&gt;</a>&nbsp;&nbsp;&nbsp;tcp_client_send
<LI><a href="#[ca]">&gt;&gt;</a>&nbsp;&nbsp;&nbsp;tcp_server_list
</UL>

<P><STRONG><a name="[a7]"></a>connect</STRONG> (Thumb, 276 bytes, Stack size 24 bytes, socket.o(i.connect))
<BR><BR>[Stack]<UL><LI>Max Depth = 236<LI>Call Chain = connect &rArr; getSIR &rArr; wiz_read_buf &rArr; rt_kprintf &rArr; rt_vsnprintf &rArr; print_number
</UL>
<BR>[Calls]<UL><LI><a href="#[a8]">&gt;&gt;</a>&nbsp;&nbsp;&nbsp;getSn_IR
<LI><a href="#[a9]">&gt;&gt;</a>&nbsp;&nbsp;&nbsp;getSIR
<LI><a href="#[79]">&gt;&gt;</a>&nbsp;&nbsp;&nbsp;IINCHIP_WRITE
<LI><a href="#[74]">&gt;&gt;</a>&nbsp;&nbsp;&nbsp;IINCHIP_READ
<LI><a href="#[7d]">&gt;&gt;</a>&nbsp;&nbsp;&nbsp;rt_thread_delay
</UL>
<BR>[Called By]<UL><LI><a href="#[c7]">&gt;&gt;</a>&nbsp;&nbsp;&nbsp;tcp_client_send
</UL>

<P><STRONG><a name="[aa]"></a>disconnect</STRONG> (Thumb, 38 bytes, Stack size 8 bytes, socket.o(i.disconnect))
<BR><BR>[Stack]<UL><LI>Max Depth = 40<LI>Call Chain = disconnect &rArr; IINCHIP_WRITE &rArr; iinchip_cson &rArr; wiz_cs
</UL>
<BR>[Calls]<UL><LI><a href="#[79]">&gt;&gt;</a>&nbsp;&nbsp;&nbsp;IINCHIP_WRITE
<LI><a href="#[74]">&gt;&gt;</a>&nbsp;&nbsp;&nbsp;IINCHIP_READ
</UL>
<BR>[Called By]<UL><LI><a href="#[c7]">&gt;&gt;</a>&nbsp;&nbsp;&nbsp;tcp_client_send
<LI><a href="#[ca]">&gt;&gt;</a>&nbsp;&nbsp;&nbsp;tcp_server_list
</UL>

<P><STRONG><a name="[ab]"></a>do_udp</STRONG> (Thumb, 922 bytes, Stack size 40 bytes, udp.o(i.do_udp))
<BR><BR>[Stack]<UL><LI>Max Depth = 300<LI>Call Chain = do_udp &rArr; sendto &rArr; send_data_processing &rArr; wiz_write_buf &rArr; rt_kprintf &rArr; rt_vsnprintf &rArr; print_number
</UL>
<BR>[Calls]<UL><LI><a href="#[b1]">&gt;&gt;</a>&nbsp;&nbsp;&nbsp;GPIO_WriteBitValue
<LI><a href="#[b0]">&gt;&gt;</a>&nbsp;&nbsp;&nbsp;GPIO_ReadOutputBit
<LI><a href="#[a8]">&gt;&gt;</a>&nbsp;&nbsp;&nbsp;getSn_IR
<LI><a href="#[ad]">&gt;&gt;</a>&nbsp;&nbsp;&nbsp;socket
<LI><a href="#[b3]">&gt;&gt;</a>&nbsp;&nbsp;&nbsp;sendto
<LI><a href="#[b2]">&gt;&gt;</a>&nbsp;&nbsp;&nbsp;recvfrom
<LI><a href="#[71]">&gt;&gt;</a>&nbsp;&nbsp;&nbsp;rt_memcpy
<LI><a href="#[96]">&gt;&gt;</a>&nbsp;&nbsp;&nbsp;rt_memset
<LI><a href="#[ae]">&gt;&gt;</a>&nbsp;&nbsp;&nbsp;setSn_IR
<LI><a href="#[ac]">&gt;&gt;</a>&nbsp;&nbsp;&nbsp;getSn_SR
<LI><a href="#[af]">&gt;&gt;</a>&nbsp;&nbsp;&nbsp;getSn_RX_RSR
</UL>
<BR>[Called By]<UL><LI><a href="#[51]">&gt;&gt;</a>&nbsp;&nbsp;&nbsp;mu_net_thread_entry
</UL>

<P><STRONG><a name="[b4]"></a>getGAR</STRONG> (Thumb, 16 bytes, Stack size 8 bytes, w5500.o(i.getGAR))
<BR><BR>[Stack]<UL><LI>Max Depth = 212<LI>Call Chain = getGAR &rArr; wiz_read_buf &rArr; rt_kprintf &rArr; rt_vsnprintf &rArr; print_number
</UL>
<BR>[Calls]<UL><LI><a href="#[b5]">&gt;&gt;</a>&nbsp;&nbsp;&nbsp;wiz_read_buf
</UL>
<BR>[Called By]<UL><LI><a href="#[c2]">&gt;&gt;</a>&nbsp;&nbsp;&nbsp;set_w5500_ip
</UL>

<P><STRONG><a name="[115]"></a>getIINCHIP_TxMAX</STRONG> (Thumb, 10 bytes, Stack size 0 bytes, w5500.o(i.getIINCHIP_TxMAX))
<BR><BR>[Called By]<UL><LI><a href="#[b3]">&gt;&gt;</a>&nbsp;&nbsp;&nbsp;sendto
<LI><a href="#[114]">&gt;&gt;</a>&nbsp;&nbsp;&nbsp;send
</UL>

<P><STRONG><a name="[7c]"></a>getPHYStatus</STRONG> (Thumb, 12 bytes, Stack size 8 bytes, w5500.o(i.getPHYStatus))
<BR><BR>[Stack]<UL><LI>Max Depth = 40<LI>Call Chain = getPHYStatus &rArr; IINCHIP_READ &rArr; iinchip_cson &rArr; wiz_cs
</UL>
<BR>[Calls]<UL><LI><a href="#[74]">&gt;&gt;</a>&nbsp;&nbsp;&nbsp;IINCHIP_READ
</UL>
<BR>[Called By]<UL><LI><a href="#[7b]">&gt;&gt;</a>&nbsp;&nbsp;&nbsp;PHY_check
</UL>

<P><STRONG><a name="[b6]"></a>getSHAR</STRONG> (Thumb, 18 bytes, Stack size 8 bytes, w5500.o(i.getSHAR))
<BR><BR>[Stack]<UL><LI>Max Depth = 212<LI>Call Chain = getSHAR &rArr; wiz_read_buf &rArr; rt_kprintf &rArr; rt_vsnprintf &rArr; print_number
</UL>
<BR>[Calls]<UL><LI><a href="#[b5]">&gt;&gt;</a>&nbsp;&nbsp;&nbsp;wiz_read_buf
</UL>
<BR>[Called By]<UL><LI><a href="#[c1]">&gt;&gt;</a>&nbsp;&nbsp;&nbsp;set_w5500_mac
</UL>

<P><STRONG><a name="[b7]"></a>getSIPR</STRONG> (Thumb, 18 bytes, Stack size 8 bytes, w5500.o(i.getSIPR))
<BR><BR>[Stack]<UL><LI>Max Depth = 212<LI>Call Chain = getSIPR &rArr; wiz_read_buf &rArr; rt_kprintf &rArr; rt_vsnprintf &rArr; print_number
</UL>
<BR>[Calls]<UL><LI><a href="#[b5]">&gt;&gt;</a>&nbsp;&nbsp;&nbsp;wiz_read_buf
</UL>
<BR>[Called By]<UL><LI><a href="#[c2]">&gt;&gt;</a>&nbsp;&nbsp;&nbsp;set_w5500_ip
</UL>

<P><STRONG><a name="[a9]"></a>getSIR</STRONG> (Thumb, 18 bytes, Stack size 8 bytes, w5500.o(i.getSIR))
<BR><BR>[Stack]<UL><LI>Max Depth = 212<LI>Call Chain = getSIR &rArr; wiz_read_buf &rArr; rt_kprintf &rArr; rt_vsnprintf &rArr; print_number
</UL>
<BR>[Calls]<UL><LI><a href="#[b5]">&gt;&gt;</a>&nbsp;&nbsp;&nbsp;wiz_read_buf
</UL>
<BR>[Called By]<UL><LI><a href="#[a7]">&gt;&gt;</a>&nbsp;&nbsp;&nbsp;connect
</UL>

<P><STRONG><a name="[b8]"></a>getSUBR</STRONG> (Thumb, 18 bytes, Stack size 8 bytes, w5500.o(i.getSUBR))
<BR><BR>[Stack]<UL><LI>Max Depth = 212<LI>Call Chain = getSUBR &rArr; wiz_read_buf &rArr; rt_kprintf &rArr; rt_vsnprintf &rArr; print_number
</UL>
<BR>[Calls]<UL><LI><a href="#[b5]">&gt;&gt;</a>&nbsp;&nbsp;&nbsp;wiz_read_buf
</UL>
<BR>[Called By]<UL><LI><a href="#[c2]">&gt;&gt;</a>&nbsp;&nbsp;&nbsp;set_w5500_ip
</UL>

<P><STRONG><a name="[a8]"></a>getSn_IR</STRONG> (Thumb, 18 bytes, Stack size 8 bytes, w5500.o(i.getSn_IR))
<BR><BR>[Stack]<UL><LI>Max Depth = 40<LI>Call Chain = getSn_IR &rArr; IINCHIP_READ &rArr; iinchip_cson &rArr; wiz_cs
</UL>
<BR>[Calls]<UL><LI><a href="#[74]">&gt;&gt;</a>&nbsp;&nbsp;&nbsp;IINCHIP_READ
</UL>
<BR>[Called By]<UL><LI><a href="#[a7]">&gt;&gt;</a>&nbsp;&nbsp;&nbsp;connect
<LI><a href="#[c7]">&gt;&gt;</a>&nbsp;&nbsp;&nbsp;tcp_client_send
<LI><a href="#[ca]">&gt;&gt;</a>&nbsp;&nbsp;&nbsp;tcp_server_list
<LI><a href="#[ab]">&gt;&gt;</a>&nbsp;&nbsp;&nbsp;do_udp
</UL>

<P><STRONG><a name="[af]"></a>getSn_RX_RSR</STRONG> (Thumb, 84 bytes, Stack size 16 bytes, w5500.o(i.getSn_RX_RSR))
<BR><BR>[Stack]<UL><LI>Max Depth = 48<LI>Call Chain = getSn_RX_RSR &rArr; IINCHIP_READ &rArr; iinchip_cson &rArr; wiz_cs
</UL>
<BR>[Calls]<UL><LI><a href="#[74]">&gt;&gt;</a>&nbsp;&nbsp;&nbsp;IINCHIP_READ
</UL>
<BR>[Called By]<UL><LI><a href="#[c7]">&gt;&gt;</a>&nbsp;&nbsp;&nbsp;tcp_client_send
<LI><a href="#[ca]">&gt;&gt;</a>&nbsp;&nbsp;&nbsp;tcp_server_list
<LI><a href="#[ab]">&gt;&gt;</a>&nbsp;&nbsp;&nbsp;do_udp
</UL>

<P><STRONG><a name="[ac]"></a>getSn_SR</STRONG> (Thumb, 18 bytes, Stack size 8 bytes, w5500.o(i.getSn_SR))
<BR><BR>[Stack]<UL><LI>Max Depth = 40<LI>Call Chain = getSn_SR &rArr; IINCHIP_READ &rArr; iinchip_cson &rArr; wiz_cs
</UL>
<BR>[Calls]<UL><LI><a href="#[74]">&gt;&gt;</a>&nbsp;&nbsp;&nbsp;IINCHIP_READ
</UL>
<BR>[Called By]<UL><LI><a href="#[c7]">&gt;&gt;</a>&nbsp;&nbsp;&nbsp;tcp_client_send
<LI><a href="#[ca]">&gt;&gt;</a>&nbsp;&nbsp;&nbsp;tcp_server_list
<LI><a href="#[ab]">&gt;&gt;</a>&nbsp;&nbsp;&nbsp;do_udp
</UL>

<P><STRONG><a name="[b9]"></a>getSn_TX_FSR</STRONG> (Thumb, 84 bytes, Stack size 16 bytes, w5500.o(i.getSn_TX_FSR))
<BR><BR>[Stack]<UL><LI>Max Depth = 48<LI>Call Chain = getSn_TX_FSR &rArr; IINCHIP_READ &rArr; iinchip_cson &rArr; wiz_cs
</UL>
<BR>[Calls]<UL><LI><a href="#[74]">&gt;&gt;</a>&nbsp;&nbsp;&nbsp;IINCHIP_READ
</UL>
<BR>[Called By]<UL><LI><a href="#[114]">&gt;&gt;</a>&nbsp;&nbsp;&nbsp;send
</UL>

<P><STRONG><a name="[ba]"></a>gpio_for_w5500_config</STRONG> (Thumb, 70 bytes, Stack size 8 bytes, w5500_conf.o(i.gpio_for_w5500_config))
<BR><BR>[Stack]<UL><LI>Max Depth = 28<LI>Call Chain = gpio_for_w5500_config &rArr; GPIO_Config
</UL>
<BR>[Calls]<UL><LI><a href="#[bb]">&gt;&gt;</a>&nbsp;&nbsp;&nbsp;GPIO_SetBit
<LI><a href="#[65]">&gt;&gt;</a>&nbsp;&nbsp;&nbsp;GPIO_Config
<LI><a href="#[63]">&gt;&gt;</a>&nbsp;&nbsp;&nbsp;RCM_EnableAPB2PeriphClock
</UL>
<BR>[Called By]<UL><LI><a href="#[d4]">&gt;&gt;</a>&nbsp;&nbsp;&nbsp;rt_hw_board_init
</UL>

<P><STRONG><a name="[bc]"></a>gpio_init</STRONG> (Thumb, 236 bytes, Stack size 8 bytes, gpio.o(i.gpio_init))
<BR><BR>[Stack]<UL><LI>Max Depth = 28<LI>Call Chain = gpio_init &rArr; GPIO_Config
</UL>
<BR>[Calls]<UL><LI><a href="#[b1]">&gt;&gt;</a>&nbsp;&nbsp;&nbsp;GPIO_WriteBitValue
<LI><a href="#[65]">&gt;&gt;</a>&nbsp;&nbsp;&nbsp;GPIO_Config
<LI><a href="#[63]">&gt;&gt;</a>&nbsp;&nbsp;&nbsp;RCM_EnableAPB2PeriphClock
</UL>
<BR>[Called By]<UL><LI><a href="#[d4]">&gt;&gt;</a>&nbsp;&nbsp;&nbsp;rt_hw_board_init
</UL>

<P><STRONG><a name="[75]"></a>iinchip_csoff</STRONG> (Thumb, 10 bytes, Stack size 8 bytes, w5500_conf.o(i.iinchip_csoff))
<BR><BR>[Stack]<UL><LI>Max Depth = 16<LI>Call Chain = iinchip_csoff &rArr; wiz_cs
</UL>
<BR>[Calls]<UL><LI><a href="#[bd]">&gt;&gt;</a>&nbsp;&nbsp;&nbsp;wiz_cs
</UL>
<BR>[Called By]<UL><LI><a href="#[b5]">&gt;&gt;</a>&nbsp;&nbsp;&nbsp;wiz_read_buf
<LI><a href="#[79]">&gt;&gt;</a>&nbsp;&nbsp;&nbsp;IINCHIP_WRITE
<LI><a href="#[74]">&gt;&gt;</a>&nbsp;&nbsp;&nbsp;IINCHIP_READ
<LI><a href="#[117]">&gt;&gt;</a>&nbsp;&nbsp;&nbsp;wiz_write_buf
</UL>

<P><STRONG><a name="[77]"></a>iinchip_cson</STRONG> (Thumb, 10 bytes, Stack size 8 bytes, w5500_conf.o(i.iinchip_cson))
<BR><BR>[Stack]<UL><LI>Max Depth = 16<LI>Call Chain = iinchip_cson &rArr; wiz_cs
</UL>
<BR>[Calls]<UL><LI><a href="#[bd]">&gt;&gt;</a>&nbsp;&nbsp;&nbsp;wiz_cs
</UL>
<BR>[Called By]<UL><LI><a href="#[b5]">&gt;&gt;</a>&nbsp;&nbsp;&nbsp;wiz_read_buf
<LI><a href="#[79]">&gt;&gt;</a>&nbsp;&nbsp;&nbsp;IINCHIP_WRITE
<LI><a href="#[74]">&gt;&gt;</a>&nbsp;&nbsp;&nbsp;IINCHIP_READ
<LI><a href="#[117]">&gt;&gt;</a>&nbsp;&nbsp;&nbsp;wiz_write_buf
</UL>

<P><STRONG><a name="[c6]"></a>init_data</STRONG> (Thumb, 12 bytes, Stack size 0 bytes, my_misc.o(i.init_data))
<BR><BR>[Called By]<UL><LI><a href="#[bf]">&gt;&gt;</a>&nbsp;&nbsp;&nbsp;$Super$$main
</UL>

<P><STRONG><a name="[be]"></a>listen</STRONG> (Thumb, 62 bytes, Stack size 16 bytes, socket.o(i.listen))
<BR><BR>[Stack]<UL><LI>Max Depth = 48<LI>Call Chain = listen &rArr; IINCHIP_WRITE &rArr; iinchip_cson &rArr; wiz_cs
</UL>
<BR>[Calls]<UL><LI><a href="#[79]">&gt;&gt;</a>&nbsp;&nbsp;&nbsp;IINCHIP_WRITE
<LI><a href="#[74]">&gt;&gt;</a>&nbsp;&nbsp;&nbsp;IINCHIP_READ
</UL>
<BR>[Called By]<UL><LI><a href="#[ca]">&gt;&gt;</a>&nbsp;&nbsp;&nbsp;tcp_server_list
</UL>

<P><STRONG><a name="[bf]"></a>$Super$$main</STRONG> (Thumb, 416 bytes, Stack size 40 bytes, main.o(i.main))
<BR><BR>[Stack]<UL><LI>Max Depth = 364<LI>Call Chain = $Super$$main &rArr; tcp_client_send &rArr; send &rArr; send_data_processing &rArr; wiz_write_buf &rArr; rt_kprintf &rArr; rt_vsnprintf &rArr; print_number
</UL>
<BR>[Calls]<UL><LI><a href="#[b1]">&gt;&gt;</a>&nbsp;&nbsp;&nbsp;GPIO_WriteBitValue
<LI><a href="#[b0]">&gt;&gt;</a>&nbsp;&nbsp;&nbsp;GPIO_ReadOutputBit
<LI><a href="#[c7]">&gt;&gt;</a>&nbsp;&nbsp;&nbsp;tcp_client_send
<LI><a href="#[c5]">&gt;&gt;</a>&nbsp;&nbsp;&nbsp;socket_buf_init
<LI><a href="#[c1]">&gt;&gt;</a>&nbsp;&nbsp;&nbsp;set_w5500_mac
<LI><a href="#[c2]">&gt;&gt;</a>&nbsp;&nbsp;&nbsp;set_w5500_ip
<LI><a href="#[c3]">&gt;&gt;</a>&nbsp;&nbsp;&nbsp;setRTR
<LI><a href="#[c4]">&gt;&gt;</a>&nbsp;&nbsp;&nbsp;setRCR
<LI><a href="#[a3]">&gt;&gt;</a>&nbsp;&nbsp;&nbsp;rt_thread_startup
<LI><a href="#[7d]">&gt;&gt;</a>&nbsp;&nbsp;&nbsp;rt_thread_delay
<LI><a href="#[a2]">&gt;&gt;</a>&nbsp;&nbsp;&nbsp;rt_thread_create
<LI><a href="#[6f]">&gt;&gt;</a>&nbsp;&nbsp;&nbsp;rt_kprintf
<LI><a href="#[c0]">&gt;&gt;</a>&nbsp;&nbsp;&nbsp;reset_w5500
<LI><a href="#[c6]">&gt;&gt;</a>&nbsp;&nbsp;&nbsp;init_data
<LI><a href="#[a5]">&gt;&gt;</a>&nbsp;&nbsp;&nbsp;build_my_net_thread
<LI><a href="#[a4]">&gt;&gt;</a>&nbsp;&nbsp;&nbsp;build_can_send_thread
<LI><a href="#[a0]">&gt;&gt;</a>&nbsp;&nbsp;&nbsp;build_can_recv_thread
<LI><a href="#[81]">&gt;&gt;</a>&nbsp;&nbsp;&nbsp;Read_Addr_Msg
<LI><a href="#[7b]">&gt;&gt;</a>&nbsp;&nbsp;&nbsp;PHY_check
</UL>
<BR>[Called By]<UL><LI><a href="#[53]">&gt;&gt;</a>&nbsp;&nbsp;&nbsp;main_thread_entry
</UL>

<P><STRONG><a name="[53]"></a>main_thread_entry</STRONG> (Thumb, 14 bytes, Stack size 8 bytes, components.o(i.main_thread_entry))
<BR><BR>[Stack]<UL><LI>Max Depth = 372<LI>Call Chain = main_thread_entry &rArr; $Super$$main &rArr; tcp_client_send &rArr; send &rArr; send_data_processing &rArr; wiz_write_buf &rArr; rt_kprintf &rArr; rt_vsnprintf &rArr; print_number
</UL>
<BR>[Calls]<UL><LI><a href="#[bf]">&gt;&gt;</a>&nbsp;&nbsp;&nbsp;$Super$$main
<LI><a href="#[c8]">&gt;&gt;</a>&nbsp;&nbsp;&nbsp;rt_components_init
</UL>
<BR>[Address Reference Count : 1]<UL><LI> components.o(i.rt_application_init)
</UL>
<P><STRONG><a name="[6e]"></a>my_can_recv_msg</STRONG> (Thumb, 158 bytes, Stack size 24 bytes, my_can.o(i.my_can_recv_msg))
<BR><BR>[Stack]<UL><LI>Max Depth = 204<LI>Call Chain = my_can_recv_msg &rArr; rt_kprintf &rArr; rt_vsnprintf &rArr; print_number
</UL>
<BR>[Calls]<UL><LI><a href="#[71]">&gt;&gt;</a>&nbsp;&nbsp;&nbsp;rt_memcpy
<LI><a href="#[6f]">&gt;&gt;</a>&nbsp;&nbsp;&nbsp;rt_kprintf
</UL>
<BR>[Called By]<UL><LI><a href="#[4f]">&gt;&gt;</a>&nbsp;&nbsp;&nbsp;Can_Recv_thread_entry
</UL>

<P><STRONG><a name="[cb]"></a>recv</STRONG> (Thumb, 66 bytes, Stack size 24 bytes, socket.o(i.recv))
<BR><BR>[Stack]<UL><LI>Max Depth = 252<LI>Call Chain = recv &rArr; recv_data_processing &rArr; wiz_read_buf &rArr; rt_kprintf &rArr; rt_vsnprintf &rArr; print_number
</UL>
<BR>[Calls]<UL><LI><a href="#[cc]">&gt;&gt;</a>&nbsp;&nbsp;&nbsp;recv_data_processing
<LI><a href="#[79]">&gt;&gt;</a>&nbsp;&nbsp;&nbsp;IINCHIP_WRITE
<LI><a href="#[74]">&gt;&gt;</a>&nbsp;&nbsp;&nbsp;IINCHIP_READ
</UL>
<BR>[Called By]<UL><LI><a href="#[c7]">&gt;&gt;</a>&nbsp;&nbsp;&nbsp;tcp_client_send
<LI><a href="#[ca]">&gt;&gt;</a>&nbsp;&nbsp;&nbsp;tcp_server_list
</UL>

<P><STRONG><a name="[cc]"></a>recv_data_processing</STRONG> (Thumb, 116 bytes, Stack size 24 bytes, w5500.o(i.recv_data_processing))
<BR><BR>[Stack]<UL><LI>Max Depth = 228<LI>Call Chain = recv_data_processing &rArr; wiz_read_buf &rArr; rt_kprintf &rArr; rt_vsnprintf &rArr; print_number
</UL>
<BR>[Calls]<UL><LI><a href="#[b5]">&gt;&gt;</a>&nbsp;&nbsp;&nbsp;wiz_read_buf
<LI><a href="#[79]">&gt;&gt;</a>&nbsp;&nbsp;&nbsp;IINCHIP_WRITE
<LI><a href="#[74]">&gt;&gt;</a>&nbsp;&nbsp;&nbsp;IINCHIP_READ
<LI><a href="#[6f]">&gt;&gt;</a>&nbsp;&nbsp;&nbsp;rt_kprintf
</UL>
<BR>[Called By]<UL><LI><a href="#[cb]">&gt;&gt;</a>&nbsp;&nbsp;&nbsp;recv
</UL>

<P><STRONG><a name="[b2]"></a>recvfrom</STRONG> (Thumb, 486 bytes, Stack size 48 bytes, socket.o(i.recvfrom))
<BR><BR>[Stack]<UL><LI>Max Depth = 252<LI>Call Chain = recvfrom &rArr; wiz_read_buf &rArr; rt_kprintf &rArr; rt_vsnprintf &rArr; print_number
</UL>
<BR>[Calls]<UL><LI><a href="#[b5]">&gt;&gt;</a>&nbsp;&nbsp;&nbsp;wiz_read_buf
<LI><a href="#[79]">&gt;&gt;</a>&nbsp;&nbsp;&nbsp;IINCHIP_WRITE
<LI><a href="#[74]">&gt;&gt;</a>&nbsp;&nbsp;&nbsp;IINCHIP_READ
<LI><a href="#[6f]">&gt;&gt;</a>&nbsp;&nbsp;&nbsp;rt_kprintf
</UL>
<BR>[Called By]<UL><LI><a href="#[ab]">&gt;&gt;</a>&nbsp;&nbsp;&nbsp;do_udp
</UL>

<P><STRONG><a name="[c0]"></a>reset_w5500</STRONG> (Thumb, 36 bytes, Stack size 8 bytes, w5500_conf.o(i.reset_w5500))
<BR><BR>[Stack]<UL><LI>Max Depth = 80<LI>Call Chain = reset_w5500 &rArr; rt_thread_delay &rArr; rt_thread_sleep &rArr; rt_timer_start &rArr; _rt_timer_remove
</UL>
<BR>[Calls]<UL><LI><a href="#[bb]">&gt;&gt;</a>&nbsp;&nbsp;&nbsp;GPIO_SetBit
<LI><a href="#[cd]">&gt;&gt;</a>&nbsp;&nbsp;&nbsp;GPIO_ResetBit
<LI><a href="#[7d]">&gt;&gt;</a>&nbsp;&nbsp;&nbsp;rt_thread_delay
</UL>
<BR>[Called By]<UL><LI><a href="#[bf]">&gt;&gt;</a>&nbsp;&nbsp;&nbsp;$Super$$main
</UL>

<P><STRONG><a name="[ce]"></a>rt_application_init</STRONG> (Thumb, 34 bytes, Stack size 16 bytes, components.o(i.rt_application_init))
<BR><BR>[Stack]<UL><LI>Max Depth = 284<LI>Call Chain = rt_application_init &rArr; rt_thread_create &rArr; rt_object_delete &rArr; rt_free &rArr; rt_kprintf &rArr; rt_vsnprintf &rArr; print_number
</UL>
<BR>[Calls]<UL><LI><a href="#[a3]">&gt;&gt;</a>&nbsp;&nbsp;&nbsp;rt_thread_startup
<LI><a href="#[a2]">&gt;&gt;</a>&nbsp;&nbsp;&nbsp;rt_thread_create
</UL>
<BR>[Called By]<UL><LI><a href="#[5e]">&gt;&gt;</a>&nbsp;&nbsp;&nbsp;rtthread_startup
</UL>

<P><STRONG><a name="[d7]"></a>rt_components_board_init</STRONG> (Thumb, 20 bytes, Stack size 8 bytes, components.o(i.rt_components_board_init))
<BR><BR>[Stack]<UL><LI>Max Depth = 8<LI>Call Chain = rt_components_board_init
</UL>
<BR>[Called By]<UL><LI><a href="#[d4]">&gt;&gt;</a>&nbsp;&nbsp;&nbsp;rt_hw_board_init
</UL>

<P><STRONG><a name="[c8]"></a>rt_components_init</STRONG> (Thumb, 20 bytes, Stack size 8 bytes, components.o(i.rt_components_init))
<BR><BR>[Stack]<UL><LI>Max Depth = 8<LI>Call Chain = rt_components_init
</UL>
<BR>[Called By]<UL><LI><a href="#[53]">&gt;&gt;</a>&nbsp;&nbsp;&nbsp;main_thread_entry
</UL>

<P><STRONG><a name="[cf]"></a>rt_enter_critical</STRONG> (Thumb, 28 bytes, Stack size 8 bytes, scheduler.o(i.rt_enter_critical))
<BR><BR>[Stack]<UL><LI>Max Depth = 8<LI>Call Chain = rt_enter_critical
</UL>
<BR>[Calls]<UL><LI><a href="#[9f]">&gt;&gt;</a>&nbsp;&nbsp;&nbsp;rt_hw_interrupt_enable
<LI><a href="#[9e]">&gt;&gt;</a>&nbsp;&nbsp;&nbsp;rt_hw_interrupt_disable
</UL>
<BR>[Called By]<UL><LI><a href="#[f3]">&gt;&gt;</a>&nbsp;&nbsp;&nbsp;rt_object_init
<LI><a href="#[db]">&gt;&gt;</a>&nbsp;&nbsp;&nbsp;rt_hw_console_output
</UL>

<P><STRONG><a name="[d0]"></a>rt_exit_critical</STRONG> (Thumb, 60 bytes, Stack size 8 bytes, scheduler.o(i.rt_exit_critical))
<BR><BR>[Stack]<UL><LI>Max Depth = 32<LI>Call Chain = rt_exit_critical &rArr; rt_schedule
</UL>
<BR>[Calls]<UL><LI><a href="#[9f]">&gt;&gt;</a>&nbsp;&nbsp;&nbsp;rt_hw_interrupt_enable
<LI><a href="#[9e]">&gt;&gt;</a>&nbsp;&nbsp;&nbsp;rt_hw_interrupt_disable
<LI><a href="#[d1]">&gt;&gt;</a>&nbsp;&nbsp;&nbsp;rt_schedule
</UL>
<BR>[Called By]<UL><LI><a href="#[f3]">&gt;&gt;</a>&nbsp;&nbsp;&nbsp;rt_object_init
<LI><a href="#[db]">&gt;&gt;</a>&nbsp;&nbsp;&nbsp;rt_hw_console_output
</UL>

<P><STRONG><a name="[d2]"></a>rt_free</STRONG> (Thumb, 128 bytes, Stack size 16 bytes, mem.o(i.rt_free))
<BR><BR>[Stack]<UL><LI>Max Depth = 196<LI>Call Chain = rt_free &rArr; rt_kprintf &rArr; rt_vsnprintf &rArr; print_number
</UL>
<BR>[Calls]<UL><LI><a href="#[6c]">&gt;&gt;</a>&nbsp;&nbsp;&nbsp;rt_sem_take
<LI><a href="#[73]">&gt;&gt;</a>&nbsp;&nbsp;&nbsp;rt_sem_release
<LI><a href="#[6f]">&gt;&gt;</a>&nbsp;&nbsp;&nbsp;rt_kprintf
<LI><a href="#[d3]">&gt;&gt;</a>&nbsp;&nbsp;&nbsp;plug_holes
</UL>
<BR>[Called By]<UL><LI><a href="#[f0]">&gt;&gt;</a>&nbsp;&nbsp;&nbsp;rt_object_delete
<LI><a href="#[107]">&gt;&gt;</a>&nbsp;&nbsp;&nbsp;rt_thread_idle_excute
</UL>

<P><STRONG><a name="[d9]"></a>rt_heap_begin_get</STRONG> (Thumb, 4 bytes, Stack size 0 bytes, board_1.o(i.rt_heap_begin_get))
<BR><BR>[Called By]<UL><LI><a href="#[d4]">&gt;&gt;</a>&nbsp;&nbsp;&nbsp;rt_hw_board_init
</UL>

<P><STRONG><a name="[d8]"></a>rt_heap_end_get</STRONG> (Thumb, 4 bytes, Stack size 0 bytes, board_1.o(i.rt_heap_end_get))
<BR><BR>[Called By]<UL><LI><a href="#[d4]">&gt;&gt;</a>&nbsp;&nbsp;&nbsp;rt_hw_board_init
</UL>

<P><STRONG><a name="[d4]"></a>rt_hw_board_init</STRONG> (Thumb, 72 bytes, Stack size 16 bytes, board_1.o(i.rt_hw_board_init))
<BR><BR>[Stack]<UL><LI>Max Depth = 220<LI>Call Chain = rt_hw_board_init &rArr; rt_system_heap_init &rArr; rt_kprintf &rArr; rt_vsnprintf &rArr; print_number
</UL>
<BR>[Calls]<UL><LI><a href="#[d5]">&gt;&gt;</a>&nbsp;&nbsp;&nbsp;SystemCoreClockUpdate
<LI><a href="#[7a]">&gt;&gt;</a>&nbsp;&nbsp;&nbsp;NVIC_ConfigPriorityGroup
<LI><a href="#[84]">&gt;&gt;</a>&nbsp;&nbsp;&nbsp;Spi1_Config
<LI><a href="#[83]">&gt;&gt;</a>&nbsp;&nbsp;&nbsp;SPI1_GPIO_Configuration
<LI><a href="#[bc]">&gt;&gt;</a>&nbsp;&nbsp;&nbsp;gpio_init
<LI><a href="#[d7]">&gt;&gt;</a>&nbsp;&nbsp;&nbsp;rt_components_board_init
<LI><a href="#[ba]">&gt;&gt;</a>&nbsp;&nbsp;&nbsp;gpio_for_w5500_config
<LI><a href="#[d6]">&gt;&gt;</a>&nbsp;&nbsp;&nbsp;_SysTick_Config
<LI><a href="#[da]">&gt;&gt;</a>&nbsp;&nbsp;&nbsp;rt_system_heap_init
<LI><a href="#[d8]">&gt;&gt;</a>&nbsp;&nbsp;&nbsp;rt_heap_end_get
<LI><a href="#[d9]">&gt;&gt;</a>&nbsp;&nbsp;&nbsp;rt_heap_begin_get
</UL>
<BR>[Called By]<UL><LI><a href="#[5e]">&gt;&gt;</a>&nbsp;&nbsp;&nbsp;rtthread_startup
</UL>

<P><STRONG><a name="[db]"></a>rt_hw_console_output</STRONG> (Thumb, 74 bytes, Stack size 8 bytes, board_1.o(i.rt_hw_console_output))
<BR><BR>[Stack]<UL><LI>Max Depth = 40<LI>Call Chain = rt_hw_console_output &rArr; rt_exit_critical &rArr; rt_schedule
</UL>
<BR>[Calls]<UL><LI><a href="#[dd]">&gt;&gt;</a>&nbsp;&nbsp;&nbsp;USART_TxData
<LI><a href="#[dc]">&gt;&gt;</a>&nbsp;&nbsp;&nbsp;USART_ReadStatusFlag
<LI><a href="#[d0]">&gt;&gt;</a>&nbsp;&nbsp;&nbsp;rt_exit_critical
<LI><a href="#[cf]">&gt;&gt;</a>&nbsp;&nbsp;&nbsp;rt_enter_critical
</UL>
[...]
<LI><a href="#[cb]">&gt;&gt;</a>&nbsp;&nbsp;&nbsp;recv
<LI><a href="#[aa]">&gt;&gt;</a>&nbsp;&nbsp;&nbsp;disconnect
<LI><a href="#[a7]">&gt;&gt;</a>&nbsp;&nbsp;&nbsp;connect
<LI><a href="#[a6]">&gt;&gt;</a>&nbsp;&nbsp;&nbsp;close
<LI><a href="#[7d]">&gt;&gt;</a>&nbsp;&nbsp;&nbsp;rt_thread_delay
<LI><a href="#[72]">&gt;&gt;</a>&nbsp;&nbsp;&nbsp;Client_HandData
<LI><a href="#[ae]">&gt;&gt;</a>&nbsp;&nbsp;&nbsp;setSn_IR
<LI><a href="#[ac]">&gt;&gt;</a>&nbsp;&nbsp;&nbsp;getSn_SR
<LI><a href="#[af]">&gt;&gt;</a>&nbsp;&nbsp;&nbsp;getSn_RX_RSR
</UL>
<BR>[Called By]<UL><LI><a href="#[c9]">&gt;&gt;</a>&nbsp;&nbsp;&nbsp;remote_msg_handle
<LI><a href="#[bf]">&gt;&gt;</a>&nbsp;&nbsp;&nbsp;$Super$$main
</UL>

<P><STRONG><a name="[ca]"></a>tcp_server_list</STRONG> (Thumb, 148 bytes, Stack size 344 bytes, my_netapp.o(i.tcp_server_list))
<BR><BR>[Stack]<UL><LI>Max Depth = 644<LI>Call Chain = tcp_server_list &rArr; server_rest &rArr; send &rArr; send_data_processing &rArr; wiz_write_buf &rArr; rt_kprintf &rArr; rt_vsnprintf &rArr; print_number
</UL>
<BR>[Calls]<UL><LI><a href="#[a8]">&gt;&gt;</a>&nbsp;&nbsp;&nbsp;getSn_IR
<LI><a href="#[79]">&gt;&gt;</a>&nbsp;&nbsp;&nbsp;IINCHIP_WRITE
<LI><a href="#[ad]">&gt;&gt;</a>&nbsp;&nbsp;&nbsp;socket
<LI><a href="#[cb]">&gt;&gt;</a>&nbsp;&nbsp;&nbsp;recv
<LI><a href="#[be]">&gt;&gt;</a>&nbsp;&nbsp;&nbsp;listen
<LI><a href="#[aa]">&gt;&gt;</a>&nbsp;&nbsp;&nbsp;disconnect
<LI><a href="#[a6]">&gt;&gt;</a>&nbsp;&nbsp;&nbsp;close
<LI><a href="#[118]">&gt;&gt;</a>&nbsp;&nbsp;&nbsp;server_rest
<LI><a href="#[ae]">&gt;&gt;</a>&nbsp;&nbsp;&nbsp;setSn_IR
<LI><a href="#[ac]">&gt;&gt;</a>&nbsp;&nbsp;&nbsp;getSn_SR
<LI><a href="#[af]">&gt;&gt;</a>&nbsp;&nbsp;&nbsp;getSn_RX_RSR
</UL>
<BR>[Called By]<UL><LI><a href="#[51]">&gt;&gt;</a>&nbsp;&nbsp;&nbsp;mu_net_thread_entry
</UL>

<P><STRONG><a name="[bd]"></a>wiz_cs</STRONG> (Thumb, 30 bytes, Stack size 8 bytes, w5500_conf.o(i.wiz_cs))
<BR><BR>[Stack]<UL><LI>Max Depth = 8<LI>Call Chain = wiz_cs
</UL>
<BR>[Calls]<UL><LI><a href="#[bb]">&gt;&gt;</a>&nbsp;&nbsp;&nbsp;GPIO_SetBit
<LI><a href="#[cd]">&gt;&gt;</a>&nbsp;&nbsp;&nbsp;GPIO_ResetBit
</UL>
<BR>[Called By]<UL><LI><a href="#[77]">&gt;&gt;</a>&nbsp;&nbsp;&nbsp;iinchip_cson
<LI><a href="#[75]">&gt;&gt;</a>&nbsp;&nbsp;&nbsp;iinchip_csoff
</UL>

<P><STRONG><a name="[b5]"></a>wiz_read_buf</STRONG> (Thumb, 78 bytes, Stack size 24 bytes, w5500_conf.o(i.wiz_read_buf))
<BR><BR>[Stack]<UL><LI>Max Depth = 204<LI>Call Chain = wiz_read_buf &rArr; rt_kprintf &rArr; rt_vsnprintf &rArr; print_number
</UL>
<BR>[Calls]<UL><LI><a href="#[6f]">&gt;&gt;</a>&nbsp;&nbsp;&nbsp;rt_kprintf
<LI><a href="#[77]">&gt;&gt;</a>&nbsp;&nbsp;&nbsp;iinchip_cson
<LI><a href="#[75]">&gt;&gt;</a>&nbsp;&nbsp;&nbsp;iinchip_csoff
<LI><a href="#[76]">&gt;&gt;</a>&nbsp;&nbsp;&nbsp;IINCHIP_SpiSendData
</UL>
<BR>[Called By]<UL><LI><a href="#[cc]">&gt;&gt;</a>&nbsp;&nbsp;&nbsp;recv_data_processing
<LI><a href="#[a9]">&gt;&gt;</a>&nbsp;&nbsp;&nbsp;getSIR
<LI><a href="#[b2]">&gt;&gt;</a>&nbsp;&nbsp;&nbsp;recvfrom
<LI><a href="#[b8]">&gt;&gt;</a>&nbsp;&nbsp;&nbsp;getSUBR
<LI><a href="#[b7]">&gt;&gt;</a>&nbsp;&nbsp;&nbsp;getSIPR
<LI><a href="#[b6]">&gt;&gt;</a>&nbsp;&nbsp;&nbsp;getSHAR
<LI><a href="#[b4]">&gt;&gt;</a>&nbsp;&nbsp;&nbsp;getGAR
</UL>

<P><STRONG><a name="[117]"></a>wiz_write_buf</STRONG> (Thumb, 80 bytes, Stack size 24 bytes, w5500_conf.o(i.wiz_write_buf))
<BR><BR>[Stack]<UL><LI>Max Depth = 204<LI>Call Chain = wiz_write_buf &rArr; rt_kprintf &rArr; rt_vsnprintf &rArr; print_number
</UL>
<BR>[Calls]<UL><LI><a href="#[6f]">&gt;&gt;</a>&nbsp;&nbsp;&nbsp;rt_kprintf
<LI><a href="#[77]">&gt;&gt;</a>&nbsp;&nbsp;&nbsp;iinchip_cson
<LI><a href="#[75]">&gt;&gt;</a>&nbsp;&nbsp;&nbsp;iinchip_csoff
<LI><a href="#[76]">&gt;&gt;</a>&nbsp;&nbsp;&nbsp;IINCHIP_SpiSendData
</UL>
<BR>[Called By]<UL><LI><a href="#[116]">&gt;&gt;</a>&nbsp;&nbsp;&nbsp;send_data_processing
<LI><a href="#[11c]">&gt;&gt;</a>&nbsp;&nbsp;&nbsp;setSUBR
<LI><a href="#[11b]">&gt;&gt;</a>&nbsp;&nbsp;&nbsp;setSIPR
<LI><a href="#[11a]">&gt;&gt;</a>&nbsp;&nbsp;&nbsp;setSHAR
<LI><a href="#[119]">&gt;&gt;</a>&nbsp;&nbsp;&nbsp;setGAR
</UL>
<P>
<H3>
Local Symbols
</H3>
<P><STRONG><a name="[8b]"></a>SystemClock72M</STRONG> (Thumb, 212 bytes, Stack size 8 bytes, system_apm32f10x.o(i.SystemClock72M))
<BR><BR>[Stack]<UL><LI>Max Depth = 8<LI>Call Chain = SystemClock72M
</UL>
<BR>[Called By]<UL><LI><a href="#[8a]">&gt;&gt;</a>&nbsp;&nbsp;&nbsp;SystemClockConfig
</UL>

<P><STRONG><a name="[8a]"></a>SystemClockConfig</STRONG> (Thumb, 8 bytes, Stack size 8 bytes, system_apm32f10x.o(i.SystemClockConfig))
<BR><BR>[Stack]<UL><LI>Max Depth = 16<LI>Call Chain = SystemClockConfig &rArr; SystemClock72M
</UL>
<BR>[Calls]<UL><LI><a href="#[8b]">&gt;&gt;</a>&nbsp;&nbsp;&nbsp;SystemClock72M
</UL>
<BR>[Called By]<UL><LI><a href="#[4b]">&gt;&gt;</a>&nbsp;&nbsp;&nbsp;SystemInit
</UL>

<P><STRONG><a name="[52]"></a>msg_thread_entry</STRONG> (Thumb, 80 bytes, Stack size 0 bytes, main.o(i.msg_thread_entry))
<BR><BR>[Stack]<UL><LI>Max Depth = 356<LI>Call Chain = msg_thread_entry &rArr; remote_msg_handle &rArr; tcp_client_send &rArr; send &rArr; send_data_processing &rArr; wiz_write_buf &rArr; rt_kprintf &rArr; rt_vsnprintf &rArr; print_number
</UL>
<BR>[Calls]<UL><LI><a href="#[7d]">&gt;&gt;</a>&nbsp;&nbsp;&nbsp;rt_thread_delay
<LI><a href="#[73]">&gt;&gt;</a>&nbsp;&nbsp;&nbsp;rt_sem_release
<LI><a href="#[62]">&gt;&gt;</a>&nbsp;&nbsp;&nbsp;Can1_Init
<LI><a href="#[c9]">&gt;&gt;</a>&nbsp;&nbsp;&nbsp;remote_msg_handle
</UL>
<BR>[Address Reference Count : 1]<UL><LI> main.o(i.main)
</UL>
<P><STRONG><a name="[c9]"></a>remote_msg_handle</STRONG> (Thumb, 1320 bytes, Stack size 32 bytes, main.o(i.remote_msg_handle))
<BR><BR>[Stack]<UL><LI>Max Depth = 356<LI>Call Chain = remote_msg_handle &rArr; tcp_client_send &rArr; send &rArr; send_data_processing &rArr; wiz_write_buf &rArr; rt_kprintf &rArr; rt_vsnprintf &rArr; print_number
</UL>
<BR>[Calls]<UL><LI><a href="#[b1]">&gt;&gt;</a>&nbsp;&nbsp;&nbsp;GPIO_WriteBitValue
<LI><a href="#[c7]">&gt;&gt;</a>&nbsp;&nbsp;&nbsp;tcp_client_send
<LI><a href="#[6f]">&gt;&gt;</a>&nbsp;&nbsp;&nbsp;rt_kprintf
</UL>
<BR>[Called By]<UL><LI><a href="#[52]">&gt;&gt;</a>&nbsp;&nbsp;&nbsp;msg_thread_entry
</UL>

<P><STRONG><a name="[4f]"></a>Can_Recv_thread_entry</STRONG> (Thumb, 114 bytes, Stack size 0 bytes, my_can.o(i.Can_Recv_thread_entry))
<BR><BR>[Stack]<UL><LI>Max Depth = 220<LI>Call Chain = Can_Recv_thread_entry &rArr; rt_sem_delete &rArr; rt_object_delete &rArr; rt_free &rArr; rt_kprintf &rArr; rt_vsnprintf &rArr; print_number
</UL>
<BR>[Calls]<UL><LI><a href="#[6c]">&gt;&gt;</a>&nbsp;&nbsp;&nbsp;rt_sem_take
<LI><a href="#[6d]">&gt;&gt;</a>&nbsp;&nbsp;&nbsp;rt_sem_delete
<LI><a href="#[6b]">&gt;&gt;</a>&nbsp;&nbsp;&nbsp;rt_sem_create
<LI><a href="#[6e]">&gt;&gt;</a>&nbsp;&nbsp;&nbsp;my_can_recv_msg
</UL>
<BR>[Address Reference Count : 1]<UL><LI> my_can.o(i.build_can_recv_thread)
</UL>
<P><STRONG><a name="[50]"></a>Can_Send_thread_entry</STRONG> (Thumb, 250 bytes, Stack size 24 bytes, my_can.o(i.Can_Send_thread_entry))
<BR><BR>[Stack]<UL><LI>Max Depth = 244<LI>Call Chain = Can_Send_thread_entry &rArr; rt_sem_delete &rArr; rt_object_delete &rArr; rt_free &rArr; rt_kprintf &rArr; rt_vsnprintf &rArr; print_number
</UL>
<BR>[Calls]<UL><LI><a href="#[6c]">&gt;&gt;</a>&nbsp;&nbsp;&nbsp;rt_sem_take
<LI><a href="#[6d]">&gt;&gt;</a>&nbsp;&nbsp;&nbsp;rt_sem_delete
<LI><a href="#[71]">&gt;&gt;</a>&nbsp;&nbsp;&nbsp;rt_memcpy
<LI><a href="#[70]">&gt;&gt;</a>&nbsp;&nbsp;&nbsp;can1_send_msg
<LI><a href="#[6f]">&gt;&gt;</a>&nbsp;&nbsp;&nbsp;rt_kprintf
</UL>
<BR>[Address Reference Count : 1]<UL><LI> my_can.o(i.build_can_send_thread)
</UL>
<P><STRONG><a name="[72]"></a>Client_HandData</STRONG> (Thumb, 156 bytes, Stack size 16 bytes, my_netapp.o(i.Client_HandData))
<BR><BR>[Stack]<UL><LI>Max Depth = 96<LI>Call Chain = Client_HandData &rArr; rt_sem_release &rArr; rt_ipc_list_resume &rArr; rt_thread_resume &rArr; rt_timer_stop &rArr; _rt_timer_remove
</UL>
<BR>[Calls]<UL><LI><a href="#[73]">&gt;&gt;</a>&nbsp;&nbsp;&nbsp;rt_sem_release
</UL>
<BR>[Called By]<UL><LI><a href="#[c7]">&gt;&gt;</a>&nbsp;&nbsp;&nbsp;tcp_client_send
</UL>

<P><STRONG><a name="[51]"></a>mu_net_thread_entry</STRONG> (Thumb, 24 bytes, Stack size 0 bytes, my_netapp.o(i.mu_net_thread_entry))
<BR><BR>[Stack]<UL><LI>Max Depth = 644<LI>Call Chain = mu_net_thread_entry &rArr; tcp_server_list &rArr; server_rest &rArr; send &rArr; send_data_processing &rArr; wiz_write_buf &rArr; rt_kprintf &rArr; rt_vsnprintf &rArr; print_number
</UL>
<BR>[Calls]<UL><LI><a href="#[7d]">&gt;&gt;</a>&nbsp;&nbsp;&nbsp;rt_thread_delay
<LI><a href="#[ca]">&gt;&gt;</a>&nbsp;&nbsp;&nbsp;tcp_server_list
<LI><a href="#[ab]">&gt;&gt;</a>&nbsp;&nbsp;&nbsp;do_udp
</UL>
<BR>[Address Reference Count : 1]<UL><LI> my_netapp.o(i.build_my_net_thread)
</UL>
<P><STRONG><a name="[118]"></a>server_rest</STRONG> (Thumb, 1140 bytes, Stack size 40 bytes, my_netapp.o(i.server_rest))
<BR><BR>[Stack]<UL><LI>Max Depth = 300<LI>Call Chain = server_rest &rArr; send &rArr; send_data_processing &rArr; wiz_write_buf &rArr; rt_kprintf &rArr; rt_vsnprintf &rArr; print_number
</UL>
<BR>[Calls]<UL><LI><a href="#[114]">&gt;&gt;</a>&nbsp;&nbsp;&nbsp;send
<LI><a href="#[73]">&gt;&gt;</a>&nbsp;&nbsp;&nbsp;rt_sem_release
<LI><a href="#[6f]">&gt;&gt;</a>&nbsp;&nbsp;&nbsp;rt_kprintf
</UL>
<BR>[Called By]<UL><LI><a href="#[ca]">&gt;&gt;</a>&nbsp;&nbsp;&nbsp;tcp_server_list
</UL>

<P><STRONG><a name="[58]"></a>rti_board_end</STRONG> (Thumb, 4 bytes, Stack size 0 bytes, components.o(i.rti_board_end))
<BR>[Address Reference Count : 1]<UL><LI> components.o(.rti_fn.1.end)
</UL>
<P><STRONG><a name="[56]"></a>rti_board_start</STRONG> (Thumb, 4 bytes, Stack size 0 bytes, components.o(i.rti_board_start))
<BR>[Address Reference Count : 1]<UL><LI> components.o(.rti_fn.0.end)
</UL>
<P><STRONG><a name="[59]"></a>rti_end</STRONG> (Thumb, 4 bytes, Stack size 0 bytes, components.o(i.rti_end))
<BR>[Address Reference Count : 1]<UL><LI> components.o(.rti_fn.6.end)
</UL>
<P><STRONG><a name="[55]"></a>rti_start</STRONG> (Thumb, 4 bytes, Stack size 0 bytes, components.o(i.rti_start))
<BR>[Address Reference Count : 1]<UL><LI> components.o(.rti_fn.0)
</UL>
<P><STRONG><a name="[54]"></a>rt_thread_idle_entry</STRONG> (Thumb, 8 bytes, Stack size 0 bytes, idle.o(i.rt_thread_idle_entry))
<BR><BR>[Stack]<UL><LI>Max Depth = 228<LI>Call Chain = rt_thread_idle_entry &rArr; rt_thread_idle_excute &rArr; rt_object_delete &rArr; rt_free &rArr; rt_kprintf &rArr; rt_vsnprintf &rArr; print_number
</UL>
<BR>[Calls]<UL><LI><a href="#[107]">&gt;&gt;</a>&nbsp;&nbsp;&nbsp;rt_thread_idle_excute
</UL>
<BR>[Address Reference Count : 1]<UL><LI> idle.o(i.rt_thread_idle_init)
</UL>
<P><STRONG><a name="[e1]"></a>rt_ipc_list_resume</STRONG> (Thumb, 20 bytes, Stack size 16 bytes, ipc.o(i.rt_ipc_list_resume))
<BR><BR>[Stack]<UL><LI>Max Depth = 64<LI>Call Chain = rt_ipc_list_resume &rArr; rt_thread_resume &rArr; rt_timer_stop &rArr; _rt_timer_remove
</UL>
<BR>[Calls]<UL><LI><a href="#[e2]">&gt;&gt;</a>&nbsp;&nbsp;&nbsp;rt_thread_resume
</UL>
<BR>[Called By]<UL><LI><a href="#[73]">&gt;&gt;</a>&nbsp;&nbsp;&nbsp;rt_sem_release
</UL>

<P><STRONG><a name="[e3]"></a>rt_ipc_list_resume_all</STRONG> (Thumb, 50 bytes, Stack size 16 bytes, ipc.o(i.rt_ipc_list_resume_all))
<BR><BR>[Stack]<UL><LI>Max Depth = 64<LI>Call Chain = rt_ipc_list_resume_all &rArr; rt_thread_resume &rArr; rt_timer_stop &rArr; _rt_timer_remove
</UL>
<BR>[Calls]<UL><LI><a href="#[9f]">&gt;&gt;</a>&nbsp;&nbsp;&nbsp;rt_hw_interrupt_enable
<LI><a href="#[9e]">&gt;&gt;</a>&nbsp;&nbsp;&nbsp;rt_hw_interrupt_disable
<LI><a href="#[e2]">&gt;&gt;</a>&nbsp;&nbsp;&nbsp;rt_thread_resume
<LI><a href="#[e4]">&gt;&gt;</a>&nbsp;&nbsp;&nbsp;rt_list_isempty
</UL>
<BR>[Called By]<UL><LI><a href="#[6d]">&gt;&gt;</a>&nbsp;&nbsp;&nbsp;rt_sem_delete
</UL>

<P><STRONG><a name="[e5]"></a>rt_ipc_list_suspend</STRONG> (Thumb, 110 bytes, Stack size 24 bytes, ipc.o(i.rt_ipc_list_suspend))
<BR><BR>[Stack]<UL><LI>Max Depth = 72<LI>Call Chain = rt_ipc_list_suspend &rArr; rt_thread_suspend &rArr; rt_timer_stop &rArr; _rt_timer_remove
</UL>
<BR>[Calls]<UL><LI><a href="#[e6]">&gt;&gt;</a>&nbsp;&nbsp;&nbsp;rt_thread_suspend
<LI><a href="#[e7]">&gt;&gt;</a>&nbsp;&nbsp;&nbsp;rt_list_insert_before
</UL>
<BR>[Called By]<UL><LI><a href="#[6c]">&gt;&gt;</a>&nbsp;&nbsp;&nbsp;rt_sem_take
</UL>

<P><STRONG><a name="[e8]"></a>rt_ipc_object_init</STRONG> (Thumb, 16 bytes, Stack size 8 bytes, ipc.o(i.rt_ipc_object_init))
<BR><BR>[Stack]<UL><LI>Max Depth = 8<LI>Call Chain = rt_ipc_object_init
</UL>
<BR>[Calls]<UL><LI><a href="#[e9]">&gt;&gt;</a>&nbsp;&nbsp;&nbsp;rt_list_init
</UL>
<BR>[Called By]<UL><LI><a href="#[6b]">&gt;&gt;</a>&nbsp;&nbsp;&nbsp;rt_sem_create
<LI><a href="#[a1]">&gt;&gt;</a>&nbsp;&nbsp;&nbsp;rt_mutex_create
<LI><a href="#[fa]">&gt;&gt;</a>&nbsp;&nbsp;&nbsp;rt_sem_init
</UL>

<P><STRONG><a name="[e9]"></a>rt_list_init</STRONG> (Thumb, 6 bytes, Stack size 0 bytes, ipc.o(i.rt_list_init))
<BR><BR>[Called By]<UL><LI><a href="#[e8]">&gt;&gt;</a>&nbsp;&nbsp;&nbsp;rt_ipc_object_init
</UL>

<P><STRONG><a name="[e7]"></a>rt_list_insert_before</STRONG> (Thumb, 14 bytes, Stack size 0 bytes, ipc.o(i.rt_list_insert_before))
<BR><BR>[Called By]<UL><LI><a href="#[e5]">&gt;&gt;</a>&nbsp;&nbsp;&nbsp;rt_ipc_list_suspend
</UL>

<P><STRONG><a name="[e4]"></a>rt_list_isempty</STRONG> (Thumb, 16 bytes, Stack size 0 bytes, ipc.o(i.rt_list_isempty))
<BR><BR>[Called By]<UL><LI><a href="#[73]">&gt;&gt;</a>&nbsp;&nbsp;&nbsp;rt_sem_release
<LI><a href="#[e3]">&gt;&gt;</a>&nbsp;&nbsp;&nbsp;rt_ipc_list_resume_all
</UL>

<P><STRONG><a name="[112]"></a>print_number</STRONG> (Thumb, 400 bytes, Stack size 60 bytes, kservice.o(i.print_number))
<BR><BR>[Stack]<UL><LI>Max Depth = 60<LI>Call Chain = print_number
</UL>
<BR>[Called By]<UL><LI><a href="#[ea]">&gt;&gt;</a>&nbsp;&nbsp;&nbsp;rt_vsnprintf
</UL>

<P><STRONG><a name="[111]"></a>skip_atoi</STRONG> (Thumb, 38 bytes, Stack size 0 bytes, kservice.o(i.skip_atoi))
<BR><BR>[Called By]<UL><LI><a href="#[ea]">&gt;&gt;</a>&nbsp;&nbsp;&nbsp;rt_vsnprintf
</UL>

<P><STRONG><a name="[d3]"></a>plug_holes</STRONG> (Thumb, 108 bytes, Stack size 12 bytes, mem.o(i.plug_holes))
<BR><BR>[Stack]<UL><LI>Max Depth = 12<LI>Call Chain = plug_holes
</UL>
<BR>[Called By]<UL><LI><a href="#[d2]">&gt;&gt;</a>&nbsp;&nbsp;&nbsp;rt_free
</UL>

<P><STRONG><a name="[ef]"></a>rt_list_insert_after</STRONG> (Thumb, 14 bytes, Stack size 0 bytes, object.o(i.rt_list_insert_after))
<BR><BR>[Called By]<UL><LI><a href="#[f3]">&gt;&gt;</a>&nbsp;&nbsp;&nbsp;rt_object_init
<LI><a href="#[ec]">&gt;&gt;</a>&nbsp;&nbsp;&nbsp;rt_object_allocate
</UL>

<P><STRONG><a name="[f1]"></a>rt_list_remove</STRONG> (Thumb, 18 bytes, Stack size 0 bytes, object.o(i.rt_list_remove))
<BR><BR>[Called By]<UL><LI><a href="#[f0]">&gt;&gt;</a>&nbsp;&nbsp;&nbsp;rt_object_delete
<LI><a href="#[f2]">&gt;&gt;</a>&nbsp;&nbsp;&nbsp;rt_object_detach
</UL>

<P><STRONG><a name="[ff]"></a>rt_list_init</STRONG> (Thumb, 6 bytes, Stack size 0 bytes, scheduler.o(i.rt_list_init))
<BR><BR>[Called By]<UL><LI><a href="#[fe]">&gt;&gt;</a>&nbsp;&nbsp;&nbsp;rt_system_scheduler_init
</UL>

<P><STRONG><a name="[95]"></a>_rt_thread_init</STRONG> (Thumb, 124 bytes, Stack size 48 bytes, thread.o(i._rt_thread_init))
<BR><BR>[Stack]<UL><LI>Max Depth = 144<LI>Call Chain = _rt_thread_init &rArr; rt_timer_init &rArr; rt_object_init &rArr; rt_exit_critical &rArr; rt_schedule
</UL>
<BR>[Calls]<UL><LI><a href="#[97]">&gt;&gt;</a>&nbsp;&nbsp;&nbsp;rt_hw_stack_init
<LI><a href="#[96]">&gt;&gt;</a>&nbsp;&nbsp;&nbsp;rt_memset
<LI><a href="#[98]">&gt;&gt;</a>&nbsp;&nbsp;&nbsp;rt_timer_init
</UL>
<BR>[Called By]<UL><LI><a href="#[a2]">&gt;&gt;</a>&nbsp;&nbsp;&nbsp;rt_thread_create
<LI><a href="#[109]">&gt;&gt;</a>&nbsp;&nbsp;&nbsp;rt_thread_init
</UL>

<P><STRONG><a name="[9d]"></a>_thread_cleanup_execute</STRONG> (Thumb, 28 bytes, Stack size 16 bytes, thread.o(i._thread_cleanup_execute))
<BR><BR>[Stack]<UL><LI>Max Depth = 16<LI>Call Chain = _thread_cleanup_execute
</UL>
<BR>[Calls]<UL><LI><a href="#[9f]">&gt;&gt;</a>&nbsp;&nbsp;&nbsp;rt_hw_interrupt_enable
<LI><a href="#[9e]">&gt;&gt;</a>&nbsp;&nbsp;&nbsp;rt_hw_interrupt_disable
</UL>
<BR>[Called By]<UL><LI><a href="#[4d]">&gt;&gt;</a>&nbsp;&nbsp;&nbsp;rt_thread_exit
</UL>

<P><STRONG><a name="[106]"></a>rt_list_insert_after</STRONG> (Thumb, 14 bytes, Stack size 0 bytes, thread.o(i.rt_list_insert_after))
<BR><BR>[Called By]<UL><LI><a href="#[4d]">&gt;&gt;</a>&nbsp;&nbsp;&nbsp;rt_thread_exit
</UL>

<P><STRONG><a name="[10a]"></a>rt_list_remove</STRONG> (Thumb, 18 bytes, Stack size 0 bytes, thread.o(i.rt_list_remove))
<BR><BR>[Called By]<UL><LI><a href="#[10c]">&gt;&gt;</a>&nbsp;&nbsp;&nbsp;rt_thread_yield
<LI><a href="#[4e]">&gt;&gt;</a>&nbsp;&nbsp;&nbsp;rt_thread_timeout
<LI><a href="#[e2]">&gt;&gt;</a>&nbsp;&nbsp;&nbsp;rt_thread_resume
</UL>

<P><STRONG><a name="[99]"></a>_rt_timer_init</STRONG> (Thumb, 66 bytes, Stack size 32 bytes, timer.o(i._rt_timer_init))
<BR><BR>[Stack]<UL><LI>Max Depth = 32<LI>Call Chain = _rt_timer_init
</UL>
<BR>[Calls]<UL><LI><a href="#[9a]">&gt;&gt;</a>&nbsp;&nbsp;&nbsp;rt_list_init
</UL>
<BR>[Called By]<UL><LI><a href="#[98]">&gt;&gt;</a>&nbsp;&nbsp;&nbsp;rt_timer_init
</UL>

<P><STRONG><a name="[9b]"></a>_rt_timer_remove</STRONG> (Thumb, 28 bytes, Stack size 16 bytes, timer.o(i._rt_timer_remove))
<BR><BR>[Stack]<UL><LI>Max Depth = 16<LI>Call Chain = _rt_timer_remove
</UL>
<BR>[Calls]<UL><LI><a href="#[9c]">&gt;&gt;</a>&nbsp;&nbsp;&nbsp;rt_list_remove
</UL>
<BR>[Called By]<UL><LI><a href="#[10d]">&gt;&gt;</a>&nbsp;&nbsp;&nbsp;rt_timer_check
<LI><a href="#[10b]">&gt;&gt;</a>&nbsp;&nbsp;&nbsp;rt_timer_stop
<LI><a href="#[104]">&gt;&gt;</a>&nbsp;&nbsp;&nbsp;rt_timer_detach
<LI><a href="#[fc]">&gt;&gt;</a>&nbsp;&nbsp;&nbsp;rt_timer_start
</UL>

<P><STRONG><a name="[9a]"></a>rt_list_init</STRONG> (Thumb, 6 bytes, Stack size 0 bytes, timer.o(i.rt_list_init))
<BR><BR>[Called By]<UL><LI><a href="#[102]">&gt;&gt;</a>&nbsp;&nbsp;&nbsp;rt_system_timer_init
<LI><a href="#[10d]">&gt;&gt;</a>&nbsp;&nbsp;&nbsp;rt_timer_check
<LI><a href="#[99]">&gt;&gt;</a>&nbsp;&nbsp;&nbsp;_rt_timer_init
</UL>

<P><STRONG><a name="[10f]"></a>rt_list_insert_after</STRONG> (Thumb, 14 bytes, Stack size 0 bytes, timer.o(i.rt_list_insert_after))
<BR><BR>[Called By]<UL><LI><a href="#[10d]">&gt;&gt;</a>&nbsp;&nbsp;&nbsp;rt_timer_check
<LI><a href="#[fc]">&gt;&gt;</a>&nbsp;&nbsp;&nbsp;rt_timer_start
</UL>

<P><STRONG><a name="[110]"></a>rt_list_isempty</STRONG> (Thumb, 16 bytes, Stack size 0 bytes, timer.o(i.rt_list_isempty))
<BR><BR>[Called By]<UL><LI><a href="#[10d]">&gt;&gt;</a>&nbsp;&nbsp;&nbsp;rt_timer_check
</UL>

<P><STRONG><a name="[9c]"></a>rt_list_remove</STRONG> (Thumb, 18 bytes, Stack size 0 bytes, timer.o(i.rt_list_remove))
<BR><BR>[Called By]<UL><LI><a href="#[10d]">&gt;&gt;</a>&nbsp;&nbsp;&nbsp;rt_timer_check
<LI><a href="#[9b]">&gt;&gt;</a>&nbsp;&nbsp;&nbsp;_rt_timer_remove
</UL>

<P><STRONG><a name="[d6]"></a>_SysTick_Config</STRONG> (Thumb, 44 bytes, Stack size 0 bytes, board_1.o(i._SysTick_Config))
<BR><BR>[Called By]<UL><LI><a href="#[d4]">&gt;&gt;</a>&nbsp;&nbsp;&nbsp;rt_hw_board_init
</UL>

<P><STRONG><a name="[57]"></a>uart_init</STRONG> (Thumb, 118 bytes, Stack size 8 bytes, board_1.o(i.uart_init))
<BR><BR>[Stack]<UL><LI>Max Depth = 100<LI>Call Chain = uart_init &rArr; USART_Config &rArr; RCM_ReadPCLKFreq &rArr; RCM_ReadHCLKFreq
</UL>
<BR>[Calls]<UL><LI><a href="#[121]">&gt;&gt;</a>&nbsp;&nbsp;&nbsp;GPIO_ConfigStructInit
<LI><a href="#[65]">&gt;&gt;</a>&nbsp;&nbsp;&nbsp;GPIO_Config
<LI><a href="#[63]">&gt;&gt;</a>&nbsp;&nbsp;&nbsp;RCM_EnableAPB2PeriphClock
<LI><a href="#[122]">&gt;&gt;</a>&nbsp;&nbsp;&nbsp;USART_Enable
<LI><a href="#[8f]">&gt;&gt;</a>&nbsp;&nbsp;&nbsp;USART_Config
</UL>
<BR>[Address Reference Count : 1]<UL><LI> board_1.o(.rti_fn.1)
</UL><P>
<H3>
Undefined Global Symbols
</H3><HR></body></html>
