Component: ARM Compiler 5.06 update 6 (build 750) Tool: armlink [4d35ed]

==============================================================================

Section Cross References

    system_apm32f10x.o(i.SystemClockConfig) refers to system_apm32f10x.o(i.SystemClock72M) for SystemClock72M
    system_apm32f10x.o(i.SystemCoreClockUpdate) refers to system_apm32f10x.o(.data) for SystemCoreClock
    system_apm32f10x.o(i.SystemInit) refers to system_apm32f10x.o(i.SystemClockConfig) for SystemClockConfig
    startup_apm32f10x_hd.o(RESET) refers to startup_apm32f10x_hd.o(STACK) for __initial_sp
    startup_apm32f10x_hd.o(RESET) refers to startup_apm32f10x_hd.o(.text) for Reset_Handler
    startup_apm32f10x_hd.o(RESET) refers to apm32f10x_int.o(i.NMI_Handler) for NMI_Handler
    startup_apm32f10x_hd.o(RESET) refers to context_rvds.o(.text) for HardFault_Handler
    startup_apm32f10x_hd.o(RESET) refers to apm32f10x_int.o(i.MemManage_Handler) for MemManage_Handler
    startup_apm32f10x_hd.o(RESET) refers to apm32f10x_int.o(i.BusFault_Handler) for BusFault_Handler
    startup_apm32f10x_hd.o(RESET) refers to apm32f10x_int.o(i.UsageFault_Handler) for UsageFault_Handler
    startup_apm32f10x_hd.o(RESET) refers to apm32f10x_int.o(i.SVC_Handler) for SVC_Handler
    startup_apm32f10x_hd.o(RESET) refers to apm32f10x_int.o(i.DebugMon_Handler) for DebugMon_Handler
    startup_apm32f10x_hd.o(RESET) refers to board_1.o(i.SysTick_Handler) for SysTick_Handler
    startup_apm32f10x_hd.o(RESET) refers to usart.o(i.DMA1_Channel7_IRQHandler) for DMA1_Channel7_IRQHandler
    startup_apm32f10x_hd.o(RESET) refers to can.o(i.USBD1_HP_CAN1_TX_IRQHandler) for USBD1_HP_CAN1_TX_IRQHandler
    startup_apm32f10x_hd.o(RESET) refers to can.o(i.USBD1_LP_CAN1_RX0_IRQHandler) for USBD1_LP_CAN1_RX0_IRQHandler
    startup_apm32f10x_hd.o(RESET) refers to time.o(i.TMR1_UP_IRQHandler) for TMR1_UP_IRQHandler
    startup_apm32f10x_hd.o(RESET) refers to w5500_conf.o(i.TMR2_IRQHandler) for TMR2_IRQHandler
    startup_apm32f10x_hd.o(RESET) refers to usart.o(i.USART2_IRQHandler) for USART2_IRQHandler
    startup_apm32f10x_hd.o(RESET) refers to usart.o(i.USART3_IRQHandler) for USART3_IRQHandler
    startup_apm32f10x_hd.o(.text) refers to system_apm32f10x.o(i.SystemInit) for SystemInit
    startup_apm32f10x_hd.o(.text) refers to entry.o(.ARM.Collect$$$$00000000) for __main
    apm32f10x_adc.o(i.ADC_Reset) refers to apm32f10x_rcm.o(i.RCM_EnableAPB2PeriphReset) for RCM_EnableAPB2PeriphReset
    apm32f10x_adc.o(i.ADC_Reset) refers to apm32f10x_rcm.o(i.RCM_DisableAPB2PeriphReset) for RCM_DisableAPB2PeriphReset
    apm32f10x_bakpr.o(i.BAKPR_Reset) refers to apm32f10x_rcm.o(i.RCM_EnableBackupReset) for RCM_EnableBackupReset
    apm32f10x_bakpr.o(i.BAKPR_Reset) refers to apm32f10x_rcm.o(i.RCM_DisableBackupReset) for RCM_DisableBackupReset
    apm32f10x_can.o(i.CAN_Reset) refers to apm32f10x_rcm.o(i.RCM_EnableAPB1PeriphReset) for RCM_EnableAPB1PeriphReset
    apm32f10x_can.o(i.CAN_Reset) refers to apm32f10x_rcm.o(i.RCM_DisableAPB1PeriphReset) for RCM_DisableAPB1PeriphReset
    apm32f10x_dac.o(i.DAC_Reset) refers to apm32f10x_rcm.o(i.RCM_EnableAPB1PeriphReset) for RCM_EnableAPB1PeriphReset
    apm32f10x_dac.o(i.DAC_Reset) refers to apm32f10x_rcm.o(i.RCM_DisableAPB1PeriphReset) for RCM_DisableAPB1PeriphReset
    apm32f10x_dmc.o(i.DMC_Config) refers to apm32f10x_dmc.o(i.DMC_ConfigTiming) for DMC_ConfigTiming
    apm32f10x_dmc.o(i.DMC_ConfigStructInit) refers to apm32f10x_dmc.o(i.DMC_ConfigTimingStructInit) for DMC_ConfigTimingStructInit
    apm32f10x_fmc.o(i.FMC_ConfigUserOptionByte) refers to apm32f10x_fmc.o(i.FMC_WaitForLastOperation) for FMC_WaitForLastOperation
    apm32f10x_fmc.o(i.FMC_DisableReadOutProtection) refers to apm32f10x_fmc.o(i.FMC_WaitForLastOperation) for FMC_WaitForLastOperation
    apm32f10x_fmc.o(i.FMC_EnableReadOutProtection) refers to apm32f10x_fmc.o(i.FMC_WaitForLastOperation) for FMC_WaitForLastOperation
    apm32f10x_fmc.o(i.FMC_EnableWriteProtection) refers to apm32f10x_fmc.o(i.FMC_WaitForLastOperation) for FMC_WaitForLastOperation
    apm32f10x_fmc.o(i.FMC_EraseAllPage) refers to apm32f10x_fmc.o(i.FMC_WaitForLastOperation) for FMC_WaitForLastOperation
    apm32f10x_fmc.o(i.FMC_EraseOptionBytes) refers to apm32f10x_fmc.o(i.FMC_GetReadProtectionStatus) for FMC_GetReadProtectionStatus
    apm32f10x_fmc.o(i.FMC_EraseOptionBytes) refers to apm32f10x_fmc.o(i.FMC_WaitForLastOperation) for FMC_WaitForLastOperation
    apm32f10x_fmc.o(i.FMC_ErasePage) refers to apm32f10x_fmc.o(i.FMC_WaitForLastOperation) for FMC_WaitForLastOperation
    apm32f10x_fmc.o(i.FMC_ProgramHalfWord) refers to apm32f10x_fmc.o(i.__set_PRIMASK) for __set_PRIMASK
    apm32f10x_fmc.o(i.FMC_ProgramHalfWord) refers to apm32f10x_fmc.o(i.FMC_WaitForLastOperation) for FMC_WaitForLastOperation
    apm32f10x_fmc.o(i.FMC_ProgramOptionByteData) refers to apm32f10x_fmc.o(i.FMC_WaitForLastOperation) for FMC_WaitForLastOperation
[...]
    i.print_number                           0x080026d0   Section        0  kservice.o(i.print_number)
    print_number                             0x080026d1   Thumb Code   400  kservice.o(i.print_number)
    i.recv                                   0x08002868   Section        0  socket.o(i.recv)
    i.recv_data_processing                   0x080028ac   Section        0  w5500.o(i.recv_data_processing)
    i.recvfrom                               0x08002940   Section        0  socket.o(i.recvfrom)
    i.remote_msg_handle                      0x08002b40   Section        0  main.o(i.remote_msg_handle)
    remote_msg_handle                        0x08002b41   Thumb Code  1320  main.o(i.remote_msg_handle)
    i.reset_w5500                            0x0800307c   Section        0  w5500_conf.o(i.reset_w5500)
    i.rt_application_init                    0x080030a4   Section        0  components.o(i.rt_application_init)
    i.rt_components_board_init               0x080030d4   Section        0  components.o(i.rt_components_board_init)
    i.rt_components_init                     0x080030f0   Section        0  components.o(i.rt_components_init)
    i.rt_enter_critical                      0x0800310c   Section        0  scheduler.o(i.rt_enter_critical)
    i.rt_exit_critical                       0x0800312c   Section        0  scheduler.o(i.rt_exit_critical)
    i.rt_free                                0x08003170   Section        0  mem.o(i.rt_free)
    i.rt_heap_begin_get                      0x08003250   Section        0  board_1.o(i.rt_heap_begin_get)
    i.rt_heap_end_get                        0x08003258   Section        0  board_1.o(i.rt_heap_end_get)
    i.rt_hw_board_init                       0x08003260   Section        0  board_1.o(i.rt_hw_board_init)
    i.rt_hw_console_output                   0x080032ac   Section        0  board_1.o(i.rt_hw_console_output)
    i.rt_hw_hard_fault_exception             0x080032fc   Section        0  cpuport.o(i.rt_hw_hard_fault_exception)
    i.rt_hw_stack_init                       0x080034fc   Section        0  cpuport.o(i.rt_hw_stack_init)
    i.rt_interrupt_enter                     0x08003548   Section        0  irq.o(i.rt_interrupt_enter)
    i.rt_interrupt_leave                     0x08003568   Section        0  irq.o(i.rt_interrupt_leave)
    i.rt_ipc_list_resume                     0x08003588   Section        0  ipc.o(i.rt_ipc_list_resume)
    rt_ipc_list_resume                       0x08003589   Thumb Code    20  ipc.o(i.rt_ipc_list_resume)
    i.rt_ipc_list_resume_all                 0x0800359c   Section        0  ipc.o(i.rt_ipc_list_resume_all)
    rt_ipc_list_resume_all                   0x0800359d   Thumb Code    50  ipc.o(i.rt_ipc_list_resume_all)
    i.rt_ipc_list_suspend                    0x080035ce   Section        0  ipc.o(i.rt_ipc_list_suspend)
    rt_ipc_list_suspend                      0x080035cf   Thumb Code   110  ipc.o(i.rt_ipc_list_suspend)
    i.rt_ipc_object_init                     0x0800363c   Section        0  ipc.o(i.rt_ipc_object_init)
    rt_ipc_object_init                       0x0800363d   Thumb Code    16  ipc.o(i.rt_ipc_object_init)
    i.rt_kprintf                             0x0800364c   Section        0  kservice.o(i.rt_kprintf)
    i.rt_list_init                           0x0800367c   Section        0  ipc.o(i.rt_list_init)
    rt_list_init                             0x0800367d   Thumb Code     6  ipc.o(i.rt_list_init)
    i.rt_list_init                           0x08003682   Section        0  scheduler.o(i.rt_list_init)
    rt_list_init                             0x08003683   Thumb Code     6  scheduler.o(i.rt_list_init)
    i.rt_list_init                           0x08003688   Section        0  timer.o(i.rt_list_init)
    rt_list_init                             0x08003689   Thumb Code     6  timer.o(i.rt_list_init)
    i.rt_list_insert_after                   0x0800368e   Section        0  object.o(i.rt_list_insert_after)
    rt_list_insert_after                     0x0800368f   Thumb Code    14  object.o(i.rt_list_insert_after)
    i.rt_list_insert_after                   0x0800369c   Section        0  thread.o(i.rt_list_insert_after)
    rt_list_insert_after                     0x0800369d   Thumb Code    14  thread.o(i.rt_list_insert_after)
    i.rt_list_insert_after                   0x080036aa   Section        0  timer.o(i.rt_list_insert_after)
    rt_list_insert_after                     0x080036ab   Thumb Code    14  timer.o(i.rt_list_insert_after)
    i.rt_list_insert_before                  0x080036b8   Section        0  ipc.o(i.rt_list_insert_before)
    rt_list_insert_before                    0x080036b9   Thumb Code    14  ipc.o(i.rt_list_insert_before)
    i.rt_list_isempty                        0x080036c6   Section        0  ipc.o(i.rt_list_isempty)
    rt_list_isempty                          0x080036c7   Thumb Code    16  ipc.o(i.rt_list_isempty)
    i.rt_list_isempty                        0x080036d6   Section        0  timer.o(i.rt_list_isempty)
    rt_list_isempty                          0x080036d7   Thumb Code    16  timer.o(i.rt_list_isempty)
    i.rt_list_remove                         0x080036e6   Section        0  object.o(i.rt_list_remove)
    rt_list_remove                           0x080036e7   Thumb Code    18  object.o(i.rt_list_remove)
    i.rt_list_remove                         0x080036f8   Section        0  thread.o(i.rt_list_remove)
    rt_list_remove                           0x080036f9   Thumb Code    18  thread.o(i.rt_list_remove)
    i.rt_list_remove                         0x0800370a   Section        0  timer.o(i.rt_list_remove)
    rt_list_remove                           0x0800370b   Thumb Code    18  timer.o(i.rt_list_remove)
    i.rt_malloc                              0x0800371c   Section        0  mem.o(i.rt_malloc)
    i.rt_memcpy                              0x08003888   Section        0  kservice.o(i.rt_memcpy)
    i.rt_memset                              0x080038c2   Section        0  kservice.o(i.rt_memset)
    i.rt_mutex_create                        0x080038d6   Section        0  ipc.o(i.rt_mutex_create)
    i.rt_object_allocate                     0x08003908   Section        0  object.o(i.rt_object_allocate)
    i.rt_object_delete                       0x0800395c   Section        0  object.o(i.rt_object_delete)
    i.rt_object_detach                       0x08003980   Section        0  object.o(i.rt_object_detach)
    i.rt_object_get_information              0x080039a0   Section        0  object.o(i.rt_object_get_information)
    i.rt_object_init                         0x080039c8   Section        0  object.o(i.rt_object_init)
    i.rt_object_is_systemobject              0x08003a1e   Section        0  object.o(i.rt_object_is_systemobject)
    i.rt_os_tick_callback                    0x08003a30   Section        0  board_1.o(i.rt_os_tick_callback)
    i.rt_schedule                            0x08003a40   Section        0  scheduler.o(i.rt_schedule)
    i.rt_schedule_insert_thread              0x08003ac4   Section        0  scheduler.o(i.rt_schedule_insert_thread)
    i.rt_schedule_remove_thread              0x08003b14   Section        0  scheduler.o(i.rt_schedule_remove_thread)
    i.rt_sem_create                          0x08003b68   Section        0  ipc.o(i.rt_sem_create)
    i.rt_sem_delete                          0x08003b92   Section        0  ipc.o(i.rt_sem_delete)
    i.rt_sem_init                            0x08003ba8   Section        0  ipc.o(i.rt_sem_init)
    i.rt_sem_release                         0x08003bce   Section        0  ipc.o(i.rt_sem_release)
    i.rt_sem_take                            0x08003c20   Section        0  ipc.o(i.rt_sem_take)
    i.rt_show_version                        0x08003c94   Section        0  kservice.o(i.rt_show_version)
    i.rt_strncpy                             0x08003d44   Section        0  kservice.o(i.rt_strncpy)
    i.rt_system_heap_init                    0x08003d78   Section        0  mem.o(i.rt_system_heap_init)
    i.rt_system_scheduler_init               0x08003e70   Section        0  scheduler.o(i.rt_system_scheduler_init)
    i.rt_system_scheduler_start              0x08003ebc   Section        0  scheduler.o(i.rt_system_scheduler_start)
    i.rt_system_timer_init                   0x08003eec   Section        0  timer.o(i.rt_system_timer_init)
    i.rt_system_timer_thread_init            0x08003f08   Section        0  timer.o(i.rt_system_timer_thread_init)
    i.rt_thread_create                       0x08003f0a   Section        0  thread.o(i.rt_thread_create)
    i.rt_thread_delay                        0x08003f5a   Section        0  thread.o(i.rt_thread_delay)
    i.rt_thread_exit                         0x08003f68   Section        0  thread.o(i.rt_thread_exit)
    i.rt_thread_idle_entry                   0x08003fc0   Section        0  idle.o(i.rt_thread_idle_entry)
    rt_thread_idle_entry                     0x08003fc1   Thumb Code     8  idle.o(i.rt_thread_idle_entry)
    i.rt_thread_idle_excute                  0x08003fc8   Section        0  idle.o(i.rt_thread_idle_excute)
    i.rt_thread_idle_init                    0x08004028   Section        0  idle.o(i.rt_thread_idle_init)
    i.rt_thread_init                         0x08004064   Section        0  thread.o(i.rt_thread_init)
    i.rt_thread_resume                       0x08004098   Section        0  thread.o(i.rt_thread_resume)
    i.rt_thread_self                         0x080040d4   Section        0  thread.o(i.rt_thread_self)
    i.rt_thread_sleep                        0x080040e0   Section        0  thread.o(i.rt_thread_sleep)
    i.rt_thread_startup                      0x08004124   Section        0  thread.o(i.rt_thread_startup)
    i.rt_thread_suspend                      0x08004150   Section        0  thread.o(i.rt_thread_suspend)
    i.rt_thread_timeout                      0x08004194   Section        0  thread.o(i.rt_thread_timeout)
    i.rt_thread_yield                        0x080041b4   Section        0  thread.o(i.rt_thread_yield)
    i.rt_tick_get                            0x08004218   Section        0  clock.o(i.rt_tick_get)
    i.rt_tick_increase                       0x08004224   Section        0  clock.o(i.rt_tick_increase)
    i.rt_timer_check                         0x08004254   Section        0  timer.o(i.rt_timer_check)
    i.rt_timer_control                       0x080042f8   Section        0  timer.o(i.rt_timer_control)
    i.rt_timer_detach                        0x0800435a   Section        0  timer.o(i.rt_timer_detach)
    i.rt_timer_init                          0x08004382   Section        0  timer.o(i.rt_timer_init)
    i.rt_timer_start                         0x080043b0   Section        0  timer.o(i.rt_timer_start)
    i.rt_timer_stop                          0x0800449c   Section        0  timer.o(i.rt_timer_stop)
    i.rt_vsnprintf                           0x080044cc   Section        0  kservice.o(i.rt_vsnprintf)
    i.rti_board_end                          0x0800480c   Section        0  components.o(i.rti_board_end)
    rti_board_end                            0x0800480d   Thumb Code     4  components.o(i.rti_board_end)
    i.rti_board_start                        0x08004810   Section        0  components.o(i.rti_board_start)
    rti_board_start                          0x08004811   Thumb Code     4  components.o(i.rti_board_start)
    i.rti_end                                0x08004814   Section        0  components.o(i.rti_end)
    rti_end                                  0x08004815   Thumb Code     4  components.o(i.rti_end)
    i.rti_start                              0x08004818   Section        0  components.o(i.rti_start)
    rti_start                                0x08004819   Thumb Code     4  components.o(i.rti_start)
    i.rtthread_startup                       0x0800481c   Section        0  components.o(i.rtthread_startup)
    i.send                                   0x08004848   Section        0  socket.o(i.send)
    i.send_data_processing                   0x08004938   Section        0  w5500.o(i.send_data_processing)
    i.sendto                                 0x080049cc   Section        0  socket.o(i.sendto)
    i.server_rest                            0x08004ad8   Section        0  my_netapp.o(i.server_rest)
    server_rest                              0x08004ad9   Thumb Code  1140  my_netapp.o(i.server_rest)
    i.setGAR                                 0x08004f4c   Section        0  w5500.o(i.setGAR)
    i.setRCR                                 0x08004f5c   Section        0  w5500.o(i.setRCR)
    i.setRTR                                 0x08004f6c   Section        0  w5500.o(i.setRTR)
    i.setSHAR                                0x08004f86   Section        0  w5500.o(i.setSHAR)
    i.setSIPR                                0x08004f98   Section        0  w5500.o(i.setSIPR)
    i.setSUBR                                0x08004faa   Section        0  w5500.o(i.setSUBR)
    i.setSn_IR                               0x08004fbc   Section        0  w5500.o(i.setSn_IR)
    i.set_w5500_ip                           0x08004fd4   Section        0  w5500_conf.o(i.set_w5500_ip)
    i.set_w5500_mac                          0x08005128   Section        0  w5500_conf.o(i.set_w5500_mac)
    i.skip_atoi                              0x080051b0   Section        0  kservice.o(i.skip_atoi)
    skip_atoi                                0x080051b1   Thumb Code    38  kservice.o(i.skip_atoi)
    i.socket                                 0x080051d8   Section        0  socket.o(i.socket)
    i.socket_buf_init                        0x0800529c   Section        0  w5500.o(i.socket_buf_init)
    i.spi_read_send_byte                     0x08005324   Section        0  spi.o(i.spi_read_send_byte)
    i.stop_time                              0x0800535c   Section        0  my_time.o(i.stop_time)
    i.tcp_client_send                        0x0800536c   Section        0  my_netapp.o(i.tcp_client_send)
    i.tcp_server_list                        0x0800549e   Section        0  my_netapp.o(i.tcp_server_list)
    i.uart_init                              0x08005534   Section        0  board_1.o(i.uart_init)
    uart_init                                0x08005535   Thumb Code   118  board_1.o(i.uart_init)
    i.wiz_cs                                 0x080055bc   Section        0  w5500_conf.o(i.wiz_cs)
    i.wiz_read_buf                           0x080055e0   Section        0  w5500_conf.o(i.wiz_read_buf)
    i.wiz_write_buf                          0x08005648   Section        0  w5500_conf.o(i.wiz_write_buf)
    .constdata                               0x080056b0   Section      290  kservice.o(.constdata)
    small_digits                             0x080057b0   Data          17  kservice.o(.constdata)
    large_digits                             0x080057c1   Data          17  kservice.o(.constdata)
    .rti_fn.0                                0x080057d4   Section        4  components.o(.rti_fn.0)
    __tagsym$$used                           0x080057d4   Number         0  components.o(.rti_fn.0)
    .rti_fn.0.end                            0x080057d8   Section        4  components.o(.rti_fn.0.end)
    __tagsym$$used                           0x080057d8   Number         0  components.o(.rti_fn.0.end)
    .rti_fn.1                                0x080057dc   Section        4  board_1.o(.rti_fn.1)
    __tagsym$$used                           0x080057dc   Number         0  board_1.o(.rti_fn.1)
    .rti_fn.1.end                            0x080057e0   Section        4  components.o(.rti_fn.1.end)
    __tagsym$$used                           0x080057e0   Number         0  components.o(.rti_fn.1.end)
    .rti_fn.6.end                            0x080057e4   Section        4  components.o(.rti_fn.6.end)
    __tagsym$$used                           0x080057e4   Number         0  components.o(.rti_fn.6.end)
    .data                                    0x20000000   Section        4  system_apm32f10x.o(.data)
    .data                                    0x20000004   Section       33  main.o(.data)
    msg_thread                               0x20000004   Data           4  main.o(.data)
    voice_chang1                             0x20000008   Data           5  main.o(.data)
    voice_chang2                             0x2000000d   Data           5  main.o(.data)
    .data                                    0x20000025   Section        4  usart.o(.data)
    .data                                    0x2000002c   Section       40  my_can.o(.data)
    can1_mq                                  0x2000002c   Data           4  my_can.o(.data)
    Can_Recv_thread                          0x20000030   Data           4  my_can.o(.data)
    Can_Send_thread                          0x20000034   Data           4  my_can.o(.data)
    result                                   0x20000048   Data           4  my_can.o(.data)
    result                                   0x2000004c   Data           4  my_can.o(.data)
    result                                   0x20000050   Data           4  my_can.o(.data)
    .data                                    0x20000054   Section       16  w5500.o(.data)
    .data                                    0x20000064   Section       41  w5500_conf.o(.data)
    .data                                    0x20000090   Section        4  my_netapp.o(.data)
    my_net_thread                            0x20000090   Data           4  my_netapp.o(.data)
    .data                                    0x20000094   Section       16  cpuport.o(.data)
    rt_exception_hook                        0x200000a0   Data           4  cpuport.o(.data)
    .data                                    0x200000a4   Section        4  clock.o(.data)
    rt_tick                                  0x200000a4   Data           4  clock.o(.data)
    .data                                    0x200000a8   Section        1  irq.o(.data)
    .data                                    0x200000ac   Section       24  mem.o(.data)
    heap_ptr                                 0x200000ac   Data           4  mem.o(.data)
    heap_end                                 0x200000b0   Data           4  mem.o(.data)
    lfree                                    0x200000b4   Data           4  mem.o(.data)
    mem_size_aligned                         0x200000b8   Data           4  mem.o(.data)
    used_mem                                 0x200000bc   Data           4  mem.o(.data)
    max_mem                                  0x200000c0   Data           4  mem.o(.data)
    .data                                    0x200000c4   Section       96  object.o(.data)
    rt_object_container                      0x200000c4   Data          96  object.o(.data)
    .data                                    0x20000124   Section       24  scheduler.o(.data)
    rt_scheduler_lock_nest                   0x20000128   Data           2  scheduler.o(.data)
    .data                                    0x2000013c   Section       12  timer.o(.data)
    rt_timer_list                            0x2000013c   Data           8  timer.o(.data)
    random_nr                                0x20000144   Data           4  timer.o(.data)
    .bss                                     0x20000148   Section      536  can.o(.bss)
    .bss                                     0x20000360   Section     2660  my_can.o(.bss)
    .bss                                     0x20000dc4   Section       32  w5500.o(.bss)
    .bss                                     0x20000de4   Section       46  w5500_conf.o(.bss)
    .bss                                     0x20000e14   Section     3648  udp.o(.bss)
    .bss                                     0x20001c54   Section      376  idle.o(.bss)
    idle                                     0x20001c54   Data         120  idle.o(.bss)
    rt_thread_stack                          0x20001ccc   Data         256  idle.o(.bss)
    .bss                                     0x20001dcc   Section      256  kservice.o(.bss)
    rt_log_buf                               0x20001dcc   Data         256  kservice.o(.bss)
    .bss                                     0x20001ecc   Section       32  mem.o(.bss)
    heap_sem                                 0x20001ecc   Data          32  mem.o(.bss)
    .bss                                     0x20001eec   Section      256  scheduler.o(.bss)
    .bss                                     0x20001fec   Section     9232  board_1.o(.bss)
    rt_heap                                  0x20001fec   Data        9216  board_1.o(.bss)
    UartHandle                               0x200043ec   Data          16  board_1.o(.bss)
    STACK                                    0x20004400   Section     1024  startup_apm32f10x_hd.o(STACK)

    Global Symbols

    Symbol Name                              Value     Ov Type        Size  Object(Section)

    BuildAttributes$$THM_ISAv4$P$D$K$B$S$PE$A:L22UL41UL21$X:L11$S22US41US21$IEEE1$IW$USESV6$~STKCKD$USESV7$~SHL$OSPACE$ROPI$EBA8$MICROLIB$REQ8$PRES8$EABIv2 0x00000000   Number         0  anon$$obj.o ABSOLUTE
    __ARM_use_no_argv                        0x00000000   Number         0  main.o ABSOLUTE
    _printf_a                                0x00000000   Number         0  stubs.o ABSOLUTE
    _printf_c                                0x00000000   Number         0  stubs.o ABSOLUTE
    _printf_charcount                        0x00000000   Number         0  stubs.o ABSOLUTE
    _printf_d                                0x00000000   Number         0  stubs.o ABSOLUTE
    _printf_e                                0x00000000   Number         0  stubs.o ABSOLUTE
    _printf_f                                0x00000000   Number         0  stubs.o ABSOLUTE
    _printf_flags                            0x00000000   Number         0  stubs.o ABSOLUTE
    _printf_fp_dec                           0x00000000   Number         0  stubs.o ABSOLUTE
    _printf_fp_hex                           0x00000000   Number         0  stubs.o ABSOLUTE
    _printf_g                                0x00000000   Number         0  stubs.o ABSOLUTE
    _printf_i                                0x00000000   Number         0  stubs.o ABSOLUTE
    _printf_int_dec                          0x00000000   Number         0  stubs.o ABSOLUTE
    _printf_l                                0x00000000   Number         0  stubs.o ABSOLUTE
    _printf_lc                               0x00000000   Number         0  stubs.o ABSOLUTE
    _printf_ll                               0x00000000   Number         0  stubs.o ABSOLUTE
    _printf_lld                              0x00000000   Number         0  stubs.o ABSOLUTE
    _printf_lli                              0x00000000   Number         0  stubs.o ABSOLUTE
    _printf_llo                              0x00000000   Number         0  stubs.o ABSOLUTE
    _printf_llu                              0x00000000   Number         0  stubs.o ABSOLUTE
    _printf_llx                              0x00000000   Number         0  stubs.o ABSOLUTE
    _printf_longlong_dec                     0x00000000   Number         0  stubs.o ABSOLUTE
    _printf_longlong_hex                     0x00000000   Number         0  stubs.o ABSOLUTE
    _printf_longlong_oct                     0x00000000   Number         0  stubs.o ABSOLUTE
    _printf_ls                               0x00000000   Number         0  stubs.o ABSOLUTE
    _printf_mbtowc                           0x00000000   Number         0  stubs.o ABSOLUTE
    _printf_n                                0x00000000   Number         0  stubs.o ABSOLUTE
    _printf_o                                0x00000000   Number         0  stubs.o ABSOLUTE
    _printf_p                                0x00000000   Number         0  stubs.o ABSOLUTE
    _printf_percent                          0x00000000   Number         0  stubs.o ABSOLUTE
    _printf_pre_padding                      0x00000000   Number         0  stubs.o ABSOLUTE
    _printf_return_value                     0x00000000   Number         0  stubs.o ABSOLUTE
    _printf_s                                0x00000000   Number         0  stubs.o ABSOLUTE
    _printf_sizespec                         0x00000000   Number         0  stubs.o ABSOLUTE
    _printf_str                              0x00000000   Number         0  stubs.o ABSOLUTE
    _printf_truncate_signed                  0x00000000   Number         0  stubs.o ABSOLUTE
    _printf_truncate_unsigned                0x00000000   Number         0  stubs.o ABSOLUTE
    _printf_u                                0x00000000   Number         0  stubs.o ABSOLUTE
    _printf_wc                               0x00000000   Number         0  stubs.o ABSOLUTE
    _printf_wctomb                           0x00000000   Number         0  stubs.o ABSOLUTE
    _printf_widthprec                        0x00000000   Number         0  stubs.o ABSOLUTE
    _printf_x                                0x00000000   Number         0  stubs.o ABSOLUTE
    __cpp_initialize__aeabi_                  - Undefined Weak Reference
    __cxa_finalize                            - Undefined Weak Reference
    _clock_init                               - Undefined Weak Reference
    _microlib_exit                            - Undefined Weak Reference
    __Vectors_Size                           0x00000144   Number         0  startup_apm32f10x_hd.o ABSOLUTE
    __Vectors                                0x08000000   Data           4  startup_apm32f10x_hd.o(RESET)
    __Vectors_End                            0x08000144   Data           0  startup_apm32f10x_hd.o(RESET)
    __main                                   0x08000145   Thumb Code     0  entry.o(.ARM.Collect$$$$00000000)
    _main_stk                                0x08000145   Thumb Code     0  entry2.o(.ARM.Collect$$$$00000001)
    _main_scatterload                        0x08000149   Thumb Code     0  entry5.o(.ARM.Collect$$$$00000004)
    __main_after_scatterload                 0x0800014d   Thumb Code     0  entry5.o(.ARM.Collect$$$$00000004)
    _main_clock                              0x0800014d   Thumb Code     0  entry7b.o(.ARM.Collect$$$$00000008)
    _main_cpp_init                           0x0800014d   Thumb Code     0  entry8b.o(.ARM.Collect$$$$0000000A)
    _main_init                               0x0800014d   Thumb Code     0  entry9a.o(.ARM.Collect$$$$0000000B)
    __rt_final_cpp                           0x08000155   Thumb Code     0  entry10a.o(.ARM.Collect$$$$0000000D)
    __rt_final_exit                          0x08000155   Thumb Code     0  entry11a.o(.ARM.Collect$$$$0000000F)
    Reset_Handler                            0x08000159   Thumb Code     8  startup_apm32f10x_hd.o(.text)
    ADC1_2_IRQHandler                        0x08000173   Thumb Code     0  startup_apm32f10x_hd.o(.text)
    ADC3_IRQHandler                          0x08000173   Thumb Code     0  startup_apm32f10x_hd.o(.text)
    CAN1_RX1_IRQHandler                      0x08000173   Thumb Code     0  startup_apm32f10x_hd.o(.text)
    CAN1_SCE_IRQHandler                      0x08000173   Thumb Code     0  startup_apm32f10x_hd.o(.text)
    CAN2_RX1_IRQHandler                      0x08000173   Thumb Code     0  startup_apm32f10x_hd.o(.text)
    CAN2_SCE_IRQHandler                      0x08000173   Thumb Code     0  startup_apm32f10x_hd.o(.text)
    DMA1_Channel1_IRQHandler                 0x08000173   Thumb Code     0  startup_apm32f10x_hd.o(.text)
    DMA1_Channel2_IRQHandler                 0x08000173   Thumb Code     0  startup_apm32f10x_hd.o(.text)
    DMA1_Channel3_IRQHandler                 0x08000173   Thumb Code     0  startup_apm32f10x_hd.o(.text)
    DMA1_Channel4_IRQHandler                 0x08000173   Thumb Code     0  startup_apm32f10x_hd.o(.text)
    DMA1_Channel5_IRQHandler                 0x08000173   Thumb Code     0  startup_apm32f10x_hd.o(.text)
    DMA1_Channel6_IRQHandler                 0x08000173   Thumb Code     0  startup_apm32f10x_hd.o(.text)
    DMA2_Channel1_IRQHandler                 0x08000173   Thumb Code     0  startup_apm32f10x_hd.o(.text)
    DMA2_Channel2_IRQHandler                 0x08000173   Thumb Code     0  startup_apm32f10x_hd.o(.text)
    DMA2_Channel3_IRQHandler                 0x08000173   Thumb Code     0  startup_apm32f10x_hd.o(.text)
    DMA2_Channel4_5_IRQHandler               0x08000173   Thumb Code     0  startup_apm32f10x_hd.o(.text)
    EINT0_IRQHandler                         0x08000173   Thumb Code     0  startup_apm32f10x_hd.o(.text)
    EINT15_10_IRQHandler                     0x08000173   Thumb Code     0  startup_apm32f10x_hd.o(.text)
    EINT1_IRQHandler                         0x08000173   Thumb Code     0  startup_apm32f10x_hd.o(.text)
    EINT2_IRQHandler                         0x08000173   Thumb Code     0  startup_apm32f10x_hd.o(.text)
    EINT3_IRQHandler                         0x08000173   Thumb Code     0  startup_apm32f10x_hd.o(.text)
    EINT4_IRQHandler                         0x08000173   Thumb Code     0  startup_apm32f10x_hd.o(.text)
    EINT9_5_IRQHandler                       0x08000173   Thumb Code     0  startup_apm32f10x_hd.o(.text)
    EMMC_IRQHandler                          0x08000173   Thumb Code     0  startup_apm32f10x_hd.o(.text)
    FLASH_IRQHandler                         0x08000173   Thumb Code     0  startup_apm32f10x_hd.o(.text)
    I2C1_ER_IRQHandler                       0x08000173   Thumb Code     0  startup_apm32f10x_hd.o(.text)
    I2C1_EV_IRQHandler                       0x08000173   Thumb Code     0  startup_apm32f10x_hd.o(.text)
    I2C2_ER_IRQHandler                       0x08000173   Thumb Code     0  startup_apm32f10x_hd.o(.text)
    I2C2_EV_IRQHandler                       0x08000173   Thumb Code     0  startup_apm32f10x_hd.o(.text)
    PVD_IRQHandler                           0x08000173   Thumb Code     0  startup_apm32f10x_hd.o(.text)
    RCM_IRQHandler                           0x08000173   Thumb Code     0  startup_apm32f10x_hd.o(.text)
    RTCAlarm_IRQHandler                      0x08000173   Thumb Code     0  startup_apm32f10x_hd.o(.text)
    RTC_IRQHandler                           0x08000173   Thumb Code     0  startup_apm32f10x_hd.o(.text)
    SDIO_IRQHandler                          0x08000173   Thumb Code     0  startup_apm32f10x_hd.o(.text)
    SPI1_IRQHandler                          0x08000173   Thumb Code     0  startup_apm32f10x_hd.o(.text)
    SPI2_IRQHandler                          0x08000173   Thumb Code     0  startup_apm32f10x_hd.o(.text)
    SPI3_IRQHandler                          0x08000173   Thumb Code     0  startup_apm32f10x_hd.o(.text)
    TAMPER_IRQHandler                        0x08000173   Thumb Code     0  startup_apm32f10x_hd.o(.text)
    TMR1_BRK_IRQHandler                      0x08000173   Thumb Code     0  startup_apm32f10x_hd.o(.text)
    TMR1_CC_IRQHandler                       0x08000173   Thumb Code     0  startup_apm32f10x_hd.o(.text)
    TMR1_TRG_COM_IRQHandler                  0x08000173   Thumb Code     0  startup_apm32f10x_hd.o(.text)
    TMR3_IRQHandler                          0x08000173   Thumb Code     0  startup_apm32f10x_hd.o(.text)
    TMR4_IRQHandler                          0x08000173   Thumb Code     0  startup_apm32f10x_hd.o(.text)
    TMR5_IRQHandler                          0x08000173   Thumb Code     0  startup_apm32f10x_hd.o(.text)
    TMR6_IRQHandler                          0x08000173   Thumb Code     0  startup_apm32f10x_hd.o(.text)
    TMR7_IRQHandler                          0x08000173   Thumb Code     0  startup_apm32f10x_hd.o(.text)
    TMR8_BRK_IRQHandler                      0x08000173   Thumb Code     0  startup_apm32f10x_hd.o(.text)
    TMR8_CC_IRQHandler                       0x08000173   Thumb Code     0  startup_apm32f10x_hd.o(.text)
    TMR8_TRG_COM_IRQHandler                  0x08000173   Thumb Code     0  startup_apm32f10x_hd.o(.text)
    TMR8_UP_IRQHandler                       0x08000173   Thumb Code     0  startup_apm32f10x_hd.o(.text)
    UART4_IRQHandler                         0x08000173   Thumb Code     0  startup_apm32f10x_hd.o(.text)
    UART5_IRQHandler                         0x08000173   Thumb Code     0  startup_apm32f10x_hd.o(.text)
    USART1_IRQHandler                        0x08000173   Thumb Code     0  startup_apm32f10x_hd.o(.text)
    USBD2_HP_CAN2_TX_IRQHandler              0x08000173   Thumb Code     0  startup_apm32f10x_hd.o(.text)
    USBD2_LP_CAN2_RX0_IRQHandler             0x08000173   Thumb Code     0  startup_apm32f10x_hd.o(.text)
    USBDWakeUp_IRQHandler                    0x08000173   Thumb Code     0  startup_apm32f10x_hd.o(.text)
    WWDT_IRQHandler                          0x08000173   Thumb Code     0  startup_apm32f10x_hd.o(.text)
    rt_hw_interrupt_disable                  0x0800017d   Thumb Code     8  context_rvds.o(.text)
    rt_hw_interrupt_enable                   0x08000185   Thumb Code     6  context_rvds.o(.text)
    rt_hw_context_switch                     0x0800018b   Thumb Code    32  context_rvds.o(.text)
    rt_hw_context_switch_interrupt           0x0800018b   Thumb Code     0  context_rvds.o(.text)
    PendSV_Handler                           0x080001ab   Thumb Code    60  context_rvds.o(.text)
    rt_hw_context_switch_to                  0x080001e7   Thumb Code    56  context_rvds.o(.text)
    rt_hw_interrupt_thread_switch            0x0800021f   Thumb Code     2  context_rvds.o(.text)
    HardFault_Handler                        0x08000221   Thumb Code    52  context_rvds.o(.text)
    __scatterload                            0x08000271   Thumb Code    28  init.o(.text)
    __scatterload_rt2                        0x08000271   Thumb Code     0  init.o(.text)
    __decompress                             0x08000295   Thumb Code     0  __dczerorl2.o(.text)
    __decompress1                            0x08000295   Thumb Code    86  __dczerorl2.o(.text)
    main                                     0x080002eb   Thumb Code    10  components.o(i.$Sub$$main)
    BusFault_Handler                         0x080002f5   Thumb Code     4  apm32f10x_int.o(i.BusFault_Handler)
    CAN_ClearIntFlag                         0x080002f9   Thumb Code   268  apm32f10x_can.o(i.CAN_ClearIntFlag)
    CAN_Config                               0x08000405   Thumb Code   294  apm32f10x_can.o(i.CAN_Config)
    CAN_ConfigFilter                         0x0800052b   Thumb Code   266  apm32f10x_can.o(i.CAN_ConfigFilter)
    CAN_ConfigStructInit                     0x08000635   Thumb Code    30  apm32f10x_can.o(i.CAN_ConfigStructInit)
    CAN_DisableInterrupt                     0x08000653   Thumb Code     8  apm32f10x_can.o(i.CAN_DisableInterrupt)
    CAN_EnableInterrupt                      0x0800065b   Thumb Code     8  apm32f10x_can.o(i.CAN_EnableInterrupt)
    CAN_ReadIntFlag                          0x08000663   Thumb Code   234  apm32f10x_can.o(i.CAN_ReadIntFlag)
    CAN_Reset                                0x0800074d   Thumb Code    52  apm32f10x_can.o(i.CAN_Reset)
    CAN_RxMessage                            0x08000789   Thumb Code   244  apm32f10x_can.o(i.CAN_RxMessage)
    CAN_TxMessage                            0x0800087d   Thumb Code   294  apm32f10x_can.o(i.CAN_TxMessage)
    Can1_Init                                0x080009a5   Thumb Code   228  can.o(i.Can1_Init)
    DMA1_Channel7_IRQHandler                 0x08000ce9   Thumb Code     2  usart.o(i.DMA1_Channel7_IRQHandler)
    DebugMon_Handler                         0x08000ceb   Thumb Code     2  apm32f10x_int.o(i.DebugMon_Handler)
    GPIO_Config                              0x08000ced   Thumb Code   154  apm32f10x_gpio.o(i.GPIO_Config)
    GPIO_ConfigStructInit                    0x08000d87   Thumb Code    16  apm32f10x_gpio.o(i.GPIO_ConfigStructInit)
    GPIO_ReadInputBit                        0x08000d97   Thumb Code    18  apm32f10x_gpio.o(i.GPIO_ReadInputBit)
    GPIO_ReadOutputBit                       0x08000da9   Thumb Code    18  apm32f10x_gpio.o(i.GPIO_ReadOutputBit)
    GPIO_ResetBit                            0x08000dbb   Thumb Code     4  apm32f10x_gpio.o(i.GPIO_ResetBit)
    GPIO_SetBit                              0x08000dbf   Thumb Code     4  apm32f10x_gpio.o(i.GPIO_SetBit)
    GPIO_WriteBitValue                       0x08000dc3   Thumb Code    10  apm32f10x_gpio.o(i.GPIO_WriteBitValue)
    IINCHIP_READ                             0x08000dcd   Thumb Code    50  w5500_conf.o(i.IINCHIP_READ)
    IINCHIP_SpiSendData                      0x08000dff   Thumb Code    12  w5500_conf.o(i.IINCHIP_SpiSendData)
    IINCHIP_WRITE                            0x08000e0b   Thumb Code    50  w5500_conf.o(i.IINCHIP_WRITE)
    MemManage_Handler                        0x08000e3d   Thumb Code     4  apm32f10x_int.o(i.MemManage_Handler)
    NMI_Handler                              0x08000e41   Thumb Code     2  apm32f10x_int.o(i.NMI_Handler)
    NVIC_ConfigPriorityGroup                 0x08000e45   Thumb Code    10  apm32f10x_misc.o(i.NVIC_ConfigPriorityGroup)
    NVIC_EnableIRQRequest                    0x08000e59   Thumb Code   150  apm32f10x_misc.o(i.NVIC_EnableIRQRequest)
    PHY_check                                0x08000ef9   Thumb Code    56  w5500.o(i.PHY_check)
    RCM_DisableAPB1PeriphReset               0x08000f4d   Thumb Code    12  apm32f10x_rcm.o(i.RCM_DisableAPB1PeriphReset)
    RCM_EnableAPB1PeriphClock                0x08000f5d   Thumb Code    12  apm32f10x_rcm.o(i.RCM_EnableAPB1PeriphClock)
    RCM_EnableAPB1PeriphReset                0x08000f6d   Thumb Code    12  apm32f10x_rcm.o(i.RCM_EnableAPB1PeriphReset)
    RCM_EnableAPB2PeriphClock                0x08000f7d   Thumb Code    12  apm32f10x_rcm.o(i.RCM_EnableAPB2PeriphClock)
    RCM_ReadHCLKFreq                         0x08000f8d   Thumb Code    38  apm32f10x_rcm.o(i.RCM_ReadHCLKFreq)
    RCM_ReadPCLKFreq                         0x08000fc9   Thumb Code    62  apm32f10x_rcm.o(i.RCM_ReadPCLKFreq)
    RCM_ReadSYSCLKFreq                       0x08001015   Thumb Code    86  apm32f10x_rcm.o(i.RCM_ReadSYSCLKFreq)
    Read_Addr_Msg                            0x08001079   Thumb Code   132  my_misc.o(i.Read_Addr_Msg)
    SPI1_GPIO_Configuration                  0x08001109   Thumb Code    62  spi.o(i.SPI1_GPIO_Configuration)
    SPI_Config                               0x0800114d   Thumb Code    50  apm32f10x_spi.o(i.SPI_Config)
    SPI_ConfigDataSize                       0x0800117f   Thumb Code    16  apm32f10x_spi.o(i.SPI_ConfigDataSize)
    SPI_ConfigStructInit                     0x0800118f   Thumb Code    24  apm32f10x_spi.o(i.SPI_ConfigStructInit)
    SPI_Enable                               0x080011a7   Thumb Code    12  apm32f10x_spi.o(i.SPI_Enable)
    SPI_I2S_ReadStatusFlag                   0x080011b3   Thumb Code    16  apm32f10x_spi.o(i.SPI_I2S_ReadStatusFlag)
    SPI_I2S_RxData                           0x080011c3   Thumb Code     8  apm32f10x_spi.o(i.SPI_I2S_RxData)
    SPI_I2S_TxData                           0x080011cb   Thumb Code     4  apm32f10x_spi.o(i.SPI_I2S_TxData)
    SVC_Handler                              0x080011cf   Thumb Code     2  apm32f10x_int.o(i.SVC_Handler)
    Spi1_Config                              0x080011d1   Thumb Code    94  spi.o(i.Spi1_Config)
    SysTick_Handler                          0x08001235   Thumb Code     8  board_1.o(i.SysTick_Handler)
    SystemCoreClockUpdate                    0x08001321   Thumb Code    90  system_apm32f10x.o(i.SystemCoreClockUpdate)
    SystemInit                               0x0800138d   Thumb Code    80  system_apm32f10x.o(i.SystemInit)
    TMR1_UP_IRQHandler                       0x080013ed   Thumb Code    36  time.o(i.TMR1_UP_IRQHandler)
    TMR2_IRQHandler                          0x08001419   Thumb Code    46  w5500_conf.o(i.TMR2_IRQHandler)
    TMR_ClearIntFlag                         0x08001455   Thumb Code     6  apm32f10x_tmr.o(i.TMR_ClearIntFlag)
    TMR_Disable                              0x0800145b   Thumb Code    10  apm32f10x_tmr.o(i.TMR_Disable)
    TMR_ReadIntFlag                          0x08001465   Thumb Code    22  apm32f10x_tmr.o(i.TMR_ReadIntFlag)
    USART2_IRQHandler                        0x0800147b   Thumb Code     2  usart.o(i.USART2_IRQHandler)
    USART3_IRQHandler                        0x0800147d   Thumb Code     2  usart.o(i.USART3_IRQHandler)
    USART_Config                             0x08001481   Thumb Code   138  apm32f10x_usart.o(i.USART_Config)
    USART_Enable                             0x08001511   Thumb Code    14  apm32f10x_usart.o(i.USART_Enable)
    USART_ReadStatusFlag                     0x0800151f   Thumb Code    16  apm32f10x_usart.o(i.USART_ReadStatusFlag)
    USART_TxData                             0x0800152f   Thumb Code    10  apm32f10x_usart.o(i.USART_TxData)
    USBD1_HP_CAN1_TX_IRQHandler              0x08001539   Thumb Code   112  can.o(i.USBD1_HP_CAN1_TX_IRQHandler)
    USBD1_LP_CAN1_RX0_IRQHandler             0x080015b1   Thumb Code   108  can.o(i.USBD1_LP_CAN1_RX0_IRQHandler)
    UsageFault_Handler                       0x08001629   Thumb Code     4  apm32f10x_int.o(i.UsageFault_Handler)
    __rt_ffs                                 0x0800165d   Thumb Code    70  kservice.o(i.__rt_ffs)
    __scatterload_copy                       0x080016a9   Thumb Code    14  handlers.o(i.__scatterload_copy)
    __scatterload_null                       0x080016b7   Thumb Code     2  handlers.o(i.__scatterload_null)
    __scatterload_zeroinit                   0x080016b9   Thumb Code    14  handlers.o(i.__scatterload_zeroinit)
    build_can_recv_thread                    0x080017c9   Thumb Code    78  my_can.o(i.build_can_recv_thread)
    build_can_send_thread                    0x0800188d   Thumb Code    96  my_can.o(i.build_can_send_thread)
    build_my_net_thread                      0x08001979   Thumb Code    66  my_netapp.o(i.build_my_net_thread)
    can1_send_msg                            0x08001a15   Thumb Code   210  my_can.o(i.can1_send_msg)
    close                                    0x08001af1   Thumb Code    52  socket.o(i.close)
    connect                                  0x08001b25   Thumb Code   276  socket.o(i.connect)
    disconnect                               0x08001c39   Thumb Code    38  socket.o(i.disconnect)
    do_udp                                   0x08001c61   Thumb Code   922  udp.o(i.do_udp)
    getGAR                                   0x08002029   Thumb Code    16  w5500.o(i.getGAR)
    getIINCHIP_TxMAX                         0x08002039   Thumb Code    10  w5500.o(i.getIINCHIP_TxMAX)
    getPHYStatus                             0x08002049   Thumb Code    12  w5500.o(i.getPHYStatus)
    getSHAR                                  0x08002055   Thumb Code    18  w5500.o(i.getSHAR)
    getSIPR                                  0x08002067   Thumb Code    18  w5500.o(i.getSIPR)
    getSIR                                   0x08002079   Thumb Code    18  w5500.o(i.getSIR)
    getSUBR                                  0x0800208b   Thumb Code    18  w5500.o(i.getSUBR)
    getSn_IR                                 0x0800209d   Thumb Code    18  w5500.o(i.getSn_IR)
    getSn_RX_RSR                             0x080020af   Thumb Code    84  w5500.o(i.getSn_RX_RSR)
    getSn_SR                                 0x08002103   Thumb Code    18  w5500.o(i.getSn_SR)
    getSn_TX_FSR                             0x08002115   Thumb Code    84  w5500.o(i.getSn_TX_FSR)
    gpio_for_w5500_config                    0x08002169   Thumb Code    70  w5500_conf.o(i.gpio_for_w5500_config)
    gpio_init                                0x080021b5   Thumb Code   236  gpio.o(i.gpio_init)
    iinchip_csoff                            0x080022ad   Thumb Code    10  w5500_conf.o(i.iinchip_csoff)
    iinchip_cson                             0x080022b7   Thumb Code    10  w5500_conf.o(i.iinchip_cson)
    init_data                                0x080022c1   Thumb Code    12  my_misc.o(i.init_data)
    listen                                   0x080022d1   Thumb Code    62  socket.o(i.listen)
    $Super$$main                             0x08002311   Thumb Code   416  main.o(i.main)
    main_thread_entry                        0x08002519   Thumb Code    14  components.o(i.main_thread_entry)
    my_can_recv_msg                          0x0800259d   Thumb Code   158  my_can.o(i.my_can_recv_msg)
    recv                                     0x08002869   Thumb Code    66  socket.o(i.recv)
    recv_data_processing                     0x080028ad   Thumb Code   116  w5500.o(i.recv_data_processing)
    recvfrom                                 0x08002941   Thumb Code   486  socket.o(i.recvfrom)
    reset_w5500                              0x0800307d   Thumb Code    36  w5500_conf.o(i.reset_w5500)
    rt_application_init                      0x080030a5   Thumb Code    34  components.o(i.rt_application_init)
    rt_components_board_init                 0x080030d5   Thumb Code    20  components.o(i.rt_components_board_init)
    rt_components_init                       0x080030f1   Thumb Code    20  components.o(i.rt_components_init)
    rt_enter_critical                        0x0800310d   Thumb Code    28  scheduler.o(i.rt_enter_critical)
    rt_exit_critical                         0x0800312d   Thumb Code    60  scheduler.o(i.rt_exit_critical)
    rt_free                                  0x08003171   Thumb Code   128  mem.o(i.rt_free)
    rt_heap_begin_get                        0x08003251   Thumb Code     4  board_1.o(i.rt_heap_begin_get)
    rt_heap_end_get                          0x08003259   Thumb Code     4  board_1.o(i.rt_heap_end_get)
    rt_hw_board_init                         0x08003261   Thumb Code    72  board_1.o(i.rt_hw_board_init)
    rt_hw_console_output                     0x080032ad   Thumb Code    74  board_1.o(i.rt_hw_console_output)
    rt_hw_hard_fault_exception               0x080032fd   Thumb Code   190  cpuport.o(i.rt_hw_hard_fault_exception)
    rt_hw_stack_init                         0x080034fd   Thumb Code    70  cpuport.o(i.rt_hw_stack_init)
    rt_interrupt_enter                       0x08003549   Thumb Code    26  irq.o(i.rt_interrupt_enter)
    rt_interrupt_leave                       0x08003569   Thumb Code    26  irq.o(i.rt_interrupt_leave)
    rt_kprintf                               0x0800364d   Thumb Code    44  kservice.o(i.rt_kprintf)
    rt_malloc                                0x0800371d   Thumb Code   336  mem.o(i.rt_malloc)
    rt_memcpy                                0x08003889   Thumb Code    58  kservice.o(i.rt_memcpy)
    rt_memset                                0x080038c3   Thumb Code    20  kservice.o(i.rt_memset)
    rt_mutex_create                          0x080038d7   Thumb Code    50  ipc.o(i.rt_mutex_create)
    rt_object_allocate                       0x08003909   Thumb Code    84  object.o(i.rt_object_allocate)
    rt_object_delete                         0x0800395d   Thumb Code    36  object.o(i.rt_object_delete)
    rt_object_detach                         0x08003981   Thumb Code    30  object.o(i.rt_object_detach)
    rt_object_get_information                0x080039a1   Thumb Code    36  object.o(i.rt_object_get_information)
    rt_object_init                           0x080039c9   Thumb Code    86  object.o(i.rt_object_init)
    rt_object_is_systemobject                0x08003a1f   Thumb Code    18  object.o(i.rt_object_is_systemobject)
    rt_os_tick_callback                      0x08003a31   Thumb Code    16  board_1.o(i.rt_os_tick_callback)
    rt_schedule                              0x08003a41   Thumb Code   106  scheduler.o(i.rt_schedule)
    rt_schedule_insert_thread                0x08003ac5   Thumb Code    72  scheduler.o(i.rt_schedule_insert_thread)
    rt_schedule_remove_thread                0x08003b15   Thumb Code    76  scheduler.o(i.rt_schedule_remove_thread)
    rt_sem_create                            0x08003b69   Thumb Code    42  ipc.o(i.rt_sem_create)
    rt_sem_delete                            0x08003b93   Thumb Code    22  ipc.o(i.rt_sem_delete)
    rt_sem_init                              0x08003ba9   Thumb Code    38  ipc.o(i.rt_sem_init)
    rt_sem_release                           0x08003bcf   Thumb Code    82  ipc.o(i.rt_sem_release)
    rt_sem_take                              0x08003c21   Thumb Code   116  ipc.o(i.rt_sem_take)
    rt_show_version                          0x08003c95   Thumb Code    38  kservice.o(i.rt_show_version)
    rt_strncpy                               0x08003d45   Thumb Code    52  kservice.o(i.rt_strncpy)
    rt_system_heap_init                      0x08003d79   Thumb Code   160  mem.o(i.rt_system_heap_init)
    rt_system_scheduler_init                 0x08003e71   Thumb Code    52  scheduler.o(i.rt_system_scheduler_init)
    rt_system_scheduler_start                0x08003ebd   Thumb Code    36  scheduler.o(i.rt_system_scheduler_start)
    rt_system_timer_init                     0x08003eed   Thumb Code    24  timer.o(i.rt_system_timer_init)
    rt_system_timer_thread_init              0x08003f09   Thumb Code     2  timer.o(i.rt_system_timer_thread_init)
    rt_thread_create                         0x08003f0b   Thumb Code    80  thread.o(i.rt_thread_create)
    rt_thread_delay                          0x08003f5b   Thumb Code    12  thread.o(i.rt_thread_delay)
    rt_thread_exit                           0x08003f69   Thumb Code    78  thread.o(i.rt_thread_exit)
    rt_thread_idle_excute                    0x08003fc9   Thumb Code    92  idle.o(i.rt_thread_idle_excute)
    rt_thread_idle_init                      0x08004029   Thumb Code    38  idle.o(i.rt_thread_idle_init)
    rt_thread_init                           0x08004065   Thumb Code    52  thread.o(i.rt_thread_init)
    rt_thread_resume                         0x08004099   Thumb Code    60  thread.o(i.rt_thread_resume)
    rt_thread_self                           0x080040d5   Thumb Code     6  thread.o(i.rt_thread_self)
    rt_thread_sleep                          0x080040e1   Thumb Code    62  thread.o(i.rt_thread_sleep)
    rt_thread_startup                        0x08004125   Thumb Code    44  thread.o(i.rt_thread_startup)
    rt_thread_suspend                        0x08004151   Thumb Code    68  thread.o(i.rt_thread_suspend)
    rt_thread_timeout                        0x08004195   Thumb Code    32  thread.o(i.rt_thread_timeout)
    rt_thread_yield                          0x080041b5   Thumb Code    92  thread.o(i.rt_thread_yield)
    rt_tick_get                              0x08004219   Thumb Code     6  clock.o(i.rt_tick_get)
    rt_tick_increase                         0x08004225   Thumb Code    42  clock.o(i.rt_tick_increase)
    rt_timer_check                           0x08004255   Thumb Code   160  timer.o(i.rt_timer_check)
    rt_timer_control                         0x080042f9   Thumb Code    98  timer.o(i.rt_timer_control)
    rt_timer_detach                          0x0800435b   Thumb Code    40  timer.o(i.rt_timer_detach)
    rt_timer_init                            0x08004383   Thumb Code    46  timer.o(i.rt_timer_init)
    rt_timer_start                           0x080043b1   Thumb Code   226  timer.o(i.rt_timer_start)
    rt_timer_stop                            0x0800449d   Thumb Code    48  timer.o(i.rt_timer_stop)
    rt_vsnprintf                             0x080044cd   Thumb Code   824  kservice.o(i.rt_vsnprintf)
    rtthread_startup                         0x0800481d   Thumb Code    42  components.o(i.rtthread_startup)
    send                                     0x08004849   Thumb Code   216  socket.o(i.send)
    send_data_processing                     0x08004939   Thumb Code   116  w5500.o(i.send_data_processing)
    sendto                                   0x080049cd   Thumb Code   268  socket.o(i.sendto)
    setGAR                                   0x08004f4d   Thumb Code    16  w5500.o(i.setGAR)
    setRCR                                   0x08004f5d   Thumb Code    16  w5500.o(i.setRCR)
    setRTR                                   0x08004f6d   Thumb Code    26  w5500.o(i.setRTR)
    setSHAR                                  0x08004f87   Thumb Code    18  w5500.o(i.setSHAR)
    setSIPR                                  0x08004f99   Thumb Code    18  w5500.o(i.setSIPR)
    setSUBR                                  0x08004fab   Thumb Code    18  w5500.o(i.setSUBR)
    setSn_IR                                 0x08004fbd   Thumb Code    22  w5500.o(i.setSn_IR)
    set_w5500_ip                             0x08004fd5   Thumb Code   188  w5500_conf.o(i.set_w5500_ip)
    set_w5500_mac                            0x08005129   Thumb Code    72  w5500_conf.o(i.set_w5500_mac)
    socket                                   0x080051d9   Thumb Code   192  socket.o(i.socket)
    socket_buf_init                          0x0800529d   Thumb Code   128  w5500.o(i.socket_buf_init)
    spi_read_send_byte                       0x08005325   Thumb Code    50  spi.o(i.spi_read_send_byte)
    stop_time                                0x0800535d   Thumb Code    10  my_time.o(i.stop_time)
    tcp_client_send                          0x0800536d   Thumb Code   306  my_netapp.o(i.tcp_client_send)
    tcp_server_list                          0x0800549f   Thumb Code   148  my_netapp.o(i.tcp_server_list)
    wiz_cs                                   0x080055bd   Thumb Code    30  w5500_conf.o(i.wiz_cs)
    wiz_read_buf                             0x080055e1   Thumb Code    78  w5500_conf.o(i.wiz_read_buf)
    wiz_write_buf                            0x08005649   Thumb Code    80  w5500_conf.o(i.wiz_write_buf)
    __lowest_bit_bitmap                      0x080056b0   Data         256  kservice.o(.constdata)
    __rt_init_rti_start                      0x080057d4   Data           4  components.o(.rti_fn.0)
    __rt_init_rti_board_start                0x080057d8   Data           4  components.o(.rti_fn.0.end)
    __rt_init_uart_init                      0x080057dc   Data           4  board_1.o(.rti_fn.1)
    __rt_init_rti_board_end                  0x080057e0   Data           4  components.o(.rti_fn.1.end)
    __rt_init_rti_end                        0x080057e4   Data           4  components.o(.rti_fn.6.end)
    Region$$Table$$Base                      0x080057e8   Number         0  anon$$obj.o(Region$$Table)
    Region$$Table$$Limit                     0x08005808   Number         0  anon$$obj.o(Region$$Table)
    SystemCoreClock                          0x20000000   Data           4  system_apm32f10x.o(.data)
    x1_lin_time                              0x20000014   Data           4  main.o(.data)
    x2_lin_time                              0x20000018   Data           4  main.o(.data)
    k1_lin_time                              0x2000001c   Data           4  main.o(.data)
    k1_lin_temp                              0x20000020   Data           1  main.o(.data)
    local_ips                                0x20000021   Data           4  main.o(.data)
    Rx_USART2_Flags                          0x20000025   Data           1  usart.o(.data)
    Rx_USART2_Len                            0x20000026   Data           1  usart.o(.data)
    Rx_USART3_Flags                          0x20000027   Data           1  usart.o(.data)
    Rx_USART3_Len                            0x20000028   Data           1  usart.o(.data)
    can1_send_mutex                          0x20000038   Data           4  my_can.o(.data)
    my_can_sem                               0x2000003c   Data           4  my_can.o(.data)
    my_cansend_sem                           0x20000040   Data           4  my_can.o(.data)
    my_can_needsend_sem                      0x20000044   Data           4  my_can.o(.data)
    txsize                                   0x20000054   Data           8  w5500.o(.data)
    rxsize                                   0x2000005c   Data           8  w5500.o(.data)
    mac                                      0x20000064   Data           6  w5500_conf.o(.data)
    local_ip                                 0x2000006a   Data           4  w5500_conf.o(.data)
    subnet                                   0x2000006e   Data           4  w5500_conf.o(.data)
    gateway                                  0x20000072   Data           4  w5500_conf.o(.data)
    dns_server                               0x20000076   Data           4  w5500_conf.o(.data)
    local_port                               0x2000007a   Data           2  w5500_conf.o(.data)
    remote_ip                                0x2000007c   Data           4  w5500_conf.o(.data)
    remote_port                              0x20000080   Data           2  w5500_conf.o(.data)
    ip_from                                  0x20000082   Data           1  w5500_conf.o(.data)
    dhcp_ok                                  0x20000083   Data           1  w5500_conf.o(.data)
    ms                                       0x20000084   Data           4  w5500_conf.o(.data)
    dhcp_time                                0x20000088   Data           4  w5500_conf.o(.data)
    ntptimer                                 0x2000008c   Data           1  w5500_conf.o(.data)
    rt_interrupt_from_thread                 0x20000094   Data           4  cpuport.o(.data)
    rt_interrupt_to_thread                   0x20000098   Data           4  cpuport.o(.data)
    rt_thread_switch_interrupt_flag          0x2000009c   Data           4  cpuport.o(.data)
    rt_interrupt_nest                        0x200000a8   Data           1  irq.o(.data)
    rt_thread_ready_priority_group           0x20000124   Data           4  scheduler.o(.data)
    rt_current_thread                        0x2000012c   Data           4  scheduler.o(.data)
    rt_current_priority                      0x20000130   Data           1  scheduler.o(.data)
    rt_thread_defunct                        0x20000134   Data           8  scheduler.o(.data)
    can_file_buff                            0x20000148   Data         204  can.o(.bss)
    my_recv_can                              0x20000214   Data         284  can.o(.bss)
    TxMessage                                0x20000330   Data          20  can.o(.bss)
    RxMessage                                0x20000344   Data          28  can.o(.bss)
    My_Attribute                             0x20000360   Data          12  my_can.o(.bss)
    Recv_Can_buff                            0x2000036c   Data        2060  my_can.o(.bss)
    my_can_recv_data                         0x20000b78   Data         444  my_can.o(.bss)
    my_remote_msg                            0x20000d34   Data          28  my_can.o(.bss)
    my_send_remote_msg                       0x20000d50   Data          28  my_can.o(.bss)
    my_send_buff_fifo                        0x20000d6c   Data          88  my_can.o(.bss)
    SSIZE                                    0x20000dc4   Data          16  w5500.o(.bss)
    RSIZE                                    0x20000dd4   Data          16  w5500.o(.bss)
    ConfigMsg                                0x20000de4   Data          28  w5500_conf.o(.bss)
    EEPROM_MSG                               0x20000e00   Data          18  w5500_conf.o(.bss)
    A_TX_buff                                0x20000e14   Data        1514  udp.o(.bss)
    A_RX_buff                                0x200013fe   Data        1514  udp.o(.bss)
    udp_7777_recv_buff                       0x200019e8   Data         620  udp.o(.bss)
    rt_thread_priority_table                 0x20001eec   Data         256  scheduler.o(.bss)
    __initial_sp                             0x20004800   Data           0  startup_apm32f10x_hd.o(STACK)



==============================================================================

Memory Map of the image

  Image Entry point : 0x08000145

  Load Region LR_IROM1 (Base: 0x08000000, Size: 0x00005950, Max: 0x00010000, ABSOLUTE, COMPRESSED[0x00005874])

    Execution Region ER_IROM1 (Exec base: 0x08000000, Load base: 0x08000000, Size: 0x00005808, Max: 0x00010000, ABSOLUTE)

    Exec Addr    Load Addr    Size         Type   Attr      Idx    E Section Name        Object

    0x08000000   0x08000000   0x00000144   Data   RO           71    RESET               startup_apm32f10x_hd.o
    0x08000144   0x08000144   0x00000000   Code   RO         7333  * .ARM.Collect$$$$00000000  mc_w.l(entry.o)
    0x08000144   0x08000144   0x00000004   Code   RO         7613    .ARM.Collect$$$$00000001  mc_w.l(entry2.o)
    0x08000148   0x08000148   0x00000004   Code   RO         7616    .ARM.Collect$$$$00000004  mc_w.l(entry5.o)
    0x0800014c   0x0800014c   0x00000000   Code   RO         7618    .ARM.Collect$$$$00000008  mc_w.l(entry7b.o)
    0x0800014c   0x0800014c   0x00000000   Code   RO         7620    .ARM.Collect$$$$0000000A  mc_w.l(entry8b.o)
    0x0800014c   0x0800014c   0x00000008   Code   RO         7621    .ARM.Collect$$$$0000000B  mc_w.l(entry9a.o)
    0x08000154   0x08000154   0x00000000   Code   RO         7623    .ARM.Collect$$$$0000000D  mc_w.l(entry10a.o)
    0x08000154   0x08000154   0x00000000   Code   RO         7625    .ARM.Collect$$$$0000000F  mc_w.l(entry11a.o)
    0x08000154   0x08000154   0x00000004   Code   RO         7614    .ARM.Collect$$$$00002712  mc_w.l(entry2.o)
    0x08000158   0x08000158   0x00000024   Code   RO           72    .text               startup_apm32f10x_hd.o
    0x0800017c   0x0800017c   0x000000f4   Code   RO         6174    .text               context_rvds.o
    0x08000270   0x08000270   0x00000024   Code   RO         7643    .text               mc_w.l(init.o)
    0x08000294   0x08000294   0x00000056   Code   RO         7661    .text               mc_w.l(__dczerorl2.o)
    0x080002ea   0x080002ea   0x0000000a   Code   RO         6258    i.$Sub$$main        components.o
    0x080002f4   0x080002f4   0x00000004   Code   RO         4805    i.BusFault_Handler  apm32f10x_int.o
    0x080002f8   0x080002f8   0x0000010c   Code   RO          501    i.CAN_ClearIntFlag  apm32f10x_can.o
    0x08000404   0x08000404   0x00000126   Code   RO          503    i.CAN_Config        apm32f10x_can.o
    0x0800052a   0x0800052a   0x0000010a   Code   RO          504    i.CAN_ConfigFilter  apm32f10x_can.o
    0x08000634   0x08000634   0x0000001e   Code   RO          505    i.CAN_ConfigStructInit  apm32f10x_can.o
    0x08000652   0x08000652   0x00000008   Code   RO          507    i.CAN_DisableInterrupt  apm32f10x_can.o
    0x0800065a   0x0800065a   0x00000008   Code   RO          509    i.CAN_EnableInterrupt  apm32f10x_can.o
    0x08000662   0x08000662   0x000000ea   Code   RO          512    i.CAN_ReadIntFlag   apm32f10x_can.o
    0x0800074c   0x0800074c   0x0000003c   Code   RO          518    i.CAN_Reset         apm32f10x_can.o
    0x08000788   0x08000788   0x000000f4   Code   RO          519    i.CAN_RxMessage     apm32f10x_can.o
    0x0800087c   0x0800087c   0x00000126   Code   RO          521    i.CAN_TxMessage     apm32f10x_can.o
    0x080009a2   0x080009a2   0x00000002   PAD
    0x080009a4   0x080009a4   0x000000ec   Code   RO         4935    i.Can1_Init         can.o
    0x08000a90   0x08000a90   0x0000008c   Code   RO         5146    i.Can_Recv_thread_entry  my_can.o
    0x08000b1c   0x08000b1c   0x00000128   Code   RO         5148    i.Can_Send_thread_entry  my_can.o
    0x08000c44   0x08000c44   0x000000a4   Code   RO         6115    i.Client_HandData   my_netapp.o
    0x08000ce8   0x08000ce8   0x00000002   Code   RO         4983    i.DMA1_Channel7_IRQHandler  usart.o
    0x08000cea   0x08000cea   0x00000002   Code   RO         4806    i.DebugMon_Handler  apm32f10x_int.o
    0x08000cec   0x08000cec   0x0000009a   Code   RO         1427    i.GPIO_Config       apm32f10x_gpio.o
    0x08000d86   0x08000d86   0x00000010   Code   RO         1432    i.GPIO_ConfigStructInit  apm32f10x_gpio.o
    0x08000d96   0x08000d96   0x00000012   Code   RO         1435    i.GPIO_ReadInputBit  apm32f10x_gpio.o
    0x08000da8   0x08000da8   0x00000012   Code   RO         1437    i.GPIO_ReadOutputBit  apm32f10x_gpio.o
    0x08000dba   0x08000dba   0x00000004   Code   RO         1440    i.GPIO_ResetBit     apm32f10x_gpio.o
    0x08000dbe   0x08000dbe   0x00000004   Code   RO         1441    i.GPIO_SetBit       apm32f10x_gpio.o
    0x08000dc2   0x08000dc2   0x0000000a   Code   RO         1442    i.GPIO_WriteBitValue  apm32f10x_gpio.o
    0x08000dcc   0x08000dcc   0x00000032   Code   RO         5762    i.IINCHIP_READ      w5500_conf.o
    0x08000dfe   0x08000dfe   0x0000000c   Code   RO         5763    i.IINCHIP_SpiSendData  w5500_conf.o
    0x08000e0a   0x08000e0a   0x00000032   Code   RO         5764    i.IINCHIP_WRITE     w5500_conf.o
    0x08000e3c   0x08000e3c   0x00000004   Code   RO         4807    i.MemManage_Handler  apm32f10x_int.o
    0x08000e40   0x08000e40   0x00000002   Code   RO         4808    i.NMI_Handler       apm32f10x_int.o
    0x08000e42   0x08000e42   0x00000002   PAD
    0x08000e44   0x08000e44   0x00000014   Code   RO         1921    i.NVIC_ConfigPriorityGroup  apm32f10x_misc.o
    0x08000e58   0x08000e58   0x000000a0   Code   RO         1924    i.NVIC_EnableIRQRequest  apm32f10x_misc.o
    0x08000ef8   0x08000ef8   0x00000054   Code   RO         5539    i.PHY_check         w5500.o
    0x08000f4c   0x08000f4c   0x00000010   Code   RO         2319    i.RCM_DisableAPB1PeriphReset  apm32f10x_rcm.o
    0x08000f5c   0x08000f5c   0x00000010   Code   RO         2330    i.RCM_EnableAPB1PeriphClock  apm32f10x_rcm.o
    0x08000f6c   0x08000f6c   0x00000010   Code   RO         2331    i.RCM_EnableAPB1PeriphReset  apm32f10x_rcm.o
    0x08000f7c   0x08000f7c   0x00000010   Code   RO         2332    i.RCM_EnableAPB2PeriphClock  apm32f10x_rcm.o
    0x08000f8c   0x08000f8c   0x0000003c   Code   RO         2342    i.RCM_ReadHCLKFreq  apm32f10x_rcm.o
    0x08000fc8   0x08000fc8   0x0000004c   Code   RO         2344    i.RCM_ReadPCLKFreq  apm32f10x_rcm.o
    0x08001014   0x08001014   0x00000064   Code   RO         2345    i.RCM_ReadSYSCLKFreq  apm32f10x_rcm.o
    0x08001078   0x08001078   0x00000090   Code   RO         5229    i.Read_Addr_Msg     my_misc.o
    0x08001108   0x08001108   0x00000044   Code   RO         5098    i.SPI1_GPIO_Configuration  spi.o
    0x0800114c   0x0800114c   0x00000032   Code   RO         3446    i.SPI_Config        apm32f10x_spi.o
    0x0800117e   0x0800117e   0x00000010   Code   RO         3448    i.SPI_ConfigDataSize  apm32f10x_spi.o
    0x0800118e   0x0800118e   0x00000018   Code   RO         3449    i.SPI_ConfigStructInit  apm32f10x_spi.o
    0x080011a6   0x080011a6   0x0000000c   Code   RO         3453    i.SPI_Enable        apm32f10x_spi.o
    0x080011b2   0x080011b2   0x00000010   Code   RO         3463    i.SPI_I2S_ReadStatusFlag  apm32f10x_spi.o
    0x080011c2   0x080011c2   0x00000008   Code   RO         3465    i.SPI_I2S_RxData    apm32f10x_spi.o
    0x080011ca   0x080011ca   0x00000004   Code   RO         3466    i.SPI_I2S_TxData    apm32f10x_spi.o
    0x080011ce   0x080011ce   0x00000002   Code   RO         4809    i.SVC_Handler       apm32f10x_int.o
    0x080011d0   0x080011d0   0x00000064   Code   RO         5099    i.Spi1_Config       spi.o
    0x08001234   0x08001234   0x00000008   Code   RO         7258    i.SysTick_Handler   board_1.o
    0x0800123c   0x0800123c   0x000000dc   Code   RO            4    i.SystemClock72M    system_apm32f10x.o
    0x08001318   0x08001318   0x00000008   Code   RO            5    i.SystemClockConfig  system_apm32f10x.o
    0x08001320   0x08001320   0x0000006c   Code   RO            6    i.SystemCoreClockUpdate  system_apm32f10x.o
    0x0800138c   0x0800138c   0x00000060   Code   RO            7    i.SystemInit        system_apm32f10x.o
    0x080013ec   0x080013ec   0x0000002c   Code   RO         5062    i.TMR1_UP_IRQHandler  time.o
    0x08001418   0x08001418   0x0000003c   Code   RO         5765    i.TMR2_IRQHandler   w5500_conf.o
    0x08001454   0x08001454   0x00000006   Code   RO         3653    i.TMR_ClearIntFlag  apm32f10x_tmr.o
    0x0800145a   0x0800145a   0x0000000a   Code   RO         3713    i.TMR_Disable       apm32f10x_tmr.o
    0x08001464   0x08001464   0x00000016   Code   RO         3745    i.TMR_ReadIntFlag   apm32f10x_tmr.o
    0x0800147a   0x0800147a   0x00000002   Code   RO         4984    i.USART2_IRQHandler  usart.o
    0x0800147c   0x0800147c   0x00000002   Code   RO         4985    i.USART3_IRQHandler  usart.o
    0x0800147e   0x0800147e   0x00000002   PAD
    0x08001480   0x08001480   0x00000090   Code   RO         4293    i.USART_Config      apm32f10x_usart.o
    0x08001510   0x08001510   0x0000000e   Code   RO         4313    i.USART_Enable      apm32f10x_usart.o
    0x0800151e   0x0800151e   0x00000010   Code   RO         4325    i.USART_ReadStatusFlag  apm32f10x_usart.o
    0x0800152e   0x0800152e   0x0000000a   Code   RO         4329    i.USART_TxData      apm32f10x_usart.o
    0x08001538   0x08001538   0x00000078   Code   RO         4937    i.USBD1_HP_CAN1_TX_IRQHandler  can.o
    0x080015b0   0x080015b0   0x00000078   Code   RO         4938    i.USBD1_LP_CAN1_RX0_IRQHandler  can.o
    0x08001628   0x08001628   0x00000004   Code   RO         4810    i.UsageFault_Handler  apm32f10x_int.o
    0x0800162c   0x0800162c   0x00000030   Code   RO         7259    i._SysTick_Config   board_1.o
    0x0800165c   0x0800165c   0x0000004c   Code   RO         6624    i.__rt_ffs          kservice.o
    0x080016a8   0x080016a8   0x0000000e   Code   RO         7655    i.__scatterload_copy  mc_w.l(handlers.o)
    0x080016b6   0x080016b6   0x00000002   Code   RO         7656    i.__scatterload_null  mc_w.l(handlers.o)
    0x080016b8   0x080016b8   0x0000000e   Code   RO         7657    i.__scatterload_zeroinit  mc_w.l(handlers.o)
    0x080016c6   0x080016c6   0x00000002   PAD
    0x080016c8   0x080016c8   0x00000084   Code   RO         7011    i._rt_thread_init   thread.o
    0x0800174c   0x0800174c   0x00000042   Code   RO         7143    i._rt_timer_init    timer.o
    0x0800178e   0x0800178e   0x0000001c   Code   RO         7144    i._rt_timer_remove  timer.o
    0x080017aa   0x080017aa   0x0000001c   Code   RO         7012    i._thread_cleanup_execute  thread.o
    0x080017c6   0x080017c6   0x00000002   PAD
    0x080017c8   0x080017c8   0x000000c4   Code   RO         5149    i.build_can_recv_thread  my_can.o
    0x0800188c   0x0800188c   0x000000ec   Code   RO         5150    i.build_can_send_thread  my_can.o
    0x08001978   0x08001978   0x0000009c   Code   RO         6116    i.build_my_net_thread  my_netapp.o
    0x08001a14   0x08001a14   0x000000dc   Code   RO         5151    i.can1_send_msg     my_can.o
    0x08001af0   0x08001af0   0x00000034   Code   RO         5301    i.close             socket.o
    0x08001b24   0x08001b24   0x00000114   Code   RO         5302    i.connect           socket.o
    0x08001c38   0x08001c38   0x00000026   Code   RO         5303    i.disconnect        socket.o
    0x08001c5e   0x08001c5e   0x00000002   PAD
    0x08001c60   0x08001c60   0x000003c8   Code   RO         6085    i.do_udp            udp.o
    0x08002028   0x08002028   0x00000010   Code   RO         5541    i.getGAR            w5500.o
    0x08002038   0x08002038   0x00000010   Code   RO         5543    i.getIINCHIP_TxMAX  w5500.o
    0x08002048   0x08002048   0x0000000c   Code   RO         5545    i.getPHYStatus      w5500.o
    0x08002054   0x08002054   0x00000012   Code   RO         5546    i.getSHAR           w5500.o
    0x08002066   0x08002066   0x00000012   Code   RO         5548    i.getSIPR           w5500.o
    0x08002078   0x08002078   0x00000012   Code   RO         5549    i.getSIR            w5500.o
    0x0800208a   0x0800208a   0x00000012   Code   RO         5550    i.getSUBR           w5500.o
    0x0800209c   0x0800209c   0x00000012   Code   RO         5551    i.getSn_IR          w5500.o
    0x080020ae   0x080020ae   0x00000054   Code   RO         5552    i.getSn_RX_RSR      w5500.o
    0x08002102   0x08002102   0x00000012   Code   RO         5553    i.getSn_SR          w5500.o
    0x08002114   0x08002114   0x00000054   Code   RO         5554    i.getSn_TX_FSR      w5500.o
    0x08002168   0x08002168   0x0000004c   Code   RO         5767    i.gpio_for_w5500_config  w5500_conf.o
    0x080021b4   0x080021b4   0x000000f8   Code   RO         5038    i.gpio_init         gpio.o
    0x080022ac   0x080022ac   0x0000000a   Code   RO         5768    i.iinchip_csoff     w5500_conf.o
    0x080022b6   0x080022b6   0x0000000a   Code   RO         5769    i.iinchip_cson      w5500_conf.o
    0x080022c0   0x080022c0   0x00000010   Code   RO         5230    i.init_data         my_misc.o
    0x080022d0   0x080022d0   0x0000003e   Code   RO         5304    i.listen            socket.o
    0x0800230e   0x0800230e   0x00000002   PAD
    0x08002310   0x08002310   0x00000208   Code   RO         4621    i.main              main.o
    0x08002518   0x08002518   0x0000000e   Code   RO         6259    i.main_thread_entry  components.o
    0x08002526   0x08002526   0x00000002   PAD
    0x08002528   0x08002528   0x0000005c   Code   RO         4622    i.msg_thread_entry  main.o
    0x08002584   0x08002584   0x00000018   Code   RO         6117    i.mu_net_thread_entry  my_netapp.o
    0x0800259c   0x0800259c   0x000000bc   Code   RO         5152    i.my_can_recv_msg   my_can.o
    0x08002658   0x08002658   0x00000078   Code   RO         6801    i.plug_holes        mem.o
    0x080026d0   0x080026d0   0x00000198   Code   RO         6626    i.print_number      kservice.o
    0x08002868   0x08002868   0x00000042   Code   RO         5305    i.recv              socket.o
    0x080028aa   0x080028aa   0x00000002   PAD
    0x080028ac   0x080028ac   0x00000094   Code   RO         5556    i.recv_data_processing  w5500.o
    0x08002940   0x08002940   0x00000200   Code   RO         5306    i.recvfrom          socket.o
    0x08002b40   0x08002b40   0x0000053c   Code   RO         4623    i.remote_msg_handle  main.o
    0x0800307c   0x0800307c   0x00000028   Code   RO         5773    i.reset_w5500       w5500_conf.o
    0x080030a4   0x080030a4   0x00000030   Code   RO         6260    i.rt_application_init  components.o
    0x080030d4   0x080030d4   0x0000001c   Code   RO         6261    i.rt_components_board_init  components.o
    0x080030f0   0x080030f0   0x0000001c   Code   RO         6262    i.rt_components_init  components.o
    0x0800310c   0x0800310c   0x00000020   Code   RO         6945    i.rt_enter_critical  scheduler.o
    0x0800312c   0x0800312c   0x00000044   Code   RO         6946    i.rt_exit_critical  scheduler.o
    0x08003170   0x08003170   0x000000e0   Code   RO         6803    i.rt_free           mem.o
    0x08003250   0x08003250   0x00000008   Code   RO         7260    i.rt_heap_begin_get  board_1.o
    0x08003258   0x08003258   0x00000008   Code   RO         7261    i.rt_heap_end_get   board_1.o
    0x08003260   0x08003260   0x0000004c   Code   RO         7262    i.rt_hw_board_init  board_1.o
    0x080032ac   0x080032ac   0x00000050   Code   RO         7264    i.rt_hw_console_output  board_1.o
    0x080032fc   0x080032fc   0x00000200   Code   RO         6181    i.rt_hw_hard_fault_exception  cpuport.o
    0x080034fc   0x080034fc   0x0000004c   Code   RO         6182    i.rt_hw_stack_init  cpuport.o
    0x08003548   0x08003548   0x00000020   Code   RO         6597    i.rt_interrupt_enter  irq.o
    0x08003568   0x08003568   0x00000020   Code   RO         6599    i.rt_interrupt_leave  irq.o
    0x08003588   0x08003588   0x00000014   Code   RO         6361    i.rt_ipc_list_resume  ipc.o
    0x0800359c   0x0800359c   0x00000032   Code   RO         6362    i.rt_ipc_list_resume_all  ipc.o
    0x080035ce   0x080035ce   0x0000006e   Code   RO         6363    i.rt_ipc_list_suspend  ipc.o
    0x0800363c   0x0800363c   0x00000010   Code   RO         6364    i.rt_ipc_object_init  ipc.o
    0x0800364c   0x0800364c   0x00000030   Code   RO         6630    i.rt_kprintf        kservice.o
    0x0800367c   0x0800367c   0x00000006   Code   RO         6365    i.rt_list_init      ipc.o
    0x08003682   0x08003682   0x00000006   Code   RO         6947    i.rt_list_init      scheduler.o
    0x08003688   0x08003688   0x00000006   Code   RO         7145    i.rt_list_init      timer.o
    0x0800368e   0x0800368e   0x0000000e   Code   RO         6857    i.rt_list_insert_after  object.o
    0x0800369c   0x0800369c   0x0000000e   Code   RO         7013    i.rt_list_insert_after  thread.o
    0x080036aa   0x080036aa   0x0000000e   Code   RO         7146    i.rt_list_insert_after  timer.o
    0x080036b8   0x080036b8   0x0000000e   Code   RO         6366    i.rt_list_insert_before  ipc.o
    0x080036c6   0x080036c6   0x00000010   Code   RO         6367    i.rt_list_isempty   ipc.o
    0x080036d6   0x080036d6   0x00000010   Code   RO         7147    i.rt_list_isempty   timer.o
    0x080036e6   0x080036e6   0x00000012   Code   RO         6858    i.rt_list_remove    object.o
    0x080036f8   0x080036f8   0x00000012   Code   RO         7014    i.rt_list_remove    thread.o
    0x0800370a   0x0800370a   0x00000012   Code   RO         7148    i.rt_list_remove    timer.o
    0x0800371c   0x0800371c   0x0000016c   Code   RO         6804    i.rt_malloc         mem.o
    0x08003888   0x08003888   0x0000003a   Code   RO         6634    i.rt_memcpy         kservice.o
    0x080038c2   0x080038c2   0x00000014   Code   RO         6636    i.rt_memset         kservice.o
    0x080038d6   0x080038d6   0x00000032   Code   RO         6386    i.rt_mutex_create   ipc.o
    0x08003908   0x08003908   0x00000054   Code   RO         6859    i.rt_object_allocate  object.o
    0x0800395c   0x0800395c   0x00000024   Code   RO         6860    i.rt_object_delete  object.o
    0x08003980   0x08003980   0x0000001e   Code   RO         6861    i.rt_object_detach  object.o
    0x0800399e   0x0800399e   0x00000002   PAD
    0x080039a0   0x080039a0   0x00000028   Code   RO         6863    i.rt_object_get_information  object.o
    0x080039c8   0x080039c8   0x00000056   Code   RO         6867    i.rt_object_init    object.o
    0x08003a1e   0x08003a1e   0x00000012   Code   RO         6868    i.rt_object_is_systemobject  object.o
    0x08003a30   0x08003a30   0x00000010   Code   RO         7265    i.rt_os_tick_callback  board_1.o
    0x08003a40   0x08003a40   0x00000084   Code   RO         6948    i.rt_schedule       scheduler.o
    0x08003ac4   0x08003ac4   0x00000050   Code   RO         6949    i.rt_schedule_insert_thread  scheduler.o
    0x08003b14   0x08003b14   0x00000054   Code   RO         6950    i.rt_schedule_remove_thread  scheduler.o
    0x08003b68   0x08003b68   0x0000002a   Code   RO         6393    i.rt_sem_create     ipc.o
    0x08003b92   0x08003b92   0x00000016   Code   RO         6394    i.rt_sem_delete     ipc.o
    0x08003ba8   0x08003ba8   0x00000026   Code   RO         6396    i.rt_sem_init       ipc.o
    0x08003bce   0x08003bce   0x00000052   Code   RO         6397    i.rt_sem_release    ipc.o
    0x08003c20   0x08003c20   0x00000074   Code   RO         6398    i.rt_sem_take       ipc.o
    0x08003c94   0x08003c94   0x000000b0   Code   RO         6638    i.rt_show_version   kservice.o
    0x08003d44   0x08003d44   0x00000034   Code   RO         6646    i.rt_strncpy        kservice.o
    0x08003d78   0x08003d78   0x000000f8   Code   RO         6807    i.rt_system_heap_init  mem.o
    0x08003e70   0x08003e70   0x0000004c   Code   RO         6951    i.rt_system_scheduler_init  scheduler.o
    0x08003ebc   0x08003ebc   0x00000030   Code   RO         6952    i.rt_system_scheduler_start  scheduler.o
    0x08003eec   0x08003eec   0x0000001c   Code   RO         7149    i.rt_system_timer_init  timer.o
    0x08003f08   0x08003f08   0x00000002   Code   RO         7150    i.rt_system_timer_thread_init  timer.o
    0x08003f0a   0x08003f0a   0x00000050   Code   RO         7016    i.rt_thread_create  thread.o
    0x08003f5a   0x08003f5a   0x0000000c   Code   RO         7017    i.rt_thread_delay   thread.o
    0x08003f66   0x08003f66   0x00000002   PAD
    0x08003f68   0x08003f68   0x00000058   Code   RO         7021    i.rt_thread_exit    thread.o
    0x08003fc0   0x08003fc0   0x00000008   Code   RO         6326    i.rt_thread_idle_entry  idle.o
    0x08003fc8   0x08003fc8   0x00000060   Code   RO         6327    i.rt_thread_idle_excute  idle.o
    0x08004028   0x08004028   0x0000003c   Code   RO         6329    i.rt_thread_idle_init  idle.o
    0x08004064   0x08004064   0x00000034   Code   RO         7023    i.rt_thread_init    thread.o
    0x08004098   0x08004098   0x0000003c   Code   RO         7025    i.rt_thread_resume  thread.o
    0x080040d4   0x080040d4   0x0000000c   Code   RO         7026    i.rt_thread_self    thread.o
    0x080040e0   0x080040e0   0x00000044   Code   RO         7027    i.rt_thread_sleep   thread.o
    0x08004124   0x08004124   0x0000002c   Code   RO         7028    i.rt_thread_startup  thread.o
    0x08004150   0x08004150   0x00000044   Code   RO         7029    i.rt_thread_suspend  thread.o
    0x08004194   0x08004194   0x00000020   Code   RO         7030    i.rt_thread_timeout  thread.o
    0x080041b4   0x080041b4   0x00000064   Code   RO         7031    i.rt_thread_yield   thread.o
    0x08004218   0x08004218   0x0000000c   Code   RO         6219    i.rt_tick_get       clock.o
    0x08004224   0x08004224   0x00000030   Code   RO         6220    i.rt_tick_increase  clock.o
    0x08004254   0x08004254   0x000000a4   Code   RO         7151    i.rt_timer_check    timer.o
    0x080042f8   0x080042f8   0x00000062   Code   RO         7152    i.rt_timer_control  timer.o
    0x0800435a   0x0800435a   0x00000028   Code   RO         7155    i.rt_timer_detach   timer.o
    0x08004382   0x08004382   0x0000002e   Code   RO         7156    i.rt_timer_init     timer.o
    0x080043b0   0x080043b0   0x000000ec   Code   RO         7159    i.rt_timer_start    timer.o
    0x0800449c   0x0800449c   0x00000030   Code   RO         7160    i.rt_timer_stop     timer.o
    0x080044cc   0x080044cc   0x00000340   Code   RO         6649    i.rt_vsnprintf      kservice.o
    0x0800480c   0x0800480c   0x00000004   Code   RO         6263    i.rti_board_end     components.o
    0x08004810   0x08004810   0x00000004   Code   RO         6264    i.rti_board_start   components.o
    0x08004814   0x08004814   0x00000004   Code   RO         6265    i.rti_end           components.o
    0x08004818   0x08004818   0x00000004   Code   RO         6266    i.rti_start         components.o
    0x0800481c   0x0800481c   0x0000002a   Code   RO         6267    i.rtthread_startup  components.o
    0x08004846   0x08004846   0x00000002   PAD
    0x08004848   0x08004848   0x000000f0   Code   RO         5307    i.send              socket.o
    0x08004938   0x08004938   0x00000094   Code   RO         5557    i.send_data_processing  w5500.o
    0x080049cc   0x080049cc   0x0000010c   Code   RO         5308    i.sendto            socket.o
    0x08004ad8   0x08004ad8   0x00000474   Code   RO         6118    i.server_rest       my_netapp.o
    0x08004f4c   0x08004f4c   0x00000010   Code   RO         5558    i.setGAR            w5500.o
    0x08004f5c   0x08004f5c   0x00000010   Code   RO         5560    i.setRCR            w5500.o
    0x08004f6c   0x08004f6c   0x0000001a   Code   RO         5561    i.setRTR            w5500.o
    0x08004f86   0x08004f86   0x00000012   Code   RO         5562    i.setSHAR           w5500.o
    0x08004f98   0x08004f98   0x00000012   Code   RO         5563    i.setSIPR           w5500.o
    0x08004faa   0x08004faa   0x00000012   Code   RO         5564    i.setSUBR           w5500.o
    0x08004fbc   0x08004fbc   0x00000016   Code   RO         5565    i.setSn_IR          w5500.o
    0x08004fd2   0x08004fd2   0x00000002   PAD
    0x08004fd4   0x08004fd4   0x00000154   Code   RO         5774    i.set_w5500_ip      w5500_conf.o
    0x08005128   0x08005128   0x00000088   Code   RO         5775    i.set_w5500_mac     w5500_conf.o
    0x080051b0   0x080051b0   0x00000026   Code   RO         6651    i.skip_atoi         kservice.o
    0x080051d6   0x080051d6   0x00000002   PAD
    0x080051d8   0x080051d8   0x000000c4   Code   RO         5309    i.socket            socket.o
    0x0800529c   0x0800529c   0x00000088   Code   RO         5568    i.socket_buf_init   w5500.o
    0x08005324   0x08005324   0x00000038   Code   RO         5102    i.spi_read_send_byte  spi.o
    0x0800535c   0x0800535c   0x00000010   Code   RO         5272    i.stop_time         my_time.o
    0x0800536c   0x0800536c   0x00000132   Code   RO         6119    i.tcp_client_send   my_netapp.o
    0x0800549e   0x0800549e   0x00000094   Code   RO         6120    i.tcp_server_list   my_netapp.o
    0x08005532   0x08005532   0x00000002   PAD
    0x08005534   0x08005534   0x00000088   Code   RO         7266    i.uart_init         board_1.o
    0x080055bc   0x080055bc   0x00000024   Code   RO         5777    i.wiz_cs            w5500_conf.o
    0x080055e0   0x080055e0   0x00000068   Code   RO         5778    i.wiz_read_buf      w5500_conf.o
    0x08005648   0x08005648   0x00000068   Code   RO         5779    i.wiz_write_buf     w5500_conf.o
    0x080056b0   0x080056b0   0x00000122   Data   RO         6653    .constdata          kservice.o
    0x080057d2   0x080057d2   0x00000002   PAD
    0x080057d4   0x080057d4   0x00000004   Data   RO         6268    .rti_fn.0           components.o
    0x080057d8   0x080057d8   0x00000004   Data   RO         6269    .rti_fn.0.end       components.o
    0x080057dc   0x080057dc   0x00000004   Data   RO         7268    .rti_fn.1           board_1.o
    0x080057e0   0x080057e0   0x00000004   Data   RO         6270    .rti_fn.1.end       components.o
    0x080057e4   0x080057e4   0x00000004   Data   RO         6271    .rti_fn.6.end       components.o
    0x080057e8   0x080057e8   0x00000020   Data   RO         7653    Region$$Table       anon$$obj.o


    Execution Region RW_IRAM1 (Exec base: 0x20000000, Load base: 0x08005808, Size: 0x00004800, Max: 0x00005000, ABSOLUTE, COMPRESSED[0x0000006c])

    Exec Addr    Load Addr    Size         Type   Attr      Idx    E Section Name        Object

    0x20000000   COMPRESSED   0x00000004   Data   RW            8    .data               system_apm32f10x.o
    0x20000004   COMPRESSED   0x00000021   Data   RW         4624    .data               main.o
    0x20000025   COMPRESSED   0x00000004   Data   RW         4989    .data               usart.o
    0x20000029   COMPRESSED   0x00000003   PAD
    0x2000002c   COMPRESSED   0x00000028   Data   RW         5154    .data               my_can.o
    0x20000054   COMPRESSED   0x00000010   Data   RW         5570    .data               w5500.o
    0x20000064   COMPRESSED   0x00000029   Data   RW         5782    .data               w5500_conf.o
    0x2000008d   COMPRESSED   0x00000003   PAD
    0x20000090   COMPRESSED   0x00000004   Data   RW         6122    .data               my_netapp.o
    0x20000094   COMPRESSED   0x00000010   Data   RW         6183    .data               cpuport.o
    0x200000a4   COMPRESSED   0x00000004   Data   RW         6222    .data               clock.o
    0x200000a8   COMPRESSED   0x00000001   Data   RW         6600    .data               irq.o
    0x200000a9   COMPRESSED   0x00000003   PAD
    0x200000ac   COMPRESSED   0x00000018   Data   RW         6809    .data               mem.o
    0x200000c4   COMPRESSED   0x00000060   Data   RW         6870    .data               object.o
    0x20000124   COMPRESSED   0x00000018   Data   RW         6954    .data               scheduler.o
    0x2000013c   COMPRESSED   0x0000000c   Data   RW         7161    .data               timer.o
    0x20000148        -       0x00000218   Zero   RW         4939    .bss                can.o
    0x20000360        -       0x00000a64   Zero   RW         5153    .bss                my_can.o
    0x20000dc4        -       0x00000020   Zero   RW         5569    .bss                w5500.o
    0x20000de4        -       0x0000002e   Zero   RW         5781    .bss                w5500_conf.o
    0x20000e12   COMPRESSED   0x00000002   PAD
    0x20000e14        -       0x00000e40   Zero   RW         6086    .bss                udp.o
    0x20001c54        -       0x00000178   Zero   RW         6330    .bss                idle.o
    0x20001dcc        -       0x00000100   Zero   RW         6652    .bss                kservice.o
    0x20001ecc        -       0x00000020   Zero   RW         6808    .bss                mem.o
    0x20001eec        -       0x00000100   Zero   RW         6953    .bss                scheduler.o
    0x20001fec        -       0x00002410   Zero   RW         7267    .bss                board_1.o
    0x200043fc   COMPRESSED   0x00000004   PAD
    0x20004400        -       0x00000400   Zero   RW           69    STACK               startup_apm32f10x_hd.o


==============================================================================

Image component sizes


      Code (inc. data)   RO Data    RW Data    ZI Data      Debug   Object Name

      1706          8          0          0          0      10805   apm32f10x_can.o
       224          0          0          0          0       8134   apm32f10x_gpio.o
        18          0          0          0          0       2703   apm32f10x_int.o
       180         20          0          0          0       2395   apm32f10x_misc.o
       300         66          0          0          0       5052   apm32f10x_rcm.o
       130          0          0          0          0       7473   apm32f10x_spi.o
        38          0          0          0          0       8607   apm32f10x_tmr.o
       184          6          0          0          0       5420   apm32f10x_usart.o
       380         40          4          0       9232       5342   board_1.o
       476         28          0          0        536       2821   can.o
        60         12          0          4          0       1109   clock.o
       186         30         16          0          0       5704   components.o
       244         28          0          0          0        856   context_rvds.o
       588        328          0         16          0       3334   cpuport.o
       248         12          0          0          0        604   gpio.o
       164         26          0          0        376       5098   idle.o
       582          0          0          0          0      10751   ipc.o
        64         12          0          1          0       1602   irq.o
      1708        164        290          0        256       8268   kservice.o
      1952        410          0         33          0      94505   main.o
       956        224          0         24         32       3876   mem.o
      1276        370          0         40       2660       6861   my_can.o
       160         16          0          0          0       1056   my_misc.o
      1938        168          0          4          0       6402   my_netapp.o
        16          6          0          0          0        464   my_time.o
       326          4          0         96          0       8184   object.o
       526         90          0         24        256       8378   scheduler.o
      1710         54          0          0          0       7003   socket.o
       224         18          0          0          0       1613   spi.o
        36          8        324          0       1024        888   startup_apm32f10x_hd.o
       432         42          0          4          0      77839   system_apm32f10x.o
       808         38          0          0          0      12075   thread.o
        44          8          0          0          0        489   time.o
       810         24          0         12          0      11360   timer.o
       968         46          0          0       3648       1754   udp.o
         6          0          0          4          0       2475   usart.o
       970        106          0         16         32      83762   w5500.o
      1028        296          0         41         46       9774   w5500_conf.o

    ----------------------------------------------------------------------
     21694       2708        668        328      18104     434836   Object Totals
         0          0         32          0          0          0   (incl. Generated)
        28          0          2          9          6          0   (incl. Padding)

    ----------------------------------------------------------------------

      Code (inc. data)   RO Data    RW Data    ZI Data      Debug   Library Member Name

        86          0          0          0          0          0   __dczerorl2.o
         0          0          0          0          0          0   entry.o
         0          0          0          0          0          0   entry10a.o
         0          0          0          0          0          0   entry11a.o
         8          4          0          0          0          0   entry2.o
         4          0          0          0          0          0   entry5.o
         0          0          0          0          0          0   entry7b.o
         0          0          0          0          0          0   entry8b.o
         8          4          0          0          0          0   entry9a.o
        30          0          0          0          0          0   handlers.o
        36          8          0          0          0         68   init.o

    ----------------------------------------------------------------------
       174         16          0          0          0         68   Library Totals
         2          0          0          0          0          0   (incl. Padding)

    ----------------------------------------------------------------------

      Code (inc. data)   RO Data    RW Data    ZI Data      Debug   Library Name

       172         16          0          0          0         68   mc_w.l

    ----------------------------------------------------------------------
       174         16          0          0          0         68   Library Totals

    ----------------------------------------------------------------------

==============================================================================


      Code (inc. data)   RO Data    RW Data    ZI Data      Debug   

     21868       2724        668        328      18104     423800   Grand Totals
     21868       2724        668        108      18104     423800   ELF Image Totals (compressed)
     21868       2724        668        108          0          0   ROM Totals

==============================================================================

    Total RO  Size (Code + RO Data)                22536 (  22.01kB)
    Total RW  Size (RW Data + ZI Data)             18432 (  18.00kB)
    Total ROM Size (Code + RO Data + RW Data)      22644 (  22.11kB)

==============================================================================

